{"timestamp":"2025-11-06T15:41:42.031232Z","level":"info","event":"DAG bundles loaded: dags-folder","logger":"airflow.dag_processing.bundles.manager.DagBundlesManager","filename":"manager.py","lineno":179}
{"timestamp":"2025-11-06T15:41:42.033040Z","level":"info","event":"Filling up the DagBag from /opt/airflow/dags/main_dag.py","logger":"airflow.models.dagbag.DagBag","filename":"dagbag.py","lineno":593}
{"timestamp":"2025-11-06T15:41:42.241644Z","level":"info","event":"/opt/airflow","logger":"unusual_prefix_c197a0997a466423c26d6f7c8e75323f60b0198e_main_dag","filename":"main_dag.py","lineno":118}
{"timestamp":"2025-11-06T15:41:42.430885Z","level":"info","event":"Starting docker container from image m1_data_engineering-scrapper:latest","logger":"airflow.task.operators.airflow.providers.docker.operators.docker.DockerOperator","filename":"docker.py","lineno":355}
{"timestamp":"2025-11-06T15:41:42.809836Z","level":"info","event":"Traceback (most recent call last):","logger":"airflow.task.operators.airflow.providers.docker.operators.docker.DockerOperator","filename":"docker.py","lineno":66}
{"timestamp":"2025-11-06T15:41:42.810025Z","level":"info","event":"  File \"/app/scrapping/scrapping_simplyscripts.py\", line 7, in <module>","logger":"airflow.task.operators.airflow.providers.docker.operators.docker.DockerOperator","filename":"docker.py","lineno":66}
{"timestamp":"2025-11-06T15:41:42.810066Z","level":"info","event":"    import PyPDF2","logger":"airflow.task.operators.airflow.providers.docker.operators.docker.DockerOperator","filename":"docker.py","lineno":66}
{"timestamp":"2025-11-06T15:41:42.810087Z","level":"info","event":"ModuleNotFoundError: No module named 'PyPDF2'","logger":"airflow.task.operators.airflow.providers.docker.operators.docker.DockerOperator","filename":"docker.py","lineno":66}
{"timestamp":"2025-11-06T15:41:43.051398Z","level":"error","event":"Task failed with exception","logger":"task","filename":"task_runner.py","lineno":972,"error_detail":[{"exc_type":"DockerContainerFailedException","exc_value":"Docker container failed: {'StatusCode': 1}","exc_notes":[],"syntax_error":null,"is_cause":false,"frames":[{"filename":"/home/airflow/.local/lib/python3.12/site-packages/airflow/sdk/execution_time/task_runner.py","lineno":920,"name":"run"},{"filename":"/home/airflow/.local/lib/python3.12/site-packages/airflow/sdk/execution_time/task_runner.py","lineno":1307,"name":"_execute_task"},{"filename":"/home/airflow/.local/lib/python3.12/site-packages/airflow/sdk/bases/operator.py","lineno":416,"name":"wrapper"},{"filename":"/home/airflow/.local/lib/python3.12/site-packages/airflow/providers/docker/operators/docker.py","lineno":495,"name":"execute"},{"filename":"/home/airflow/.local/lib/python3.12/site-packages/airflow/providers/docker/operators/docker.py","lineno":372,"name":"_run_image"},{"filename":"/home/airflow/.local/lib/python3.12/site-packages/airflow/providers/docker/operators/docker.py","lineno":430,"name":"_run_image_with_mounts"}],"is_group":false,"exceptions":[]}]}
{"timestamp":"2025-11-06T15:41:43.057820Z","level":"error","event":"Task FAILED: dag=main_dag task=launch_scrapping_container run_id=scheduled__2025-11-06T00:00:00+00:00 try=2","logger":"unusual_prefix_c197a0997a466423c26d6f7c8e75323f60b0198e_main_dag","filename":"main_dag.py","lineno":21}
{"timestamp":"2025-11-06T15:41:43.058085Z","level":"error","event":"Docker container failed: {'StatusCode': 1}","logger":"unusual_prefix_c197a0997a466423c26d6f7c8e75323f60b0198e_main_dag","filename":"main_dag.py","lineno":29}
{"timestamp":"2025-11-06T17:24:08.643061Z","level":"info","event":"DAG bundles loaded: dags-folder","logger":"airflow.dag_processing.bundles.manager.DagBundlesManager","filename":"manager.py","lineno":179}
{"timestamp":"2025-11-06T17:24:08.644284Z","level":"info","event":"Filling up the DagBag from /opt/airflow/dags/main_dag.py","logger":"airflow.models.dagbag.DagBag","filename":"dagbag.py","lineno":593}
{"timestamp":"2025-11-06T17:24:08.953736Z","level":"info","event":"/opt/airflow","logger":"unusual_prefix_c197a0997a466423c26d6f7c8e75323f60b0198e_main_dag","filename":"main_dag.py","lineno":118}
{"timestamp":"2025-11-06T17:24:10.760062Z","level":"info","event":"Starting docker container from image m1_data_engineering-scrapper:latest","logger":"airflow.task.operators.airflow.providers.docker.operators.docker.DockerOperator","filename":"docker.py","lineno":355}
{"timestamp":"2025-11-06T17:24:25.874171Z","level":"error","event":"Server indicated the task shouldn't be running anymore. Terminating process","detail":{"detail":{"reason":"not_running","message":"TI is no longer in the running state and task should terminate","current_state":"success"}},"logger":"task"}
{"timestamp":"2025-11-06T17:24:25.878136Z","level":"info","event":"Stopping docker container","logger":"airflow.task.operators.airflow.providers.docker.operators.docker.DockerOperator","filename":"docker.py","lineno":515}
{"timestamp":"2025-11-06T17:24:30.890440Z","level":"error","event":"Task killed!","logger":"task"}
{"timestamp":"2025-11-06T18:10:48.165422Z","level":"info","event":"DAG bundles loaded: dags-folder","logger":"airflow.dag_processing.bundles.manager.DagBundlesManager","filename":"manager.py","lineno":179}
{"timestamp":"2025-11-06T18:10:48.166866Z","level":"info","event":"Filling up the DagBag from /opt/airflow/dags/main_dag.py","logger":"airflow.models.dagbag.DagBag","filename":"dagbag.py","lineno":593}
{"timestamp":"2025-11-06T18:10:48.326094Z","level":"info","event":"/opt/airflow","logger":"unusual_prefix_c197a0997a466423c26d6f7c8e75323f60b0198e_main_dag","filename":"main_dag.py","lineno":118}
{"timestamp":"2025-11-06T18:10:48.472251Z","level":"info","event":"Starting docker container from image m1_data_engineering-scrapper:latest","logger":"airflow.task.operators.airflow.providers.docker.operators.docker.DockerOperator","filename":"docker.py","lineno":355}
{"timestamp":"2025-11-06T18:13:59.191124Z","level":"error","event":"Server indicated the task shouldn't be running anymore. Terminating process","detail":{"detail":{"reason":"not_running","message":"TI is no longer in the running state and task should terminate","current_state":"success"}},"logger":"task"}
{"timestamp":"2025-11-06T18:13:59.192177Z","level":"info","event":"Stopping docker container","logger":"airflow.task.operators.airflow.providers.docker.operators.docker.DockerOperator","filename":"docker.py","lineno":515}
{"timestamp":"2025-11-06T18:14:04.199642Z","level":"error","event":"Task killed!","logger":"task"}
{"timestamp":"2025-11-07T08:37:55.099457Z","level":"info","event":"DAG bundles loaded: dags-folder","logger":"airflow.dag_processing.bundles.manager.DagBundlesManager","filename":"manager.py","lineno":179}
{"timestamp":"2025-11-07T08:37:55.101065Z","level":"info","event":"Filling up the DagBag from /opt/airflow/dags/main_dag.py","logger":"airflow.models.dagbag.DagBag","filename":"dagbag.py","lineno":593}
{"timestamp":"2025-11-07T08:37:55.406013Z","level":"info","event":"/opt/airflow","logger":"unusual_prefix_c197a0997a466423c26d6f7c8e75323f60b0198e_main_dag","filename":"main_dag.py","lineno":118}
{"timestamp":"2025-11-07T08:37:57.217914Z","level":"info","event":"Starting docker container from image m1_data_engineering-scrapper:latest","logger":"airflow.task.operators.airflow.providers.docker.operators.docker.DockerOperator","filename":"docker.py","lineno":355}
{"timestamp":"2025-11-07T08:39:32.580501Z","level":"error","event":"Server indicated the task shouldn't be running anymore. Terminating process","detail":{"detail":{"reason":"not_running","message":"TI is no longer in the running state and task should terminate","current_state":"failed"}},"logger":"task"}
{"timestamp":"2025-11-07T08:39:32.581948Z","level":"info","event":"Stopping docker container","logger":"airflow.task.operators.airflow.providers.docker.operators.docker.DockerOperator","filename":"docker.py","lineno":515}
{"timestamp":"2025-11-07T08:39:37.593104Z","level":"error","event":"Task killed!","logger":"task"}
