{"timestamp":"2026-01-06T15:22:07.255344Z","level":"info","event":"DAG bundles loaded: dags-folder","logger":"airflow.dag_processing.bundles.manager.DagBundlesManager","filename":"manager.py","lineno":179}
{"timestamp":"2026-01-06T15:22:07.256434Z","level":"info","event":"Filling up the DagBag from /opt/airflow/dags/ingestion_dag.py","logger":"airflow.models.dagbag.DagBag","filename":"dagbag.py","lineno":593}
{"timestamp":"2026-01-06T15:22:08.692429Z","level":"warning","event":"The `airflow.operators.empty.EmptyOperator` attribute is deprecated. Please use `'airflow.providers.standard.operators.empty.EmptyOperator'`.","category":"DeprecatedImportWarning","filename":"/opt/airflow/dags/ingestion_dag.py","lineno":15,"logger":"py.warnings"}
{"timestamp":"2026-01-06T15:22:10.722499Z","level":"info","event":"_download_pdf - Pdf downloaded from : https://assets.scriptslug.com/live/pdf/scripts/10-things-i-hate-about-you-1999.pdf?v=1729114847","logger":"root","filename":"ingestion_dag.py","lineno":274}
{"timestamp":"2026-01-06T15:22:11.526847Z","level":"info","event":"_download_pdf - Pdf downloaded from : https://assets.scriptslug.com/live/pdf/scripts/12-angry-men-1957.pdf?v=1729114847","logger":"root","filename":"ingestion_dag.py","lineno":274}
{"timestamp":"2026-01-06T15:22:12.375245Z","level":"info","event":"_download_pdf - Pdf downloaded from : https://assets.scriptslug.com/live/pdf/scripts/127-hours-2010.pdf?v=1729114848","logger":"root","filename":"ingestion_dag.py","lineno":274}
{"timestamp":"2026-01-06T15:22:13.264969Z","level":"info","event":"_download_pdf - Pdf downloaded from : https://assets.scriptslug.com/live/pdf/scripts/1408-2007.pdf?v=1729114848","logger":"root","filename":"ingestion_dag.py","lineno":274}
{"timestamp":"2026-01-06T15:22:13.888005Z","level":"info","event":"_download_pdf - Pdf downloaded from : https://assets.scriptslug.com/live/pdf/scripts/16-blocks-2006.pdf?v=1729114848","logger":"root","filename":"ingestion_dag.py","lineno":274}
{"timestamp":"2026-01-06T15:22:14.418707Z","level":"info","event":"_download_pdf - Pdf downloaded from : https://assets.scriptslug.com/live/pdf/scripts/21-jump-street-2012.pdf?v=1729114849","logger":"root","filename":"ingestion_dag.py","lineno":274}
{"timestamp":"2026-01-06T15:22:14.690845Z","level":"info","event":"_download_pdf - Pdf downloaded from : https://assets.scriptslug.com/live/pdf/scripts/28-days-later-2002.pdf?v=1729114849","logger":"root","filename":"ingestion_dag.py","lineno":274}
{"timestamp":"2026-01-06T15:22:15.157346Z","level":"info","event":"_download_pdf - Pdf downloaded from : https://assets.scriptslug.com/live/pdf/scripts/28-weeks-later-2007.pdf?v=1729114849","logger":"root","filename":"ingestion_dag.py","lineno":274}
{"timestamp":"2026-01-06T15:22:15.590966Z","level":"info","event":"_download_pdf - Pdf downloaded from : https://assets.scriptslug.com/live/pdf/scripts/300-2006.pdf?v=1729114849","logger":"root","filename":"ingestion_dag.py","lineno":274}
{"timestamp":"2026-01-06T15:22:15.960111Z","level":"info","event":"_download_pdf - Pdf downloaded from : https://assets.scriptslug.com/live/pdf/scripts/8-1-2-1963.pdf?v=1729114850","logger":"root","filename":"ingestion_dag.py","lineno":274}
{"timestamp":"2026-01-06T15:22:16.754550Z","level":"info","event":"_download_pdf - Pdf downloaded from : https://assets.scriptslug.com/live/pdf/scripts/8-mile-2002.pdf?v=1729114850","logger":"root","filename":"ingestion_dag.py","lineno":274}
{"timestamp":"2026-01-06T15:22:17.065684Z","level":"info","event":"_download_pdf - Pdf downloaded from : https://assets.scriptslug.com/live/pdf/scripts/the-abyss-1989.pdf?v=1729115005","logger":"root","filename":"ingestion_dag.py","lineno":274}
{"timestamp":"2026-01-06T15:22:17.527505Z","level":"info","event":"_download_pdf - Pdf downloaded from : https://assets.scriptslug.com/live/pdf/scripts/ad-astra-2019.pdf?v=1729114854","logger":"root","filename":"ingestion_dag.py","lineno":274}
{"timestamp":"2026-01-06T15:22:18.390227Z","level":"info","event":"_download_pdf - Pdf downloaded from : https://assets.scriptslug.com/live/pdf/scripts/adaptation-2002.pdf?v=1729114854","logger":"root","filename":"ingestion_dag.py","lineno":274}
{"timestamp":"2026-01-06T15:22:18.872549Z","level":"info","event":"_download_pdf - Pdf downloaded from : https://assets.scriptslug.com/live/pdf/scripts/the-addams-family-1991.pdf?v=1729115006","logger":"root","filename":"ingestion_dag.py","lineno":274}
{"timestamp":"2026-01-06T15:22:19.476711Z","level":"info","event":"_download_pdf - Pdf downloaded from : https://assets.scriptslug.com/live/pdf/scripts/addams-family-values-1993.pdf?v=1729114855","logger":"root","filename":"ingestion_dag.py","lineno":274}
{"timestamp":"2026-01-06T15:22:21.372354Z","level":"info","event":"_download_pdf - Pdf downloaded from : https://assets.scriptslug.com/live/pdf/scripts/the-adjustment-bureau-2011.pdf?v=1729115006","logger":"root","filename":"ingestion_dag.py","lineno":274}
{"timestamp":"2026-01-06T15:22:22.494130Z","level":"info","event":"_download_pdf - Pdf downloaded from : https://assets.scriptslug.com/live/pdf/scripts/the-african-queen-1951.pdf?v=1729115006","logger":"root","filename":"ingestion_dag.py","lineno":274}
{"timestamp":"2026-01-06T15:22:23.097806Z","level":"info","event":"_download_pdf - Pdf downloaded from : https://assets.scriptslug.com/live/pdf/scripts/air-2023.pdf?v=1729114855","logger":"root","filename":"ingestion_dag.py","lineno":274}
{"timestamp":"2026-01-06T15:22:23.810379Z","level":"info","event":"_download_pdf - Pdf downloaded from : https://assets.scriptslug.com/live/pdf/scripts/air-force-one-1997.pdf?v=1729114855","logger":"root","filename":"ingestion_dag.py","lineno":274}
{"timestamp":"2026-01-06T15:22:24.375877Z","level":"info","event":"_download_pdf - Pdf downloaded from : https://assets.scriptslug.com/live/pdf/scripts/airplane-ii-the-sequel-1982.pdf?v=1729114855","logger":"root","filename":"ingestion_dag.py","lineno":274}
{"timestamp":"2026-01-06T15:22:25.456955Z","level":"info","event":"_download_pdf - Pdf downloaded from : https://assets.scriptslug.com/live/pdf/scripts/aladdin-1992.pdf?v=1729114855","logger":"root","filename":"ingestion_dag.py","lineno":274}
{"timestamp":"2026-01-06T15:22:25.881168Z","level":"info","event":"_download_pdf - Pdf downloaded from : https://assets.scriptslug.com/live/pdf/scripts/ali-2001.pdf?v=1729114855","logger":"root","filename":"ingestion_dag.py","lineno":274}
{"timestamp":"2026-01-06T15:22:26.649372Z","level":"info","event":"_download_pdf - Pdf downloaded from : https://assets.scriptslug.com/live/pdf/scripts/alien-1979.pdf?v=1729114856","logger":"root","filename":"ingestion_dag.py","lineno":274}
{"timestamp":"2026-01-06T15:22:27.453511Z","level":"info","event":"_download_pdf - Pdf downloaded from : https://assets.scriptslug.com/live/pdf/scripts/alien-3-1992.pdf?v=1729114856","logger":"root","filename":"ingestion_dag.py","lineno":274}
{"timestamp":"2026-01-06T15:22:28.586394Z","level":"info","event":"_download_pdf - Pdf downloaded from : https://assets.scriptslug.com/live/pdf/scripts/alien-resurrection-1997.pdf?v=1729114856","logger":"root","filename":"ingestion_dag.py","lineno":274}
{"timestamp":"2026-01-06T15:22:29.360413Z","level":"info","event":"_download_pdf - Pdf downloaded from : https://assets.scriptslug.com/live/pdf/scripts/aliens-1986.pdf?v=1729114856","logger":"root","filename":"ingestion_dag.py","lineno":274}
{"timestamp":"2026-01-06T15:22:30.307568Z","level":"info","event":"_download_pdf - Pdf downloaded from : https://assets.scriptslug.com/live/pdf/scripts/all-about-eve-1950.pdf?v=1729114856","logger":"root","filename":"ingestion_dag.py","lineno":274}
{"timestamp":"2026-01-06T15:22:30.841211Z","level":"info","event":"_download_pdf - Pdf downloaded from : https://assets.scriptslug.com/live/pdf/scripts/almost-famous-2000.pdf?v=1729114857","logger":"root","filename":"ingestion_dag.py","lineno":274}
{"timestamp":"2026-01-06T15:22:31.723996Z","level":"info","event":"_download_pdf - Pdf downloaded from : https://assets.scriptslug.com/live/pdf/scripts/altered-states-1980.pdf?v=1729114857","logger":"root","filename":"ingestion_dag.py","lineno":274}
{"timestamp":"2026-01-06T15:22:32.349532Z","level":"info","event":"_download_pdf - Pdf downloaded from : https://assets.scriptslug.com/live/pdf/scripts/amadeus-1984.pdf?v=1729114857","logger":"root","filename":"ingestion_dag.py","lineno":274}
{"timestamp":"2026-01-06T15:22:33.198099Z","level":"info","event":"_download_pdf - Pdf downloaded from : https://assets.scriptslug.com/live/pdf/scripts/the-american-2010.pdf?v=1729115006","logger":"root","filename":"ingestion_dag.py","lineno":274}
{"timestamp":"2026-01-06T15:22:33.771842Z","level":"info","event":"_download_pdf - Pdf downloaded from : https://assets.scriptslug.com/live/pdf/scripts/american-beauty-1999.pdf?v=1729114858","logger":"root","filename":"ingestion_dag.py","lineno":274}
{"timestamp":"2026-01-06T15:22:35.018108Z","level":"info","event":"_download_pdf - Pdf downloaded from : https://assets.scriptslug.com/live/pdf/scripts/american-graffiti-1973.pdf?v=1729114858","logger":"root","filename":"ingestion_dag.py","lineno":274}
{"timestamp":"2026-01-06T15:22:35.857897Z","level":"info","event":"_download_pdf - Pdf downloaded from : https://assets.scriptslug.com/live/pdf/scripts/american-pie-1999.pdf?v=1729114858","logger":"root","filename":"ingestion_dag.py","lineno":274}
{"timestamp":"2026-01-06T15:22:37.007214Z","level":"info","event":"_download_pdf - Pdf downloaded from : https://assets.scriptslug.com/live/pdf/scripts/the-american-president-1995.pdf?v=1729115007","logger":"root","filename":"ingestion_dag.py","lineno":274}
{"timestamp":"2026-01-06T15:22:37.978381Z","level":"info","event":"_download_pdf - Pdf downloaded from : https://assets.scriptslug.com/live/pdf/scripts/american-psycho-2000.pdf?v=1729114858","logger":"root","filename":"ingestion_dag.py","lineno":274}
{"timestamp":"2026-01-06T15:22:38.842392Z","level":"info","event":"_download_pdf - Pdf downloaded from : https://assets.scriptslug.com/live/pdf/scripts/amistad-1997.pdf?v=1729114859","logger":"root","filename":"ingestion_dag.py","lineno":274}
{"timestamp":"2026-01-06T15:22:40.073962Z","level":"info","event":"_download_pdf - Pdf downloaded from : https://assets.scriptslug.com/live/pdf/scripts/the-amityville-horror-1979.pdf?v=1729115007","logger":"root","filename":"ingestion_dag.py","lineno":274}
{"timestamp":"2026-01-06T15:22:40.694886Z","level":"info","event":"_download_pdf - Pdf downloaded from : https://assets.scriptslug.com/live/pdf/scripts/amelie-2001.pdf?v=1729114858","logger":"root","filename":"ingestion_dag.py","lineno":274}
{"timestamp":"2026-01-06T15:22:41.748724Z","level":"info","event":"_download_pdf - Pdf downloaded from : https://assets.scriptslug.com/live/pdf/scripts/anaconda-1997.pdf?v=1729114859","logger":"root","filename":"ingestion_dag.py","lineno":274}
{"timestamp":"2026-01-06T15:22:42.513466Z","level":"info","event":"_download_pdf - Pdf downloaded from : https://assets.scriptslug.com/live/pdf/scripts/analyze-this-1999.pdf?v=1729114860","logger":"root","filename":"ingestion_dag.py","lineno":274}
{"timestamp":"2026-01-06T15:22:43.228549Z","level":"info","event":"_download_pdf - Pdf downloaded from : https://assets.scriptslug.com/live/pdf/scripts/anastasia-1997.pdf?v=1729114860","logger":"root","filename":"ingestion_dag.py","lineno":274}
{"timestamp":"2026-01-06T15:22:44.807899Z","level":"info","event":"_download_pdf - Pdf downloaded from : https://assets.scriptslug.com/live/pdf/scripts/anger-management-2003.pdf?v=1729114860","logger":"root","filename":"ingestion_dag.py","lineno":274}
{"timestamp":"2026-01-06T15:22:45.320448Z","level":"info","event":"_download_pdf - Pdf downloaded from : https://assets.scriptslug.com/live/pdf/scripts/animal-kingdom-2010.pdf?v=1729114860","logger":"root","filename":"ingestion_dag.py","lineno":274}
{"timestamp":"2026-01-06T15:22:45.850161Z","level":"info","event":"_download_pdf - Pdf downloaded from : https://assets.scriptslug.com/live/pdf/scripts/annie-hall-1977.pdf?v=1729114861","logger":"root","filename":"ingestion_dag.py","lineno":274}
{"timestamp":"2026-01-06T15:22:46.498424Z","level":"info","event":"_download_pdf - Pdf downloaded from : https://assets.scriptslug.com/live/pdf/scripts/annihilation-2018.pdf?v=1729114861","logger":"root","filename":"ingestion_dag.py","lineno":274}
{"timestamp":"2026-01-06T15:22:47.204690Z","level":"info","event":"_download_pdf - Pdf downloaded from : https://assets.scriptslug.com/live/pdf/scripts/another-year-2010.pdf?v=1729114861","logger":"root","filename":"ingestion_dag.py","lineno":274}
{"timestamp":"2026-01-06T15:22:47.687327Z","level":"info","event":"_download_pdf - Pdf downloaded from : https://assets.scriptslug.com/live/pdf/scripts/the-apartment-1960.pdf?v=1729115007","logger":"root","filename":"ingestion_dag.py","lineno":274}
{"timestamp":"2026-01-06T15:22:48.118055Z","level":"info","event":"_download_pdf - Pdf downloaded from : https://assets.scriptslug.com/live/pdf/scripts/apocalypse-now-1979.pdf?v=1729114861","logger":"root","filename":"ingestion_dag.py","lineno":274}
{"timestamp":"2026-01-06T15:22:48.830655Z","level":"info","event":"_download_pdf - Pdf downloaded from : https://assets.scriptslug.com/live/pdf/scripts/argo-2012.pdf?v=1729114862","logger":"root","filename":"ingestion_dag.py","lineno":274}
{"timestamp":"2026-01-06T15:22:50.171719Z","level":"info","event":"_download_pdf - Pdf downloaded from : https://assets.scriptslug.com/live/pdf/scripts/armageddon-1998.pdf?v=1729114862","logger":"root","filename":"ingestion_dag.py","lineno":274}
{"timestamp":"2026-01-06T15:22:50.777414Z","level":"info","event":"_download_pdf - Pdf downloaded from : https://assets.scriptslug.com/live/pdf/scripts/the-artist-2011.pdf?v=1729115007","logger":"root","filename":"ingestion_dag.py","lineno":274}
{"timestamp":"2026-01-06T15:22:51.220553Z","level":"info","event":"_download_pdf - Pdf downloaded from : https://assets.scriptslug.com/live/pdf/scripts/avatar-2009.pdf?v=1729114864","logger":"root","filename":"ingestion_dag.py","lineno":274}
{"timestamp":"2026-01-06T15:22:51.718010Z","level":"info","event":"_download_pdf - Pdf downloaded from : https://assets.scriptslug.com/live/pdf/scripts/the-avengers-2012.pdf?v=1729115007","logger":"root","filename":"ingestion_dag.py","lineno":274}
{"timestamp":"2026-01-06T15:22:52.734073Z","level":"info","event":"_download_pdf - Pdf downloaded from : https://assets.scriptslug.com/live/pdf/scripts/the-aviator-2004.pdf?v=1729115007","logger":"root","filename":"ingestion_dag.py","lineno":274}
{"timestamp":"2026-01-06T15:22:53.725352Z","level":"info","event":"_download_pdf - Pdf downloaded from : https://assets.scriptslug.com/live/pdf/scripts/baby-boy-2001.pdf?v=1729114864","logger":"root","filename":"ingestion_dag.py","lineno":274}
{"timestamp":"2026-01-06T15:22:54.592270Z","level":"info","event":"_download_pdf - Pdf downloaded from : https://assets.scriptslug.com/live/pdf/scripts/bad-boys-1995.pdf?v=1729114865","logger":"root","filename":"ingestion_dag.py","lineno":274}
{"timestamp":"2026-01-06T15:22:55.311884Z","level":"info","event":"_download_pdf - Pdf downloaded from : https://assets.scriptslug.com/live/pdf/scripts/bad-lieutenant-1992.pdf?v=1729114865","logger":"root","filename":"ingestion_dag.py","lineno":274}
{"timestamp":"2026-01-06T15:22:56.814938Z","level":"info","event":"_download_pdf - Pdf downloaded from : https://assets.scriptslug.com/live/pdf/scripts/bad-moon-1996.pdf?v=1729114865","logger":"root","filename":"ingestion_dag.py","lineno":274}
{"timestamp":"2026-01-06T15:22:57.599544Z","level":"info","event":"_download_pdf - Pdf downloaded from : https://assets.scriptslug.com/live/pdf/scripts/bad-santa-2003.pdf?v=1729114865","logger":"root","filename":"ingestion_dag.py","lineno":274}
{"timestamp":"2026-01-06T15:22:58.459487Z","level":"info","event":"_download_pdf - Pdf downloaded from : https://assets.scriptslug.com/live/pdf/scripts/bad-teacher-2011.pdf?v=1729114866","logger":"root","filename":"ingestion_dag.py","lineno":274}
{"timestamp":"2026-01-06T15:22:58.960708Z","level":"info","event":"_download_pdf - Pdf downloaded from : https://assets.scriptslug.com/live/pdf/scripts/badlands-1973.pdf?v=1729114866","logger":"root","filename":"ingestion_dag.py","lineno":274}
{"timestamp":"2026-01-06T15:22:59.385149Z","level":"info","event":"_download_pdf - Pdf downloaded from : https://assets.scriptslug.com/live/pdf/scripts/barbarian-2022.pdf?v=1729114866","logger":"root","filename":"ingestion_dag.py","lineno":274}
{"timestamp":"2026-01-06T15:22:59.928054Z","level":"info","event":"_download_pdf - Pdf downloaded from : https://assets.scriptslug.com/live/pdf/scripts/barbie-2023.pdf?v=1729114866","logger":"root","filename":"ingestion_dag.py","lineno":274}
{"timestamp":"2026-01-06T15:23:01.015903Z","level":"info","event":"_download_pdf - Pdf downloaded from : https://assets.scriptslug.com/live/pdf/scripts/barton-fink-1991.pdf?v=1729114867","logger":"root","filename":"ingestion_dag.py","lineno":274}
{"timestamp":"2026-01-06T15:23:01.096434Z","level":"error","event":"Server indicated the task shouldn't be running anymore. Terminating process","detail":{"detail":{"reason":"not_running","message":"TI is no longer in the running state and task should terminate","current_state":"success"}},"logger":"task"}
{"timestamp":"2026-01-06T15:23:01.614039Z","level":"info","event":"_download_pdf - Pdf downloaded from : https://assets.scriptslug.com/live/pdf/scripts/basic-instinct-1992.pdf?v=1729114867","logger":"root","filename":"ingestion_dag.py","lineno":274}
{"timestamp":"2026-01-06T15:23:03.129067Z","level":"info","event":"_download_pdf - Pdf downloaded from : https://assets.scriptslug.com/live/pdf/scripts/basket-case-1982.pdf?v=1729114867","logger":"root","filename":"ingestion_dag.py","lineno":274}
{"timestamp":"2026-01-06T15:23:03.677135Z","level":"info","event":"_download_pdf - Pdf downloaded from : https://assets.scriptslug.com/live/pdf/scripts/batman-1989.pdf?v=1729114867","logger":"root","filename":"ingestion_dag.py","lineno":274}
{"timestamp":"2026-01-06T15:23:04.508790Z","level":"info","event":"_download_pdf - Pdf downloaded from : https://assets.scriptslug.com/live/pdf/scripts/the-batman-2022.pdf?v=1729115008","logger":"root","filename":"ingestion_dag.py","lineno":274}
{"timestamp":"2026-01-06T15:23:04.794103Z","level":"info","event":"_download_pdf - Pdf downloaded from : https://assets.scriptslug.com/live/pdf/scripts/batman-begins-2005.pdf?v=1729114868","logger":"root","filename":"ingestion_dag.py","lineno":274}
{"timestamp":"2026-01-06T15:23:06.119754Z","level":"error","event":"Task killed!","logger":"task"}
