{"timestamp":"2026-01-06T20:52:05.629848Z","level":"info","event":"DAG bundles loaded: dags-folder","logger":"airflow.dag_processing.bundles.manager.DagBundlesManager","filename":"manager.py","lineno":179}
{"timestamp":"2026-01-06T20:52:05.631824Z","level":"info","event":"Filling up the DagBag from /opt/airflow/dags/production_dag.py","logger":"airflow.models.dagbag.DagBag","filename":"dagbag.py","lineno":593}
{"timestamp":"2026-01-06T20:52:10.944141Z","level":"info","event":"Loading faiss with AVX2 support.","logger":"faiss.loader","filename":"loader.py","lineno":132}
{"timestamp":"2026-01-06T20:52:10.969396Z","level":"info","event":"Successfully loaded faiss with AVX2 support.","logger":"faiss.loader","filename":"loader.py","lineno":134}
{"timestamp":"2026-01-06T20:52:11.379943Z","level":"info","event":"Starting docker container from image m1_data_engineering-analyser:latest","logger":"airflow.task.operators.airflow.providers.docker.operators.docker.DockerOperator","filename":"docker.py","lineno":355}
{"timestamp":"2026-01-06T20:52:20.747305Z","level":"info","event":"`torch_dtype` is deprecated! Use `dtype` instead!","logger":"airflow.task.operators.airflow.providers.docker.operators.docker.DockerOperator","filename":"docker.py","lineno":66}
{"timestamp":"2026-01-06T20:52:20.768125Z","level":"info","event":"Traceback (most recent call last):","logger":"airflow.task.operators.airflow.providers.docker.operators.docker.DockerOperator","filename":"docker.py","lineno":66}
{"timestamp":"2026-01-06T20:52:20.768467Z","level":"info","event":"  File \"/app/analysis_container/analysis_main.py\", line 57, in <module>","logger":"airflow.task.operators.airflow.providers.docker.operators.docker.DockerOperator","filename":"docker.py","lineno":66}
{"timestamp":"2026-01-06T20:52:20.768609Z","level":"info","event":"    main()","logger":"airflow.task.operators.airflow.providers.docker.operators.docker.DockerOperator","filename":"docker.py","lineno":66}
{"timestamp":"2026-01-06T20:52:20.768718Z","level":"info","event":"  File \"/app/analysis_container/analysis_main.py\", line 55, in main","logger":"airflow.task.operators.airflow.providers.docker.operators.docker.DockerOperator","filename":"docker.py","lineno":66}
{"timestamp":"2026-01-06T20:52:20.768818Z","level":"info","event":"    main_local_analysis()","logger":"airflow.task.operators.airflow.providers.docker.operators.docker.DockerOperator","filename":"docker.py","lineno":66}
{"timestamp":"2026-01-06T20:52:20.768963Z","level":"info","event":"  File \"/app/analysis_container/local_analysis.py\", line 195, in main_local_analysis","logger":"airflow.task.operators.airflow.providers.docker.operators.docker.DockerOperator","filename":"docker.py","lineno":66}
{"timestamp":"2026-01-06T20:52:20.769207Z","level":"info","event":"    model = AutoModelForCausalLM.from_pretrained(LLM_NAME, torch_dtype=torch.float16, device_map=\"auto\")","logger":"airflow.task.operators.airflow.providers.docker.operators.docker.DockerOperator","filename":"docker.py","lineno":66}
{"timestamp":"2026-01-06T20:52:20.769340Z","level":"info","event":"            ^^^^^^^^^^^^^^^^^^^^^^^^^^^^^^^^^^^^^^^^^^^^^^^^^^^^^^^^^^^^^^^^^^^^^^^^^^^^^^^^^^^^^^^^^^^^","logger":"airflow.task.operators.airflow.providers.docker.operators.docker.DockerOperator","filename":"docker.py","lineno":66}
{"timestamp":"2026-01-06T20:52:20.769423Z","level":"info","event":"  File \"/opt/venv_analysis/lib/python3.11/site-packages/transformers/models/auto/auto_factory.py\", line 604, in from_pretrained","logger":"airflow.task.operators.airflow.providers.docker.operators.docker.DockerOperator","filename":"docker.py","lineno":66}
{"timestamp":"2026-01-06T20:52:20.769570Z","level":"info","event":"    return model_class.from_pretrained(","logger":"airflow.task.operators.airflow.providers.docker.operators.docker.DockerOperator","filename":"docker.py","lineno":66}
{"timestamp":"2026-01-06T20:52:20.769819Z","level":"info","event":"           ^^^^^^^^^^^^^^^^^^^^^^^^^^^^","logger":"airflow.task.operators.airflow.providers.docker.operators.docker.DockerOperator","filename":"docker.py","lineno":66}
{"timestamp":"2026-01-06T20:52:20.769950Z","level":"info","event":"  File \"/opt/venv_analysis/lib/python3.11/site-packages/transformers/modeling_utils.py\", line 277, in _wrapper","logger":"airflow.task.operators.airflow.providers.docker.operators.docker.DockerOperator","filename":"docker.py","lineno":66}
{"timestamp":"2026-01-06T20:52:20.772045Z","level":"info","event":"    return func(*args, **kwargs)","logger":"airflow.task.operators.airflow.providers.docker.operators.docker.DockerOperator","filename":"docker.py","lineno":66}
{"timestamp":"2026-01-06T20:52:20.772425Z","level":"info","event":"           ^^^^^^^^^^^^^^^^^^^^^","logger":"airflow.task.operators.airflow.providers.docker.operators.docker.DockerOperator","filename":"docker.py","lineno":66}
{"timestamp":"2026-01-06T20:52:20.772714Z","level":"info","event":"  File \"/opt/venv_analysis/lib/python3.11/site-packages/transformers/modeling_utils.py\", line 4806, in from_pretrained","logger":"airflow.task.operators.airflow.providers.docker.operators.docker.DockerOperator","filename":"docker.py","lineno":66}
{"timestamp":"2026-01-06T20:52:20.773086Z","level":"info","event":"    raise ValueError(","logger":"airflow.task.operators.airflow.providers.docker.operators.docker.DockerOperator","filename":"docker.py","lineno":66}
{"timestamp":"2026-01-06T20:52:20.773323Z","level":"info","event":"ValueError: Using a `device_map`, `tp_plan`, `torch.device` context manager or setting `torch.set_default_device(device)` requires `accelerate`. You can install it with `pip install accelerate`","logger":"airflow.task.operators.airflow.providers.docker.operators.docker.DockerOperator","filename":"docker.py","lineno":66}
{"timestamp":"2026-01-06T20:52:21.997510Z","level":"error","event":"Task failed with exception","logger":"task","filename":"task_runner.py","lineno":972,"error_detail":[{"exc_type":"DockerContainerFailedException","exc_value":"Docker container failed: {'StatusCode': 1}","exc_notes":[],"syntax_error":null,"is_cause":false,"frames":[{"filename":"/home/airflow/.local/lib/python3.12/site-packages/airflow/sdk/execution_time/task_runner.py","lineno":920,"name":"run"},{"filename":"/home/airflow/.local/lib/python3.12/site-packages/airflow/sdk/execution_time/task_runner.py","lineno":1307,"name":"_execute_task"},{"filename":"/home/airflow/.local/lib/python3.12/site-packages/airflow/sdk/bases/operator.py","lineno":416,"name":"wrapper"},{"filename":"/home/airflow/.local/lib/python3.12/site-packages/airflow/providers/docker/operators/docker.py","lineno":495,"name":"execute"},{"filename":"/home/airflow/.local/lib/python3.12/site-packages/airflow/providers/docker/operators/docker.py","lineno":372,"name":"_run_image"},{"filename":"/home/airflow/.local/lib/python3.12/site-packages/airflow/providers/docker/operators/docker.py","lineno":430,"name":"_run_image_with_mounts"}],"is_group":false,"exceptions":[]}]}
