{"timestamp":"2026-01-06T14:27:54.695004Z","level":"info","event":"DAG bundles loaded: dags-folder","logger":"airflow.dag_processing.bundles.manager.DagBundlesManager","filename":"manager.py","lineno":179}
{"timestamp":"2026-01-06T14:27:54.697110Z","level":"info","event":"Filling up the DagBag from /opt/airflow/dags/ingestion_dag.py","logger":"airflow.models.dagbag.DagBag","filename":"dagbag.py","lineno":593}
{"timestamp":"2026-01-06T14:27:56.450886Z","level":"info","event":"_fetch_html_to_txt - New url fetched : https://imsdb.com//scripts//12-Monkeys.html","logger":"root","filename":"ingestion_dag.py","lineno":244}
{"timestamp":"2026-01-06T14:27:57.397835Z","level":"info","event":"_fetch_html_to_txt - New url fetched : https://imsdb.com//scripts//17-Again.html","logger":"root","filename":"ingestion_dag.py","lineno":244}
{"timestamp":"2026-01-06T14:27:58.261115Z","level":"info","event":"_fetch_html_to_txt - New url fetched : https://imsdb.com//scripts//2012.html","logger":"root","filename":"ingestion_dag.py","lineno":244}
{"timestamp":"2026-01-06T14:27:59.412439Z","level":"info","event":"_fetch_html_to_txt - New url fetched : https://imsdb.com//scripts//25th-Hour.html","logger":"root","filename":"ingestion_dag.py","lineno":244}
{"timestamp":"2026-01-06T14:28:00.404493Z","level":"info","event":"_fetch_html_to_txt - New url fetched : https://imsdb.com//scripts//42.html","logger":"root","filename":"ingestion_dag.py","lineno":244}
{"timestamp":"2026-01-06T14:28:01.520433Z","level":"info","event":"_fetch_html_to_txt - New url fetched : https://imsdb.com//scripts//8MM.html","logger":"root","filename":"ingestion_dag.py","lineno":244}
{"timestamp":"2026-01-06T14:28:02.497592Z","level":"info","event":"_fetch_html_to_txt - New url fetched : https://imsdb.com//scripts//9.html","logger":"root","filename":"ingestion_dag.py","lineno":244}
{"timestamp":"2026-01-06T14:28:03.440936Z","level":"info","event":"_fetch_html_to_txt - New url fetched : https://imsdb.com//scripts//A-Scanner-Darkly.html","logger":"root","filename":"ingestion_dag.py","lineno":244}
{"timestamp":"2026-01-06T14:28:04.421468Z","level":"info","event":"_fetch_html_to_txt - New url fetched : https://imsdb.com//scripts//Absolute-Power.html","logger":"root","filename":"ingestion_dag.py","lineno":244}
{"timestamp":"2026-01-06T14:28:05.235139Z","level":"info","event":"_fetch_html_to_txt - New url fetched : https://imsdb.com//scripts//After.Life.html","logger":"root","filename":"ingestion_dag.py","lineno":244}
{"timestamp":"2026-01-06T14:28:06.012253Z","level":"info","event":"_fetch_html_to_txt - New url fetched : https://imsdb.com//scripts//Alien-Nation.html","logger":"root","filename":"ingestion_dag.py","lineno":244}
{"timestamp":"2026-01-06T14:28:07.071796Z","level":"info","event":"_fetch_html_to_txt - New url fetched : https://imsdb.com//scripts//American-Gangster.html","logger":"root","filename":"ingestion_dag.py","lineno":244}
{"timestamp":"2026-01-06T14:28:08.313450Z","level":"info","event":"_fetch_html_to_txt - New url fetched : https://imsdb.com//scripts//American-History-X.html","logger":"root","filename":"ingestion_dag.py","lineno":244}
{"timestamp":"2026-01-06T14:28:09.119762Z","level":"info","event":"_fetch_html_to_txt - New url fetched : https://imsdb.com//scripts//American-Splendor.html","logger":"root","filename":"ingestion_dag.py","lineno":244}
{"timestamp":"2026-01-06T14:28:10.241070Z","level":"info","event":"_fetch_html_to_txt - New url fetched : https://imsdb.com//scripts//An-Education.html","logger":"root","filename":"ingestion_dag.py","lineno":244}
{"timestamp":"2026-01-06T14:28:10.975817Z","level":"info","event":"_fetch_html_to_txt - New url fetched : https://imsdb.com//scripts//Angels-&-Demons.html","logger":"root","filename":"ingestion_dag.py","lineno":244}
{"timestamp":"2026-01-06T14:28:11.769186Z","level":"info","event":"_fetch_html_to_txt - New url fetched : https://imsdb.com//scripts//Anna-Karenina.html","logger":"root","filename":"ingestion_dag.py","lineno":244}
{"timestamp":"2026-01-06T14:28:13.081679Z","level":"info","event":"_fetch_html_to_txt - New url fetched : https://imsdb.com//scripts//Antitrust.html","logger":"root","filename":"ingestion_dag.py","lineno":244}
{"timestamp":"2026-01-06T14:28:13.880848Z","level":"info","event":"_fetch_html_to_txt - New url fetched : https://imsdb.com//scripts//Antz.html","logger":"root","filename":"ingestion_dag.py","lineno":244}
{"timestamp":"2026-01-06T14:28:15.054358Z","level":"info","event":"_fetch_html_to_txt - New url fetched : https://imsdb.com//scripts//Apollo-13.html","logger":"root","filename":"ingestion_dag.py","lineno":244}
{"timestamp":"2026-01-06T14:28:16.263401Z","level":"info","event":"_fetch_html_to_txt - New url fetched : https://imsdb.com//scripts//Arcade.html","logger":"root","filename":"ingestion_dag.py","lineno":244}
{"timestamp":"2026-01-06T14:28:17.279375Z","level":"info","event":"_fetch_html_to_txt - New url fetched : https://imsdb.com//scripts//Arthur.html","logger":"root","filename":"ingestion_dag.py","lineno":244}
{"timestamp":"2026-01-06T14:28:18.270105Z","level":"info","event":"_fetch_html_to_txt - New url fetched : https://imsdb.com//scripts//Assassins.html","logger":"root","filename":"ingestion_dag.py","lineno":244}
{"timestamp":"2026-01-06T14:28:19.206193Z","level":"info","event":"_fetch_html_to_txt - New url fetched : https://imsdb.com//scripts//Awakenings.html","logger":"root","filename":"ingestion_dag.py","lineno":244}
