{"timestamp":"2025-12-23T16:30:59.391729Z","level":"info","event":"DAG bundles loaded: dags-folder","logger":"airflow.dag_processing.bundles.manager.DagBundlesManager","filename":"manager.py","lineno":179}
{"timestamp":"2025-12-23T16:30:59.393341Z","level":"info","event":"Filling up the DagBag from /opt/airflow/dags/test_data_preparation_dag.py","logger":"airflow.models.dagbag.DagBag","filename":"dagbag.py","lineno":593}
{"timestamp":"2025-12-23T16:30:59.772033Z","level":"info","event":"Starting docker container from image m1_data_engineering-data_preparer:latest","logger":"airflow.task.operators.airflow.providers.docker.operators.docker.DockerOperator","filename":"docker.py","lineno":355}
{"timestamp":"2025-12-23T16:31:00.443752Z","level":"info","event":"Traceback (most recent call last):","logger":"airflow.task.operators.airflow.providers.docker.operators.docker.DockerOperator","filename":"docker.py","lineno":66}
{"timestamp":"2025-12-23T16:31:00.443916Z","level":"info","event":"  File \"/usr/lib/python3.10/logging/config.py\", line 565, in configure","logger":"airflow.task.operators.airflow.providers.docker.operators.docker.DockerOperator","filename":"docker.py","lineno":66}
{"timestamp":"2025-12-23T16:31:00.443956Z","level":"info","event":"    handler = self.configure_handler(handlers[name])","logger":"airflow.task.operators.airflow.providers.docker.operators.docker.DockerOperator","filename":"docker.py","lineno":66}
{"timestamp":"2025-12-23T16:31:00.444009Z","level":"info","event":"  File \"/usr/lib/python3.10/logging/config.py\", line 746, in configure_handler","logger":"airflow.task.operators.airflow.providers.docker.operators.docker.DockerOperator","filename":"docker.py","lineno":66}
{"timestamp":"2025-12-23T16:31:00.444041Z","level":"info","event":"    result = factory(**kwargs)","logger":"airflow.task.operators.airflow.providers.docker.operators.docker.DockerOperator","filename":"docker.py","lineno":66}
{"timestamp":"2025-12-23T16:31:00.444059Z","level":"info","event":"  File \"/usr/lib/python3.10/logging/__init__.py\", line 1169, in __init__","logger":"airflow.task.operators.airflow.providers.docker.operators.docker.DockerOperator","filename":"docker.py","lineno":66}
{"timestamp":"2025-12-23T16:31:00.444075Z","level":"info","event":"    StreamHandler.__init__(self, self._open())","logger":"airflow.task.operators.airflow.providers.docker.operators.docker.DockerOperator","filename":"docker.py","lineno":66}
{"timestamp":"2025-12-23T16:31:00.444089Z","level":"info","event":"  File \"/usr/lib/python3.10/logging/__init__.py\", line 1201, in _open","logger":"airflow.task.operators.airflow.providers.docker.operators.docker.DockerOperator","filename":"docker.py","lineno":66}
{"timestamp":"2025-12-23T16:31:00.444105Z","level":"info","event":"    return open_func(self.baseFilename, self.mode,","logger":"airflow.task.operators.airflow.providers.docker.operators.docker.DockerOperator","filename":"docker.py","lineno":66}
{"timestamp":"2025-12-23T16:31:00.444120Z","level":"info","event":"FileNotFoundError: [Errno 2] No such file or directory: '/opt/airflow/project_data/stagging_data/logs/data_preparation.log'","logger":"airflow.task.operators.airflow.providers.docker.operators.docker.DockerOperator","filename":"docker.py","lineno":66}
{"timestamp":"2025-12-23T16:31:00.444136Z","level":"info","event":"","logger":"airflow.task.operators.airflow.providers.docker.operators.docker.DockerOperator","filename":"docker.py","lineno":66}
{"timestamp":"2025-12-23T16:31:00.444151Z","level":"info","event":"The above exception was the direct cause of the following exception:","logger":"airflow.task.operators.airflow.providers.docker.operators.docker.DockerOperator","filename":"docker.py","lineno":66}
{"timestamp":"2025-12-23T16:31:00.444166Z","level":"info","event":"","logger":"airflow.task.operators.airflow.providers.docker.operators.docker.DockerOperator","filename":"docker.py","lineno":66}
{"timestamp":"2025-12-23T16:31:00.444180Z","level":"info","event":"Traceback (most recent call last):","logger":"airflow.task.operators.airflow.providers.docker.operators.docker.DockerOperator","filename":"docker.py","lineno":66}
{"timestamp":"2025-12-23T16:31:00.444194Z","level":"info","event":"  File \"/app/data_preparation_container/app/main.py\", line 82, in <module>","logger":"airflow.task.operators.airflow.providers.docker.operators.docker.DockerOperator","filename":"docker.py","lineno":66}
{"timestamp":"2025-12-23T16:31:00.444209Z","level":"info","event":"    logging.config.dictConfig(LOGGING)","logger":"airflow.task.operators.airflow.providers.docker.operators.docker.DockerOperator","filename":"docker.py","lineno":66}
{"timestamp":"2025-12-23T16:31:00.444231Z","level":"info","event":"  File \"/usr/lib/python3.10/logging/config.py\", line 811, in dictConfig","logger":"airflow.task.operators.airflow.providers.docker.operators.docker.DockerOperator","filename":"docker.py","lineno":66}
{"timestamp":"2025-12-23T16:31:00.444245Z","level":"info","event":"    dictConfigClass(config).configure()","logger":"airflow.task.operators.airflow.providers.docker.operators.docker.DockerOperator","filename":"docker.py","lineno":66}
{"timestamp":"2025-12-23T16:31:00.444259Z","level":"info","event":"  File \"/usr/lib/python3.10/logging/config.py\", line 572, in configure","logger":"airflow.task.operators.airflow.providers.docker.operators.docker.DockerOperator","filename":"docker.py","lineno":66}
{"timestamp":"2025-12-23T16:31:00.444273Z","level":"info","event":"    raise ValueError('Unable to configure handler '","logger":"airflow.task.operators.airflow.providers.docker.operators.docker.DockerOperator","filename":"docker.py","lineno":66}
{"timestamp":"2025-12-23T16:31:00.444287Z","level":"info","event":"ValueError: Unable to configure handler 'h_data_preparation'","logger":"airflow.task.operators.airflow.providers.docker.operators.docker.DockerOperator","filename":"docker.py","lineno":66}
{"timestamp":"2025-12-23T16:31:00.692117Z","level":"error","event":"Task failed with exception","logger":"task","filename":"task_runner.py","lineno":972,"error_detail":[{"exc_type":"DockerContainerFailedException","exc_value":"Docker container failed: {'StatusCode': 1}","exc_notes":[],"syntax_error":null,"is_cause":false,"frames":[{"filename":"/home/airflow/.local/lib/python3.12/site-packages/airflow/sdk/execution_time/task_runner.py","lineno":920,"name":"run"},{"filename":"/home/airflow/.local/lib/python3.12/site-packages/airflow/sdk/execution_time/task_runner.py","lineno":1307,"name":"_execute_task"},{"filename":"/home/airflow/.local/lib/python3.12/site-packages/airflow/sdk/bases/operator.py","lineno":416,"name":"wrapper"},{"filename":"/home/airflow/.local/lib/python3.12/site-packages/airflow/providers/docker/operators/docker.py","lineno":495,"name":"execute"},{"filename":"/home/airflow/.local/lib/python3.12/site-packages/airflow/providers/docker/operators/docker.py","lineno":372,"name":"_run_image"},{"filename":"/home/airflow/.local/lib/python3.12/site-packages/airflow/providers/docker/operators/docker.py","lineno":430,"name":"_run_image_with_mounts"}],"is_group":false,"exceptions":[]}]}
