{"timestamp":"2025-12-21T18:07:46.915692Z","level":"info","event":"DAG bundles loaded: dags-folder","logger":"airflow.dag_processing.bundles.manager.DagBundlesManager","filename":"manager.py","lineno":179}
{"timestamp":"2025-12-21T18:07:46.917082Z","level":"info","event":"Filling up the DagBag from /opt/airflow/dags/ingestion_dag.py","logger":"airflow.models.dagbag.DagBag","filename":"dagbag.py","lineno":593}
{"timestamp":"2025-12-21T18:07:48.997984Z","level":"info","event":"_fetch_html_to_txt - New url fetched : https://imsdb.com//scripts//12.html","logger":"root","filename":"ingestion_dag.py","lineno":345}
{"timestamp":"2025-12-21T18:07:50.423387Z","level":"info","event":"_fetch_html_to_txt - New url fetched : https://imsdb.com//scripts//12-and-Holding.html","logger":"root","filename":"ingestion_dag.py","lineno":345}
{"timestamp":"2025-12-21T18:07:51.666212Z","level":"info","event":"_fetch_html_to_txt - New url fetched : https://imsdb.com//scripts//12-Monkeys.html","logger":"root","filename":"ingestion_dag.py","lineno":345}
{"timestamp":"2025-12-21T18:07:52.880263Z","level":"info","event":"_fetch_html_to_txt - New url fetched : https://imsdb.com//scripts//1492-Conquest-of-Paradise.html","logger":"root","filename":"ingestion_dag.py","lineno":345}
{"timestamp":"2025-12-21T18:07:54.109833Z","level":"info","event":"_fetch_html_to_txt - New url fetched : https://imsdb.com//scripts//15-Minutes.html","logger":"root","filename":"ingestion_dag.py","lineno":345}
{"timestamp":"2025-12-21T18:07:55.353538Z","level":"info","event":"_fetch_html_to_txt - New url fetched : https://imsdb.com//scripts//17-Again.html","logger":"root","filename":"ingestion_dag.py","lineno":345}
{"timestamp":"2025-12-21T18:07:56.401081Z","level":"info","event":"_fetch_html_to_txt - New url fetched : https://imsdb.com//scripts//187.html","logger":"root","filename":"ingestion_dag.py","lineno":345}
{"timestamp":"2025-12-21T18:07:57.410201Z","level":"info","event":"_fetch_html_to_txt - New url fetched : https://imsdb.com//scripts//2012.html","logger":"root","filename":"ingestion_dag.py","lineno":345}
{"timestamp":"2025-12-21T18:07:59.877600Z","level":"info","event":"_fetch_html_to_txt - New url fetched : https://imsdb.com//scripts//25th-Hour.html","logger":"root","filename":"ingestion_dag.py","lineno":345}
{"timestamp":"2025-12-21T18:08:00.934379Z","level":"info","event":"_fetch_html_to_txt - New url fetched : https://imsdb.com//scripts//30-Minutes-or-Less.html","logger":"root","filename":"ingestion_dag.py","lineno":345}
{"timestamp":"2025-12-21T18:08:01.936572Z","level":"info","event":"_fetch_html_to_txt - New url fetched : https://imsdb.com//scripts//42.html","logger":"root","filename":"ingestion_dag.py","lineno":345}
{"timestamp":"2025-12-21T18:08:03.126678Z","level":"info","event":"_fetch_html_to_txt - New url fetched : https://imsdb.com//scripts//44-Inch-Chest.html","logger":"root","filename":"ingestion_dag.py","lineno":345}
{"timestamp":"2025-12-21T18:08:04.213077Z","level":"info","event":"_fetch_html_to_txt - New url fetched : https://imsdb.com//scripts//50-50.html","logger":"root","filename":"ingestion_dag.py","lineno":345}
{"timestamp":"2025-12-21T18:08:05.401153Z","level":"info","event":"_fetch_html_to_txt - New url fetched : https://imsdb.com//scripts//500-Days-of-Summer.html","logger":"root","filename":"ingestion_dag.py","lineno":345}
{"timestamp":"2025-12-21T18:08:06.419663Z","level":"info","event":"_fetch_html_to_txt - New url fetched : https://imsdb.com//scripts//8MM.html","logger":"root","filename":"ingestion_dag.py","lineno":345}
{"timestamp":"2025-12-21T18:08:07.413491Z","level":"info","event":"_fetch_html_to_txt - New url fetched : https://imsdb.com//scripts//9.html","logger":"root","filename":"ingestion_dag.py","lineno":345}
{"timestamp":"2025-12-21T18:08:07.414732Z","level":"warning","event":"\nA value is trying to be set on a copy of a slice from a DataFrame.\nTry using .loc[row_indexer,col_indexer] = value instead\n\nSee the caveats in the documentation: https://pandas.pydata.org/pandas-docs/stable/user_guide/indexing.html#returning-a-view-versus-a-copy","category":"SettingWithCopyWarning","filename":"/opt/airflow/dags/ingestion_dag.py","lineno":368,"logger":"py.warnings"}
{"timestamp":"2025-12-21T18:08:07.415467Z","level":"info","event":"_extract_and_save_html_content - 12.html saved","logger":"root","filename":"ingestion_dag.py","lineno":379}
{"timestamp":"2025-12-21T18:08:07.415906Z","level":"info","event":"_extract_and_save_html_content - 12_and_holding.html saved","logger":"root","filename":"ingestion_dag.py","lineno":379}
{"timestamp":"2025-12-21T18:08:07.416428Z","level":"info","event":"_extract_and_save_html_content - 12_monkeys.html saved","logger":"root","filename":"ingestion_dag.py","lineno":379}
{"timestamp":"2025-12-21T18:08:07.417258Z","level":"info","event":"_extract_and_save_html_content - 1492_conquest_of_paradise.html saved","logger":"root","filename":"ingestion_dag.py","lineno":379}
{"timestamp":"2025-12-21T18:08:07.417998Z","level":"info","event":"_extract_and_save_html_content - 15_minutes.html saved","logger":"root","filename":"ingestion_dag.py","lineno":379}
{"timestamp":"2025-12-21T18:08:07.418663Z","level":"info","event":"_extract_and_save_html_content - 17_again.html saved","logger":"root","filename":"ingestion_dag.py","lineno":379}
{"timestamp":"2025-12-21T18:08:07.419184Z","level":"info","event":"_extract_and_save_html_content - 187.html saved","logger":"root","filename":"ingestion_dag.py","lineno":379}
{"timestamp":"2025-12-21T18:08:07.419570Z","level":"info","event":"_extract_and_save_html_content - 2012.html saved","logger":"root","filename":"ingestion_dag.py","lineno":379}
{"timestamp":"2025-12-21T18:08:07.420005Z","level":"info","event":"_extract_and_save_html_content - 25th_hour.html saved","logger":"root","filename":"ingestion_dag.py","lineno":379}
{"timestamp":"2025-12-21T18:08:07.420456Z","level":"info","event":"_extract_and_save_html_content - 30_minutes_or_less.html saved","logger":"root","filename":"ingestion_dag.py","lineno":379}
{"timestamp":"2025-12-21T18:08:07.420943Z","level":"info","event":"_extract_and_save_html_content - 42.html saved","logger":"root","filename":"ingestion_dag.py","lineno":379}
{"timestamp":"2025-12-21T18:08:07.421345Z","level":"info","event":"_extract_and_save_html_content - 44_inch_chest.html saved","logger":"root","filename":"ingestion_dag.py","lineno":379}
{"timestamp":"2025-12-21T18:08:07.421636Z","level":"info","event":"_extract_and_save_html_content - 50_50.html saved","logger":"root","filename":"ingestion_dag.py","lineno":379}
{"timestamp":"2025-12-21T18:08:07.421906Z","level":"info","event":"_extract_and_save_html_content - 500_days_of_summer.html saved","logger":"root","filename":"ingestion_dag.py","lineno":379}
{"timestamp":"2025-12-21T18:08:07.422209Z","level":"info","event":"_extract_and_save_html_content - 8mm.html saved","logger":"root","filename":"ingestion_dag.py","lineno":379}
{"timestamp":"2025-12-21T18:08:07.422473Z","level":"info","event":"_extract_and_save_html_content - 9.html saved","logger":"root","filename":"ingestion_dag.py","lineno":379}
{"timestamp":"2025-12-21T18:08:07.423161Z","level":"info","event":"Done. Returned value was: True","logger":"airflow.task.operators.airflow.providers.standard.operators.python.PythonOperator","filename":"python.py","lineno":218}
{"timestamp":"2025-12-21T18:08:07.423406Z","level":"info","event":"Pushing xcom","ti":"RuntimeTaskInstance(id=UUID('019b4214-f98f-7224-b341-bb1fe43a4ae8'), task_id='extract_and_save_html_content', dag_id='ingestion_dag', run_id='manual__2025-12-21T18:03:49.480072+00:00', try_number=1, dag_version_id=UUID('019b4213-3e5c-7979-a491-ac97858af493'), map_index=-1, hostname='649da6fea2d5', context_carrier={}, task=<Task(PythonOperator): extract_and_save_html_content>, bundle_instance=LocalDagBundle(name=dags-folder), max_tries=1, start_date=datetime.datetime(2025, 12, 21, 18, 7, 46, 756522, tzinfo=datetime.timezone.utc), end_date=None, state=<TaskInstanceState.RUNNING: 'running'>, is_mapped=False, rendered_map_index=None)","logger":"task","filename":"task_runner.py","lineno":1352}
