{"timestamp":"2026-01-05T13:46:28.587273Z","level":"info","event":"Filling up the DagBag from /opt/airflow/dags/local_data_solution_dag.py","logger":"airflow.models.dagbag.DagBag","filename":"dagbag.py","lineno":593}
{"timestamp":"2026-01-05T13:47:01.046120Z","level":"info","event":"Filling up the DagBag from /opt/airflow/dags/local_data_solution_dag.py","logger":"airflow.models.dagbag.DagBag","filename":"dagbag.py","lineno":593}
{"timestamp":"2026-01-05T13:47:31.929372Z","level":"info","event":"Filling up the DagBag from /opt/airflow/dags/local_data_solution_dag.py","logger":"airflow.models.dagbag.DagBag","filename":"dagbag.py","lineno":593}
{"timestamp":"2026-01-05T13:47:52.878364Z","level":"info","event":"Filling up the DagBag from /opt/airflow/dags/local_data_solution_dag.py","logger":"airflow.models.dagbag.DagBag","filename":"dagbag.py","lineno":593}
{"timestamp":"2026-01-05T13:48:08.876845Z","level":"info","event":"Filling up the DagBag from /opt/airflow/dags/local_data_solution_dag.py","logger":"airflow.models.dagbag.DagBag","filename":"dagbag.py","lineno":593}
{"timestamp":"2026-01-05T13:48:18.559064Z","level":"info","event":"Filling up the DagBag from /opt/airflow/dags/local_data_solution_dag.py","logger":"airflow.models.dagbag.DagBag","filename":"dagbag.py","lineno":593}
{"timestamp":"2026-01-05T13:48:49.857269Z","level":"info","event":"Filling up the DagBag from /opt/airflow/dags/local_data_solution_dag.py","logger":"airflow.models.dagbag.DagBag","filename":"dagbag.py","lineno":593}
{"timestamp":"2026-01-05T13:48:59.520118Z","level":"info","event":"Filling up the DagBag from /opt/airflow/dags/local_data_solution_dag.py","logger":"airflow.models.dagbag.DagBag","filename":"dagbag.py","lineno":593}
{"timestamp":"2026-01-05T13:49:30.106462Z","level":"info","event":"Filling up the DagBag from /opt/airflow/dags/local_data_solution_dag.py","logger":"airflow.models.dagbag.DagBag","filename":"dagbag.py","lineno":593}
{"timestamp":"2026-01-05T13:50:00.732156Z","level":"info","event":"Filling up the DagBag from /opt/airflow/dags/local_data_solution_dag.py","logger":"airflow.models.dagbag.DagBag","filename":"dagbag.py","lineno":593}
{"timestamp":"2026-01-05T13:50:31.682913Z","level":"info","event":"Filling up the DagBag from /opt/airflow/dags/local_data_solution_dag.py","logger":"airflow.models.dagbag.DagBag","filename":"dagbag.py","lineno":593}
{"timestamp":"2026-01-05T13:50:54.856506Z","level":"info","event":"Filling up the DagBag from /opt/airflow/dags/local_data_solution_dag.py","logger":"airflow.models.dagbag.DagBag","filename":"dagbag.py","lineno":593}
{"timestamp":"2026-01-05T13:51:12.839911Z","level":"info","event":"Filling up the DagBag from /opt/airflow/dags/local_data_solution_dag.py","logger":"airflow.models.dagbag.DagBag","filename":"dagbag.py","lineno":593}
{"timestamp":"2026-01-05T13:51:13.222665Z","level":"error","event":"Failed to import: /opt/airflow/dags/local_data_solution_dag.py","logger":"airflow.models.dagbag.DagBag","filename":"dagbag.py","lineno":415,"error_detail":[{"exc_type":"NameError","exc_value":"name 'STAGGING_DATA_FOLDER' is not defined","exc_notes":[],"syntax_error":null,"is_cause":false,"frames":[{"filename":"/home/airflow/.local/lib/python3.12/site-packages/airflow/models/dagbag.py","lineno":405,"name":"parse"},{"filename":"<frozen importlib._bootstrap_external>","lineno":999,"name":"exec_module"},{"filename":"<frozen importlib._bootstrap>","lineno":488,"name":"_call_with_frames_removed"},{"filename":"/opt/airflow/dags/local_data_solution_dag.py","lineno":72,"name":"<module>"}],"is_group":false,"exceptions":[]}]}
{"timestamp":"2026-01-05T13:51:43.345948Z","level":"info","event":"Filling up the DagBag from /opt/airflow/dags/local_data_solution_dag.py","logger":"airflow.models.dagbag.DagBag","filename":"dagbag.py","lineno":593}
{"timestamp":"2026-01-05T13:51:43.676635Z","level":"error","event":"Failed to import: /opt/airflow/dags/local_data_solution_dag.py","logger":"airflow.models.dagbag.DagBag","filename":"dagbag.py","lineno":415,"error_detail":[{"exc_type":"NameError","exc_value":"name 'STAGGING_DATA_FOLDER' is not defined","exc_notes":[],"syntax_error":null,"is_cause":false,"frames":[{"filename":"/home/airflow/.local/lib/python3.12/site-packages/airflow/models/dagbag.py","lineno":405,"name":"parse"},{"filename":"<frozen importlib._bootstrap_external>","lineno":999,"name":"exec_module"},{"filename":"<frozen importlib._bootstrap>","lineno":488,"name":"_call_with_frames_removed"},{"filename":"/opt/airflow/dags/local_data_solution_dag.py","lineno":72,"name":"<module>"}],"is_group":false,"exceptions":[]}]}
{"timestamp":"2026-01-05T13:51:47.907031Z","level":"info","event":"Filling up the DagBag from /opt/airflow/dags/local_data_solution_dag.py","logger":"airflow.models.dagbag.DagBag","filename":"dagbag.py","lineno":593}
{"timestamp":"2026-01-05T13:52:19.122528Z","level":"info","event":"Filling up the DagBag from /opt/airflow/dags/local_data_solution_dag.py","logger":"airflow.models.dagbag.DagBag","filename":"dagbag.py","lineno":593}
{"timestamp":"2026-01-05T13:52:49.709938Z","level":"info","event":"Filling up the DagBag from /opt/airflow/dags/local_data_solution_dag.py","logger":"airflow.models.dagbag.DagBag","filename":"dagbag.py","lineno":593}
{"timestamp":"2026-01-05T13:53:20.601002Z","level":"info","event":"Filling up the DagBag from /opt/airflow/dags/local_data_solution_dag.py","logger":"airflow.models.dagbag.DagBag","filename":"dagbag.py","lineno":593}
{"timestamp":"2026-01-05T13:53:51.173347Z","level":"info","event":"Filling up the DagBag from /opt/airflow/dags/local_data_solution_dag.py","logger":"airflow.models.dagbag.DagBag","filename":"dagbag.py","lineno":593}
{"timestamp":"2026-01-05T13:54:02.954784Z","level":"info","event":"Filling up the DagBag from /opt/airflow/dags/local_data_solution_dag.py","logger":"airflow.models.dagbag.DagBag","filename":"dagbag.py","lineno":593}
{"timestamp":"2026-01-05T13:54:33.405577Z","level":"info","event":"Filling up the DagBag from /opt/airflow/dags/local_data_solution_dag.py","logger":"airflow.models.dagbag.DagBag","filename":"dagbag.py","lineno":593}
{"timestamp":"2026-01-05T13:55:04.401712Z","level":"info","event":"Filling up the DagBag from /opt/airflow/dags/local_data_solution_dag.py","logger":"airflow.models.dagbag.DagBag","filename":"dagbag.py","lineno":593}
{"timestamp":"2026-01-05T13:55:34.915316Z","level":"info","event":"Filling up the DagBag from /opt/airflow/dags/local_data_solution_dag.py","logger":"airflow.models.dagbag.DagBag","filename":"dagbag.py","lineno":593}
{"timestamp":"2026-01-05T13:56:06.187164Z","level":"info","event":"Filling up the DagBag from /opt/airflow/dags/local_data_solution_dag.py","logger":"airflow.models.dagbag.DagBag","filename":"dagbag.py","lineno":593}
{"timestamp":"2026-01-05T13:56:37.260085Z","level":"info","event":"Filling up the DagBag from /opt/airflow/dags/local_data_solution_dag.py","logger":"airflow.models.dagbag.DagBag","filename":"dagbag.py","lineno":593}
{"timestamp":"2026-01-05T13:57:05.217369Z","level":"info","event":"Filling up the DagBag from /opt/airflow/dags/local_data_solution_dag.py","logger":"airflow.models.dagbag.DagBag","filename":"dagbag.py","lineno":593}
{"timestamp":"2026-01-05T13:57:05.573236Z","level":"error","event":"Failed to import: /opt/airflow/dags/local_data_solution_dag.py","logger":"airflow.models.dagbag.DagBag","filename":"dagbag.py","lineno":415,"error_detail":[{"exc_type":"NameError","exc_value":"name '_duplicate_scripts_to_volume' is not defined","exc_notes":[],"syntax_error":null,"is_cause":false,"frames":[{"filename":"/home/airflow/.local/lib/python3.12/site-packages/airflow/models/dagbag.py","lineno":405,"name":"parse"},{"filename":"<frozen importlib._bootstrap_external>","lineno":999,"name":"exec_module"},{"filename":"<frozen importlib._bootstrap>","lineno":488,"name":"_call_with_frames_removed"},{"filename":"/opt/airflow/dags/local_data_solution_dag.py","lineno":126,"name":"<module>"}],"is_group":false,"exceptions":[]}]}
{"timestamp":"2026-01-05T13:57:13.955158Z","level":"info","event":"Filling up the DagBag from /opt/airflow/dags/local_data_solution_dag.py","logger":"airflow.models.dagbag.DagBag","filename":"dagbag.py","lineno":593}
{"timestamp":"2026-01-05T13:57:45.102956Z","level":"info","event":"Filling up the DagBag from /opt/airflow/dags/local_data_solution_dag.py","logger":"airflow.models.dagbag.DagBag","filename":"dagbag.py","lineno":593}
{"timestamp":"2026-01-05T13:58:16.179580Z","level":"info","event":"Filling up the DagBag from /opt/airflow/dags/local_data_solution_dag.py","logger":"airflow.models.dagbag.DagBag","filename":"dagbag.py","lineno":593}
{"timestamp":"2026-01-05T13:58:47.372845Z","level":"info","event":"Filling up the DagBag from /opt/airflow/dags/local_data_solution_dag.py","logger":"airflow.models.dagbag.DagBag","filename":"dagbag.py","lineno":593}
{"timestamp":"2026-01-05T13:59:18.409086Z","level":"info","event":"Filling up the DagBag from /opt/airflow/dags/local_data_solution_dag.py","logger":"airflow.models.dagbag.DagBag","filename":"dagbag.py","lineno":593}
{"timestamp":"2026-01-05T13:59:49.695657Z","level":"info","event":"Filling up the DagBag from /opt/airflow/dags/local_data_solution_dag.py","logger":"airflow.models.dagbag.DagBag","filename":"dagbag.py","lineno":593}
{"timestamp":"2026-01-05T14:00:20.316251Z","level":"info","event":"Filling up the DagBag from /opt/airflow/dags/local_data_solution_dag.py","logger":"airflow.models.dagbag.DagBag","filename":"dagbag.py","lineno":593}
{"timestamp":"2026-01-05T14:00:51.169966Z","level":"info","event":"Filling up the DagBag from /opt/airflow/dags/local_data_solution_dag.py","logger":"airflow.models.dagbag.DagBag","filename":"dagbag.py","lineno":593}
{"timestamp":"2026-01-05T14:01:21.969428Z","level":"info","event":"Filling up the DagBag from /opt/airflow/dags/local_data_solution_dag.py","logger":"airflow.models.dagbag.DagBag","filename":"dagbag.py","lineno":593}
{"timestamp":"2026-01-05T14:01:52.545001Z","level":"info","event":"Filling up the DagBag from /opt/airflow/dags/local_data_solution_dag.py","logger":"airflow.models.dagbag.DagBag","filename":"dagbag.py","lineno":593}
{"timestamp":"2026-01-05T14:02:23.079923Z","level":"info","event":"Filling up the DagBag from /opt/airflow/dags/local_data_solution_dag.py","logger":"airflow.models.dagbag.DagBag","filename":"dagbag.py","lineno":593}
{"timestamp":"2026-01-05T14:02:54.138919Z","level":"info","event":"Filling up the DagBag from /opt/airflow/dags/local_data_solution_dag.py","logger":"airflow.models.dagbag.DagBag","filename":"dagbag.py","lineno":593}
{"timestamp":"2026-01-05T14:03:24.725310Z","level":"info","event":"Filling up the DagBag from /opt/airflow/dags/local_data_solution_dag.py","logger":"airflow.models.dagbag.DagBag","filename":"dagbag.py","lineno":593}
{"timestamp":"2026-01-05T14:03:42.139786Z","level":"info","event":"Filling up the DagBag from /opt/airflow/dags/local_data_solution_dag.py","logger":"airflow.models.dagbag.DagBag","filename":"dagbag.py","lineno":593}
{"timestamp":"2026-01-05T14:04:13.372262Z","level":"info","event":"Filling up the DagBag from /opt/airflow/dags/local_data_solution_dag.py","logger":"airflow.models.dagbag.DagBag","filename":"dagbag.py","lineno":593}
{"timestamp":"2026-01-05T14:04:44.247389Z","level":"info","event":"Filling up the DagBag from /opt/airflow/dags/local_data_solution_dag.py","logger":"airflow.models.dagbag.DagBag","filename":"dagbag.py","lineno":593}
{"timestamp":"2026-01-05T14:05:14.802993Z","level":"info","event":"Filling up the DagBag from /opt/airflow/dags/local_data_solution_dag.py","logger":"airflow.models.dagbag.DagBag","filename":"dagbag.py","lineno":593}
{"timestamp":"2026-01-05T14:05:45.757376Z","level":"info","event":"Filling up the DagBag from /opt/airflow/dags/local_data_solution_dag.py","logger":"airflow.models.dagbag.DagBag","filename":"dagbag.py","lineno":593}
{"timestamp":"2026-01-05T14:06:16.576404Z","level":"info","event":"Filling up the DagBag from /opt/airflow/dags/local_data_solution_dag.py","logger":"airflow.models.dagbag.DagBag","filename":"dagbag.py","lineno":593}
{"timestamp":"2026-01-05T14:06:47.685577Z","level":"info","event":"Filling up the DagBag from /opt/airflow/dags/local_data_solution_dag.py","logger":"airflow.models.dagbag.DagBag","filename":"dagbag.py","lineno":593}
{"timestamp":"2026-01-05T14:07:18.841925Z","level":"info","event":"Filling up the DagBag from /opt/airflow/dags/local_data_solution_dag.py","logger":"airflow.models.dagbag.DagBag","filename":"dagbag.py","lineno":593}
{"timestamp":"2026-01-05T14:07:49.778460Z","level":"info","event":"Filling up the DagBag from /opt/airflow/dags/local_data_solution_dag.py","logger":"airflow.models.dagbag.DagBag","filename":"dagbag.py","lineno":593}
{"timestamp":"2026-01-05T14:08:17.705050Z","level":"info","event":"Filling up the DagBag from /opt/airflow/dags/local_data_solution_dag.py","logger":"airflow.models.dagbag.DagBag","filename":"dagbag.py","lineno":593}
{"timestamp":"2026-01-05T14:08:48.539099Z","level":"info","event":"Filling up the DagBag from /opt/airflow/dags/local_data_solution_dag.py","logger":"airflow.models.dagbag.DagBag","filename":"dagbag.py","lineno":593}
{"timestamp":"2026-01-05T14:09:19.624977Z","level":"info","event":"Filling up the DagBag from /opt/airflow/dags/local_data_solution_dag.py","logger":"airflow.models.dagbag.DagBag","filename":"dagbag.py","lineno":593}
{"timestamp":"2026-01-05T14:09:50.561811Z","level":"info","event":"Filling up the DagBag from /opt/airflow/dags/local_data_solution_dag.py","logger":"airflow.models.dagbag.DagBag","filename":"dagbag.py","lineno":593}
{"timestamp":"2026-01-05T14:10:21.511160Z","level":"info","event":"Filling up the DagBag from /opt/airflow/dags/local_data_solution_dag.py","logger":"airflow.models.dagbag.DagBag","filename":"dagbag.py","lineno":593}
{"timestamp":"2026-01-05T14:12:39.211277Z","level":"info","event":"Filling up the DagBag from /opt/airflow/dags/local_data_solution_dag.py","logger":"airflow.models.dagbag.DagBag","filename":"dagbag.py","lineno":593}
{"timestamp":"2026-01-05T14:13:11.408467Z","level":"info","event":"Filling up the DagBag from /opt/airflow/dags/local_data_solution_dag.py","logger":"airflow.models.dagbag.DagBag","filename":"dagbag.py","lineno":593}
{"timestamp":"2026-01-05T14:13:42.538070Z","level":"info","event":"Filling up the DagBag from /opt/airflow/dags/local_data_solution_dag.py","logger":"airflow.models.dagbag.DagBag","filename":"dagbag.py","lineno":593}
{"timestamp":"2026-01-05T14:14:13.126450Z","level":"info","event":"Filling up the DagBag from /opt/airflow/dags/local_data_solution_dag.py","logger":"airflow.models.dagbag.DagBag","filename":"dagbag.py","lineno":593}
{"timestamp":"2026-01-05T14:14:43.708065Z","level":"info","event":"Filling up the DagBag from /opt/airflow/dags/local_data_solution_dag.py","logger":"airflow.models.dagbag.DagBag","filename":"dagbag.py","lineno":593}
{"timestamp":"2026-01-05T14:17:25.376998Z","level":"info","event":"Filling up the DagBag from /opt/airflow/dags/local_data_solution_dag.py","logger":"airflow.models.dagbag.DagBag","filename":"dagbag.py","lineno":593}
{"timestamp":"2026-01-05T14:17:57.374215Z","level":"info","event":"Filling up the DagBag from /opt/airflow/dags/local_data_solution_dag.py","logger":"airflow.models.dagbag.DagBag","filename":"dagbag.py","lineno":593}
{"timestamp":"2026-01-05T14:18:28.084700Z","level":"info","event":"Filling up the DagBag from /opt/airflow/dags/local_data_solution_dag.py","logger":"airflow.models.dagbag.DagBag","filename":"dagbag.py","lineno":593}
{"timestamp":"2026-01-05T14:18:59.068808Z","level":"info","event":"Filling up the DagBag from /opt/airflow/dags/local_data_solution_dag.py","logger":"airflow.models.dagbag.DagBag","filename":"dagbag.py","lineno":593}
{"timestamp":"2026-01-05T14:21:29.712260Z","level":"info","event":"Filling up the DagBag from /opt/airflow/dags/local_data_solution_dag.py","logger":"airflow.models.dagbag.DagBag","filename":"dagbag.py","lineno":593}
{"timestamp":"2026-01-05T14:22:01.970988Z","level":"info","event":"Filling up the DagBag from /opt/airflow/dags/local_data_solution_dag.py","logger":"airflow.models.dagbag.DagBag","filename":"dagbag.py","lineno":593}
{"timestamp":"2026-01-05T14:24:16.326800Z","level":"info","event":"Filling up the DagBag from /opt/airflow/dags/local_data_solution_dag.py","logger":"airflow.models.dagbag.DagBag","filename":"dagbag.py","lineno":593}
{"timestamp":"2026-01-05T14:24:49.010460Z","level":"info","event":"Filling up the DagBag from /opt/airflow/dags/local_data_solution_dag.py","logger":"airflow.models.dagbag.DagBag","filename":"dagbag.py","lineno":593}
{"timestamp":"2026-01-05T14:25:19.795891Z","level":"info","event":"Filling up the DagBag from /opt/airflow/dags/local_data_solution_dag.py","logger":"airflow.models.dagbag.DagBag","filename":"dagbag.py","lineno":593}
{"timestamp":"2026-01-05T14:25:50.472654Z","level":"info","event":"Filling up the DagBag from /opt/airflow/dags/local_data_solution_dag.py","logger":"airflow.models.dagbag.DagBag","filename":"dagbag.py","lineno":593}
{"timestamp":"2026-01-05T14:26:20.986949Z","level":"info","event":"Filling up the DagBag from /opt/airflow/dags/local_data_solution_dag.py","logger":"airflow.models.dagbag.DagBag","filename":"dagbag.py","lineno":593}
{"timestamp":"2026-01-05T14:28:13.675242Z","level":"info","event":"Filling up the DagBag from /opt/airflow/dags/local_data_solution_dag.py","logger":"airflow.models.dagbag.DagBag","filename":"dagbag.py","lineno":593}
{"timestamp":"2026-01-05T14:28:45.972004Z","level":"info","event":"Filling up the DagBag from /opt/airflow/dags/local_data_solution_dag.py","logger":"airflow.models.dagbag.DagBag","filename":"dagbag.py","lineno":593}
{"timestamp":"2026-01-05T14:29:17.045590Z","level":"info","event":"Filling up the DagBag from /opt/airflow/dags/local_data_solution_dag.py","logger":"airflow.models.dagbag.DagBag","filename":"dagbag.py","lineno":593}
{"timestamp":"2026-01-05T14:29:48.296566Z","level":"info","event":"Filling up the DagBag from /opt/airflow/dags/local_data_solution_dag.py","logger":"airflow.models.dagbag.DagBag","filename":"dagbag.py","lineno":593}
{"timestamp":"2026-01-05T14:30:19.386472Z","level":"info","event":"Filling up the DagBag from /opt/airflow/dags/local_data_solution_dag.py","logger":"airflow.models.dagbag.DagBag","filename":"dagbag.py","lineno":593}
{"timestamp":"2026-01-05T14:32:48.291281Z","level":"info","event":"Filling up the DagBag from /opt/airflow/dags/local_data_solution_dag.py","logger":"airflow.models.dagbag.DagBag","filename":"dagbag.py","lineno":593}
{"timestamp":"2026-01-05T14:33:20.393057Z","level":"info","event":"Filling up the DagBag from /opt/airflow/dags/local_data_solution_dag.py","logger":"airflow.models.dagbag.DagBag","filename":"dagbag.py","lineno":593}
{"timestamp":"2026-01-05T14:33:51.512599Z","level":"info","event":"Filling up the DagBag from /opt/airflow/dags/local_data_solution_dag.py","logger":"airflow.models.dagbag.DagBag","filename":"dagbag.py","lineno":593}
{"timestamp":"2026-01-05T14:34:22.250088Z","level":"info","event":"Filling up the DagBag from /opt/airflow/dags/local_data_solution_dag.py","logger":"airflow.models.dagbag.DagBag","filename":"dagbag.py","lineno":593}
{"timestamp":"2026-01-05T14:34:53.005609Z","level":"info","event":"Filling up the DagBag from /opt/airflow/dags/local_data_solution_dag.py","logger":"airflow.models.dagbag.DagBag","filename":"dagbag.py","lineno":593}
{"timestamp":"2026-01-05T14:37:40.280361Z","level":"info","event":"Filling up the DagBag from /opt/airflow/dags/local_data_solution_dag.py","logger":"airflow.models.dagbag.DagBag","filename":"dagbag.py","lineno":593}
{"timestamp":"2026-01-05T14:38:12.554340Z","level":"info","event":"Filling up the DagBag from /opt/airflow/dags/local_data_solution_dag.py","logger":"airflow.models.dagbag.DagBag","filename":"dagbag.py","lineno":593}
{"timestamp":"2026-01-05T14:43:02.792594Z","level":"info","event":"Filling up the DagBag from /opt/airflow/dags/local_data_solution_dag.py","logger":"airflow.models.dagbag.DagBag","filename":"dagbag.py","lineno":593}
{"timestamp":"2026-01-05T14:43:35.908740Z","level":"info","event":"Filling up the DagBag from /opt/airflow/dags/local_data_solution_dag.py","logger":"airflow.models.dagbag.DagBag","filename":"dagbag.py","lineno":593}
{"timestamp":"2026-01-05T14:44:06.463131Z","level":"info","event":"Filling up the DagBag from /opt/airflow/dags/local_data_solution_dag.py","logger":"airflow.models.dagbag.DagBag","filename":"dagbag.py","lineno":593}
{"timestamp":"2026-01-05T14:44:37.060088Z","level":"info","event":"Filling up the DagBag from /opt/airflow/dags/local_data_solution_dag.py","logger":"airflow.models.dagbag.DagBag","filename":"dagbag.py","lineno":593}
{"timestamp":"2026-01-05T14:45:07.874215Z","level":"info","event":"Filling up the DagBag from /opt/airflow/dags/local_data_solution_dag.py","logger":"airflow.models.dagbag.DagBag","filename":"dagbag.py","lineno":593}
{"timestamp":"2026-01-05T14:45:39.303419Z","level":"info","event":"Filling up the DagBag from /opt/airflow/dags/local_data_solution_dag.py","logger":"airflow.models.dagbag.DagBag","filename":"dagbag.py","lineno":593}
{"timestamp":"2026-01-05T14:46:10.391675Z","level":"info","event":"Filling up the DagBag from /opt/airflow/dags/local_data_solution_dag.py","logger":"airflow.models.dagbag.DagBag","filename":"dagbag.py","lineno":593}
{"timestamp":"2026-01-05T14:46:41.705010Z","level":"info","event":"Filling up the DagBag from /opt/airflow/dags/local_data_solution_dag.py","logger":"airflow.models.dagbag.DagBag","filename":"dagbag.py","lineno":593}
{"timestamp":"2026-01-05T14:47:14.776344Z","level":"info","event":"Filling up the DagBag from /opt/airflow/dags/local_data_solution_dag.py","logger":"airflow.models.dagbag.DagBag","filename":"dagbag.py","lineno":593}
{"timestamp":"2026-01-05T14:47:46.044180Z","level":"info","event":"Filling up the DagBag from /opt/airflow/dags/local_data_solution_dag.py","logger":"airflow.models.dagbag.DagBag","filename":"dagbag.py","lineno":593}
{"timestamp":"2026-01-05T14:48:17.027112Z","level":"info","event":"Filling up the DagBag from /opt/airflow/dags/local_data_solution_dag.py","logger":"airflow.models.dagbag.DagBag","filename":"dagbag.py","lineno":593}
{"timestamp":"2026-01-05T14:48:47.613185Z","level":"info","event":"Filling up the DagBag from /opt/airflow/dags/local_data_solution_dag.py","logger":"airflow.models.dagbag.DagBag","filename":"dagbag.py","lineno":593}
{"timestamp":"2026-01-05T14:49:18.162849Z","level":"info","event":"Filling up the DagBag from /opt/airflow/dags/local_data_solution_dag.py","logger":"airflow.models.dagbag.DagBag","filename":"dagbag.py","lineno":593}
{"timestamp":"2026-01-05T14:51:13.845697Z","level":"info","event":"Filling up the DagBag from /opt/airflow/dags/local_data_solution_dag.py","logger":"airflow.models.dagbag.DagBag","filename":"dagbag.py","lineno":593}
{"timestamp":"2026-01-05T14:51:47.817663Z","level":"info","event":"Filling up the DagBag from /opt/airflow/dags/local_data_solution_dag.py","logger":"airflow.models.dagbag.DagBag","filename":"dagbag.py","lineno":593}
{"timestamp":"2026-01-05T14:52:18.925874Z","level":"info","event":"Filling up the DagBag from /opt/airflow/dags/local_data_solution_dag.py","logger":"airflow.models.dagbag.DagBag","filename":"dagbag.py","lineno":593}
{"timestamp":"2026-01-05T14:54:50.676999Z","level":"info","event":"Filling up the DagBag from /opt/airflow/dags/local_data_solution_dag.py","logger":"airflow.models.dagbag.DagBag","filename":"dagbag.py","lineno":593}
{"timestamp":"2026-01-05T14:55:23.602012Z","level":"info","event":"Filling up the DagBag from /opt/airflow/dags/local_data_solution_dag.py","logger":"airflow.models.dagbag.DagBag","filename":"dagbag.py","lineno":593}
{"timestamp":"2026-01-05T14:58:25.994330Z","level":"info","event":"Filling up the DagBag from /opt/airflow/dags/local_data_solution_dag.py","logger":"airflow.models.dagbag.DagBag","filename":"dagbag.py","lineno":593}
{"timestamp":"2026-01-05T14:58:56.689540Z","level":"info","event":"Filling up the DagBag from /opt/airflow/dags/local_data_solution_dag.py","logger":"airflow.models.dagbag.DagBag","filename":"dagbag.py","lineno":593}
{"timestamp":"2026-01-05T14:59:27.410074Z","level":"info","event":"Filling up the DagBag from /opt/airflow/dags/local_data_solution_dag.py","logger":"airflow.models.dagbag.DagBag","filename":"dagbag.py","lineno":593}
{"timestamp":"2026-01-05T14:59:58.523549Z","level":"info","event":"Filling up the DagBag from /opt/airflow/dags/local_data_solution_dag.py","logger":"airflow.models.dagbag.DagBag","filename":"dagbag.py","lineno":593}
{"timestamp":"2026-01-05T15:00:29.727243Z","level":"info","event":"Filling up the DagBag from /opt/airflow/dags/local_data_solution_dag.py","logger":"airflow.models.dagbag.DagBag","filename":"dagbag.py","lineno":593}
{"timestamp":"2026-01-05T15:03:14.265816Z","level":"info","event":"Filling up the DagBag from /opt/airflow/dags/local_data_solution_dag.py","logger":"airflow.models.dagbag.DagBag","filename":"dagbag.py","lineno":593}
{"timestamp":"2026-01-05T15:03:46.661702Z","level":"info","event":"Filling up the DagBag from /opt/airflow/dags/local_data_solution_dag.py","logger":"airflow.models.dagbag.DagBag","filename":"dagbag.py","lineno":593}
{"timestamp":"2026-01-05T15:04:32.608179Z","level":"info","event":"Filling up the DagBag from /opt/airflow/dags/local_data_solution_dag.py","logger":"airflow.models.dagbag.DagBag","filename":"dagbag.py","lineno":593}
{"timestamp":"2026-01-05T15:05:04.734584Z","level":"info","event":"Filling up the DagBag from /opt/airflow/dags/local_data_solution_dag.py","logger":"airflow.models.dagbag.DagBag","filename":"dagbag.py","lineno":593}
{"timestamp":"2026-01-05T15:05:35.405782Z","level":"info","event":"Filling up the DagBag from /opt/airflow/dags/local_data_solution_dag.py","logger":"airflow.models.dagbag.DagBag","filename":"dagbag.py","lineno":593}
{"timestamp":"2026-01-05T15:06:06.163551Z","level":"info","event":"Filling up the DagBag from /opt/airflow/dags/local_data_solution_dag.py","logger":"airflow.models.dagbag.DagBag","filename":"dagbag.py","lineno":593}
{"timestamp":"2026-01-05T15:06:36.743394Z","level":"info","event":"Filling up the DagBag from /opt/airflow/dags/local_data_solution_dag.py","logger":"airflow.models.dagbag.DagBag","filename":"dagbag.py","lineno":593}
{"timestamp":"2026-01-05T15:07:07.265361Z","level":"info","event":"Filling up the DagBag from /opt/airflow/dags/local_data_solution_dag.py","logger":"airflow.models.dagbag.DagBag","filename":"dagbag.py","lineno":593}
{"timestamp":"2026-01-05T15:07:38.081657Z","level":"info","event":"Filling up the DagBag from /opt/airflow/dags/local_data_solution_dag.py","logger":"airflow.models.dagbag.DagBag","filename":"dagbag.py","lineno":593}
{"timestamp":"2026-01-05T15:08:09.264069Z","level":"info","event":"Filling up the DagBag from /opt/airflow/dags/local_data_solution_dag.py","logger":"airflow.models.dagbag.DagBag","filename":"dagbag.py","lineno":593}
{"timestamp":"2026-01-05T15:08:41.196669Z","level":"info","event":"Filling up the DagBag from /opt/airflow/dags/local_data_solution_dag.py","logger":"airflow.models.dagbag.DagBag","filename":"dagbag.py","lineno":593}
{"timestamp":"2026-01-05T15:09:12.153361Z","level":"info","event":"Filling up the DagBag from /opt/airflow/dags/local_data_solution_dag.py","logger":"airflow.models.dagbag.DagBag","filename":"dagbag.py","lineno":593}
{"timestamp":"2026-01-05T15:09:43.118949Z","level":"info","event":"Filling up the DagBag from /opt/airflow/dags/local_data_solution_dag.py","logger":"airflow.models.dagbag.DagBag","filename":"dagbag.py","lineno":593}
{"timestamp":"2026-01-05T15:10:14.437361Z","level":"info","event":"Filling up the DagBag from /opt/airflow/dags/local_data_solution_dag.py","logger":"airflow.models.dagbag.DagBag","filename":"dagbag.py","lineno":593}
{"timestamp":"2026-01-05T15:10:45.754613Z","level":"info","event":"Filling up the DagBag from /opt/airflow/dags/local_data_solution_dag.py","logger":"airflow.models.dagbag.DagBag","filename":"dagbag.py","lineno":593}
{"timestamp":"2026-01-05T15:11:17.087293Z","level":"info","event":"Filling up the DagBag from /opt/airflow/dags/local_data_solution_dag.py","logger":"airflow.models.dagbag.DagBag","filename":"dagbag.py","lineno":593}
{"timestamp":"2026-01-05T15:11:47.588328Z","level":"info","event":"Filling up the DagBag from /opt/airflow/dags/local_data_solution_dag.py","logger":"airflow.models.dagbag.DagBag","filename":"dagbag.py","lineno":593}
{"timestamp":"2026-01-05T15:14:12.342101Z","level":"info","event":"Filling up the DagBag from /opt/airflow/dags/local_data_solution_dag.py","logger":"airflow.models.dagbag.DagBag","filename":"dagbag.py","lineno":593}
{"timestamp":"2026-01-05T15:14:45.072322Z","level":"info","event":"Filling up the DagBag from /opt/airflow/dags/local_data_solution_dag.py","logger":"airflow.models.dagbag.DagBag","filename":"dagbag.py","lineno":593}
{"timestamp":"2026-01-05T15:17:01.709619Z","level":"info","event":"Filling up the DagBag from /opt/airflow/dags/local_data_solution_dag.py","logger":"airflow.models.dagbag.DagBag","filename":"dagbag.py","lineno":593}
{"timestamp":"2026-01-05T15:22:30.268981Z","level":"info","event":"Filling up the DagBag from /opt/airflow/dags/local_data_solution_dag.py","logger":"airflow.models.dagbag.DagBag","filename":"dagbag.py","lineno":593}
{"timestamp":"2026-01-05T15:23:02.946975Z","level":"info","event":"Filling up the DagBag from /opt/airflow/dags/local_data_solution_dag.py","logger":"airflow.models.dagbag.DagBag","filename":"dagbag.py","lineno":593}
{"timestamp":"2026-01-05T15:23:33.766488Z","level":"info","event":"Filling up the DagBag from /opt/airflow/dags/local_data_solution_dag.py","logger":"airflow.models.dagbag.DagBag","filename":"dagbag.py","lineno":593}
{"timestamp":"2026-01-05T15:24:35.477037Z","level":"info","event":"Filling up the DagBag from /opt/airflow/dags/local_data_solution_dag.py","logger":"airflow.models.dagbag.DagBag","filename":"dagbag.py","lineno":593}
{"timestamp":"2026-01-05T15:25:05.662316Z","level":"error","event":"Process timed out, PID: 136","logger":"airflow.models.dagbag","filename":"dagbag.py","lineno":134}
{"timestamp":"2026-01-05T15:25:05.666126Z","level":"error","event":"Failed to import: /opt/airflow/dags/local_data_solution_dag.py","logger":"airflow.models.dagbag.DagBag","filename":"dagbag.py","lineno":415,"error_detail":[{"exc_type":"AirflowTaskTimeout","exc_value":"DagBag import timeout for /opt/airflow/dags/local_data_solution_dag.py after 30.0s.\nPlease take a look at these docs to improve your DAG import time:\n* https://airflow.apache.org/docs/apache-airflow/3.1.0/best-practices.html#top-level-python-code\n* https://airflow.apache.org/docs/apache-airflow/3.1.0/best-practices.html#reducing-dag-complexity, PID: 136","exc_notes":[],"syntax_error":null,"is_cause":false,"frames":[{"filename":"/home/airflow/.local/lib/python3.12/site-packages/airflow/models/dagbag.py","lineno":405,"name":"parse"},{"filename":"<frozen importlib._bootstrap_external>","lineno":999,"name":"exec_module"},{"filename":"<frozen importlib._bootstrap>","lineno":488,"name":"_call_with_frames_removed"},{"filename":"/opt/airflow/dags/local_data_solution_dag.py","lineno":13,"name":"<module>"},{"filename":"/opt/airflow/dags/shared_operators.py","lineno":4,"name":"<module>"},{"filename":"/home/airflow/.local/lib/python3.12/site-packages/pandas/__init__.py","lineno":46,"name":"<module>"},{"filename":"/home/airflow/.local/lib/python3.12/site-packages/pandas/core/api.py","lineno":47,"name":"<module>"},{"filename":"/home/airflow/.local/lib/python3.12/site-packages/pandas/core/groupby/__init__.py","lineno":1,"name":"<module>"},{"filename":"/home/airflow/.local/lib/python3.12/site-packages/pandas/core/groupby/generic.py","lineno":67,"name":"<module>"},{"filename":"/home/airflow/.local/lib/python3.12/site-packages/pandas/core/frame.py","lineno":142,"name":"<module>"},{"filename":"/home/airflow/.local/lib/python3.12/site-packages/pandas/core/generic.py","lineno":187,"name":"<module>"},{"filename":"/home/airflow/.local/lib/python3.12/site-packages/pandas/core/window/__init__.py","lineno":1,"name":"<module>"},{"filename":"/home/airflow/.local/lib/python3.12/site-packages/pandas/core/window/ewm.py","lineno":11,"name":"<module>"},{"filename":"<frozen importlib._bootstrap>","lineno":645,"name":"parent"},{"filename":"/home/airflow/.local/lib/python3.12/site-packages/airflow/models/dagbag.py","lineno":135,"name":"handle_timeout"}],"is_group":false,"exceptions":[]}]}
{"timestamp":"2026-01-05T15:25:53.423165Z","level":"info","event":"Filling up the DagBag from /opt/airflow/dags/local_data_solution_dag.py","logger":"airflow.models.dagbag.DagBag","filename":"dagbag.py","lineno":593}
{"timestamp":"2026-01-05T15:26:24.440266Z","level":"info","event":"Filling up the DagBag from /opt/airflow/dags/local_data_solution_dag.py","logger":"airflow.models.dagbag.DagBag","filename":"dagbag.py","lineno":593}
{"timestamp":"2026-01-05T15:26:54.896296Z","level":"info","event":"Filling up the DagBag from /opt/airflow/dags/local_data_solution_dag.py","logger":"airflow.models.dagbag.DagBag","filename":"dagbag.py","lineno":593}
{"timestamp":"2026-01-05T15:27:25.994155Z","level":"info","event":"Filling up the DagBag from /opt/airflow/dags/local_data_solution_dag.py","logger":"airflow.models.dagbag.DagBag","filename":"dagbag.py","lineno":593}
{"timestamp":"2026-01-05T15:27:57.054428Z","level":"info","event":"Filling up the DagBag from /opt/airflow/dags/local_data_solution_dag.py","logger":"airflow.models.dagbag.DagBag","filename":"dagbag.py","lineno":593}
{"timestamp":"2026-01-05T15:28:27.758677Z","level":"info","event":"Filling up the DagBag from /opt/airflow/dags/local_data_solution_dag.py","logger":"airflow.models.dagbag.DagBag","filename":"dagbag.py","lineno":593}
{"timestamp":"2026-01-05T15:28:58.525685Z","level":"info","event":"Filling up the DagBag from /opt/airflow/dags/local_data_solution_dag.py","logger":"airflow.models.dagbag.DagBag","filename":"dagbag.py","lineno":593}
{"timestamp":"2026-01-05T15:29:29.395484Z","level":"info","event":"Filling up the DagBag from /opt/airflow/dags/local_data_solution_dag.py","logger":"airflow.models.dagbag.DagBag","filename":"dagbag.py","lineno":593}
{"timestamp":"2026-01-05T15:30:00.460014Z","level":"info","event":"Filling up the DagBag from /opt/airflow/dags/local_data_solution_dag.py","logger":"airflow.models.dagbag.DagBag","filename":"dagbag.py","lineno":593}
{"timestamp":"2026-01-05T15:30:31.093050Z","level":"info","event":"Filling up the DagBag from /opt/airflow/dags/local_data_solution_dag.py","logger":"airflow.models.dagbag.DagBag","filename":"dagbag.py","lineno":593}
{"timestamp":"2026-01-05T15:31:01.872365Z","level":"info","event":"Filling up the DagBag from /opt/airflow/dags/local_data_solution_dag.py","logger":"airflow.models.dagbag.DagBag","filename":"dagbag.py","lineno":593}
{"timestamp":"2026-01-05T15:31:33.615388Z","level":"info","event":"Filling up the DagBag from /opt/airflow/dags/local_data_solution_dag.py","logger":"airflow.models.dagbag.DagBag","filename":"dagbag.py","lineno":593}
{"timestamp":"2026-01-05T15:32:05.099505Z","level":"info","event":"Filling up the DagBag from /opt/airflow/dags/local_data_solution_dag.py","logger":"airflow.models.dagbag.DagBag","filename":"dagbag.py","lineno":593}
{"timestamp":"2026-01-05T15:32:53.982469Z","level":"info","event":"Filling up the DagBag from /opt/airflow/dags/local_data_solution_dag.py","logger":"airflow.models.dagbag.DagBag","filename":"dagbag.py","lineno":593}
{"timestamp":"2026-01-05T15:33:25.031086Z","level":"info","event":"Filling up the DagBag from /opt/airflow/dags/local_data_solution_dag.py","logger":"airflow.models.dagbag.DagBag","filename":"dagbag.py","lineno":593}
{"timestamp":"2026-01-05T15:33:56.114622Z","level":"info","event":"Filling up the DagBag from /opt/airflow/dags/local_data_solution_dag.py","logger":"airflow.models.dagbag.DagBag","filename":"dagbag.py","lineno":593}
{"timestamp":"2026-01-05T15:34:27.611324Z","level":"info","event":"Filling up the DagBag from /opt/airflow/dags/local_data_solution_dag.py","logger":"airflow.models.dagbag.DagBag","filename":"dagbag.py","lineno":593}
{"timestamp":"2026-01-05T15:34:58.632959Z","level":"info","event":"Filling up the DagBag from /opt/airflow/dags/local_data_solution_dag.py","logger":"airflow.models.dagbag.DagBag","filename":"dagbag.py","lineno":593}
{"timestamp":"2026-01-05T15:35:29.944504Z","level":"info","event":"Filling up the DagBag from /opt/airflow/dags/local_data_solution_dag.py","logger":"airflow.models.dagbag.DagBag","filename":"dagbag.py","lineno":593}
{"timestamp":"2026-01-05T15:36:00.563063Z","level":"info","event":"Filling up the DagBag from /opt/airflow/dags/local_data_solution_dag.py","logger":"airflow.models.dagbag.DagBag","filename":"dagbag.py","lineno":593}
{"timestamp":"2026-01-05T15:36:31.108300Z","level":"info","event":"Filling up the DagBag from /opt/airflow/dags/local_data_solution_dag.py","logger":"airflow.models.dagbag.DagBag","filename":"dagbag.py","lineno":593}
{"timestamp":"2026-01-05T15:37:02.342062Z","level":"info","event":"Filling up the DagBag from /opt/airflow/dags/local_data_solution_dag.py","logger":"airflow.models.dagbag.DagBag","filename":"dagbag.py","lineno":593}
{"timestamp":"2026-01-05T15:37:33.409417Z","level":"info","event":"Filling up the DagBag from /opt/airflow/dags/local_data_solution_dag.py","logger":"airflow.models.dagbag.DagBag","filename":"dagbag.py","lineno":593}
{"timestamp":"2026-01-05T15:38:04.737282Z","level":"info","event":"Filling up the DagBag from /opt/airflow/dags/local_data_solution_dag.py","logger":"airflow.models.dagbag.DagBag","filename":"dagbag.py","lineno":593}
{"timestamp":"2026-01-05T15:38:35.866191Z","level":"info","event":"Filling up the DagBag from /opt/airflow/dags/local_data_solution_dag.py","logger":"airflow.models.dagbag.DagBag","filename":"dagbag.py","lineno":593}
{"timestamp":"2026-01-05T15:39:07.090214Z","level":"info","event":"Filling up the DagBag from /opt/airflow/dags/local_data_solution_dag.py","logger":"airflow.models.dagbag.DagBag","filename":"dagbag.py","lineno":593}
{"timestamp":"2026-01-05T15:39:38.154636Z","level":"info","event":"Filling up the DagBag from /opt/airflow/dags/local_data_solution_dag.py","logger":"airflow.models.dagbag.DagBag","filename":"dagbag.py","lineno":593}
{"timestamp":"2026-01-05T15:40:09.282787Z","level":"info","event":"Filling up the DagBag from /opt/airflow/dags/local_data_solution_dag.py","logger":"airflow.models.dagbag.DagBag","filename":"dagbag.py","lineno":593}
{"timestamp":"2026-01-05T15:40:40.546029Z","level":"info","event":"Filling up the DagBag from /opt/airflow/dags/local_data_solution_dag.py","logger":"airflow.models.dagbag.DagBag","filename":"dagbag.py","lineno":593}
{"timestamp":"2026-01-05T15:41:11.130978Z","level":"info","event":"Filling up the DagBag from /opt/airflow/dags/local_data_solution_dag.py","logger":"airflow.models.dagbag.DagBag","filename":"dagbag.py","lineno":593}
{"timestamp":"2026-01-05T15:41:41.630231Z","level":"info","event":"Filling up the DagBag from /opt/airflow/dags/local_data_solution_dag.py","logger":"airflow.models.dagbag.DagBag","filename":"dagbag.py","lineno":593}
{"timestamp":"2026-01-05T15:42:12.184600Z","level":"info","event":"Filling up the DagBag from /opt/airflow/dags/local_data_solution_dag.py","logger":"airflow.models.dagbag.DagBag","filename":"dagbag.py","lineno":593}
{"timestamp":"2026-01-05T15:42:43.177881Z","level":"info","event":"Filling up the DagBag from /opt/airflow/dags/local_data_solution_dag.py","logger":"airflow.models.dagbag.DagBag","filename":"dagbag.py","lineno":593}
{"timestamp":"2026-01-05T15:43:13.971598Z","level":"info","event":"Filling up the DagBag from /opt/airflow/dags/local_data_solution_dag.py","logger":"airflow.models.dagbag.DagBag","filename":"dagbag.py","lineno":593}
{"timestamp":"2026-01-05T15:43:45.127861Z","level":"info","event":"Filling up the DagBag from /opt/airflow/dags/local_data_solution_dag.py","logger":"airflow.models.dagbag.DagBag","filename":"dagbag.py","lineno":593}
{"timestamp":"2026-01-05T15:44:16.382976Z","level":"info","event":"Filling up the DagBag from /opt/airflow/dags/local_data_solution_dag.py","logger":"airflow.models.dagbag.DagBag","filename":"dagbag.py","lineno":593}
{"timestamp":"2026-01-05T15:44:47.968203Z","level":"info","event":"Filling up the DagBag from /opt/airflow/dags/local_data_solution_dag.py","logger":"airflow.models.dagbag.DagBag","filename":"dagbag.py","lineno":593}
{"timestamp":"2026-01-05T15:45:19.653910Z","level":"info","event":"Filling up the DagBag from /opt/airflow/dags/local_data_solution_dag.py","logger":"airflow.models.dagbag.DagBag","filename":"dagbag.py","lineno":593}
{"timestamp":"2026-01-05T15:45:51.274003Z","level":"info","event":"Filling up the DagBag from /opt/airflow/dags/local_data_solution_dag.py","logger":"airflow.models.dagbag.DagBag","filename":"dagbag.py","lineno":593}
{"timestamp":"2026-01-05T15:46:22.655843Z","level":"info","event":"Filling up the DagBag from /opt/airflow/dags/local_data_solution_dag.py","logger":"airflow.models.dagbag.DagBag","filename":"dagbag.py","lineno":593}
{"timestamp":"2026-01-05T15:46:53.291930Z","level":"info","event":"Filling up the DagBag from /opt/airflow/dags/local_data_solution_dag.py","logger":"airflow.models.dagbag.DagBag","filename":"dagbag.py","lineno":593}
{"timestamp":"2026-01-05T15:47:24.184451Z","level":"info","event":"Filling up the DagBag from /opt/airflow/dags/local_data_solution_dag.py","logger":"airflow.models.dagbag.DagBag","filename":"dagbag.py","lineno":593}
{"timestamp":"2026-01-05T15:47:55.425025Z","level":"info","event":"Filling up the DagBag from /opt/airflow/dags/local_data_solution_dag.py","logger":"airflow.models.dagbag.DagBag","filename":"dagbag.py","lineno":593}
{"timestamp":"2026-01-05T15:48:26.300585Z","level":"info","event":"Filling up the DagBag from /opt/airflow/dags/local_data_solution_dag.py","logger":"airflow.models.dagbag.DagBag","filename":"dagbag.py","lineno":593}
{"timestamp":"2026-01-05T15:48:57.405952Z","level":"info","event":"Filling up the DagBag from /opt/airflow/dags/local_data_solution_dag.py","logger":"airflow.models.dagbag.DagBag","filename":"dagbag.py","lineno":593}
{"timestamp":"2026-01-05T15:49:29.097544Z","level":"info","event":"Filling up the DagBag from /opt/airflow/dags/local_data_solution_dag.py","logger":"airflow.models.dagbag.DagBag","filename":"dagbag.py","lineno":593}
{"timestamp":"2026-01-05T15:50:00.015690Z","level":"info","event":"Filling up the DagBag from /opt/airflow/dags/local_data_solution_dag.py","logger":"airflow.models.dagbag.DagBag","filename":"dagbag.py","lineno":593}
{"timestamp":"2026-01-05T15:50:31.109157Z","level":"info","event":"Filling up the DagBag from /opt/airflow/dags/local_data_solution_dag.py","logger":"airflow.models.dagbag.DagBag","filename":"dagbag.py","lineno":593}
{"timestamp":"2026-01-05T15:51:02.400805Z","level":"info","event":"Filling up the DagBag from /opt/airflow/dags/local_data_solution_dag.py","logger":"airflow.models.dagbag.DagBag","filename":"dagbag.py","lineno":593}
{"timestamp":"2026-01-05T15:51:12.053133Z","level":"info","event":"Filling up the DagBag from /opt/airflow/dags/local_data_solution_dag.py","logger":"airflow.models.dagbag.DagBag","filename":"dagbag.py","lineno":593}
{"timestamp":"2026-01-05T15:51:40.668563Z","level":"info","event":"Filling up the DagBag from /opt/airflow/dags/local_data_solution_dag.py","logger":"airflow.models.dagbag.DagBag","filename":"dagbag.py","lineno":593}
{"timestamp":"2026-01-05T15:51:40.811891Z","level":"info","event":"Filling up the DagBag from /opt/airflow/dags/local_data_solution_dag.py","logger":"airflow.models.dagbag.DagBag","filename":"dagbag.py","lineno":593}
{"timestamp":"2026-01-05T15:51:41.433245Z","level":"info","event":"Filling up the DagBag from /opt/airflow/dags/local_data_solution_dag.py","logger":"airflow.models.dagbag.DagBag","filename":"dagbag.py","lineno":593}
{"timestamp":"2026-01-05T15:51:41.494264Z","level":"info","event":"Filling up the DagBag from /opt/airflow/dags/local_data_solution_dag.py","logger":"airflow.models.dagbag.DagBag","filename":"dagbag.py","lineno":593}
{"timestamp":"2026-01-05T15:52:12.553693Z","level":"info","event":"Filling up the DagBag from /opt/airflow/dags/local_data_solution_dag.py","logger":"airflow.models.dagbag.DagBag","filename":"dagbag.py","lineno":593}
{"timestamp":"2026-01-05T15:52:12.691953Z","level":"info","event":"Filling up the DagBag from /opt/airflow/dags/local_data_solution_dag.py","logger":"airflow.models.dagbag.DagBag","filename":"dagbag.py","lineno":593}
{"timestamp":"2026-01-05T15:52:13.270097Z","level":"info","event":"Filling up the DagBag from /opt/airflow/dags/local_data_solution_dag.py","logger":"airflow.models.dagbag.DagBag","filename":"dagbag.py","lineno":593}
{"timestamp":"2026-01-05T15:52:13.337134Z","level":"info","event":"Filling up the DagBag from /opt/airflow/dags/local_data_solution_dag.py","logger":"airflow.models.dagbag.DagBag","filename":"dagbag.py","lineno":593}
{"timestamp":"2026-01-05T15:52:43.985359Z","level":"info","event":"Filling up the DagBag from /opt/airflow/dags/local_data_solution_dag.py","logger":"airflow.models.dagbag.DagBag","filename":"dagbag.py","lineno":593}
