{"timestamp":"2025-10-10T09:02:30.814660Z","level":"info","event":"Filling up the DagBag from /opt/airflow/dags/scrapping_dag.py","logger":"airflow.models.dagbag.DagBag","filename":"dagbag.py","lineno":593}
{"timestamp":"2025-10-10T09:02:32.900392Z","level":"warning","event":"The `airflow.operators.python.PythonOperator` attribute is deprecated. Please use `'airflow.providers.standard.operators.python.PythonOperator'`.","category":"DeprecatedImportWarning","filename":"/opt/airflow/dags/scrapping_dag.py","lineno":17,"logger":"py.warnings"}
{"timestamp":"2025-10-10T09:02:32.900635Z","level":"warning","event":"The `airflow.operators.python.BranchPythonOperator` attribute is deprecated. Please use `'airflow.providers.standard.operators.python.BranchPythonOperator'`.","category":"DeprecatedImportWarning","filename":"/opt/airflow/dags/scrapping_dag.py","lineno":17,"logger":"py.warnings"}
{"timestamp":"2025-10-10T09:03:03.477406Z","level":"info","event":"Filling up the DagBag from /opt/airflow/dags/scrapping_dag.py","logger":"airflow.models.dagbag.DagBag","filename":"dagbag.py","lineno":593}
{"timestamp":"2025-10-10T09:03:03.987917Z","level":"warning","event":"The `airflow.operators.python.PythonOperator` attribute is deprecated. Please use `'airflow.providers.standard.operators.python.PythonOperator'`.","category":"DeprecatedImportWarning","filename":"/opt/airflow/dags/scrapping_dag.py","lineno":17,"logger":"py.warnings"}
{"timestamp":"2025-10-10T09:03:03.988083Z","level":"warning","event":"The `airflow.operators.python.BranchPythonOperator` attribute is deprecated. Please use `'airflow.providers.standard.operators.python.BranchPythonOperator'`.","category":"DeprecatedImportWarning","filename":"/opt/airflow/dags/scrapping_dag.py","lineno":17,"logger":"py.warnings"}
{"timestamp":"2025-10-10T09:03:34.386580Z","level":"info","event":"Filling up the DagBag from /opt/airflow/dags/scrapping_dag.py","logger":"airflow.models.dagbag.DagBag","filename":"dagbag.py","lineno":593}
{"timestamp":"2025-10-10T09:03:34.932137Z","level":"warning","event":"The `airflow.operators.python.PythonOperator` attribute is deprecated. Please use `'airflow.providers.standard.operators.python.PythonOperator'`.","category":"DeprecatedImportWarning","filename":"/opt/airflow/dags/scrapping_dag.py","lineno":17,"logger":"py.warnings"}
{"timestamp":"2025-10-10T09:03:34.932342Z","level":"warning","event":"The `airflow.operators.python.BranchPythonOperator` attribute is deprecated. Please use `'airflow.providers.standard.operators.python.BranchPythonOperator'`.","category":"DeprecatedImportWarning","filename":"/opt/airflow/dags/scrapping_dag.py","lineno":17,"logger":"py.warnings"}
{"timestamp":"2025-10-10T09:04:05.437764Z","level":"info","event":"Filling up the DagBag from /opt/airflow/dags/scrapping_dag.py","logger":"airflow.models.dagbag.DagBag","filename":"dagbag.py","lineno":593}
{"timestamp":"2025-10-10T09:04:06.000829Z","level":"warning","event":"The `airflow.operators.python.PythonOperator` attribute is deprecated. Please use `'airflow.providers.standard.operators.python.PythonOperator'`.","category":"DeprecatedImportWarning","filename":"/opt/airflow/dags/scrapping_dag.py","lineno":17,"logger":"py.warnings"}
{"timestamp":"2025-10-10T09:04:06.001250Z","level":"warning","event":"The `airflow.operators.python.BranchPythonOperator` attribute is deprecated. Please use `'airflow.providers.standard.operators.python.BranchPythonOperator'`.","category":"DeprecatedImportWarning","filename":"/opt/airflow/dags/scrapping_dag.py","lineno":17,"logger":"py.warnings"}
{"timestamp":"2025-10-10T09:04:36.605997Z","level":"info","event":"Filling up the DagBag from /opt/airflow/dags/scrapping_dag.py","logger":"airflow.models.dagbag.DagBag","filename":"dagbag.py","lineno":593}
{"timestamp":"2025-10-10T09:04:37.204860Z","level":"warning","event":"The `airflow.operators.python.PythonOperator` attribute is deprecated. Please use `'airflow.providers.standard.operators.python.PythonOperator'`.","category":"DeprecatedImportWarning","filename":"/opt/airflow/dags/scrapping_dag.py","lineno":17,"logger":"py.warnings"}
{"timestamp":"2025-10-10T09:04:37.205024Z","level":"warning","event":"The `airflow.operators.python.BranchPythonOperator` attribute is deprecated. Please use `'airflow.providers.standard.operators.python.BranchPythonOperator'`.","category":"DeprecatedImportWarning","filename":"/opt/airflow/dags/scrapping_dag.py","lineno":17,"logger":"py.warnings"}
{"timestamp":"2025-10-10T09:05:07.793163Z","level":"info","event":"Filling up the DagBag from /opt/airflow/dags/scrapping_dag.py","logger":"airflow.models.dagbag.DagBag","filename":"dagbag.py","lineno":593}
{"timestamp":"2025-10-10T09:05:08.505231Z","level":"warning","event":"The `airflow.operators.python.PythonOperator` attribute is deprecated. Please use `'airflow.providers.standard.operators.python.PythonOperator'`.","category":"DeprecatedImportWarning","filename":"/opt/airflow/dags/scrapping_dag.py","lineno":17,"logger":"py.warnings"}
{"timestamp":"2025-10-10T09:05:08.505430Z","level":"warning","event":"The `airflow.operators.python.BranchPythonOperator` attribute is deprecated. Please use `'airflow.providers.standard.operators.python.BranchPythonOperator'`.","category":"DeprecatedImportWarning","filename":"/opt/airflow/dags/scrapping_dag.py","lineno":17,"logger":"py.warnings"}
{"timestamp":"2025-10-10T09:05:39.162776Z","level":"info","event":"Filling up the DagBag from /opt/airflow/dags/scrapping_dag.py","logger":"airflow.models.dagbag.DagBag","filename":"dagbag.py","lineno":593}
{"timestamp":"2025-10-10T09:05:39.736704Z","level":"warning","event":"The `airflow.operators.python.PythonOperator` attribute is deprecated. Please use `'airflow.providers.standard.operators.python.PythonOperator'`.","category":"DeprecatedImportWarning","filename":"/opt/airflow/dags/scrapping_dag.py","lineno":17,"logger":"py.warnings"}
{"timestamp":"2025-10-10T09:05:39.736923Z","level":"warning","event":"The `airflow.operators.python.BranchPythonOperator` attribute is deprecated. Please use `'airflow.providers.standard.operators.python.BranchPythonOperator'`.","category":"DeprecatedImportWarning","filename":"/opt/airflow/dags/scrapping_dag.py","lineno":17,"logger":"py.warnings"}
{"timestamp":"2025-10-10T09:06:10.643597Z","level":"info","event":"Filling up the DagBag from /opt/airflow/dags/scrapping_dag.py","logger":"airflow.models.dagbag.DagBag","filename":"dagbag.py","lineno":593}
{"timestamp":"2025-10-10T09:06:11.218771Z","level":"warning","event":"The `airflow.operators.python.PythonOperator` attribute is deprecated. Please use `'airflow.providers.standard.operators.python.PythonOperator'`.","category":"DeprecatedImportWarning","filename":"/opt/airflow/dags/scrapping_dag.py","lineno":17,"logger":"py.warnings"}
{"timestamp":"2025-10-10T09:06:11.218944Z","level":"warning","event":"The `airflow.operators.python.BranchPythonOperator` attribute is deprecated. Please use `'airflow.providers.standard.operators.python.BranchPythonOperator'`.","category":"DeprecatedImportWarning","filename":"/opt/airflow/dags/scrapping_dag.py","lineno":17,"logger":"py.warnings"}
{"timestamp":"2025-10-10T09:06:41.835751Z","level":"info","event":"Filling up the DagBag from /opt/airflow/dags/scrapping_dag.py","logger":"airflow.models.dagbag.DagBag","filename":"dagbag.py","lineno":593}
{"timestamp":"2025-10-10T09:06:42.446145Z","level":"warning","event":"The `airflow.operators.python.PythonOperator` attribute is deprecated. Please use `'airflow.providers.standard.operators.python.PythonOperator'`.","category":"DeprecatedImportWarning","filename":"/opt/airflow/dags/scrapping_dag.py","lineno":17,"logger":"py.warnings"}
{"timestamp":"2025-10-10T09:06:42.446350Z","level":"warning","event":"The `airflow.operators.python.BranchPythonOperator` attribute is deprecated. Please use `'airflow.providers.standard.operators.python.BranchPythonOperator'`.","category":"DeprecatedImportWarning","filename":"/opt/airflow/dags/scrapping_dag.py","lineno":17,"logger":"py.warnings"}
{"timestamp":"2025-10-10T09:08:32.367976Z","level":"info","event":"Filling up the DagBag from /opt/airflow/dags/scrapping_dag.py","logger":"airflow.models.dagbag.DagBag","filename":"dagbag.py","lineno":593}
{"timestamp":"2025-10-10T09:08:33.279531Z","level":"warning","event":"The `airflow.operators.python.PythonOperator` attribute is deprecated. Please use `'airflow.providers.standard.operators.python.PythonOperator'`.","category":"DeprecatedImportWarning","filename":"/opt/airflow/dags/scrapping_dag.py","lineno":17,"logger":"py.warnings"}
{"timestamp":"2025-10-10T09:08:33.279672Z","level":"warning","event":"The `airflow.operators.python.BranchPythonOperator` attribute is deprecated. Please use `'airflow.providers.standard.operators.python.BranchPythonOperator'`.","category":"DeprecatedImportWarning","filename":"/opt/airflow/dags/scrapping_dag.py","lineno":17,"logger":"py.warnings"}
{"timestamp":"2025-10-10T09:09:04.659739Z","level":"info","event":"Filling up the DagBag from /opt/airflow/dags/scrapping_dag.py","logger":"airflow.models.dagbag.DagBag","filename":"dagbag.py","lineno":593}
{"timestamp":"2025-10-10T09:09:05.392211Z","level":"warning","event":"The `airflow.operators.python.PythonOperator` attribute is deprecated. Please use `'airflow.providers.standard.operators.python.PythonOperator'`.","category":"DeprecatedImportWarning","filename":"/opt/airflow/dags/scrapping_dag.py","lineno":17,"logger":"py.warnings"}
{"timestamp":"2025-10-10T09:09:05.392481Z","level":"warning","event":"The `airflow.operators.python.BranchPythonOperator` attribute is deprecated. Please use `'airflow.providers.standard.operators.python.BranchPythonOperator'`.","category":"DeprecatedImportWarning","filename":"/opt/airflow/dags/scrapping_dag.py","lineno":17,"logger":"py.warnings"}
{"timestamp":"2025-10-10T09:09:36.001726Z","level":"info","event":"Filling up the DagBag from /opt/airflow/dags/scrapping_dag.py","logger":"airflow.models.dagbag.DagBag","filename":"dagbag.py","lineno":593}
{"timestamp":"2025-10-10T09:09:36.588761Z","level":"warning","event":"The `airflow.operators.python.PythonOperator` attribute is deprecated. Please use `'airflow.providers.standard.operators.python.PythonOperator'`.","category":"DeprecatedImportWarning","filename":"/opt/airflow/dags/scrapping_dag.py","lineno":17,"logger":"py.warnings"}
{"timestamp":"2025-10-10T09:09:36.588906Z","level":"warning","event":"The `airflow.operators.python.BranchPythonOperator` attribute is deprecated. Please use `'airflow.providers.standard.operators.python.BranchPythonOperator'`.","category":"DeprecatedImportWarning","filename":"/opt/airflow/dags/scrapping_dag.py","lineno":17,"logger":"py.warnings"}
{"timestamp":"2025-10-10T09:10:07.232461Z","level":"info","event":"Filling up the DagBag from /opt/airflow/dags/scrapping_dag.py","logger":"airflow.models.dagbag.DagBag","filename":"dagbag.py","lineno":593}
{"timestamp":"2025-10-10T09:10:07.749562Z","level":"warning","event":"The `airflow.operators.python.PythonOperator` attribute is deprecated. Please use `'airflow.providers.standard.operators.python.PythonOperator'`.","category":"DeprecatedImportWarning","filename":"/opt/airflow/dags/scrapping_dag.py","lineno":17,"logger":"py.warnings"}
{"timestamp":"2025-10-10T09:10:07.749803Z","level":"warning","event":"The `airflow.operators.python.BranchPythonOperator` attribute is deprecated. Please use `'airflow.providers.standard.operators.python.BranchPythonOperator'`.","category":"DeprecatedImportWarning","filename":"/opt/airflow/dags/scrapping_dag.py","lineno":17,"logger":"py.warnings"}
{"timestamp":"2025-10-10T09:10:38.512892Z","level":"info","event":"Filling up the DagBag from /opt/airflow/dags/scrapping_dag.py","logger":"airflow.models.dagbag.DagBag","filename":"dagbag.py","lineno":593}
{"timestamp":"2025-10-10T09:10:39.063065Z","level":"warning","event":"The `airflow.operators.python.PythonOperator` attribute is deprecated. Please use `'airflow.providers.standard.operators.python.PythonOperator'`.","category":"DeprecatedImportWarning","filename":"/opt/airflow/dags/scrapping_dag.py","lineno":17,"logger":"py.warnings"}
{"timestamp":"2025-10-10T09:10:39.063224Z","level":"warning","event":"The `airflow.operators.python.BranchPythonOperator` attribute is deprecated. Please use `'airflow.providers.standard.operators.python.BranchPythonOperator'`.","category":"DeprecatedImportWarning","filename":"/opt/airflow/dags/scrapping_dag.py","lineno":17,"logger":"py.warnings"}
{"timestamp":"2025-10-10T09:11:09.841495Z","level":"info","event":"Filling up the DagBag from /opt/airflow/dags/scrapping_dag.py","logger":"airflow.models.dagbag.DagBag","filename":"dagbag.py","lineno":593}
{"timestamp":"2025-10-10T09:11:10.413059Z","level":"warning","event":"The `airflow.operators.python.PythonOperator` attribute is deprecated. Please use `'airflow.providers.standard.operators.python.PythonOperator'`.","category":"DeprecatedImportWarning","filename":"/opt/airflow/dags/scrapping_dag.py","lineno":17,"logger":"py.warnings"}
{"timestamp":"2025-10-10T09:11:10.413260Z","level":"warning","event":"The `airflow.operators.python.BranchPythonOperator` attribute is deprecated. Please use `'airflow.providers.standard.operators.python.BranchPythonOperator'`.","category":"DeprecatedImportWarning","filename":"/opt/airflow/dags/scrapping_dag.py","lineno":17,"logger":"py.warnings"}
{"timestamp":"2025-10-10T09:11:40.980373Z","level":"info","event":"Filling up the DagBag from /opt/airflow/dags/scrapping_dag.py","logger":"airflow.models.dagbag.DagBag","filename":"dagbag.py","lineno":593}
{"timestamp":"2025-10-10T09:11:41.859310Z","level":"warning","event":"The `airflow.operators.python.PythonOperator` attribute is deprecated. Please use `'airflow.providers.standard.operators.python.PythonOperator'`.","category":"DeprecatedImportWarning","filename":"/opt/airflow/dags/scrapping_dag.py","lineno":17,"logger":"py.warnings"}
{"timestamp":"2025-10-10T09:11:41.859580Z","level":"warning","event":"The `airflow.operators.python.BranchPythonOperator` attribute is deprecated. Please use `'airflow.providers.standard.operators.python.BranchPythonOperator'`.","category":"DeprecatedImportWarning","filename":"/opt/airflow/dags/scrapping_dag.py","lineno":17,"logger":"py.warnings"}
{"timestamp":"2025-10-10T09:12:12.512330Z","level":"info","event":"Filling up the DagBag from /opt/airflow/dags/scrapping_dag.py","logger":"airflow.models.dagbag.DagBag","filename":"dagbag.py","lineno":593}
{"timestamp":"2025-10-10T09:12:13.084085Z","level":"warning","event":"The `airflow.operators.python.PythonOperator` attribute is deprecated. Please use `'airflow.providers.standard.operators.python.PythonOperator'`.","category":"DeprecatedImportWarning","filename":"/opt/airflow/dags/scrapping_dag.py","lineno":17,"logger":"py.warnings"}
{"timestamp":"2025-10-10T09:12:13.084243Z","level":"warning","event":"The `airflow.operators.python.BranchPythonOperator` attribute is deprecated. Please use `'airflow.providers.standard.operators.python.BranchPythonOperator'`.","category":"DeprecatedImportWarning","filename":"/opt/airflow/dags/scrapping_dag.py","lineno":17,"logger":"py.warnings"}
{"timestamp":"2025-10-10T09:12:17.224140Z","level":"info","event":"Filling up the DagBag from /opt/airflow/dags/scrapping_dag.py","logger":"airflow.models.dagbag.DagBag","filename":"dagbag.py","lineno":593}
{"timestamp":"2025-10-10T09:12:17.773909Z","level":"warning","event":"The `airflow.operators.python.PythonOperator` attribute is deprecated. Please use `'airflow.providers.standard.operators.python.PythonOperator'`.","category":"DeprecatedImportWarning","filename":"/opt/airflow/dags/scrapping_dag.py","lineno":17,"logger":"py.warnings"}
{"timestamp":"2025-10-10T09:12:17.774063Z","level":"warning","event":"The `airflow.operators.python.BranchPythonOperator` attribute is deprecated. Please use `'airflow.providers.standard.operators.python.BranchPythonOperator'`.","category":"DeprecatedImportWarning","filename":"/opt/airflow/dags/scrapping_dag.py","lineno":17,"logger":"py.warnings"}
{"timestamp":"2025-10-10T09:12:17.778872Z","level":"info","event":"Executing Task callback at index 0: failure_alert","logger":"task","filename":"processor.py","lineno":350}
{"timestamp":"2025-10-10T09:12:17.779235Z","level":"error","event":"Task FAILED: dag=scrapping_dag task=get_all_scripts run_id=scheduled__2025-10-10T00:00:00+00:00 try=1","logger":"unusual_prefix_44171d55037104e8789f359bff4412a0a2783e9f_scrapping_dag","filename":"scrapping_dag.py","lineno":27}
{"timestamp":"2025-10-10T09:12:17.779433Z","level":"error","event":"None","logger":"unusual_prefix_44171d55037104e8789f359bff4412a0a2783e9f_scrapping_dag","filename":"scrapping_dag.py","lineno":35}
{"timestamp":"2025-10-10T09:12:17.853937Z","level":"info","event":"Filling up the DagBag from /opt/airflow/dags/scrapping_dag.py","logger":"airflow.models.dagbag.DagBag","filename":"dagbag.py","lineno":593}
{"timestamp":"2025-10-10T09:12:18.419309Z","level":"warning","event":"The `airflow.operators.python.PythonOperator` attribute is deprecated. Please use `'airflow.providers.standard.operators.python.PythonOperator'`.","category":"DeprecatedImportWarning","filename":"/opt/airflow/dags/scrapping_dag.py","lineno":17,"logger":"py.warnings"}
{"timestamp":"2025-10-10T09:12:18.419472Z","level":"warning","event":"The `airflow.operators.python.BranchPythonOperator` attribute is deprecated. Please use `'airflow.providers.standard.operators.python.BranchPythonOperator'`.","category":"DeprecatedImportWarning","filename":"/opt/airflow/dags/scrapping_dag.py","lineno":17,"logger":"py.warnings"}
{"timestamp":"2025-10-10T09:12:49.000121Z","level":"info","event":"Filling up the DagBag from /opt/airflow/dags/scrapping_dag.py","logger":"airflow.models.dagbag.DagBag","filename":"dagbag.py","lineno":593}
{"timestamp":"2025-10-10T09:12:49.575302Z","level":"warning","event":"The `airflow.operators.python.PythonOperator` attribute is deprecated. Please use `'airflow.providers.standard.operators.python.PythonOperator'`.","category":"DeprecatedImportWarning","filename":"/opt/airflow/dags/scrapping_dag.py","lineno":17,"logger":"py.warnings"}
{"timestamp":"2025-10-10T09:12:49.575570Z","level":"warning","event":"The `airflow.operators.python.BranchPythonOperator` attribute is deprecated. Please use `'airflow.providers.standard.operators.python.BranchPythonOperator'`.","category":"DeprecatedImportWarning","filename":"/opt/airflow/dags/scrapping_dag.py","lineno":17,"logger":"py.warnings"}
{"timestamp":"2025-10-10T09:12:49.578036Z","level":"info","event":"Executing Task callback at index 0: failure_alert","logger":"task","filename":"processor.py","lineno":350}
{"timestamp":"2025-10-10T09:12:49.578544Z","level":"error","event":"Task FAILED: dag=scrapping_dag task=get_all_scripts run_id=scheduled__2025-10-10T00:00:00+00:00 try=1","logger":"unusual_prefix_44171d55037104e8789f359bff4412a0a2783e9f_scrapping_dag","filename":"scrapping_dag.py","lineno":27}
{"timestamp":"2025-10-10T09:12:49.578776Z","level":"error","event":"None","logger":"unusual_prefix_44171d55037104e8789f359bff4412a0a2783e9f_scrapping_dag","filename":"scrapping_dag.py","lineno":35}
{"timestamp":"2025-10-10T09:12:49.647773Z","level":"info","event":"Filling up the DagBag from /opt/airflow/dags/scrapping_dag.py","logger":"airflow.models.dagbag.DagBag","filename":"dagbag.py","lineno":593}
{"timestamp":"2025-10-10T09:12:50.227878Z","level":"warning","event":"The `airflow.operators.python.PythonOperator` attribute is deprecated. Please use `'airflow.providers.standard.operators.python.PythonOperator'`.","category":"DeprecatedImportWarning","filename":"/opt/airflow/dags/scrapping_dag.py","lineno":17,"logger":"py.warnings"}
{"timestamp":"2025-10-10T09:12:50.228076Z","level":"warning","event":"The `airflow.operators.python.BranchPythonOperator` attribute is deprecated. Please use `'airflow.providers.standard.operators.python.BranchPythonOperator'`.","category":"DeprecatedImportWarning","filename":"/opt/airflow/dags/scrapping_dag.py","lineno":17,"logger":"py.warnings"}
{"timestamp":"2025-10-10T09:13:20.803512Z","level":"info","event":"Filling up the DagBag from /opt/airflow/dags/scrapping_dag.py","logger":"airflow.models.dagbag.DagBag","filename":"dagbag.py","lineno":593}
{"timestamp":"2025-10-10T09:13:21.374380Z","level":"warning","event":"The `airflow.operators.python.PythonOperator` attribute is deprecated. Please use `'airflow.providers.standard.operators.python.PythonOperator'`.","category":"DeprecatedImportWarning","filename":"/opt/airflow/dags/scrapping_dag.py","lineno":17,"logger":"py.warnings"}
{"timestamp":"2025-10-10T09:13:21.374737Z","level":"warning","event":"The `airflow.operators.python.BranchPythonOperator` attribute is deprecated. Please use `'airflow.providers.standard.operators.python.BranchPythonOperator'`.","category":"DeprecatedImportWarning","filename":"/opt/airflow/dags/scrapping_dag.py","lineno":17,"logger":"py.warnings"}
{"timestamp":"2025-10-10T09:13:52.059635Z","level":"info","event":"Filling up the DagBag from /opt/airflow/dags/scrapping_dag.py","logger":"airflow.models.dagbag.DagBag","filename":"dagbag.py","lineno":593}
{"timestamp":"2025-10-10T09:13:52.740639Z","level":"warning","event":"The `airflow.operators.python.PythonOperator` attribute is deprecated. Please use `'airflow.providers.standard.operators.python.PythonOperator'`.","category":"DeprecatedImportWarning","filename":"/opt/airflow/dags/scrapping_dag.py","lineno":17,"logger":"py.warnings"}
{"timestamp":"2025-10-10T09:13:52.740833Z","level":"warning","event":"The `airflow.operators.python.BranchPythonOperator` attribute is deprecated. Please use `'airflow.providers.standard.operators.python.BranchPythonOperator'`.","category":"DeprecatedImportWarning","filename":"/opt/airflow/dags/scrapping_dag.py","lineno":17,"logger":"py.warnings"}
{"timestamp":"2025-10-10T09:14:23.334911Z","level":"info","event":"Filling up the DagBag from /opt/airflow/dags/scrapping_dag.py","logger":"airflow.models.dagbag.DagBag","filename":"dagbag.py","lineno":593}
{"timestamp":"2025-10-10T09:14:24.072071Z","level":"warning","event":"The `airflow.operators.python.PythonOperator` attribute is deprecated. Please use `'airflow.providers.standard.operators.python.PythonOperator'`.","category":"DeprecatedImportWarning","filename":"/opt/airflow/dags/scrapping_dag.py","lineno":17,"logger":"py.warnings"}
{"timestamp":"2025-10-10T09:14:24.072238Z","level":"warning","event":"The `airflow.operators.python.BranchPythonOperator` attribute is deprecated. Please use `'airflow.providers.standard.operators.python.BranchPythonOperator'`.","category":"DeprecatedImportWarning","filename":"/opt/airflow/dags/scrapping_dag.py","lineno":17,"logger":"py.warnings"}
{"timestamp":"2025-10-10T09:14:54.659751Z","level":"info","event":"Filling up the DagBag from /opt/airflow/dags/scrapping_dag.py","logger":"airflow.models.dagbag.DagBag","filename":"dagbag.py","lineno":593}
{"timestamp":"2025-10-10T09:14:55.319456Z","level":"warning","event":"The `airflow.operators.python.PythonOperator` attribute is deprecated. Please use `'airflow.providers.standard.operators.python.PythonOperator'`.","category":"DeprecatedImportWarning","filename":"/opt/airflow/dags/scrapping_dag.py","lineno":17,"logger":"py.warnings"}
{"timestamp":"2025-10-10T09:14:55.319711Z","level":"warning","event":"The `airflow.operators.python.BranchPythonOperator` attribute is deprecated. Please use `'airflow.providers.standard.operators.python.BranchPythonOperator'`.","category":"DeprecatedImportWarning","filename":"/opt/airflow/dags/scrapping_dag.py","lineno":17,"logger":"py.warnings"}
{"timestamp":"2025-10-10T09:15:26.046500Z","level":"info","event":"Filling up the DagBag from /opt/airflow/dags/scrapping_dag.py","logger":"airflow.models.dagbag.DagBag","filename":"dagbag.py","lineno":593}
{"timestamp":"2025-10-10T09:15:26.596181Z","level":"warning","event":"The `airflow.operators.python.PythonOperator` attribute is deprecated. Please use `'airflow.providers.standard.operators.python.PythonOperator'`.","category":"DeprecatedImportWarning","filename":"/opt/airflow/dags/scrapping_dag.py","lineno":17,"logger":"py.warnings"}
{"timestamp":"2025-10-10T09:15:26.596411Z","level":"warning","event":"The `airflow.operators.python.BranchPythonOperator` attribute is deprecated. Please use `'airflow.providers.standard.operators.python.BranchPythonOperator'`.","category":"DeprecatedImportWarning","filename":"/opt/airflow/dags/scrapping_dag.py","lineno":17,"logger":"py.warnings"}
{"timestamp":"2025-10-10T09:15:57.251802Z","level":"info","event":"Filling up the DagBag from /opt/airflow/dags/scrapping_dag.py","logger":"airflow.models.dagbag.DagBag","filename":"dagbag.py","lineno":593}
{"timestamp":"2025-10-10T09:15:57.829381Z","level":"warning","event":"The `airflow.operators.python.PythonOperator` attribute is deprecated. Please use `'airflow.providers.standard.operators.python.PythonOperator'`.","category":"DeprecatedImportWarning","filename":"/opt/airflow/dags/scrapping_dag.py","lineno":17,"logger":"py.warnings"}
{"timestamp":"2025-10-10T09:15:57.829551Z","level":"warning","event":"The `airflow.operators.python.BranchPythonOperator` attribute is deprecated. Please use `'airflow.providers.standard.operators.python.BranchPythonOperator'`.","category":"DeprecatedImportWarning","filename":"/opt/airflow/dags/scrapping_dag.py","lineno":17,"logger":"py.warnings"}
{"timestamp":"2025-10-10T09:17:38.463982Z","level":"info","event":"Filling up the DagBag from /opt/airflow/dags/scrapping_dag.py","logger":"airflow.models.dagbag.DagBag","filename":"dagbag.py","lineno":593}
{"timestamp":"2025-10-10T09:17:39.775904Z","level":"warning","event":"The `airflow.operators.python.PythonOperator` attribute is deprecated. Please use `'airflow.providers.standard.operators.python.PythonOperator'`.","category":"DeprecatedImportWarning","filename":"/opt/airflow/dags/scrapping_dag.py","lineno":17,"logger":"py.warnings"}
{"timestamp":"2025-10-10T09:17:39.776093Z","level":"warning","event":"The `airflow.operators.python.BranchPythonOperator` attribute is deprecated. Please use `'airflow.providers.standard.operators.python.BranchPythonOperator'`.","category":"DeprecatedImportWarning","filename":"/opt/airflow/dags/scrapping_dag.py","lineno":17,"logger":"py.warnings"}
{"timestamp":"2025-10-10T09:18:11.182883Z","level":"info","event":"Filling up the DagBag from /opt/airflow/dags/scrapping_dag.py","logger":"airflow.models.dagbag.DagBag","filename":"dagbag.py","lineno":593}
{"timestamp":"2025-10-10T09:18:11.992427Z","level":"warning","event":"The `airflow.operators.python.PythonOperator` attribute is deprecated. Please use `'airflow.providers.standard.operators.python.PythonOperator'`.","category":"DeprecatedImportWarning","filename":"/opt/airflow/dags/scrapping_dag.py","lineno":17,"logger":"py.warnings"}
{"timestamp":"2025-10-10T09:18:11.992846Z","level":"warning","event":"The `airflow.operators.python.BranchPythonOperator` attribute is deprecated. Please use `'airflow.providers.standard.operators.python.BranchPythonOperator'`.","category":"DeprecatedImportWarning","filename":"/opt/airflow/dags/scrapping_dag.py","lineno":17,"logger":"py.warnings"}
{"timestamp":"2025-10-10T09:18:42.574371Z","level":"info","event":"Filling up the DagBag from /opt/airflow/dags/scrapping_dag.py","logger":"airflow.models.dagbag.DagBag","filename":"dagbag.py","lineno":593}
{"timestamp":"2025-10-10T09:18:43.144329Z","level":"warning","event":"The `airflow.operators.python.PythonOperator` attribute is deprecated. Please use `'airflow.providers.standard.operators.python.PythonOperator'`.","category":"DeprecatedImportWarning","filename":"/opt/airflow/dags/scrapping_dag.py","lineno":17,"logger":"py.warnings"}
{"timestamp":"2025-10-10T09:18:43.144512Z","level":"warning","event":"The `airflow.operators.python.BranchPythonOperator` attribute is deprecated. Please use `'airflow.providers.standard.operators.python.BranchPythonOperator'`.","category":"DeprecatedImportWarning","filename":"/opt/airflow/dags/scrapping_dag.py","lineno":17,"logger":"py.warnings"}
{"timestamp":"2025-10-10T09:19:13.743944Z","level":"info","event":"Filling up the DagBag from /opt/airflow/dags/scrapping_dag.py","logger":"airflow.models.dagbag.DagBag","filename":"dagbag.py","lineno":593}
{"timestamp":"2025-10-10T09:19:14.328953Z","level":"warning","event":"The `airflow.operators.python.PythonOperator` attribute is deprecated. Please use `'airflow.providers.standard.operators.python.PythonOperator'`.","category":"DeprecatedImportWarning","filename":"/opt/airflow/dags/scrapping_dag.py","lineno":17,"logger":"py.warnings"}
{"timestamp":"2025-10-10T09:19:14.329167Z","level":"warning","event":"The `airflow.operators.python.BranchPythonOperator` attribute is deprecated. Please use `'airflow.providers.standard.operators.python.BranchPythonOperator'`.","category":"DeprecatedImportWarning","filename":"/opt/airflow/dags/scrapping_dag.py","lineno":17,"logger":"py.warnings"}
{"timestamp":"2025-10-10T09:19:44.926599Z","level":"info","event":"Filling up the DagBag from /opt/airflow/dags/scrapping_dag.py","logger":"airflow.models.dagbag.DagBag","filename":"dagbag.py","lineno":593}
{"timestamp":"2025-10-10T09:19:45.486527Z","level":"warning","event":"The `airflow.operators.python.PythonOperator` attribute is deprecated. Please use `'airflow.providers.standard.operators.python.PythonOperator'`.","category":"DeprecatedImportWarning","filename":"/opt/airflow/dags/scrapping_dag.py","lineno":17,"logger":"py.warnings"}
{"timestamp":"2025-10-10T09:19:45.486712Z","level":"warning","event":"The `airflow.operators.python.BranchPythonOperator` attribute is deprecated. Please use `'airflow.providers.standard.operators.python.BranchPythonOperator'`.","category":"DeprecatedImportWarning","filename":"/opt/airflow/dags/scrapping_dag.py","lineno":17,"logger":"py.warnings"}
{"timestamp":"2025-10-10T09:20:16.145077Z","level":"info","event":"Filling up the DagBag from /opt/airflow/dags/scrapping_dag.py","logger":"airflow.models.dagbag.DagBag","filename":"dagbag.py","lineno":593}
{"timestamp":"2025-10-10T09:20:16.767485Z","level":"warning","event":"The `airflow.operators.python.PythonOperator` attribute is deprecated. Please use `'airflow.providers.standard.operators.python.PythonOperator'`.","category":"DeprecatedImportWarning","filename":"/opt/airflow/dags/scrapping_dag.py","lineno":17,"logger":"py.warnings"}
{"timestamp":"2025-10-10T09:20:16.767656Z","level":"warning","event":"The `airflow.operators.python.BranchPythonOperator` attribute is deprecated. Please use `'airflow.providers.standard.operators.python.BranchPythonOperator'`.","category":"DeprecatedImportWarning","filename":"/opt/airflow/dags/scrapping_dag.py","lineno":17,"logger":"py.warnings"}
{"timestamp":"2025-10-10T09:20:47.410906Z","level":"info","event":"Filling up the DagBag from /opt/airflow/dags/scrapping_dag.py","logger":"airflow.models.dagbag.DagBag","filename":"dagbag.py","lineno":593}
{"timestamp":"2025-10-10T09:20:47.967233Z","level":"warning","event":"The `airflow.operators.python.PythonOperator` attribute is deprecated. Please use `'airflow.providers.standard.operators.python.PythonOperator'`.","category":"DeprecatedImportWarning","filename":"/opt/airflow/dags/scrapping_dag.py","lineno":17,"logger":"py.warnings"}
{"timestamp":"2025-10-10T09:20:47.967412Z","level":"warning","event":"The `airflow.operators.python.BranchPythonOperator` attribute is deprecated. Please use `'airflow.providers.standard.operators.python.BranchPythonOperator'`.","category":"DeprecatedImportWarning","filename":"/opt/airflow/dags/scrapping_dag.py","lineno":17,"logger":"py.warnings"}
{"timestamp":"2025-10-10T09:21:18.555676Z","level":"info","event":"Filling up the DagBag from /opt/airflow/dags/scrapping_dag.py","logger":"airflow.models.dagbag.DagBag","filename":"dagbag.py","lineno":593}
{"timestamp":"2025-10-10T09:21:19.343690Z","level":"warning","event":"The `airflow.operators.python.PythonOperator` attribute is deprecated. Please use `'airflow.providers.standard.operators.python.PythonOperator'`.","category":"DeprecatedImportWarning","filename":"/opt/airflow/dags/scrapping_dag.py","lineno":17,"logger":"py.warnings"}
{"timestamp":"2025-10-10T09:21:19.343962Z","level":"warning","event":"The `airflow.operators.python.BranchPythonOperator` attribute is deprecated. Please use `'airflow.providers.standard.operators.python.BranchPythonOperator'`.","category":"DeprecatedImportWarning","filename":"/opt/airflow/dags/scrapping_dag.py","lineno":17,"logger":"py.warnings"}
{"timestamp":"2025-10-10T09:21:49.964186Z","level":"info","event":"Filling up the DagBag from /opt/airflow/dags/scrapping_dag.py","logger":"airflow.models.dagbag.DagBag","filename":"dagbag.py","lineno":593}
{"timestamp":"2025-10-10T09:21:50.573717Z","level":"warning","event":"The `airflow.operators.python.PythonOperator` attribute is deprecated. Please use `'airflow.providers.standard.operators.python.PythonOperator'`.","category":"DeprecatedImportWarning","filename":"/opt/airflow/dags/scrapping_dag.py","lineno":17,"logger":"py.warnings"}
{"timestamp":"2025-10-10T09:21:50.573867Z","level":"warning","event":"The `airflow.operators.python.BranchPythonOperator` attribute is deprecated. Please use `'airflow.providers.standard.operators.python.BranchPythonOperator'`.","category":"DeprecatedImportWarning","filename":"/opt/airflow/dags/scrapping_dag.py","lineno":17,"logger":"py.warnings"}
{"timestamp":"2025-10-10T09:22:21.227867Z","level":"info","event":"Filling up the DagBag from /opt/airflow/dags/scrapping_dag.py","logger":"airflow.models.dagbag.DagBag","filename":"dagbag.py","lineno":593}
{"timestamp":"2025-10-10T09:22:21.772150Z","level":"warning","event":"The `airflow.operators.python.PythonOperator` attribute is deprecated. Please use `'airflow.providers.standard.operators.python.PythonOperator'`.","category":"DeprecatedImportWarning","filename":"/opt/airflow/dags/scrapping_dag.py","lineno":17,"logger":"py.warnings"}
{"timestamp":"2025-10-10T09:22:21.772310Z","level":"warning","event":"The `airflow.operators.python.BranchPythonOperator` attribute is deprecated. Please use `'airflow.providers.standard.operators.python.BranchPythonOperator'`.","category":"DeprecatedImportWarning","filename":"/opt/airflow/dags/scrapping_dag.py","lineno":17,"logger":"py.warnings"}
{"timestamp":"2025-10-10T09:29:21.069274Z","level":"info","event":"Filling up the DagBag from /opt/airflow/dags/scrapping_dag.py","logger":"airflow.models.dagbag.DagBag","filename":"dagbag.py","lineno":593}
{"timestamp":"2025-10-10T09:29:22.248927Z","level":"warning","event":"The `airflow.operators.python.PythonOperator` attribute is deprecated. Please use `'airflow.providers.standard.operators.python.PythonOperator'`.","category":"DeprecatedImportWarning","filename":"/opt/airflow/dags/scrapping_dag.py","lineno":17,"logger":"py.warnings"}
{"timestamp":"2025-10-10T09:29:22.249112Z","level":"warning","event":"The `airflow.operators.python.BranchPythonOperator` attribute is deprecated. Please use `'airflow.providers.standard.operators.python.BranchPythonOperator'`.","category":"DeprecatedImportWarning","filename":"/opt/airflow/dags/scrapping_dag.py","lineno":17,"logger":"py.warnings"}
{"timestamp":"2025-10-10T09:29:35.261836Z","level":"info","event":"Filling up the DagBag from /opt/airflow/dags/scrapping_dag.py","logger":"airflow.models.dagbag.DagBag","filename":"dagbag.py","lineno":593}
{"timestamp":"2025-10-10T09:29:35.824584Z","level":"warning","event":"The `airflow.operators.python.PythonOperator` attribute is deprecated. Please use `'airflow.providers.standard.operators.python.PythonOperator'`.","category":"DeprecatedImportWarning","filename":"/opt/airflow/dags/scrapping_dag.py","lineno":17,"logger":"py.warnings"}
{"timestamp":"2025-10-10T09:29:35.824812Z","level":"warning","event":"The `airflow.operators.python.BranchPythonOperator` attribute is deprecated. Please use `'airflow.providers.standard.operators.python.BranchPythonOperator'`.","category":"DeprecatedImportWarning","filename":"/opt/airflow/dags/scrapping_dag.py","lineno":17,"logger":"py.warnings"}
{"timestamp":"2025-10-10T09:29:35.827330Z","level":"info","event":"Executing Task callback at index 0: failure_alert","logger":"task","filename":"processor.py","lineno":350}
{"timestamp":"2025-10-10T09:29:35.827630Z","level":"error","event":"Task FAILED: dag=scrapping_dag task=get_all_scripts run_id=scheduled__2025-10-10T00:00:00+00:00 try=2","logger":"unusual_prefix_44171d55037104e8789f359bff4412a0a2783e9f_scrapping_dag","filename":"scrapping_dag.py","lineno":27}
{"timestamp":"2025-10-10T09:29:35.827770Z","level":"error","event":"None","logger":"unusual_prefix_44171d55037104e8789f359bff4412a0a2783e9f_scrapping_dag","filename":"scrapping_dag.py","lineno":35}
{"timestamp":"2025-10-10T09:29:35.902424Z","level":"info","event":"Filling up the DagBag from /opt/airflow/dags/scrapping_dag.py","logger":"airflow.models.dagbag.DagBag","filename":"dagbag.py","lineno":593}
{"timestamp":"2025-10-10T09:29:36.576248Z","level":"warning","event":"The `airflow.operators.python.PythonOperator` attribute is deprecated. Please use `'airflow.providers.standard.operators.python.PythonOperator'`.","category":"DeprecatedImportWarning","filename":"/opt/airflow/dags/scrapping_dag.py","lineno":17,"logger":"py.warnings"}
{"timestamp":"2025-10-10T09:29:36.576392Z","level":"warning","event":"The `airflow.operators.python.BranchPythonOperator` attribute is deprecated. Please use `'airflow.providers.standard.operators.python.BranchPythonOperator'`.","category":"DeprecatedImportWarning","filename":"/opt/airflow/dags/scrapping_dag.py","lineno":17,"logger":"py.warnings"}
{"timestamp":"2025-10-10T09:29:36.577910Z","level":"info","event":"Executing Task callback at index 0: failure_alert","logger":"task","filename":"processor.py","lineno":350}
{"timestamp":"2025-10-10T09:29:36.578141Z","level":"error","event":"Task FAILED: dag=scrapping_dag task=get_all_scripts run_id=scheduled__2025-10-10T00:00:00+00:00 try=2","logger":"unusual_prefix_44171d55037104e8789f359bff4412a0a2783e9f_scrapping_dag","filename":"scrapping_dag.py","lineno":27}
{"timestamp":"2025-10-10T09:29:36.578441Z","level":"error","event":"None","logger":"unusual_prefix_44171d55037104e8789f359bff4412a0a2783e9f_scrapping_dag","filename":"scrapping_dag.py","lineno":35}
{"timestamp":"2025-10-10T09:29:36.651327Z","level":"info","event":"Filling up the DagBag from /opt/airflow/dags/scrapping_dag.py","logger":"airflow.models.dagbag.DagBag","filename":"dagbag.py","lineno":593}
{"timestamp":"2025-10-10T09:29:37.232523Z","level":"warning","event":"The `airflow.operators.python.PythonOperator` attribute is deprecated. Please use `'airflow.providers.standard.operators.python.PythonOperator'`.","category":"DeprecatedImportWarning","filename":"/opt/airflow/dags/scrapping_dag.py","lineno":17,"logger":"py.warnings"}
{"timestamp":"2025-10-10T09:29:37.232741Z","level":"warning","event":"The `airflow.operators.python.BranchPythonOperator` attribute is deprecated. Please use `'airflow.providers.standard.operators.python.BranchPythonOperator'`.","category":"DeprecatedImportWarning","filename":"/opt/airflow/dags/scrapping_dag.py","lineno":17,"logger":"py.warnings"}
{"timestamp":"2025-10-10T09:30:07.730008Z","level":"info","event":"Filling up the DagBag from /opt/airflow/dags/scrapping_dag.py","logger":"airflow.models.dagbag.DagBag","filename":"dagbag.py","lineno":593}
{"timestamp":"2025-10-10T09:30:08.263093Z","level":"warning","event":"The `airflow.operators.python.PythonOperator` attribute is deprecated. Please use `'airflow.providers.standard.operators.python.PythonOperator'`.","category":"DeprecatedImportWarning","filename":"/opt/airflow/dags/scrapping_dag.py","lineno":17,"logger":"py.warnings"}
{"timestamp":"2025-10-10T09:30:08.263306Z","level":"warning","event":"The `airflow.operators.python.BranchPythonOperator` attribute is deprecated. Please use `'airflow.providers.standard.operators.python.BranchPythonOperator'`.","category":"DeprecatedImportWarning","filename":"/opt/airflow/dags/scrapping_dag.py","lineno":17,"logger":"py.warnings"}
{"timestamp":"2025-10-10T09:30:38.916570Z","level":"info","event":"Filling up the DagBag from /opt/airflow/dags/scrapping_dag.py","logger":"airflow.models.dagbag.DagBag","filename":"dagbag.py","lineno":593}
{"timestamp":"2025-10-10T09:30:39.507592Z","level":"warning","event":"The `airflow.operators.python.PythonOperator` attribute is deprecated. Please use `'airflow.providers.standard.operators.python.PythonOperator'`.","category":"DeprecatedImportWarning","filename":"/opt/airflow/dags/scrapping_dag.py","lineno":17,"logger":"py.warnings"}
{"timestamp":"2025-10-10T09:30:39.507782Z","level":"warning","event":"The `airflow.operators.python.BranchPythonOperator` attribute is deprecated. Please use `'airflow.providers.standard.operators.python.BranchPythonOperator'`.","category":"DeprecatedImportWarning","filename":"/opt/airflow/dags/scrapping_dag.py","lineno":17,"logger":"py.warnings"}
{"timestamp":"2025-10-10T09:31:10.231282Z","level":"info","event":"Filling up the DagBag from /opt/airflow/dags/scrapping_dag.py","logger":"airflow.models.dagbag.DagBag","filename":"dagbag.py","lineno":593}
{"timestamp":"2025-10-10T09:31:10.825420Z","level":"warning","event":"The `airflow.operators.python.PythonOperator` attribute is deprecated. Please use `'airflow.providers.standard.operators.python.PythonOperator'`.","category":"DeprecatedImportWarning","filename":"/opt/airflow/dags/scrapping_dag.py","lineno":17,"logger":"py.warnings"}
{"timestamp":"2025-10-10T09:31:10.825780Z","level":"warning","event":"The `airflow.operators.python.BranchPythonOperator` attribute is deprecated. Please use `'airflow.providers.standard.operators.python.BranchPythonOperator'`.","category":"DeprecatedImportWarning","filename":"/opt/airflow/dags/scrapping_dag.py","lineno":17,"logger":"py.warnings"}
{"timestamp":"2025-10-10T09:31:41.506373Z","level":"info","event":"Filling up the DagBag from /opt/airflow/dags/scrapping_dag.py","logger":"airflow.models.dagbag.DagBag","filename":"dagbag.py","lineno":593}
{"timestamp":"2025-10-10T09:31:42.249710Z","level":"warning","event":"The `airflow.operators.python.PythonOperator` attribute is deprecated. Please use `'airflow.providers.standard.operators.python.PythonOperator'`.","category":"DeprecatedImportWarning","filename":"/opt/airflow/dags/scrapping_dag.py","lineno":17,"logger":"py.warnings"}
{"timestamp":"2025-10-10T09:31:42.249864Z","level":"warning","event":"The `airflow.operators.python.BranchPythonOperator` attribute is deprecated. Please use `'airflow.providers.standard.operators.python.BranchPythonOperator'`.","category":"DeprecatedImportWarning","filename":"/opt/airflow/dags/scrapping_dag.py","lineno":17,"logger":"py.warnings"}
{"timestamp":"2025-10-10T09:32:13.078241Z","level":"info","event":"Filling up the DagBag from /opt/airflow/dags/scrapping_dag.py","logger":"airflow.models.dagbag.DagBag","filename":"dagbag.py","lineno":593}
{"timestamp":"2025-10-10T09:32:13.746510Z","level":"warning","event":"The `airflow.operators.python.PythonOperator` attribute is deprecated. Please use `'airflow.providers.standard.operators.python.PythonOperator'`.","category":"DeprecatedImportWarning","filename":"/opt/airflow/dags/scrapping_dag.py","lineno":17,"logger":"py.warnings"}
{"timestamp":"2025-10-10T09:32:13.746722Z","level":"warning","event":"The `airflow.operators.python.BranchPythonOperator` attribute is deprecated. Please use `'airflow.providers.standard.operators.python.BranchPythonOperator'`.","category":"DeprecatedImportWarning","filename":"/opt/airflow/dags/scrapping_dag.py","lineno":17,"logger":"py.warnings"}
{"timestamp":"2025-10-10T09:34:01.099907Z","level":"info","event":"Filling up the DagBag from /opt/airflow/dags/scrapping_dag.py","logger":"airflow.models.dagbag.DagBag","filename":"dagbag.py","lineno":593}
{"timestamp":"2025-10-10T09:34:02.019186Z","level":"warning","event":"The `airflow.operators.python.PythonOperator` attribute is deprecated. Please use `'airflow.providers.standard.operators.python.PythonOperator'`.","category":"DeprecatedImportWarning","filename":"/opt/airflow/dags/scrapping_dag.py","lineno":17,"logger":"py.warnings"}
{"timestamp":"2025-10-10T09:34:02.019396Z","level":"warning","event":"The `airflow.operators.python.BranchPythonOperator` attribute is deprecated. Please use `'airflow.providers.standard.operators.python.BranchPythonOperator'`.","category":"DeprecatedImportWarning","filename":"/opt/airflow/dags/scrapping_dag.py","lineno":17,"logger":"py.warnings"}
{"timestamp":"2025-10-10T09:34:33.624969Z","level":"info","event":"Filling up the DagBag from /opt/airflow/dags/scrapping_dag.py","logger":"airflow.models.dagbag.DagBag","filename":"dagbag.py","lineno":593}
{"timestamp":"2025-10-10T09:34:34.212321Z","level":"warning","event":"The `airflow.operators.python.PythonOperator` attribute is deprecated. Please use `'airflow.providers.standard.operators.python.PythonOperator'`.","category":"DeprecatedImportWarning","filename":"/opt/airflow/dags/scrapping_dag.py","lineno":17,"logger":"py.warnings"}
{"timestamp":"2025-10-10T09:34:34.212492Z","level":"warning","event":"The `airflow.operators.python.BranchPythonOperator` attribute is deprecated. Please use `'airflow.providers.standard.operators.python.BranchPythonOperator'`.","category":"DeprecatedImportWarning","filename":"/opt/airflow/dags/scrapping_dag.py","lineno":17,"logger":"py.warnings"}
{"timestamp":"2025-10-10T09:35:04.906242Z","level":"info","event":"Filling up the DagBag from /opt/airflow/dags/scrapping_dag.py","logger":"airflow.models.dagbag.DagBag","filename":"dagbag.py","lineno":593}
{"timestamp":"2025-10-10T09:35:05.474388Z","level":"warning","event":"The `airflow.operators.python.PythonOperator` attribute is deprecated. Please use `'airflow.providers.standard.operators.python.PythonOperator'`.","category":"DeprecatedImportWarning","filename":"/opt/airflow/dags/scrapping_dag.py","lineno":17,"logger":"py.warnings"}
{"timestamp":"2025-10-10T09:35:05.474546Z","level":"warning","event":"The `airflow.operators.python.BranchPythonOperator` attribute is deprecated. Please use `'airflow.providers.standard.operators.python.BranchPythonOperator'`.","category":"DeprecatedImportWarning","filename":"/opt/airflow/dags/scrapping_dag.py","lineno":17,"logger":"py.warnings"}
{"timestamp":"2025-10-10T09:35:36.125707Z","level":"info","event":"Filling up the DagBag from /opt/airflow/dags/scrapping_dag.py","logger":"airflow.models.dagbag.DagBag","filename":"dagbag.py","lineno":593}
{"timestamp":"2025-10-10T09:35:36.732698Z","level":"warning","event":"The `airflow.operators.python.PythonOperator` attribute is deprecated. Please use `'airflow.providers.standard.operators.python.PythonOperator'`.","category":"DeprecatedImportWarning","filename":"/opt/airflow/dags/scrapping_dag.py","lineno":17,"logger":"py.warnings"}
{"timestamp":"2025-10-10T09:35:36.732858Z","level":"warning","event":"The `airflow.operators.python.BranchPythonOperator` attribute is deprecated. Please use `'airflow.providers.standard.operators.python.BranchPythonOperator'`.","category":"DeprecatedImportWarning","filename":"/opt/airflow/dags/scrapping_dag.py","lineno":17,"logger":"py.warnings"}
{"timestamp":"2025-10-10T09:36:07.363367Z","level":"info","event":"Filling up the DagBag from /opt/airflow/dags/scrapping_dag.py","logger":"airflow.models.dagbag.DagBag","filename":"dagbag.py","lineno":593}
{"timestamp":"2025-10-10T09:36:07.952397Z","level":"warning","event":"The `airflow.operators.python.PythonOperator` attribute is deprecated. Please use `'airflow.providers.standard.operators.python.PythonOperator'`.","category":"DeprecatedImportWarning","filename":"/opt/airflow/dags/scrapping_dag.py","lineno":17,"logger":"py.warnings"}
{"timestamp":"2025-10-10T09:36:07.952588Z","level":"warning","event":"The `airflow.operators.python.BranchPythonOperator` attribute is deprecated. Please use `'airflow.providers.standard.operators.python.BranchPythonOperator'`.","category":"DeprecatedImportWarning","filename":"/opt/airflow/dags/scrapping_dag.py","lineno":17,"logger":"py.warnings"}
{"timestamp":"2025-10-10T09:36:38.586525Z","level":"info","event":"Filling up the DagBag from /opt/airflow/dags/scrapping_dag.py","logger":"airflow.models.dagbag.DagBag","filename":"dagbag.py","lineno":593}
{"timestamp":"2025-10-10T09:36:39.151255Z","level":"warning","event":"The `airflow.operators.python.PythonOperator` attribute is deprecated. Please use `'airflow.providers.standard.operators.python.PythonOperator'`.","category":"DeprecatedImportWarning","filename":"/opt/airflow/dags/scrapping_dag.py","lineno":17,"logger":"py.warnings"}
{"timestamp":"2025-10-10T09:36:39.151508Z","level":"warning","event":"The `airflow.operators.python.BranchPythonOperator` attribute is deprecated. Please use `'airflow.providers.standard.operators.python.BranchPythonOperator'`.","category":"DeprecatedImportWarning","filename":"/opt/airflow/dags/scrapping_dag.py","lineno":17,"logger":"py.warnings"}
{"timestamp":"2025-10-10T09:37:09.925992Z","level":"info","event":"Filling up the DagBag from /opt/airflow/dags/scrapping_dag.py","logger":"airflow.models.dagbag.DagBag","filename":"dagbag.py","lineno":593}
{"timestamp":"2025-10-10T09:37:10.457122Z","level":"warning","event":"The `airflow.operators.python.PythonOperator` attribute is deprecated. Please use `'airflow.providers.standard.operators.python.PythonOperator'`.","category":"DeprecatedImportWarning","filename":"/opt/airflow/dags/scrapping_dag.py","lineno":17,"logger":"py.warnings"}
{"timestamp":"2025-10-10T09:37:10.457271Z","level":"warning","event":"The `airflow.operators.python.BranchPythonOperator` attribute is deprecated. Please use `'airflow.providers.standard.operators.python.BranchPythonOperator'`.","category":"DeprecatedImportWarning","filename":"/opt/airflow/dags/scrapping_dag.py","lineno":17,"logger":"py.warnings"}
{"timestamp":"2025-10-10T09:37:41.146024Z","level":"info","event":"Filling up the DagBag from /opt/airflow/dags/scrapping_dag.py","logger":"airflow.models.dagbag.DagBag","filename":"dagbag.py","lineno":593}
{"timestamp":"2025-10-10T09:37:41.689498Z","level":"warning","event":"The `airflow.operators.python.PythonOperator` attribute is deprecated. Please use `'airflow.providers.standard.operators.python.PythonOperator'`.","category":"DeprecatedImportWarning","filename":"/opt/airflow/dags/scrapping_dag.py","lineno":17,"logger":"py.warnings"}
{"timestamp":"2025-10-10T09:37:41.689665Z","level":"warning","event":"The `airflow.operators.python.BranchPythonOperator` attribute is deprecated. Please use `'airflow.providers.standard.operators.python.BranchPythonOperator'`.","category":"DeprecatedImportWarning","filename":"/opt/airflow/dags/scrapping_dag.py","lineno":17,"logger":"py.warnings"}
{"timestamp":"2025-10-10T09:38:12.461253Z","level":"info","event":"Filling up the DagBag from /opt/airflow/dags/scrapping_dag.py","logger":"airflow.models.dagbag.DagBag","filename":"dagbag.py","lineno":593}
{"timestamp":"2025-10-10T09:38:13.248785Z","level":"warning","event":"The `airflow.operators.python.PythonOperator` attribute is deprecated. Please use `'airflow.providers.standard.operators.python.PythonOperator'`.","category":"DeprecatedImportWarning","filename":"/opt/airflow/dags/scrapping_dag.py","lineno":17,"logger":"py.warnings"}
{"timestamp":"2025-10-10T09:38:13.248945Z","level":"warning","event":"The `airflow.operators.python.BranchPythonOperator` attribute is deprecated. Please use `'airflow.providers.standard.operators.python.BranchPythonOperator'`.","category":"DeprecatedImportWarning","filename":"/opt/airflow/dags/scrapping_dag.py","lineno":17,"logger":"py.warnings"}
{"timestamp":"2025-10-10T09:38:43.886438Z","level":"info","event":"Filling up the DagBag from /opt/airflow/dags/scrapping_dag.py","logger":"airflow.models.dagbag.DagBag","filename":"dagbag.py","lineno":593}
{"timestamp":"2025-10-10T09:38:44.447782Z","level":"warning","event":"The `airflow.operators.python.PythonOperator` attribute is deprecated. Please use `'airflow.providers.standard.operators.python.PythonOperator'`.","category":"DeprecatedImportWarning","filename":"/opt/airflow/dags/scrapping_dag.py","lineno":17,"logger":"py.warnings"}
{"timestamp":"2025-10-10T09:38:44.448067Z","level":"warning","event":"The `airflow.operators.python.BranchPythonOperator` attribute is deprecated. Please use `'airflow.providers.standard.operators.python.BranchPythonOperator'`.","category":"DeprecatedImportWarning","filename":"/opt/airflow/dags/scrapping_dag.py","lineno":17,"logger":"py.warnings"}
{"timestamp":"2025-10-10T09:39:15.184631Z","level":"info","event":"Filling up the DagBag from /opt/airflow/dags/scrapping_dag.py","logger":"airflow.models.dagbag.DagBag","filename":"dagbag.py","lineno":593}
{"timestamp":"2025-10-10T09:39:15.758964Z","level":"warning","event":"The `airflow.operators.python.PythonOperator` attribute is deprecated. Please use `'airflow.providers.standard.operators.python.PythonOperator'`.","category":"DeprecatedImportWarning","filename":"/opt/airflow/dags/scrapping_dag.py","lineno":17,"logger":"py.warnings"}
{"timestamp":"2025-10-10T09:39:15.759119Z","level":"warning","event":"The `airflow.operators.python.BranchPythonOperator` attribute is deprecated. Please use `'airflow.providers.standard.operators.python.BranchPythonOperator'`.","category":"DeprecatedImportWarning","filename":"/opt/airflow/dags/scrapping_dag.py","lineno":17,"logger":"py.warnings"}
{"timestamp":"2025-10-10T09:39:46.449403Z","level":"info","event":"Filling up the DagBag from /opt/airflow/dags/scrapping_dag.py","logger":"airflow.models.dagbag.DagBag","filename":"dagbag.py","lineno":593}
{"timestamp":"2025-10-10T09:42:42.626320Z","level":"info","event":"Filling up the DagBag from /opt/airflow/dags/scrapping_dag.py","logger":"airflow.models.dagbag.DagBag","filename":"dagbag.py","lineno":593}
{"timestamp":"2025-10-10T09:42:43.615270Z","level":"warning","event":"The `airflow.operators.python.PythonOperator` attribute is deprecated. Please use `'airflow.providers.standard.operators.python.PythonOperator'`.","category":"DeprecatedImportWarning","filename":"/opt/airflow/dags/scrapping_dag.py","lineno":17,"logger":"py.warnings"}
{"timestamp":"2025-10-10T09:42:43.615417Z","level":"warning","event":"The `airflow.operators.python.BranchPythonOperator` attribute is deprecated. Please use `'airflow.providers.standard.operators.python.BranchPythonOperator'`.","category":"DeprecatedImportWarning","filename":"/opt/airflow/dags/scrapping_dag.py","lineno":17,"logger":"py.warnings"}
{"timestamp":"2025-10-10T09:43:14.925724Z","level":"info","event":"Filling up the DagBag from /opt/airflow/dags/scrapping_dag.py","logger":"airflow.models.dagbag.DagBag","filename":"dagbag.py","lineno":593}
{"timestamp":"2025-10-10T09:43:15.535563Z","level":"warning","event":"The `airflow.operators.python.PythonOperator` attribute is deprecated. Please use `'airflow.providers.standard.operators.python.PythonOperator'`.","category":"DeprecatedImportWarning","filename":"/opt/airflow/dags/scrapping_dag.py","lineno":17,"logger":"py.warnings"}
{"timestamp":"2025-10-10T09:43:15.535811Z","level":"warning","event":"The `airflow.operators.python.BranchPythonOperator` attribute is deprecated. Please use `'airflow.providers.standard.operators.python.BranchPythonOperator'`.","category":"DeprecatedImportWarning","filename":"/opt/airflow/dags/scrapping_dag.py","lineno":17,"logger":"py.warnings"}
{"timestamp":"2025-10-10T09:43:46.136489Z","level":"info","event":"Filling up the DagBag from /opt/airflow/dags/scrapping_dag.py","logger":"airflow.models.dagbag.DagBag","filename":"dagbag.py","lineno":593}
{"timestamp":"2025-10-10T09:43:46.698753Z","level":"warning","event":"The `airflow.operators.python.PythonOperator` attribute is deprecated. Please use `'airflow.providers.standard.operators.python.PythonOperator'`.","category":"DeprecatedImportWarning","filename":"/opt/airflow/dags/scrapping_dag.py","lineno":17,"logger":"py.warnings"}
{"timestamp":"2025-10-10T09:43:46.698947Z","level":"warning","event":"The `airflow.operators.python.BranchPythonOperator` attribute is deprecated. Please use `'airflow.providers.standard.operators.python.BranchPythonOperator'`.","category":"DeprecatedImportWarning","filename":"/opt/airflow/dags/scrapping_dag.py","lineno":17,"logger":"py.warnings"}
{"timestamp":"2025-10-10T09:44:17.363574Z","level":"info","event":"Filling up the DagBag from /opt/airflow/dags/scrapping_dag.py","logger":"airflow.models.dagbag.DagBag","filename":"dagbag.py","lineno":593}
{"timestamp":"2025-10-10T09:44:17.961847Z","level":"warning","event":"The `airflow.operators.python.PythonOperator` attribute is deprecated. Please use `'airflow.providers.standard.operators.python.PythonOperator'`.","category":"DeprecatedImportWarning","filename":"/opt/airflow/dags/scrapping_dag.py","lineno":17,"logger":"py.warnings"}
{"timestamp":"2025-10-10T09:44:17.962000Z","level":"warning","event":"The `airflow.operators.python.BranchPythonOperator` attribute is deprecated. Please use `'airflow.providers.standard.operators.python.BranchPythonOperator'`.","category":"DeprecatedImportWarning","filename":"/opt/airflow/dags/scrapping_dag.py","lineno":17,"logger":"py.warnings"}
{"timestamp":"2025-10-10T09:44:48.693498Z","level":"info","event":"Filling up the DagBag from /opt/airflow/dags/scrapping_dag.py","logger":"airflow.models.dagbag.DagBag","filename":"dagbag.py","lineno":593}
{"timestamp":"2025-10-10T09:44:49.223398Z","level":"warning","event":"The `airflow.operators.python.PythonOperator` attribute is deprecated. Please use `'airflow.providers.standard.operators.python.PythonOperator'`.","category":"DeprecatedImportWarning","filename":"/opt/airflow/dags/scrapping_dag.py","lineno":17,"logger":"py.warnings"}
{"timestamp":"2025-10-10T09:44:49.223750Z","level":"warning","event":"The `airflow.operators.python.BranchPythonOperator` attribute is deprecated. Please use `'airflow.providers.standard.operators.python.BranchPythonOperator'`.","category":"DeprecatedImportWarning","filename":"/opt/airflow/dags/scrapping_dag.py","lineno":17,"logger":"py.warnings"}
{"timestamp":"2025-10-10T09:45:20.005508Z","level":"info","event":"Filling up the DagBag from /opt/airflow/dags/scrapping_dag.py","logger":"airflow.models.dagbag.DagBag","filename":"dagbag.py","lineno":593}
{"timestamp":"2025-10-10T09:45:20.569064Z","level":"warning","event":"The `airflow.operators.python.PythonOperator` attribute is deprecated. Please use `'airflow.providers.standard.operators.python.PythonOperator'`.","category":"DeprecatedImportWarning","filename":"/opt/airflow/dags/scrapping_dag.py","lineno":17,"logger":"py.warnings"}
{"timestamp":"2025-10-10T09:45:20.569295Z","level":"warning","event":"The `airflow.operators.python.BranchPythonOperator` attribute is deprecated. Please use `'airflow.providers.standard.operators.python.BranchPythonOperator'`.","category":"DeprecatedImportWarning","filename":"/opt/airflow/dags/scrapping_dag.py","lineno":17,"logger":"py.warnings"}
{"timestamp":"2025-10-10T09:45:51.178948Z","level":"info","event":"Filling up the DagBag from /opt/airflow/dags/scrapping_dag.py","logger":"airflow.models.dagbag.DagBag","filename":"dagbag.py","lineno":593}
{"timestamp":"2025-10-10T09:45:51.758508Z","level":"warning","event":"The `airflow.operators.python.PythonOperator` attribute is deprecated. Please use `'airflow.providers.standard.operators.python.PythonOperator'`.","category":"DeprecatedImportWarning","filename":"/opt/airflow/dags/scrapping_dag.py","lineno":17,"logger":"py.warnings"}
{"timestamp":"2025-10-10T09:45:51.758663Z","level":"warning","event":"The `airflow.operators.python.BranchPythonOperator` attribute is deprecated. Please use `'airflow.providers.standard.operators.python.BranchPythonOperator'`.","category":"DeprecatedImportWarning","filename":"/opt/airflow/dags/scrapping_dag.py","lineno":17,"logger":"py.warnings"}
{"timestamp":"2025-10-10T09:46:22.404344Z","level":"info","event":"Filling up the DagBag from /opt/airflow/dags/scrapping_dag.py","logger":"airflow.models.dagbag.DagBag","filename":"dagbag.py","lineno":593}
{"timestamp":"2025-10-10T09:46:23.046115Z","level":"warning","event":"The `airflow.operators.python.PythonOperator` attribute is deprecated. Please use `'airflow.providers.standard.operators.python.PythonOperator'`.","category":"DeprecatedImportWarning","filename":"/opt/airflow/dags/scrapping_dag.py","lineno":17,"logger":"py.warnings"}
{"timestamp":"2025-10-10T09:46:23.046293Z","level":"warning","event":"The `airflow.operators.python.BranchPythonOperator` attribute is deprecated. Please use `'airflow.providers.standard.operators.python.BranchPythonOperator'`.","category":"DeprecatedImportWarning","filename":"/opt/airflow/dags/scrapping_dag.py","lineno":17,"logger":"py.warnings"}
{"timestamp":"2025-10-10T09:46:53.696046Z","level":"info","event":"Filling up the DagBag from /opt/airflow/dags/scrapping_dag.py","logger":"airflow.models.dagbag.DagBag","filename":"dagbag.py","lineno":593}
{"timestamp":"2025-10-10T09:46:54.215909Z","level":"warning","event":"The `airflow.operators.python.PythonOperator` attribute is deprecated. Please use `'airflow.providers.standard.operators.python.PythonOperator'`.","category":"DeprecatedImportWarning","filename":"/opt/airflow/dags/scrapping_dag.py","lineno":17,"logger":"py.warnings"}
{"timestamp":"2025-10-10T09:46:54.216122Z","level":"warning","event":"The `airflow.operators.python.BranchPythonOperator` attribute is deprecated. Please use `'airflow.providers.standard.operators.python.BranchPythonOperator'`.","category":"DeprecatedImportWarning","filename":"/opt/airflow/dags/scrapping_dag.py","lineno":17,"logger":"py.warnings"}
{"timestamp":"2025-10-10T09:47:24.933455Z","level":"info","event":"Filling up the DagBag from /opt/airflow/dags/scrapping_dag.py","logger":"airflow.models.dagbag.DagBag","filename":"dagbag.py","lineno":593}
{"timestamp":"2025-10-10T09:47:25.441155Z","level":"warning","event":"The `airflow.operators.python.PythonOperator` attribute is deprecated. Please use `'airflow.providers.standard.operators.python.PythonOperator'`.","category":"DeprecatedImportWarning","filename":"/opt/airflow/dags/scrapping_dag.py","lineno":17,"logger":"py.warnings"}
{"timestamp":"2025-10-10T09:47:25.441307Z","level":"warning","event":"The `airflow.operators.python.BranchPythonOperator` attribute is deprecated. Please use `'airflow.providers.standard.operators.python.BranchPythonOperator'`.","category":"DeprecatedImportWarning","filename":"/opt/airflow/dags/scrapping_dag.py","lineno":17,"logger":"py.warnings"}
{"timestamp":"2025-10-10T09:47:55.561320Z","level":"info","event":"Filling up the DagBag from /opt/airflow/dags/scrapping_dag.py","logger":"airflow.models.dagbag.DagBag","filename":"dagbag.py","lineno":593}
{"timestamp":"2025-10-10T09:47:56.135387Z","level":"warning","event":"The `airflow.operators.python.PythonOperator` attribute is deprecated. Please use `'airflow.providers.standard.operators.python.PythonOperator'`.","category":"DeprecatedImportWarning","filename":"/opt/airflow/dags/scrapping_dag.py","lineno":17,"logger":"py.warnings"}
{"timestamp":"2025-10-10T09:47:56.135584Z","level":"warning","event":"The `airflow.operators.python.BranchPythonOperator` attribute is deprecated. Please use `'airflow.providers.standard.operators.python.BranchPythonOperator'`.","category":"DeprecatedImportWarning","filename":"/opt/airflow/dags/scrapping_dag.py","lineno":17,"logger":"py.warnings"}
{"timestamp":"2025-10-10T09:48:26.789045Z","level":"info","event":"Filling up the DagBag from /opt/airflow/dags/scrapping_dag.py","logger":"airflow.models.dagbag.DagBag","filename":"dagbag.py","lineno":593}
{"timestamp":"2025-10-10T09:48:27.488024Z","level":"warning","event":"The `airflow.operators.python.PythonOperator` attribute is deprecated. Please use `'airflow.providers.standard.operators.python.PythonOperator'`.","category":"DeprecatedImportWarning","filename":"/opt/airflow/dags/scrapping_dag.py","lineno":17,"logger":"py.warnings"}
{"timestamp":"2025-10-10T09:48:27.488231Z","level":"warning","event":"The `airflow.operators.python.BranchPythonOperator` attribute is deprecated. Please use `'airflow.providers.standard.operators.python.BranchPythonOperator'`.","category":"DeprecatedImportWarning","filename":"/opt/airflow/dags/scrapping_dag.py","lineno":17,"logger":"py.warnings"}
{"timestamp":"2025-10-10T09:48:58.086719Z","level":"info","event":"Filling up the DagBag from /opt/airflow/dags/scrapping_dag.py","logger":"airflow.models.dagbag.DagBag","filename":"dagbag.py","lineno":593}
{"timestamp":"2025-10-10T09:48:58.762565Z","level":"warning","event":"The `airflow.operators.python.PythonOperator` attribute is deprecated. Please use `'airflow.providers.standard.operators.python.PythonOperator'`.","category":"DeprecatedImportWarning","filename":"/opt/airflow/dags/scrapping_dag.py","lineno":17,"logger":"py.warnings"}
{"timestamp":"2025-10-10T09:48:58.762732Z","level":"warning","event":"The `airflow.operators.python.BranchPythonOperator` attribute is deprecated. Please use `'airflow.providers.standard.operators.python.BranchPythonOperator'`.","category":"DeprecatedImportWarning","filename":"/opt/airflow/dags/scrapping_dag.py","lineno":17,"logger":"py.warnings"}
{"timestamp":"2025-10-10T09:49:29.379033Z","level":"info","event":"Filling up the DagBag from /opt/airflow/dags/scrapping_dag.py","logger":"airflow.models.dagbag.DagBag","filename":"dagbag.py","lineno":593}
{"timestamp":"2025-10-10T09:49:30.342096Z","level":"warning","event":"The `airflow.operators.python.PythonOperator` attribute is deprecated. Please use `'airflow.providers.standard.operators.python.PythonOperator'`.","category":"DeprecatedImportWarning","filename":"/opt/airflow/dags/scrapping_dag.py","lineno":17,"logger":"py.warnings"}
{"timestamp":"2025-10-10T09:49:30.342263Z","level":"warning","event":"The `airflow.operators.python.BranchPythonOperator` attribute is deprecated. Please use `'airflow.providers.standard.operators.python.BranchPythonOperator'`.","category":"DeprecatedImportWarning","filename":"/opt/airflow/dags/scrapping_dag.py","lineno":17,"logger":"py.warnings"}
{"timestamp":"2025-10-10T09:50:01.156421Z","level":"info","event":"Filling up the DagBag from /opt/airflow/dags/scrapping_dag.py","logger":"airflow.models.dagbag.DagBag","filename":"dagbag.py","lineno":593}
{"timestamp":"2025-10-10T09:50:01.690911Z","level":"warning","event":"The `airflow.operators.python.PythonOperator` attribute is deprecated. Please use `'airflow.providers.standard.operators.python.PythonOperator'`.","category":"DeprecatedImportWarning","filename":"/opt/airflow/dags/scrapping_dag.py","lineno":17,"logger":"py.warnings"}
{"timestamp":"2025-10-10T09:50:01.691064Z","level":"warning","event":"The `airflow.operators.python.BranchPythonOperator` attribute is deprecated. Please use `'airflow.providers.standard.operators.python.BranchPythonOperator'`.","category":"DeprecatedImportWarning","filename":"/opt/airflow/dags/scrapping_dag.py","lineno":17,"logger":"py.warnings"}
{"timestamp":"2025-10-10T09:51:44.202656Z","level":"info","event":"Filling up the DagBag from /opt/airflow/dags/scrapping_dag.py","logger":"airflow.models.dagbag.DagBag","filename":"dagbag.py","lineno":593}
{"timestamp":"2025-10-10T09:51:45.081605Z","level":"warning","event":"The `airflow.operators.python.PythonOperator` attribute is deprecated. Please use `'airflow.providers.standard.operators.python.PythonOperator'`.","category":"DeprecatedImportWarning","filename":"/opt/airflow/dags/scrapping_dag.py","lineno":17,"logger":"py.warnings"}
{"timestamp":"2025-10-10T09:51:45.081787Z","level":"warning","event":"The `airflow.operators.python.BranchPythonOperator` attribute is deprecated. Please use `'airflow.providers.standard.operators.python.BranchPythonOperator'`.","category":"DeprecatedImportWarning","filename":"/opt/airflow/dags/scrapping_dag.py","lineno":17,"logger":"py.warnings"}
{"timestamp":"2025-10-10T09:52:16.552628Z","level":"info","event":"Filling up the DagBag from /opt/airflow/dags/scrapping_dag.py","logger":"airflow.models.dagbag.DagBag","filename":"dagbag.py","lineno":593}
{"timestamp":"2025-10-10T09:52:17.044270Z","level":"warning","event":"The `airflow.operators.python.PythonOperator` attribute is deprecated. Please use `'airflow.providers.standard.operators.python.PythonOperator'`.","category":"DeprecatedImportWarning","filename":"/opt/airflow/dags/scrapping_dag.py","lineno":17,"logger":"py.warnings"}
{"timestamp":"2025-10-10T09:52:17.044509Z","level":"warning","event":"The `airflow.operators.python.BranchPythonOperator` attribute is deprecated. Please use `'airflow.providers.standard.operators.python.BranchPythonOperator'`.","category":"DeprecatedImportWarning","filename":"/opt/airflow/dags/scrapping_dag.py","lineno":17,"logger":"py.warnings"}
{"timestamp":"2025-10-10T09:52:47.805721Z","level":"info","event":"Filling up the DagBag from /opt/airflow/dags/scrapping_dag.py","logger":"airflow.models.dagbag.DagBag","filename":"dagbag.py","lineno":593}
{"timestamp":"2025-10-10T09:52:48.619344Z","level":"warning","event":"The `airflow.operators.python.PythonOperator` attribute is deprecated. Please use `'airflow.providers.standard.operators.python.PythonOperator'`.","category":"DeprecatedImportWarning","filename":"/opt/airflow/dags/scrapping_dag.py","lineno":17,"logger":"py.warnings"}
{"timestamp":"2025-10-10T09:52:48.619512Z","level":"warning","event":"The `airflow.operators.python.BranchPythonOperator` attribute is deprecated. Please use `'airflow.providers.standard.operators.python.BranchPythonOperator'`.","category":"DeprecatedImportWarning","filename":"/opt/airflow/dags/scrapping_dag.py","lineno":17,"logger":"py.warnings"}
{"timestamp":"2025-10-10T09:53:19.253466Z","level":"info","event":"Filling up the DagBag from /opt/airflow/dags/scrapping_dag.py","logger":"airflow.models.dagbag.DagBag","filename":"dagbag.py","lineno":593}
{"timestamp":"2025-10-10T09:53:19.752537Z","level":"warning","event":"The `airflow.operators.python.PythonOperator` attribute is deprecated. Please use `'airflow.providers.standard.operators.python.PythonOperator'`.","category":"DeprecatedImportWarning","filename":"/opt/airflow/dags/scrapping_dag.py","lineno":17,"logger":"py.warnings"}
{"timestamp":"2025-10-10T09:53:19.752690Z","level":"warning","event":"The `airflow.operators.python.BranchPythonOperator` attribute is deprecated. Please use `'airflow.providers.standard.operators.python.BranchPythonOperator'`.","category":"DeprecatedImportWarning","filename":"/opt/airflow/dags/scrapping_dag.py","lineno":17,"logger":"py.warnings"}
{"timestamp":"2025-10-10T09:53:50.436061Z","level":"info","event":"Filling up the DagBag from /opt/airflow/dags/scrapping_dag.py","logger":"airflow.models.dagbag.DagBag","filename":"dagbag.py","lineno":593}
{"timestamp":"2025-10-10T09:53:50.955398Z","level":"warning","event":"The `airflow.operators.python.PythonOperator` attribute is deprecated. Please use `'airflow.providers.standard.operators.python.PythonOperator'`.","category":"DeprecatedImportWarning","filename":"/opt/airflow/dags/scrapping_dag.py","lineno":17,"logger":"py.warnings"}
{"timestamp":"2025-10-10T09:53:50.955547Z","level":"warning","event":"The `airflow.operators.python.BranchPythonOperator` attribute is deprecated. Please use `'airflow.providers.standard.operators.python.BranchPythonOperator'`.","category":"DeprecatedImportWarning","filename":"/opt/airflow/dags/scrapping_dag.py","lineno":17,"logger":"py.warnings"}
{"timestamp":"2025-10-10T09:54:21.652210Z","level":"info","event":"Filling up the DagBag from /opt/airflow/dags/scrapping_dag.py","logger":"airflow.models.dagbag.DagBag","filename":"dagbag.py","lineno":593}
{"timestamp":"2025-10-10T09:54:22.194692Z","level":"warning","event":"The `airflow.operators.python.PythonOperator` attribute is deprecated. Please use `'airflow.providers.standard.operators.python.PythonOperator'`.","category":"DeprecatedImportWarning","filename":"/opt/airflow/dags/scrapping_dag.py","lineno":17,"logger":"py.warnings"}
{"timestamp":"2025-10-10T09:54:22.194937Z","level":"warning","event":"The `airflow.operators.python.BranchPythonOperator` attribute is deprecated. Please use `'airflow.providers.standard.operators.python.BranchPythonOperator'`.","category":"DeprecatedImportWarning","filename":"/opt/airflow/dags/scrapping_dag.py","lineno":17,"logger":"py.warnings"}
{"timestamp":"2025-10-10T09:54:52.791678Z","level":"info","event":"Filling up the DagBag from /opt/airflow/dags/scrapping_dag.py","logger":"airflow.models.dagbag.DagBag","filename":"dagbag.py","lineno":593}
{"timestamp":"2025-10-10T09:54:53.409590Z","level":"warning","event":"The `airflow.operators.python.PythonOperator` attribute is deprecated. Please use `'airflow.providers.standard.operators.python.PythonOperator'`.","category":"DeprecatedImportWarning","filename":"/opt/airflow/dags/scrapping_dag.py","lineno":17,"logger":"py.warnings"}
{"timestamp":"2025-10-10T09:54:53.409755Z","level":"warning","event":"The `airflow.operators.python.BranchPythonOperator` attribute is deprecated. Please use `'airflow.providers.standard.operators.python.BranchPythonOperator'`.","category":"DeprecatedImportWarning","filename":"/opt/airflow/dags/scrapping_dag.py","lineno":17,"logger":"py.warnings"}
{"timestamp":"2025-10-10T09:55:24.082948Z","level":"info","event":"Filling up the DagBag from /opt/airflow/dags/scrapping_dag.py","logger":"airflow.models.dagbag.DagBag","filename":"dagbag.py","lineno":593}
{"timestamp":"2025-10-10T09:55:24.656492Z","level":"warning","event":"The `airflow.operators.python.PythonOperator` attribute is deprecated. Please use `'airflow.providers.standard.operators.python.PythonOperator'`.","category":"DeprecatedImportWarning","filename":"/opt/airflow/dags/scrapping_dag.py","lineno":17,"logger":"py.warnings"}
{"timestamp":"2025-10-10T09:55:24.656668Z","level":"warning","event":"The `airflow.operators.python.BranchPythonOperator` attribute is deprecated. Please use `'airflow.providers.standard.operators.python.BranchPythonOperator'`.","category":"DeprecatedImportWarning","filename":"/opt/airflow/dags/scrapping_dag.py","lineno":17,"logger":"py.warnings"}
{"timestamp":"2025-10-10T09:57:14.680405Z","level":"info","event":"Filling up the DagBag from /opt/airflow/dags/scrapping_dag.py","logger":"airflow.models.dagbag.DagBag","filename":"dagbag.py","lineno":593}
{"timestamp":"2025-10-10T09:57:15.637725Z","level":"warning","event":"The `airflow.operators.python.PythonOperator` attribute is deprecated. Please use `'airflow.providers.standard.operators.python.PythonOperator'`.","category":"DeprecatedImportWarning","filename":"/opt/airflow/dags/scrapping_dag.py","lineno":17,"logger":"py.warnings"}
{"timestamp":"2025-10-10T09:57:15.638034Z","level":"warning","event":"The `airflow.operators.python.BranchPythonOperator` attribute is deprecated. Please use `'airflow.providers.standard.operators.python.BranchPythonOperator'`.","category":"DeprecatedImportWarning","filename":"/opt/airflow/dags/scrapping_dag.py","lineno":17,"logger":"py.warnings"}
{"timestamp":"2025-10-10T09:57:46.869372Z","level":"info","event":"Filling up the DagBag from /opt/airflow/dags/scrapping_dag.py","logger":"airflow.models.dagbag.DagBag","filename":"dagbag.py","lineno":593}
{"timestamp":"2025-10-10T09:57:47.680269Z","level":"warning","event":"The `airflow.operators.python.PythonOperator` attribute is deprecated. Please use `'airflow.providers.standard.operators.python.PythonOperator'`.","category":"DeprecatedImportWarning","filename":"/opt/airflow/dags/scrapping_dag.py","lineno":17,"logger":"py.warnings"}
{"timestamp":"2025-10-10T09:57:47.680539Z","level":"warning","event":"The `airflow.operators.python.BranchPythonOperator` attribute is deprecated. Please use `'airflow.providers.standard.operators.python.BranchPythonOperator'`.","category":"DeprecatedImportWarning","filename":"/opt/airflow/dags/scrapping_dag.py","lineno":17,"logger":"py.warnings"}
{"timestamp":"2025-10-10T09:58:18.374284Z","level":"info","event":"Filling up the DagBag from /opt/airflow/dags/scrapping_dag.py","logger":"airflow.models.dagbag.DagBag","filename":"dagbag.py","lineno":593}
{"timestamp":"2025-10-10T09:58:18.902698Z","level":"warning","event":"The `airflow.operators.python.PythonOperator` attribute is deprecated. Please use `'airflow.providers.standard.operators.python.PythonOperator'`.","category":"DeprecatedImportWarning","filename":"/opt/airflow/dags/scrapping_dag.py","lineno":17,"logger":"py.warnings"}
{"timestamp":"2025-10-10T09:58:18.902847Z","level":"warning","event":"The `airflow.operators.python.BranchPythonOperator` attribute is deprecated. Please use `'airflow.providers.standard.operators.python.BranchPythonOperator'`.","category":"DeprecatedImportWarning","filename":"/opt/airflow/dags/scrapping_dag.py","lineno":17,"logger":"py.warnings"}
{"timestamp":"2025-10-10T09:58:49.849421Z","level":"info","event":"Filling up the DagBag from /opt/airflow/dags/scrapping_dag.py","logger":"airflow.models.dagbag.DagBag","filename":"dagbag.py","lineno":593}
{"timestamp":"2025-10-10T09:58:50.373567Z","level":"warning","event":"The `airflow.operators.python.PythonOperator` attribute is deprecated. Please use `'airflow.providers.standard.operators.python.PythonOperator'`.","category":"DeprecatedImportWarning","filename":"/opt/airflow/dags/scrapping_dag.py","lineno":17,"logger":"py.warnings"}
{"timestamp":"2025-10-10T09:58:50.373870Z","level":"warning","event":"The `airflow.operators.python.BranchPythonOperator` attribute is deprecated. Please use `'airflow.providers.standard.operators.python.BranchPythonOperator'`.","category":"DeprecatedImportWarning","filename":"/opt/airflow/dags/scrapping_dag.py","lineno":17,"logger":"py.warnings"}
{"timestamp":"2025-10-10T09:59:21.095464Z","level":"info","event":"Filling up the DagBag from /opt/airflow/dags/scrapping_dag.py","logger":"airflow.models.dagbag.DagBag","filename":"dagbag.py","lineno":593}
{"timestamp":"2025-10-10T09:59:21.736136Z","level":"warning","event":"The `airflow.operators.python.PythonOperator` attribute is deprecated. Please use `'airflow.providers.standard.operators.python.PythonOperator'`.","category":"DeprecatedImportWarning","filename":"/opt/airflow/dags/scrapping_dag.py","lineno":17,"logger":"py.warnings"}
{"timestamp":"2025-10-10T09:59:21.736358Z","level":"warning","event":"The `airflow.operators.python.BranchPythonOperator` attribute is deprecated. Please use `'airflow.providers.standard.operators.python.BranchPythonOperator'`.","category":"DeprecatedImportWarning","filename":"/opt/airflow/dags/scrapping_dag.py","lineno":17,"logger":"py.warnings"}
{"timestamp":"2025-10-10T09:59:52.342411Z","level":"info","event":"Filling up the DagBag from /opt/airflow/dags/scrapping_dag.py","logger":"airflow.models.dagbag.DagBag","filename":"dagbag.py","lineno":593}
{"timestamp":"2025-10-10T09:59:52.831815Z","level":"warning","event":"The `airflow.operators.python.PythonOperator` attribute is deprecated. Please use `'airflow.providers.standard.operators.python.PythonOperator'`.","category":"DeprecatedImportWarning","filename":"/opt/airflow/dags/scrapping_dag.py","lineno":17,"logger":"py.warnings"}
{"timestamp":"2025-10-10T09:59:52.831967Z","level":"warning","event":"The `airflow.operators.python.BranchPythonOperator` attribute is deprecated. Please use `'airflow.providers.standard.operators.python.BranchPythonOperator'`.","category":"DeprecatedImportWarning","filename":"/opt/airflow/dags/scrapping_dag.py","lineno":17,"logger":"py.warnings"}
{"timestamp":"2025-10-10T10:00:23.472295Z","level":"info","event":"Filling up the DagBag from /opt/airflow/dags/scrapping_dag.py","logger":"airflow.models.dagbag.DagBag","filename":"dagbag.py","lineno":593}
{"timestamp":"2025-10-10T10:00:24.215981Z","level":"warning","event":"The `airflow.operators.python.PythonOperator` attribute is deprecated. Please use `'airflow.providers.standard.operators.python.PythonOperator'`.","category":"DeprecatedImportWarning","filename":"/opt/airflow/dags/scrapping_dag.py","lineno":17,"logger":"py.warnings"}
{"timestamp":"2025-10-10T10:00:24.216165Z","level":"warning","event":"The `airflow.operators.python.BranchPythonOperator` attribute is deprecated. Please use `'airflow.providers.standard.operators.python.BranchPythonOperator'`.","category":"DeprecatedImportWarning","filename":"/opt/airflow/dags/scrapping_dag.py","lineno":17,"logger":"py.warnings"}
{"timestamp":"2025-10-10T10:00:58.823220Z","level":"info","event":"Filling up the DagBag from /opt/airflow/dags/scrapping_dag.py","logger":"airflow.models.dagbag.DagBag","filename":"dagbag.py","lineno":593}
{"timestamp":"2025-10-10T10:01:00.764905Z","level":"warning","event":"The `airflow.operators.python.PythonOperator` attribute is deprecated. Please use `'airflow.providers.standard.operators.python.PythonOperator'`.","category":"DeprecatedImportWarning","filename":"/opt/airflow/dags/scrapping_dag.py","lineno":17,"logger":"py.warnings"}
{"timestamp":"2025-10-10T10:01:00.765157Z","level":"warning","event":"The `airflow.operators.python.BranchPythonOperator` attribute is deprecated. Please use `'airflow.providers.standard.operators.python.BranchPythonOperator'`.","category":"DeprecatedImportWarning","filename":"/opt/airflow/dags/scrapping_dag.py","lineno":17,"logger":"py.warnings"}
{"timestamp":"2025-10-10T10:01:31.351227Z","level":"info","event":"Filling up the DagBag from /opt/airflow/dags/scrapping_dag.py","logger":"airflow.models.dagbag.DagBag","filename":"dagbag.py","lineno":593}
{"timestamp":"2025-10-10T10:01:31.921397Z","level":"warning","event":"The `airflow.operators.python.PythonOperator` attribute is deprecated. Please use `'airflow.providers.standard.operators.python.PythonOperator'`.","category":"DeprecatedImportWarning","filename":"/opt/airflow/dags/scrapping_dag.py","lineno":17,"logger":"py.warnings"}
{"timestamp":"2025-10-10T10:01:31.921611Z","level":"warning","event":"The `airflow.operators.python.BranchPythonOperator` attribute is deprecated. Please use `'airflow.providers.standard.operators.python.BranchPythonOperator'`.","category":"DeprecatedImportWarning","filename":"/opt/airflow/dags/scrapping_dag.py","lineno":17,"logger":"py.warnings"}
