{"timestamp":"2025-11-18T09:31:14.117041Z","level":"info","event":"DAG bundles loaded: dags-folder","logger":"airflow.dag_processing.bundles.manager.DagBundlesManager","filename":"manager.py","lineno":179}
{"timestamp":"2025-11-18T09:31:14.118869Z","level":"info","event":"Filling up the DagBag from /opt/airflow/dags/ingestion_dag.py","logger":"airflow.models.dagbag.DagBag","filename":"dagbag.py","lineno":593}
{"timestamp":"2025-11-18T09:31:14.493001Z","level":"info","event":"/opt/airflow","logger":"unusual_prefix_347b2425d77b6959f8a897cf21788f75ecda7325_ingestion_dag","filename":"ingestion_dag.py","lineno":52}
{"timestamp":"2025-11-18T09:31:14.820908Z","level":"info","event":"Starting docker container from image m1_data_engineering-scrapper:latest","logger":"airflow.task.operators.airflow.providers.docker.operators.docker.DockerOperator","filename":"docker.py","lineno":355}
{"timestamp":"2025-11-18T09:32:42.466747Z","level":"info","event":"--- Logging error ---","logger":"airflow.task.operators.airflow.providers.docker.operators.docker.DockerOperator","filename":"docker.py","lineno":66}
{"timestamp":"2025-11-18T09:32:42.490454Z","level":"info","event":"Traceback (most recent call last):","logger":"airflow.task.operators.airflow.providers.docker.operators.docker.DockerOperator","filename":"docker.py","lineno":66}
{"timestamp":"2025-11-18T09:32:42.492204Z","level":"info","event":"  File \"/app/scrapping/scrapping_script_slug.py\", line 71, in load_all_data","logger":"airflow.task.operators.airflow.providers.docker.operators.docker.DockerOperator","filename":"docker.py","lineno":66}
{"timestamp":"2025-11-18T09:32:42.492460Z","level":"info","event":"    load_more_script_button = DRIVER.find_element(By.XPATH, '//*[@id=\"scriptsList\"]/div[6]/button')","logger":"airflow.task.operators.airflow.providers.docker.operators.docker.DockerOperator","filename":"docker.py","lineno":66}
{"timestamp":"2025-11-18T09:32:42.492572Z","level":"info","event":"                            ^^^^^^^^^^^^^^^^^^^^^^^^^^^^^^^^^^^^^^^^^^^^^^^^^^^^^^^^^^^^^^^^^^^^^","logger":"airflow.task.operators.airflow.providers.docker.operators.docker.DockerOperator","filename":"docker.py","lineno":66}
{"timestamp":"2025-11-18T09:32:42.492645Z","level":"info","event":"  File \"/opt/venv_scrapping/lib/python3.11/site-packages/selenium/webdriver/remote/webdriver.py\", line 926, in find_element","logger":"airflow.task.operators.airflow.providers.docker.operators.docker.DockerOperator","filename":"docker.py","lineno":66}
{"timestamp":"2025-11-18T09:32:42.492710Z","level":"info","event":"    return self.execute(Command.FIND_ELEMENT, {\"using\": by, \"value\": value})[\"value\"]","logger":"airflow.task.operators.airflow.providers.docker.operators.docker.DockerOperator","filename":"docker.py","lineno":66}
{"timestamp":"2025-11-18T09:32:42.492771Z","level":"info","event":"           ^^^^^^^^^^^^^^^^^^^^^^^^^^^^^^^^^^^^^^^^^^^^^^^^^^^^^^^^^^^^^^^^^","logger":"airflow.task.operators.airflow.providers.docker.operators.docker.DockerOperator","filename":"docker.py","lineno":66}
{"timestamp":"2025-11-18T09:32:42.492834Z","level":"info","event":"  File \"/opt/venv_scrapping/lib/python3.11/site-packages/selenium/webdriver/remote/webdriver.py\", line 458, in execute","logger":"airflow.task.operators.airflow.providers.docker.operators.docker.DockerOperator","filename":"docker.py","lineno":66}
{"timestamp":"2025-11-18T09:32:42.492897Z","level":"info","event":"    self.error_handler.check_response(response)","logger":"airflow.task.operators.airflow.providers.docker.operators.docker.DockerOperator","filename":"docker.py","lineno":66}
{"timestamp":"2025-11-18T09:32:42.493071Z","level":"info","event":"  File \"/opt/venv_scrapping/lib/python3.11/site-packages/selenium/webdriver/remote/errorhandler.py\", line 232, in check_response","logger":"airflow.task.operators.airflow.providers.docker.operators.docker.DockerOperator","filename":"docker.py","lineno":66}
{"timestamp":"2025-11-18T09:32:42.493168Z","level":"info","event":"    raise exception_class(message, screen, stacktrace)","logger":"airflow.task.operators.airflow.providers.docker.operators.docker.DockerOperator","filename":"docker.py","lineno":66}
{"timestamp":"2025-11-18T09:32:42.493324Z","level":"info","event":"selenium.common.exceptions.NoSuchElementException: Message: no such element: Unable to locate element: {\"method\":\"xpath\",\"selector\":\"//*[@id=\"scriptsList\"]/div[6]/button\"}","logger":"airflow.task.operators.airflow.providers.docker.operators.docker.DockerOperator","filename":"docker.py","lineno":66}
{"timestamp":"2025-11-18T09:32:42.493405Z","level":"info","event":"  (Session info: chrome=142.0.7444.162); For documentation on this error, please visit: https://www.selenium.dev/documentation/webdriver/troubleshooting/errors#nosuchelementexception","logger":"airflow.task.operators.airflow.providers.docker.operators.docker.DockerOperator","filename":"docker.py","lineno":66}
{"timestamp":"2025-11-18T09:32:42.493581Z","level":"info","event":"Stacktrace:","logger":"airflow.task.operators.airflow.providers.docker.operators.docker.DockerOperator","filename":"docker.py","lineno":66}
{"timestamp":"2025-11-18T09:32:42.493701Z","level":"info","event":"#0 0x618d272233d2 <unknown>","logger":"airflow.task.operators.airflow.providers.docker.operators.docker.DockerOperator","filename":"docker.py","lineno":66}
{"timestamp":"2025-11-18T09:32:42.493874Z","level":"info","event":"#1 0x618d26c8822b <unknown>","logger":"airflow.task.operators.airflow.providers.docker.operators.docker.DockerOperator","filename":"docker.py","lineno":66}
{"timestamp":"2025-11-18T09:32:42.493943Z","level":"info","event":"#2 0x618d26cd8f7b <unknown>","logger":"airflow.task.operators.airflow.providers.docker.operators.docker.DockerOperator","filename":"docker.py","lineno":66}
{"timestamp":"2025-11-18T09:32:42.493999Z","level":"info","event":"#3 0x618d26cd9155 <unknown>","logger":"airflow.task.operators.airflow.providers.docker.operators.docker.DockerOperator","filename":"docker.py","lineno":66}
{"timestamp":"2025-11-18T09:32:42.494053Z","level":"info","event":"#4 0x618d26d22258 <unknown>","logger":"airflow.task.operators.airflow.providers.docker.operators.docker.DockerOperator","filename":"docker.py","lineno":66}
{"timestamp":"2025-11-18T09:32:42.494171Z","level":"info","event":"#5 0x618d26cfdce1 <unknown>","logger":"airflow.task.operators.airflow.providers.docker.operators.docker.DockerOperator","filename":"docker.py","lineno":66}
{"timestamp":"2025-11-18T09:32:42.494232Z","level":"info","event":"#6 0x618d26d1fcc6 <unknown>","logger":"airflow.task.operators.airflow.providers.docker.operators.docker.DockerOperator","filename":"docker.py","lineno":66}
{"timestamp":"2025-11-18T09:32:42.494285Z","level":"info","event":"#7 0x618d26cfda67 <unknown>","logger":"airflow.task.operators.airflow.providers.docker.operators.docker.DockerOperator","filename":"docker.py","lineno":66}
{"timestamp":"2025-11-18T09:32:42.494340Z","level":"info","event":"#8 0x618d26ccb6d1 <unknown>","logger":"airflow.task.operators.airflow.providers.docker.operators.docker.DockerOperator","filename":"docker.py","lineno":66}
{"timestamp":"2025-11-18T09:32:42.494393Z","level":"info","event":"#9 0x618d26ccc4b5 <unknown>","logger":"airflow.task.operators.airflow.providers.docker.operators.docker.DockerOperator","filename":"docker.py","lineno":66}
{"timestamp":"2025-11-18T09:32:42.494444Z","level":"info","event":"#10 0x618d271ecc84 <unknown>","logger":"airflow.task.operators.airflow.providers.docker.operators.docker.DockerOperator","filename":"docker.py","lineno":66}
{"timestamp":"2025-11-18T09:32:42.494493Z","level":"info","event":"#11 0x618d271f012f <unknown>","logger":"airflow.task.operators.airflow.providers.docker.operators.docker.DockerOperator","filename":"docker.py","lineno":66}
{"timestamp":"2025-11-18T09:32:42.494545Z","level":"info","event":"#12 0x618d271efbcc <unknown>","logger":"airflow.task.operators.airflow.providers.docker.operators.docker.DockerOperator","filename":"docker.py","lineno":66}
{"timestamp":"2025-11-18T09:32:42.494593Z","level":"info","event":"#13 0x618d271f05d9 <unknown>","logger":"airflow.task.operators.airflow.providers.docker.operators.docker.DockerOperator","filename":"docker.py","lineno":66}
{"timestamp":"2025-11-18T09:32:42.494773Z","level":"info","event":"#14 0x618d271d669b <unknown>","logger":"airflow.task.operators.airflow.providers.docker.operators.docker.DockerOperator","filename":"docker.py","lineno":66}
{"timestamp":"2025-11-18T09:32:42.494850Z","level":"info","event":"#15 0x618d271f0964 <unknown>","logger":"airflow.task.operators.airflow.providers.docker.operators.docker.DockerOperator","filename":"docker.py","lineno":66}
{"timestamp":"2025-11-18T09:32:42.494872Z","level":"info","event":"#16 0x618d271bfe8d <unknown>","logger":"airflow.task.operators.airflow.providers.docker.operators.docker.DockerOperator","filename":"docker.py","lineno":66}
{"timestamp":"2025-11-18T09:32:42.494890Z","level":"info","event":"#17 0x618d2720fd09 <unknown>","logger":"airflow.task.operators.airflow.providers.docker.operators.docker.DockerOperator","filename":"docker.py","lineno":66}
{"timestamp":"2025-11-18T09:32:42.494913Z","level":"info","event":"#18 0x618d2720feff <unknown>","logger":"airflow.task.operators.airflow.providers.docker.operators.docker.DockerOperator","filename":"docker.py","lineno":66}
{"timestamp":"2025-11-18T09:32:42.494937Z","level":"info","event":"#19 0x618d27221d89 <unknown>","logger":"airflow.task.operators.airflow.providers.docker.operators.docker.DockerOperator","filename":"docker.py","lineno":66}
{"timestamp":"2025-11-18T09:32:42.494953Z","level":"info","event":"#20 0x7cbdff991b7b <unknown>","logger":"airflow.task.operators.airflow.providers.docker.operators.docker.DockerOperator","filename":"docker.py","lineno":66}
{"timestamp":"2025-11-18T09:32:42.495041Z","level":"info","event":"","logger":"airflow.task.operators.airflow.providers.docker.operators.docker.DockerOperator","filename":"docker.py","lineno":66}
{"timestamp":"2025-11-18T09:32:42.495090Z","level":"info","event":"During handling of the above exception, another exception occurred:","logger":"airflow.task.operators.airflow.providers.docker.operators.docker.DockerOperator","filename":"docker.py","lineno":66}
{"timestamp":"2025-11-18T09:32:42.495122Z","level":"info","event":"","logger":"airflow.task.operators.airflow.providers.docker.operators.docker.DockerOperator","filename":"docker.py","lineno":66}
{"timestamp":"2025-11-18T09:32:42.495149Z","level":"info","event":"Traceback (most recent call last):","logger":"airflow.task.operators.airflow.providers.docker.operators.docker.DockerOperator","filename":"docker.py","lineno":66}
{"timestamp":"2025-11-18T09:32:42.495181Z","level":"info","event":"  File \"/usr/local/lib/python3.11/logging/__init__.py\", line 1110, in emit","logger":"airflow.task.operators.airflow.providers.docker.operators.docker.DockerOperator","filename":"docker.py","lineno":66}
{"timestamp":"2025-11-18T09:32:42.495212Z","level":"info","event":"    msg = self.format(record)","logger":"airflow.task.operators.airflow.providers.docker.operators.docker.DockerOperator","filename":"docker.py","lineno":66}
{"timestamp":"2025-11-18T09:32:42.495242Z","level":"info","event":"          ^^^^^^^^^^^^^^^^^^^","logger":"airflow.task.operators.airflow.providers.docker.operators.docker.DockerOperator","filename":"docker.py","lineno":66}
{"timestamp":"2025-11-18T09:32:42.495322Z","level":"info","event":"  File \"/usr/local/lib/python3.11/logging/__init__.py\", line 953, in format","logger":"airflow.task.operators.airflow.providers.docker.operators.docker.DockerOperator","filename":"docker.py","lineno":66}
{"timestamp":"2025-11-18T09:32:42.495372Z","level":"info","event":"    return fmt.format(record)","logger":"airflow.task.operators.airflow.providers.docker.operators.docker.DockerOperator","filename":"docker.py","lineno":66}
{"timestamp":"2025-11-18T09:32:42.495409Z","level":"info","event":"           ^^^^^^^^^^^^^^^^^^","logger":"airflow.task.operators.airflow.providers.docker.operators.docker.DockerOperator","filename":"docker.py","lineno":66}
{"timestamp":"2025-11-18T09:32:42.495537Z","level":"info","event":"  File \"/usr/local/lib/python3.11/logging/__init__.py\", line 687, in format","logger":"airflow.task.operators.airflow.providers.docker.operators.docker.DockerOperator","filename":"docker.py","lineno":66}
{"timestamp":"2025-11-18T09:32:42.495644Z","level":"info","event":"    record.message = record.getMessage()","logger":"airflow.task.operators.airflow.providers.docker.operators.docker.DockerOperator","filename":"docker.py","lineno":66}
{"timestamp":"2025-11-18T09:32:42.495744Z","level":"info","event":"                     ^^^^^^^^^^^^^^^^^^^","logger":"airflow.task.operators.airflow.providers.docker.operators.docker.DockerOperator","filename":"docker.py","lineno":66}
{"timestamp":"2025-11-18T09:32:42.495806Z","level":"info","event":"  File \"/usr/local/lib/python3.11/logging/__init__.py\", line 377, in getMessage","logger":"airflow.task.operators.airflow.providers.docker.operators.docker.DockerOperator","filename":"docker.py","lineno":66}
{"timestamp":"2025-11-18T09:32:42.495846Z","level":"info","event":"    msg = msg % self.args","logger":"airflow.task.operators.airflow.providers.docker.operators.docker.DockerOperator","filename":"docker.py","lineno":66}
{"timestamp":"2025-11-18T09:32:42.495874Z","level":"info","event":"          ~~~~^~~~~~~~~~~","logger":"airflow.task.operators.airflow.providers.docker.operators.docker.DockerOperator","filename":"docker.py","lineno":66}
{"timestamp":"2025-11-18T09:32:42.495897Z","level":"info","event":"TypeError: not all arguments converted during string formatting","logger":"airflow.task.operators.airflow.providers.docker.operators.docker.DockerOperator","filename":"docker.py","lineno":66}
{"timestamp":"2025-11-18T09:32:42.495923Z","level":"info","event":"Call stack:","logger":"airflow.task.operators.airflow.providers.docker.operators.docker.DockerOperator","filename":"docker.py","lineno":66}
{"timestamp":"2025-11-18T09:32:42.496020Z","level":"info","event":"  File \"/app/scrapping/main.py\", line 60, in <module>","logger":"airflow.task.operators.airflow.providers.docker.operators.docker.DockerOperator","filename":"docker.py","lineno":66}
{"timestamp":"2025-11-18T09:32:42.496068Z","level":"info","event":"    main()","logger":"airflow.task.operators.airflow.providers.docker.operators.docker.DockerOperator","filename":"docker.py","lineno":66}
{"timestamp":"2025-11-18T09:32:42.496304Z","level":"info","event":"  File \"/app/scrapping/main.py\", line 57, in main","logger":"airflow.task.operators.airflow.providers.docker.operators.docker.DockerOperator","filename":"docker.py","lineno":66}
{"timestamp":"2025-11-18T09:32:42.496342Z","level":"info","event":"    scrapping_script_slug.main_scrapping_script_slug()","logger":"airflow.task.operators.airflow.providers.docker.operators.docker.DockerOperator","filename":"docker.py","lineno":66}
{"timestamp":"2025-11-18T09:32:42.496370Z","level":"info","event":"  File \"/app/scrapping/scrapping_script_slug.py\", line 141, in main_scrapping_script_slug","logger":"airflow.task.operators.airflow.providers.docker.operators.docker.DockerOperator","filename":"docker.py","lineno":66}
{"timestamp":"2025-11-18T09:32:42.496396Z","level":"info","event":"    load_all_data()      # + of 20 min. to load all the data","logger":"airflow.task.operators.airflow.providers.docker.operators.docker.DockerOperator","filename":"docker.py","lineno":66}
{"timestamp":"2025-11-18T09:32:42.496491Z","level":"info","event":"  File \"/app/scrapping/scrapping_script_slug.py\", line 89, in load_all_data","logger":"airflow.task.operators.airflow.providers.docker.operators.docker.DockerOperator","filename":"docker.py","lineno":66}
{"timestamp":"2025-11-18T09:32:42.496524Z","level":"info","event":"    logger.info(f\"load_all_data - No more 'Load More' button to click :\", e)","logger":"airflow.task.operators.airflow.providers.docker.operators.docker.DockerOperator","filename":"docker.py","lineno":66}
{"timestamp":"2025-11-18T09:32:42.496555Z","level":"info","event":"Message: \"load_all_data - No more 'Load More' button to click :\"","logger":"airflow.task.operators.airflow.providers.docker.operators.docker.DockerOperator","filename":"docker.py","lineno":66}
{"timestamp":"2025-11-18T09:32:42.496595Z","level":"info","event":"Arguments: (NoSuchElementException(),)","logger":"airflow.task.operators.airflow.providers.docker.operators.docker.DockerOperator","filename":"docker.py","lineno":66}
