{"timestamp":"2026-01-06T19:26:51.309810Z","level":"info","event":"DAG bundles loaded: dags-folder","logger":"airflow.dag_processing.bundles.manager.DagBundlesManager","filename":"manager.py","lineno":179}
{"timestamp":"2026-01-06T19:26:51.311671Z","level":"info","event":"Filling up the DagBag from /opt/airflow/dags/production_dag.py","logger":"airflow.models.dagbag.DagBag","filename":"dagbag.py","lineno":593}
{"timestamp":"2026-01-06T19:26:55.928457Z","level":"info","event":"Loading faiss with AVX2 support.","logger":"faiss.loader","filename":"loader.py","lineno":132}
{"timestamp":"2026-01-06T19:26:55.949674Z","level":"info","event":"Successfully loaded faiss with AVX2 support.","logger":"faiss.loader","filename":"loader.py","lineno":134}
{"timestamp":"2026-01-06T19:26:56.091241Z","level":"info","event":"Starting docker container from image m1_data_engineering-analyser:latest","logger":"airflow.task.operators.airflow.providers.docker.operators.docker.DockerOperator","filename":"docker.py","lineno":355}
{"timestamp":"2026-01-06T19:27:03.948040Z","level":"info","event":"/opt/venv_analysis/lib/python3.11/site-packages/pyspark/sql/pandas/functions.py:407: UserWarning: In Python 3.6+ and Spark 3.0+, it is preferred to specify type hints for pandas UDF instead of specifying pandas UDF type which will be deprecated in the future releases. See SPARK-28264 for more details.","logger":"airflow.task.operators.airflow.providers.docker.operators.docker.DockerOperator","filename":"docker.py","lineno":66}
{"timestamp":"2026-01-06T19:27:03.948244Z","level":"info","event":"  warnings.warn(","logger":"airflow.task.operators.airflow.providers.docker.operators.docker.DockerOperator","filename":"docker.py","lineno":66}
{"timestamp":"2026-01-06T19:27:03.948421Z","level":"info","event":"Traceback (most recent call last):","logger":"airflow.task.operators.airflow.providers.docker.operators.docker.DockerOperator","filename":"docker.py","lineno":66}
{"timestamp":"2026-01-06T19:27:03.948481Z","level":"info","event":"  File \"/app/analysis_container/analysis_main.py\", line 6, in <module>","logger":"airflow.task.operators.airflow.providers.docker.operators.docker.DockerOperator","filename":"docker.py","lineno":66}
{"timestamp":"2026-01-06T19:27:03.948539Z","level":"info","event":"    from local_analysis import main_local_analysis","logger":"airflow.task.operators.airflow.providers.docker.operators.docker.DockerOperator","filename":"docker.py","lineno":66}
{"timestamp":"2026-01-06T19:27:03.948613Z","level":"info","event":"  File \"/app/analysis_container/local_analysis.py\", line 112, in <module>","logger":"airflow.task.operators.airflow.providers.docker.operators.docker.DockerOperator","filename":"docker.py","lineno":66}
{"timestamp":"2026-01-06T19:27:03.948672Z","level":"info","event":"    @pandas_udf(\"double\", PandasUDFType.SCALAR)","logger":"airflow.task.operators.airflow.providers.docker.operators.docker.DockerOperator","filename":"docker.py","lineno":66}
{"timestamp":"2026-01-06T19:27:03.948723Z","level":"info","event":"     ^^^^^^^^^^^^^^^^^^^^^^^^^^^^^^^^^^^^^^^^^^","logger":"airflow.task.operators.airflow.providers.docker.operators.docker.DockerOperator","filename":"docker.py","lineno":66}
{"timestamp":"2026-01-06T19:27:03.948762Z","level":"info","event":"  File \"/opt/venv_analysis/lib/python3.11/site-packages/pyspark/sql/pandas/functions.py\", line 480, in _create_pandas_udf","logger":"airflow.task.operators.airflow.providers.docker.operators.docker.DockerOperator","filename":"docker.py","lineno":66}
{"timestamp":"2026-01-06T19:27:03.949045Z","level":"info","event":"    return _create_udf(f, returnType, evalType)","logger":"airflow.task.operators.airflow.providers.docker.operators.docker.DockerOperator","filename":"docker.py","lineno":66}
{"timestamp":"2026-01-06T19:27:03.949153Z","level":"info","event":"           ^^^^^^^^^^^^^^^^^^^^^^^^^^^^^^^^^^^^","logger":"airflow.task.operators.airflow.providers.docker.operators.docker.DockerOperator","filename":"docker.py","lineno":66}
{"timestamp":"2026-01-06T19:27:03.949182Z","level":"info","event":"  File \"/opt/venv_analysis/lib/python3.11/site-packages/pyspark/sql/udf.py\", line 85, in _create_udf","logger":"airflow.task.operators.airflow.providers.docker.operators.docker.DockerOperator","filename":"docker.py","lineno":66}
{"timestamp":"2026-01-06T19:27:03.949971Z","level":"info","event":"    return udf_obj._wrapped()","logger":"airflow.task.operators.airflow.providers.docker.operators.docker.DockerOperator","filename":"docker.py","lineno":66}
{"timestamp":"2026-01-06T19:27:03.950075Z","level":"info","event":"           ^^^^^^^^^^^^^^^^^^","logger":"airflow.task.operators.airflow.providers.docker.operators.docker.DockerOperator","filename":"docker.py","lineno":66}
{"timestamp":"2026-01-06T19:27:03.950115Z","level":"info","event":"  File \"/opt/venv_analysis/lib/python3.11/site-packages/pyspark/sql/udf.py\", line 435, in _wrapped","logger":"airflow.task.operators.airflow.providers.docker.operators.docker.DockerOperator","filename":"docker.py","lineno":66}
{"timestamp":"2026-01-06T19:27:03.950173Z","level":"info","event":"    wrapper.returnType = self.returnType  # type: ignore[attr-defined]","logger":"airflow.task.operators.airflow.providers.docker.operators.docker.DockerOperator","filename":"docker.py","lineno":66}
{"timestamp":"2026-01-06T19:27:03.950208Z","level":"info","event":"                         ^^^^^^^^^^^^^^^","logger":"airflow.task.operators.airflow.providers.docker.operators.docker.DockerOperator","filename":"docker.py","lineno":66}
{"timestamp":"2026-01-06T19:27:03.950236Z","level":"info","event":"  File \"/opt/venv_analysis/lib/python3.11/site-packages/pyspark/sql/udf.py\", line 215, in returnType","logger":"airflow.task.operators.airflow.providers.docker.operators.docker.DockerOperator","filename":"docker.py","lineno":66}
{"timestamp":"2026-01-06T19:27:03.950448Z","level":"info","event":"    self._returnType_placeholder = _parse_datatype_string(self._returnType)","logger":"airflow.task.operators.airflow.providers.docker.operators.docker.DockerOperator","filename":"docker.py","lineno":66}
{"timestamp":"2026-01-06T19:27:03.950605Z","level":"info","event":"                                   ^^^^^^^^^^^^^^^^^^^^^^^^^^^^^^^^^^^^^^^^","logger":"airflow.task.operators.airflow.providers.docker.operators.docker.DockerOperator","filename":"docker.py","lineno":66}
{"timestamp":"2026-01-06T19:27:03.950676Z","level":"info","event":"  File \"/opt/venv_analysis/lib/python3.11/site-packages/pyspark/sql/types.py\", line 1293, in _parse_datatype_string","logger":"airflow.task.operators.airflow.providers.docker.operators.docker.DockerOperator","filename":"docker.py","lineno":66}
{"timestamp":"2026-01-06T19:27:03.952227Z","level":"info","event":"    sc = get_active_spark_context()","logger":"airflow.task.operators.airflow.providers.docker.operators.docker.DockerOperator","filename":"docker.py","lineno":66}
{"timestamp":"2026-01-06T19:27:03.952412Z","level":"info","event":"         ^^^^^^^^^^^^^^^^^^^^^^^^^^","logger":"airflow.task.operators.airflow.providers.docker.operators.docker.DockerOperator","filename":"docker.py","lineno":66}
{"timestamp":"2026-01-06T19:27:03.952513Z","level":"info","event":"  File \"/opt/venv_analysis/lib/python3.11/site-packages/pyspark/sql/utils.py\", line 248, in get_active_spark_context","logger":"airflow.task.operators.airflow.providers.docker.operators.docker.DockerOperator","filename":"docker.py","lineno":66}
{"timestamp":"2026-01-06T19:27:03.952604Z","level":"info","event":"    raise RuntimeError(\"SparkContext or SparkSession should be created first.\")","logger":"airflow.task.operators.airflow.providers.docker.operators.docker.DockerOperator","filename":"docker.py","lineno":66}
{"timestamp":"2026-01-06T19:27:03.952644Z","level":"info","event":"RuntimeError: SparkContext or SparkSession should be created first.","logger":"airflow.task.operators.airflow.providers.docker.operators.docker.DockerOperator","filename":"docker.py","lineno":66}
{"timestamp":"2026-01-06T19:27:05.583270Z","level":"error","event":"Task failed with exception","logger":"task","filename":"task_runner.py","lineno":972,"error_detail":[{"exc_type":"DockerContainerFailedException","exc_value":"Docker container failed: {'StatusCode': 1}","exc_notes":[],"syntax_error":null,"is_cause":false,"frames":[{"filename":"/home/airflow/.local/lib/python3.12/site-packages/airflow/sdk/execution_time/task_runner.py","lineno":920,"name":"run"},{"filename":"/home/airflow/.local/lib/python3.12/site-packages/airflow/sdk/execution_time/task_runner.py","lineno":1307,"name":"_execute_task"},{"filename":"/home/airflow/.local/lib/python3.12/site-packages/airflow/sdk/bases/operator.py","lineno":416,"name":"wrapper"},{"filename":"/home/airflow/.local/lib/python3.12/site-packages/airflow/providers/docker/operators/docker.py","lineno":495,"name":"execute"},{"filename":"/home/airflow/.local/lib/python3.12/site-packages/airflow/providers/docker/operators/docker.py","lineno":372,"name":"_run_image"},{"filename":"/home/airflow/.local/lib/python3.12/site-packages/airflow/providers/docker/operators/docker.py","lineno":430,"name":"_run_image_with_mounts"}],"is_group":false,"exceptions":[]}]}
