{"timestamp":"2025-12-23T09:51:59.336767Z","level":"info","event":"Filling up the DagBag from /opt/airflow/dags/scrapping_dag.py","logger":"airflow.models.dagbag.DagBag","filename":"dagbag.py","lineno":593}
{"timestamp":"2025-12-23T09:52:30.202207Z","level":"info","event":"Filling up the DagBag from /opt/airflow/dags/scrapping_dag.py","logger":"airflow.models.dagbag.DagBag","filename":"dagbag.py","lineno":593}
{"timestamp":"2025-12-23T09:53:01.286686Z","level":"info","event":"Filling up the DagBag from /opt/airflow/dags/scrapping_dag.py","logger":"airflow.models.dagbag.DagBag","filename":"dagbag.py","lineno":593}
{"timestamp":"2025-12-23T09:53:32.202058Z","level":"info","event":"Filling up the DagBag from /opt/airflow/dags/scrapping_dag.py","logger":"airflow.models.dagbag.DagBag","filename":"dagbag.py","lineno":593}
{"timestamp":"2025-12-23T09:54:03.431954Z","level":"info","event":"Filling up the DagBag from /opt/airflow/dags/scrapping_dag.py","logger":"airflow.models.dagbag.DagBag","filename":"dagbag.py","lineno":593}
{"timestamp":"2025-12-23T09:54:34.372289Z","level":"info","event":"Filling up the DagBag from /opt/airflow/dags/scrapping_dag.py","logger":"airflow.models.dagbag.DagBag","filename":"dagbag.py","lineno":593}
{"timestamp":"2025-12-23T09:55:05.440281Z","level":"info","event":"Filling up the DagBag from /opt/airflow/dags/scrapping_dag.py","logger":"airflow.models.dagbag.DagBag","filename":"dagbag.py","lineno":593}
{"timestamp":"2025-12-23T09:55:36.261970Z","level":"info","event":"Filling up the DagBag from /opt/airflow/dags/scrapping_dag.py","logger":"airflow.models.dagbag.DagBag","filename":"dagbag.py","lineno":593}
{"timestamp":"2025-12-23T09:56:07.369124Z","level":"info","event":"Filling up the DagBag from /opt/airflow/dags/scrapping_dag.py","logger":"airflow.models.dagbag.DagBag","filename":"dagbag.py","lineno":593}
{"timestamp":"2025-12-23T09:56:39.015915Z","level":"info","event":"Filling up the DagBag from /opt/airflow/dags/scrapping_dag.py","logger":"airflow.models.dagbag.DagBag","filename":"dagbag.py","lineno":593}
{"timestamp":"2025-12-23T09:57:09.915321Z","level":"info","event":"Filling up the DagBag from /opt/airflow/dags/scrapping_dag.py","logger":"airflow.models.dagbag.DagBag","filename":"dagbag.py","lineno":593}
{"timestamp":"2025-12-23T09:57:40.891054Z","level":"info","event":"Filling up the DagBag from /opt/airflow/dags/scrapping_dag.py","logger":"airflow.models.dagbag.DagBag","filename":"dagbag.py","lineno":593}
{"timestamp":"2025-12-23T09:58:11.501394Z","level":"info","event":"Filling up the DagBag from /opt/airflow/dags/scrapping_dag.py","logger":"airflow.models.dagbag.DagBag","filename":"dagbag.py","lineno":593}
{"timestamp":"2025-12-23T09:58:42.888171Z","level":"info","event":"Filling up the DagBag from /opt/airflow/dags/scrapping_dag.py","logger":"airflow.models.dagbag.DagBag","filename":"dagbag.py","lineno":593}
{"timestamp":"2025-12-23T09:59:14.264609Z","level":"info","event":"Filling up the DagBag from /opt/airflow/dags/scrapping_dag.py","logger":"airflow.models.dagbag.DagBag","filename":"dagbag.py","lineno":593}
{"timestamp":"2025-12-23T09:59:45.702423Z","level":"info","event":"Filling up the DagBag from /opt/airflow/dags/scrapping_dag.py","logger":"airflow.models.dagbag.DagBag","filename":"dagbag.py","lineno":593}
{"timestamp":"2025-12-23T10:00:17.312890Z","level":"info","event":"Filling up the DagBag from /opt/airflow/dags/scrapping_dag.py","logger":"airflow.models.dagbag.DagBag","filename":"dagbag.py","lineno":593}
{"timestamp":"2025-12-23T10:00:48.052024Z","level":"info","event":"Filling up the DagBag from /opt/airflow/dags/scrapping_dag.py","logger":"airflow.models.dagbag.DagBag","filename":"dagbag.py","lineno":593}
{"timestamp":"2025-12-23T10:01:19.677012Z","level":"info","event":"Filling up the DagBag from /opt/airflow/dags/scrapping_dag.py","logger":"airflow.models.dagbag.DagBag","filename":"dagbag.py","lineno":593}
{"timestamp":"2025-12-23T10:01:50.556238Z","level":"info","event":"Filling up the DagBag from /opt/airflow/dags/scrapping_dag.py","logger":"airflow.models.dagbag.DagBag","filename":"dagbag.py","lineno":593}
{"timestamp":"2025-12-23T10:02:21.574686Z","level":"info","event":"Filling up the DagBag from /opt/airflow/dags/scrapping_dag.py","logger":"airflow.models.dagbag.DagBag","filename":"dagbag.py","lineno":593}
{"timestamp":"2025-12-23T10:02:53.063500Z","level":"info","event":"Filling up the DagBag from /opt/airflow/dags/scrapping_dag.py","logger":"airflow.models.dagbag.DagBag","filename":"dagbag.py","lineno":593}
{"timestamp":"2025-12-23T10:03:24.718982Z","level":"info","event":"Filling up the DagBag from /opt/airflow/dags/scrapping_dag.py","logger":"airflow.models.dagbag.DagBag","filename":"dagbag.py","lineno":593}
{"timestamp":"2025-12-23T10:03:56.184213Z","level":"info","event":"Filling up the DagBag from /opt/airflow/dags/scrapping_dag.py","logger":"airflow.models.dagbag.DagBag","filename":"dagbag.py","lineno":593}
{"timestamp":"2025-12-23T10:04:26.980377Z","level":"info","event":"Filling up the DagBag from /opt/airflow/dags/scrapping_dag.py","logger":"airflow.models.dagbag.DagBag","filename":"dagbag.py","lineno":593}
{"timestamp":"2025-12-23T10:04:58.618137Z","level":"info","event":"Filling up the DagBag from /opt/airflow/dags/scrapping_dag.py","logger":"airflow.models.dagbag.DagBag","filename":"dagbag.py","lineno":593}
{"timestamp":"2025-12-23T10:05:29.363372Z","level":"info","event":"Filling up the DagBag from /opt/airflow/dags/scrapping_dag.py","logger":"airflow.models.dagbag.DagBag","filename":"dagbag.py","lineno":593}
{"timestamp":"2025-12-23T10:05:59.760669Z","level":"info","event":"Filling up the DagBag from /opt/airflow/dags/scrapping_dag.py","logger":"airflow.models.dagbag.DagBag","filename":"dagbag.py","lineno":593}
{"timestamp":"2025-12-23T10:06:30.777238Z","level":"info","event":"Filling up the DagBag from /opt/airflow/dags/scrapping_dag.py","logger":"airflow.models.dagbag.DagBag","filename":"dagbag.py","lineno":593}
{"timestamp":"2025-12-23T10:07:01.451997Z","level":"info","event":"Filling up the DagBag from /opt/airflow/dags/scrapping_dag.py","logger":"airflow.models.dagbag.DagBag","filename":"dagbag.py","lineno":593}
{"timestamp":"2025-12-23T10:07:32.231730Z","level":"info","event":"Filling up the DagBag from /opt/airflow/dags/scrapping_dag.py","logger":"airflow.models.dagbag.DagBag","filename":"dagbag.py","lineno":593}
{"timestamp":"2025-12-23T10:08:03.863322Z","level":"info","event":"Filling up the DagBag from /opt/airflow/dags/scrapping_dag.py","logger":"airflow.models.dagbag.DagBag","filename":"dagbag.py","lineno":593}
{"timestamp":"2025-12-23T10:08:34.921548Z","level":"info","event":"Filling up the DagBag from /opt/airflow/dags/scrapping_dag.py","logger":"airflow.models.dagbag.DagBag","filename":"dagbag.py","lineno":593}
{"timestamp":"2025-12-23T10:09:06.237138Z","level":"info","event":"Filling up the DagBag from /opt/airflow/dags/scrapping_dag.py","logger":"airflow.models.dagbag.DagBag","filename":"dagbag.py","lineno":593}
{"timestamp":"2025-12-23T10:09:38.893668Z","level":"info","event":"Filling up the DagBag from /opt/airflow/dags/scrapping_dag.py","logger":"airflow.models.dagbag.DagBag","filename":"dagbag.py","lineno":593}
{"timestamp":"2025-12-23T10:10:10.034396Z","level":"info","event":"Filling up the DagBag from /opt/airflow/dags/scrapping_dag.py","logger":"airflow.models.dagbag.DagBag","filename":"dagbag.py","lineno":593}
{"timestamp":"2025-12-23T10:10:41.433012Z","level":"info","event":"Filling up the DagBag from /opt/airflow/dags/scrapping_dag.py","logger":"airflow.models.dagbag.DagBag","filename":"dagbag.py","lineno":593}
{"timestamp":"2025-12-23T10:11:12.271615Z","level":"info","event":"Filling up the DagBag from /opt/airflow/dags/scrapping_dag.py","logger":"airflow.models.dagbag.DagBag","filename":"dagbag.py","lineno":593}
{"timestamp":"2025-12-23T10:11:43.371212Z","level":"info","event":"Filling up the DagBag from /opt/airflow/dags/scrapping_dag.py","logger":"airflow.models.dagbag.DagBag","filename":"dagbag.py","lineno":593}
{"timestamp":"2025-12-23T10:12:14.297101Z","level":"info","event":"Filling up the DagBag from /opt/airflow/dags/scrapping_dag.py","logger":"airflow.models.dagbag.DagBag","filename":"dagbag.py","lineno":593}
{"timestamp":"2025-12-23T10:12:45.297110Z","level":"info","event":"Filling up the DagBag from /opt/airflow/dags/scrapping_dag.py","logger":"airflow.models.dagbag.DagBag","filename":"dagbag.py","lineno":593}
{"timestamp":"2025-12-23T10:13:15.960348Z","level":"info","event":"Filling up the DagBag from /opt/airflow/dags/scrapping_dag.py","logger":"airflow.models.dagbag.DagBag","filename":"dagbag.py","lineno":593}
{"timestamp":"2025-12-23T10:13:47.667526Z","level":"info","event":"Filling up the DagBag from /opt/airflow/dags/scrapping_dag.py","logger":"airflow.models.dagbag.DagBag","filename":"dagbag.py","lineno":593}
{"timestamp":"2025-12-23T10:14:19.382927Z","level":"info","event":"Filling up the DagBag from /opt/airflow/dags/scrapping_dag.py","logger":"airflow.models.dagbag.DagBag","filename":"dagbag.py","lineno":593}
{"timestamp":"2025-12-23T10:14:51.161503Z","level":"info","event":"Filling up the DagBag from /opt/airflow/dags/scrapping_dag.py","logger":"airflow.models.dagbag.DagBag","filename":"dagbag.py","lineno":593}
{"timestamp":"2025-12-23T10:15:22.659535Z","level":"info","event":"Filling up the DagBag from /opt/airflow/dags/scrapping_dag.py","logger":"airflow.models.dagbag.DagBag","filename":"dagbag.py","lineno":593}
{"timestamp":"2025-12-23T10:15:54.166228Z","level":"info","event":"Filling up the DagBag from /opt/airflow/dags/scrapping_dag.py","logger":"airflow.models.dagbag.DagBag","filename":"dagbag.py","lineno":593}
{"timestamp":"2025-12-23T10:16:25.502491Z","level":"info","event":"Filling up the DagBag from /opt/airflow/dags/scrapping_dag.py","logger":"airflow.models.dagbag.DagBag","filename":"dagbag.py","lineno":593}
{"timestamp":"2025-12-23T10:16:56.739137Z","level":"info","event":"Filling up the DagBag from /opt/airflow/dags/scrapping_dag.py","logger":"airflow.models.dagbag.DagBag","filename":"dagbag.py","lineno":593}
{"timestamp":"2025-12-23T10:17:28.590210Z","level":"info","event":"Filling up the DagBag from /opt/airflow/dags/scrapping_dag.py","logger":"airflow.models.dagbag.DagBag","filename":"dagbag.py","lineno":593}
{"timestamp":"2025-12-23T10:17:59.707840Z","level":"info","event":"Filling up the DagBag from /opt/airflow/dags/scrapping_dag.py","logger":"airflow.models.dagbag.DagBag","filename":"dagbag.py","lineno":593}
{"timestamp":"2025-12-23T10:18:31.761248Z","level":"info","event":"Filling up the DagBag from /opt/airflow/dags/scrapping_dag.py","logger":"airflow.models.dagbag.DagBag","filename":"dagbag.py","lineno":593}
{"timestamp":"2025-12-23T10:19:02.851223Z","level":"info","event":"Filling up the DagBag from /opt/airflow/dags/scrapping_dag.py","logger":"airflow.models.dagbag.DagBag","filename":"dagbag.py","lineno":593}
{"timestamp":"2025-12-23T10:19:33.655557Z","level":"info","event":"Filling up the DagBag from /opt/airflow/dags/scrapping_dag.py","logger":"airflow.models.dagbag.DagBag","filename":"dagbag.py","lineno":593}
{"timestamp":"2025-12-23T10:20:04.613147Z","level":"info","event":"Filling up the DagBag from /opt/airflow/dags/scrapping_dag.py","logger":"airflow.models.dagbag.DagBag","filename":"dagbag.py","lineno":593}
{"timestamp":"2025-12-23T10:20:35.387450Z","level":"info","event":"Filling up the DagBag from /opt/airflow/dags/scrapping_dag.py","logger":"airflow.models.dagbag.DagBag","filename":"dagbag.py","lineno":593}
{"timestamp":"2025-12-23T10:21:06.819819Z","level":"info","event":"Filling up the DagBag from /opt/airflow/dags/scrapping_dag.py","logger":"airflow.models.dagbag.DagBag","filename":"dagbag.py","lineno":593}
{"timestamp":"2025-12-23T10:21:37.402206Z","level":"info","event":"Filling up the DagBag from /opt/airflow/dags/scrapping_dag.py","logger":"airflow.models.dagbag.DagBag","filename":"dagbag.py","lineno":593}
{"timestamp":"2025-12-23T10:22:08.743411Z","level":"info","event":"Filling up the DagBag from /opt/airflow/dags/scrapping_dag.py","logger":"airflow.models.dagbag.DagBag","filename":"dagbag.py","lineno":593}
{"timestamp":"2025-12-23T10:22:40.172619Z","level":"info","event":"Filling up the DagBag from /opt/airflow/dags/scrapping_dag.py","logger":"airflow.models.dagbag.DagBag","filename":"dagbag.py","lineno":593}
{"timestamp":"2025-12-23T10:23:12.025000Z","level":"info","event":"Filling up the DagBag from /opt/airflow/dags/scrapping_dag.py","logger":"airflow.models.dagbag.DagBag","filename":"dagbag.py","lineno":593}
{"timestamp":"2025-12-23T10:23:43.493288Z","level":"info","event":"Filling up the DagBag from /opt/airflow/dags/scrapping_dag.py","logger":"airflow.models.dagbag.DagBag","filename":"dagbag.py","lineno":593}
{"timestamp":"2025-12-23T10:24:14.709345Z","level":"info","event":"Filling up the DagBag from /opt/airflow/dags/scrapping_dag.py","logger":"airflow.models.dagbag.DagBag","filename":"dagbag.py","lineno":593}
{"timestamp":"2025-12-23T10:24:45.379690Z","level":"info","event":"Filling up the DagBag from /opt/airflow/dags/scrapping_dag.py","logger":"airflow.models.dagbag.DagBag","filename":"dagbag.py","lineno":593}
{"timestamp":"2025-12-23T10:25:16.935027Z","level":"info","event":"Filling up the DagBag from /opt/airflow/dags/scrapping_dag.py","logger":"airflow.models.dagbag.DagBag","filename":"dagbag.py","lineno":593}
{"timestamp":"2025-12-23T10:25:48.098246Z","level":"info","event":"Filling up the DagBag from /opt/airflow/dags/scrapping_dag.py","logger":"airflow.models.dagbag.DagBag","filename":"dagbag.py","lineno":593}
{"timestamp":"2025-12-23T10:26:19.153413Z","level":"info","event":"Filling up the DagBag from /opt/airflow/dags/scrapping_dag.py","logger":"airflow.models.dagbag.DagBag","filename":"dagbag.py","lineno":593}
{"timestamp":"2025-12-23T10:26:50.123890Z","level":"info","event":"Filling up the DagBag from /opt/airflow/dags/scrapping_dag.py","logger":"airflow.models.dagbag.DagBag","filename":"dagbag.py","lineno":593}
{"timestamp":"2025-12-23T10:27:20.837536Z","level":"info","event":"Filling up the DagBag from /opt/airflow/dags/scrapping_dag.py","logger":"airflow.models.dagbag.DagBag","filename":"dagbag.py","lineno":593}
{"timestamp":"2025-12-23T10:27:52.248999Z","level":"info","event":"Filling up the DagBag from /opt/airflow/dags/scrapping_dag.py","logger":"airflow.models.dagbag.DagBag","filename":"dagbag.py","lineno":593}
{"timestamp":"2025-12-23T10:28:23.175755Z","level":"info","event":"Filling up the DagBag from /opt/airflow/dags/scrapping_dag.py","logger":"airflow.models.dagbag.DagBag","filename":"dagbag.py","lineno":593}
{"timestamp":"2025-12-23T10:37:37.364749Z","level":"info","event":"Filling up the DagBag from /opt/airflow/dags/scrapping_dag.py","logger":"airflow.models.dagbag.DagBag","filename":"dagbag.py","lineno":593}
{"timestamp":"2025-12-23T10:38:09.356524Z","level":"info","event":"Filling up the DagBag from /opt/airflow/dags/scrapping_dag.py","logger":"airflow.models.dagbag.DagBag","filename":"dagbag.py","lineno":593}
{"timestamp":"2025-12-23T10:38:39.990147Z","level":"info","event":"Filling up the DagBag from /opt/airflow/dags/scrapping_dag.py","logger":"airflow.models.dagbag.DagBag","filename":"dagbag.py","lineno":593}
{"timestamp":"2025-12-23T13:38:12.753147Z","level":"info","event":"Filling up the DagBag from /opt/airflow/dags/scrapping_dag.py","logger":"airflow.models.dagbag.DagBag","filename":"dagbag.py","lineno":593}
{"timestamp":"2025-12-23T13:38:45.463457Z","level":"info","event":"Filling up the DagBag from /opt/airflow/dags/scrapping_dag.py","logger":"airflow.models.dagbag.DagBag","filename":"dagbag.py","lineno":593}
{"timestamp":"2025-12-23T13:39:16.213989Z","level":"info","event":"Filling up the DagBag from /opt/airflow/dags/scrapping_dag.py","logger":"airflow.models.dagbag.DagBag","filename":"dagbag.py","lineno":593}
{"timestamp":"2025-12-23T13:39:46.918685Z","level":"info","event":"Filling up the DagBag from /opt/airflow/dags/scrapping_dag.py","logger":"airflow.models.dagbag.DagBag","filename":"dagbag.py","lineno":593}
{"timestamp":"2025-12-23T13:44:32.107565Z","level":"info","event":"Filling up the DagBag from /opt/airflow/dags/scrapping_dag.py","logger":"airflow.models.dagbag.DagBag","filename":"dagbag.py","lineno":593}
{"timestamp":"2025-12-23T13:45:04.958371Z","level":"info","event":"Filling up the DagBag from /opt/airflow/dags/scrapping_dag.py","logger":"airflow.models.dagbag.DagBag","filename":"dagbag.py","lineno":593}
{"timestamp":"2025-12-23T13:45:35.912608Z","level":"info","event":"Filling up the DagBag from /opt/airflow/dags/scrapping_dag.py","logger":"airflow.models.dagbag.DagBag","filename":"dagbag.py","lineno":593}
{"timestamp":"2025-12-23T13:46:07.395320Z","level":"info","event":"Filling up the DagBag from /opt/airflow/dags/scrapping_dag.py","logger":"airflow.models.dagbag.DagBag","filename":"dagbag.py","lineno":593}
{"timestamp":"2025-12-23T13:46:38.051114Z","level":"info","event":"Filling up the DagBag from /opt/airflow/dags/scrapping_dag.py","logger":"airflow.models.dagbag.DagBag","filename":"dagbag.py","lineno":593}
{"timestamp":"2025-12-23T13:47:08.573338Z","level":"info","event":"Filling up the DagBag from /opt/airflow/dags/scrapping_dag.py","logger":"airflow.models.dagbag.DagBag","filename":"dagbag.py","lineno":593}
{"timestamp":"2025-12-23T13:47:39.285780Z","level":"info","event":"Filling up the DagBag from /opt/airflow/dags/scrapping_dag.py","logger":"airflow.models.dagbag.DagBag","filename":"dagbag.py","lineno":593}
{"timestamp":"2025-12-23T13:48:10.082897Z","level":"info","event":"Filling up the DagBag from /opt/airflow/dags/scrapping_dag.py","logger":"airflow.models.dagbag.DagBag","filename":"dagbag.py","lineno":593}
{"timestamp":"2025-12-23T13:48:40.577475Z","level":"info","event":"Filling up the DagBag from /opt/airflow/dags/scrapping_dag.py","logger":"airflow.models.dagbag.DagBag","filename":"dagbag.py","lineno":593}
{"timestamp":"2025-12-23T13:49:11.117220Z","level":"info","event":"Filling up the DagBag from /opt/airflow/dags/scrapping_dag.py","logger":"airflow.models.dagbag.DagBag","filename":"dagbag.py","lineno":593}
{"timestamp":"2025-12-23T13:49:42.850291Z","level":"info","event":"Filling up the DagBag from /opt/airflow/dags/scrapping_dag.py","logger":"airflow.models.dagbag.DagBag","filename":"dagbag.py","lineno":593}
{"timestamp":"2025-12-23T13:50:13.370240Z","level":"info","event":"Filling up the DagBag from /opt/airflow/dags/scrapping_dag.py","logger":"airflow.models.dagbag.DagBag","filename":"dagbag.py","lineno":593}
{"timestamp":"2025-12-23T13:50:44.058661Z","level":"info","event":"Filling up the DagBag from /opt/airflow/dags/scrapping_dag.py","logger":"airflow.models.dagbag.DagBag","filename":"dagbag.py","lineno":593}
{"timestamp":"2025-12-23T13:51:14.855356Z","level":"info","event":"Filling up the DagBag from /opt/airflow/dags/scrapping_dag.py","logger":"airflow.models.dagbag.DagBag","filename":"dagbag.py","lineno":593}
{"timestamp":"2025-12-23T13:51:45.638648Z","level":"info","event":"Filling up the DagBag from /opt/airflow/dags/scrapping_dag.py","logger":"airflow.models.dagbag.DagBag","filename":"dagbag.py","lineno":593}
{"timestamp":"2025-12-23T13:52:16.391447Z","level":"info","event":"Filling up the DagBag from /opt/airflow/dags/scrapping_dag.py","logger":"airflow.models.dagbag.DagBag","filename":"dagbag.py","lineno":593}
{"timestamp":"2025-12-23T13:52:47.008374Z","level":"info","event":"Filling up the DagBag from /opt/airflow/dags/scrapping_dag.py","logger":"airflow.models.dagbag.DagBag","filename":"dagbag.py","lineno":593}
{"timestamp":"2025-12-23T13:53:17.658216Z","level":"info","event":"Filling up the DagBag from /opt/airflow/dags/scrapping_dag.py","logger":"airflow.models.dagbag.DagBag","filename":"dagbag.py","lineno":593}
{"timestamp":"2025-12-23T13:53:49.005383Z","level":"info","event":"Filling up the DagBag from /opt/airflow/dags/scrapping_dag.py","logger":"airflow.models.dagbag.DagBag","filename":"dagbag.py","lineno":593}
{"timestamp":"2025-12-23T13:54:20.146075Z","level":"info","event":"Filling up the DagBag from /opt/airflow/dags/scrapping_dag.py","logger":"airflow.models.dagbag.DagBag","filename":"dagbag.py","lineno":593}
{"timestamp":"2025-12-23T13:54:51.428641Z","level":"info","event":"Filling up the DagBag from /opt/airflow/dags/scrapping_dag.py","logger":"airflow.models.dagbag.DagBag","filename":"dagbag.py","lineno":593}
{"timestamp":"2025-12-23T13:55:22.494985Z","level":"info","event":"Filling up the DagBag from /opt/airflow/dags/scrapping_dag.py","logger":"airflow.models.dagbag.DagBag","filename":"dagbag.py","lineno":593}
{"timestamp":"2025-12-23T13:55:53.461753Z","level":"info","event":"Filling up the DagBag from /opt/airflow/dags/scrapping_dag.py","logger":"airflow.models.dagbag.DagBag","filename":"dagbag.py","lineno":593}
{"timestamp":"2025-12-23T13:56:24.772087Z","level":"info","event":"Filling up the DagBag from /opt/airflow/dags/scrapping_dag.py","logger":"airflow.models.dagbag.DagBag","filename":"dagbag.py","lineno":593}
{"timestamp":"2025-12-23T13:57:07.243112Z","level":"error","event":"Process timed out, PID: 497","logger":"airflow.models.dagbag","filename":"dagbag.py","lineno":134}
{"timestamp":"2025-12-23T13:57:07.252335Z","level":"error","event":"Exception ignored in: <function WeakSet.__init__.<locals>._remove at 0x75510efd98a0>","logger":"task.stderr"}
{"timestamp":"2025-12-23T13:57:07.252652Z","level":"error","event":"Traceback (most recent call last):","logger":"task.stderr"}
{"timestamp":"2025-12-23T13:57:07.252926Z","level":"error","event":"  File \"/usr/python/lib/python3.12/_weakrefset.py\", line 39, in _remove","logger":"task.stderr"}
{"timestamp":"2025-12-23T13:57:07.253157Z","level":"error","event":"    def _remove(item, selfref=ref(self)):","logger":"task.stderr"}
{"timestamp":"2025-12-23T13:57:07.253413Z","level":"error","event":"","logger":"task.stderr"}
{"timestamp":"2025-12-23T13:57:07.253748Z","level":"error","event":"  File \"/home/airflow/.local/lib/python3.12/site-packages/airflow/models/dagbag.py\", line 135, in handle_timeout","logger":"task.stderr"}
{"timestamp":"2025-12-23T13:57:07.254057Z","level":"error","event":"    raise AirflowTaskTimeout(error_message)","logger":"task.stderr"}
{"timestamp":"2025-12-23T13:57:07.254354Z","level":"error","event":"airflow.exceptions.AirflowTaskTimeout: DagBag import timeout for /opt/airflow/dags/scrapping_dag.py after 30.0s.","logger":"task.stderr"}
{"timestamp":"2025-12-23T13:57:07.254683Z","level":"error","event":"Please take a look at these docs to improve your DAG import time:","logger":"task.stderr"}
{"timestamp":"2025-12-23T13:57:07.255047Z","level":"error","event":"* https://airflow.apache.org/docs/apache-airflow/3.1.0/best-practices.html#top-level-python-code","logger":"task.stderr"}
{"timestamp":"2025-12-23T13:57:07.255297Z","level":"error","event":"* https://airflow.apache.org/docs/apache-airflow/3.1.0/best-practices.html#reducing-dag-complexity, PID: 497","logger":"task.stderr"}
{"timestamp":"2025-12-23T13:57:38.232382Z","level":"info","event":"Filling up the DagBag from /opt/airflow/dags/scrapping_dag.py","logger":"airflow.models.dagbag.DagBag","filename":"dagbag.py","lineno":593}
{"timestamp":"2025-12-23T13:58:09.737761Z","level":"info","event":"Filling up the DagBag from /opt/airflow/dags/scrapping_dag.py","logger":"airflow.models.dagbag.DagBag","filename":"dagbag.py","lineno":593}
{"timestamp":"2025-12-23T13:58:41.261853Z","level":"info","event":"Filling up the DagBag from /opt/airflow/dags/scrapping_dag.py","logger":"airflow.models.dagbag.DagBag","filename":"dagbag.py","lineno":593}
{"timestamp":"2025-12-23T13:59:12.549949Z","level":"info","event":"Filling up the DagBag from /opt/airflow/dags/scrapping_dag.py","logger":"airflow.models.dagbag.DagBag","filename":"dagbag.py","lineno":593}
{"timestamp":"2025-12-23T13:59:44.018217Z","level":"info","event":"Filling up the DagBag from /opt/airflow/dags/scrapping_dag.py","logger":"airflow.models.dagbag.DagBag","filename":"dagbag.py","lineno":593}
{"timestamp":"2025-12-23T14:00:15.405902Z","level":"info","event":"Filling up the DagBag from /opt/airflow/dags/scrapping_dag.py","logger":"airflow.models.dagbag.DagBag","filename":"dagbag.py","lineno":593}
{"timestamp":"2025-12-23T14:00:46.114412Z","level":"info","event":"Filling up the DagBag from /opt/airflow/dags/scrapping_dag.py","logger":"airflow.models.dagbag.DagBag","filename":"dagbag.py","lineno":593}
{"timestamp":"2025-12-23T14:01:17.363561Z","level":"info","event":"Filling up the DagBag from /opt/airflow/dags/scrapping_dag.py","logger":"airflow.models.dagbag.DagBag","filename":"dagbag.py","lineno":593}
{"timestamp":"2025-12-23T14:01:48.017948Z","level":"info","event":"Filling up the DagBag from /opt/airflow/dags/scrapping_dag.py","logger":"airflow.models.dagbag.DagBag","filename":"dagbag.py","lineno":593}
{"timestamp":"2025-12-23T14:02:19.215249Z","level":"info","event":"Filling up the DagBag from /opt/airflow/dags/scrapping_dag.py","logger":"airflow.models.dagbag.DagBag","filename":"dagbag.py","lineno":593}
{"timestamp":"2025-12-23T14:02:50.722838Z","level":"info","event":"Filling up the DagBag from /opt/airflow/dags/scrapping_dag.py","logger":"airflow.models.dagbag.DagBag","filename":"dagbag.py","lineno":593}
{"timestamp":"2025-12-23T14:03:22.220186Z","level":"info","event":"Filling up the DagBag from /opt/airflow/dags/scrapping_dag.py","logger":"airflow.models.dagbag.DagBag","filename":"dagbag.py","lineno":593}
{"timestamp":"2025-12-23T14:03:53.320303Z","level":"info","event":"Filling up the DagBag from /opt/airflow/dags/scrapping_dag.py","logger":"airflow.models.dagbag.DagBag","filename":"dagbag.py","lineno":593}
{"timestamp":"2025-12-23T14:04:24.519003Z","level":"info","event":"Filling up the DagBag from /opt/airflow/dags/scrapping_dag.py","logger":"airflow.models.dagbag.DagBag","filename":"dagbag.py","lineno":593}
{"timestamp":"2025-12-23T14:04:55.720406Z","level":"info","event":"Filling up the DagBag from /opt/airflow/dags/scrapping_dag.py","logger":"airflow.models.dagbag.DagBag","filename":"dagbag.py","lineno":593}
{"timestamp":"2025-12-23T14:05:26.950784Z","level":"info","event":"Filling up the DagBag from /opt/airflow/dags/scrapping_dag.py","logger":"airflow.models.dagbag.DagBag","filename":"dagbag.py","lineno":593}
{"timestamp":"2025-12-23T14:05:58.117037Z","level":"info","event":"Filling up the DagBag from /opt/airflow/dags/scrapping_dag.py","logger":"airflow.models.dagbag.DagBag","filename":"dagbag.py","lineno":593}
{"timestamp":"2025-12-23T14:06:29.659193Z","level":"info","event":"Filling up the DagBag from /opt/airflow/dags/scrapping_dag.py","logger":"airflow.models.dagbag.DagBag","filename":"dagbag.py","lineno":593}
{"timestamp":"2025-12-23T14:07:01.671934Z","level":"info","event":"Filling up the DagBag from /opt/airflow/dags/scrapping_dag.py","logger":"airflow.models.dagbag.DagBag","filename":"dagbag.py","lineno":593}
{"timestamp":"2025-12-23T14:07:32.648492Z","level":"info","event":"Filling up the DagBag from /opt/airflow/dags/scrapping_dag.py","logger":"airflow.models.dagbag.DagBag","filename":"dagbag.py","lineno":593}
{"timestamp":"2025-12-23T14:08:03.685081Z","level":"info","event":"Filling up the DagBag from /opt/airflow/dags/scrapping_dag.py","logger":"airflow.models.dagbag.DagBag","filename":"dagbag.py","lineno":593}
{"timestamp":"2025-12-23T14:08:35.028791Z","level":"info","event":"Filling up the DagBag from /opt/airflow/dags/scrapping_dag.py","logger":"airflow.models.dagbag.DagBag","filename":"dagbag.py","lineno":593}
{"timestamp":"2025-12-23T14:09:06.167404Z","level":"info","event":"Filling up the DagBag from /opt/airflow/dags/scrapping_dag.py","logger":"airflow.models.dagbag.DagBag","filename":"dagbag.py","lineno":593}
{"timestamp":"2025-12-23T14:09:37.215809Z","level":"info","event":"Filling up the DagBag from /opt/airflow/dags/scrapping_dag.py","logger":"airflow.models.dagbag.DagBag","filename":"dagbag.py","lineno":593}
{"timestamp":"2025-12-23T14:10:08.409469Z","level":"info","event":"Filling up the DagBag from /opt/airflow/dags/scrapping_dag.py","logger":"airflow.models.dagbag.DagBag","filename":"dagbag.py","lineno":593}
{"timestamp":"2025-12-23T14:10:39.470952Z","level":"info","event":"Filling up the DagBag from /opt/airflow/dags/scrapping_dag.py","logger":"airflow.models.dagbag.DagBag","filename":"dagbag.py","lineno":593}
{"timestamp":"2025-12-23T14:11:10.601371Z","level":"info","event":"Filling up the DagBag from /opt/airflow/dags/scrapping_dag.py","logger":"airflow.models.dagbag.DagBag","filename":"dagbag.py","lineno":593}
{"timestamp":"2025-12-23T14:11:41.962743Z","level":"info","event":"Filling up the DagBag from /opt/airflow/dags/scrapping_dag.py","logger":"airflow.models.dagbag.DagBag","filename":"dagbag.py","lineno":593}
{"timestamp":"2025-12-23T14:12:12.947553Z","level":"info","event":"Filling up the DagBag from /opt/airflow/dags/scrapping_dag.py","logger":"airflow.models.dagbag.DagBag","filename":"dagbag.py","lineno":593}
{"timestamp":"2025-12-23T14:12:44.344768Z","level":"info","event":"Filling up the DagBag from /opt/airflow/dags/scrapping_dag.py","logger":"airflow.models.dagbag.DagBag","filename":"dagbag.py","lineno":593}
{"timestamp":"2025-12-23T14:13:16.140290Z","level":"info","event":"Filling up the DagBag from /opt/airflow/dags/scrapping_dag.py","logger":"airflow.models.dagbag.DagBag","filename":"dagbag.py","lineno":593}
{"timestamp":"2025-12-23T14:13:51.610462Z","level":"info","event":"Filling up the DagBag from /opt/airflow/dags/scrapping_dag.py","logger":"airflow.models.dagbag.DagBag","filename":"dagbag.py","lineno":593}
{"timestamp":"2025-12-23T14:14:22.446893Z","level":"info","event":"Filling up the DagBag from /opt/airflow/dags/scrapping_dag.py","logger":"airflow.models.dagbag.DagBag","filename":"dagbag.py","lineno":593}
{"timestamp":"2025-12-23T14:14:53.771481Z","level":"info","event":"Filling up the DagBag from /opt/airflow/dags/scrapping_dag.py","logger":"airflow.models.dagbag.DagBag","filename":"dagbag.py","lineno":593}
{"timestamp":"2025-12-23T14:15:25.087062Z","level":"info","event":"Filling up the DagBag from /opt/airflow/dags/scrapping_dag.py","logger":"airflow.models.dagbag.DagBag","filename":"dagbag.py","lineno":593}
{"timestamp":"2025-12-23T14:15:56.572736Z","level":"info","event":"Filling up the DagBag from /opt/airflow/dags/scrapping_dag.py","logger":"airflow.models.dagbag.DagBag","filename":"dagbag.py","lineno":593}
{"timestamp":"2025-12-23T14:16:27.485416Z","level":"info","event":"Filling up the DagBag from /opt/airflow/dags/scrapping_dag.py","logger":"airflow.models.dagbag.DagBag","filename":"dagbag.py","lineno":593}
{"timestamp":"2025-12-23T14:16:58.525340Z","level":"info","event":"Filling up the DagBag from /opt/airflow/dags/scrapping_dag.py","logger":"airflow.models.dagbag.DagBag","filename":"dagbag.py","lineno":593}
{"timestamp":"2025-12-23T14:17:29.616843Z","level":"info","event":"Filling up the DagBag from /opt/airflow/dags/scrapping_dag.py","logger":"airflow.models.dagbag.DagBag","filename":"dagbag.py","lineno":593}
{"timestamp":"2025-12-23T14:18:00.977234Z","level":"info","event":"Filling up the DagBag from /opt/airflow/dags/scrapping_dag.py","logger":"airflow.models.dagbag.DagBag","filename":"dagbag.py","lineno":593}
{"timestamp":"2025-12-23T14:18:31.993589Z","level":"info","event":"Filling up the DagBag from /opt/airflow/dags/scrapping_dag.py","logger":"airflow.models.dagbag.DagBag","filename":"dagbag.py","lineno":593}
{"timestamp":"2025-12-23T14:19:02.901449Z","level":"info","event":"Filling up the DagBag from /opt/airflow/dags/scrapping_dag.py","logger":"airflow.models.dagbag.DagBag","filename":"dagbag.py","lineno":593}
{"timestamp":"2025-12-23T14:19:33.693798Z","level":"info","event":"Filling up the DagBag from /opt/airflow/dags/scrapping_dag.py","logger":"airflow.models.dagbag.DagBag","filename":"dagbag.py","lineno":593}
{"timestamp":"2025-12-23T14:20:04.620452Z","level":"info","event":"Filling up the DagBag from /opt/airflow/dags/scrapping_dag.py","logger":"airflow.models.dagbag.DagBag","filename":"dagbag.py","lineno":593}
{"timestamp":"2025-12-23T14:20:35.537327Z","level":"info","event":"Filling up the DagBag from /opt/airflow/dags/scrapping_dag.py","logger":"airflow.models.dagbag.DagBag","filename":"dagbag.py","lineno":593}
{"timestamp":"2025-12-23T14:21:06.379549Z","level":"info","event":"Filling up the DagBag from /opt/airflow/dags/scrapping_dag.py","logger":"airflow.models.dagbag.DagBag","filename":"dagbag.py","lineno":593}
{"timestamp":"2025-12-23T14:21:37.259440Z","level":"info","event":"Filling up the DagBag from /opt/airflow/dags/scrapping_dag.py","logger":"airflow.models.dagbag.DagBag","filename":"dagbag.py","lineno":593}
{"timestamp":"2025-12-23T14:22:08.231228Z","level":"info","event":"Filling up the DagBag from /opt/airflow/dags/scrapping_dag.py","logger":"airflow.models.dagbag.DagBag","filename":"dagbag.py","lineno":593}
{"timestamp":"2025-12-23T14:22:39.483267Z","level":"info","event":"Filling up the DagBag from /opt/airflow/dags/scrapping_dag.py","logger":"airflow.models.dagbag.DagBag","filename":"dagbag.py","lineno":593}
{"timestamp":"2025-12-23T14:23:10.844297Z","level":"info","event":"Filling up the DagBag from /opt/airflow/dags/scrapping_dag.py","logger":"airflow.models.dagbag.DagBag","filename":"dagbag.py","lineno":593}
{"timestamp":"2025-12-23T14:23:41.459695Z","level":"info","event":"Filling up the DagBag from /opt/airflow/dags/scrapping_dag.py","logger":"airflow.models.dagbag.DagBag","filename":"dagbag.py","lineno":593}
{"timestamp":"2025-12-23T14:24:12.521322Z","level":"info","event":"Filling up the DagBag from /opt/airflow/dags/scrapping_dag.py","logger":"airflow.models.dagbag.DagBag","filename":"dagbag.py","lineno":593}
{"timestamp":"2025-12-23T14:24:43.088314Z","level":"info","event":"Filling up the DagBag from /opt/airflow/dags/scrapping_dag.py","logger":"airflow.models.dagbag.DagBag","filename":"dagbag.py","lineno":593}
{"timestamp":"2025-12-23T14:25:14.163067Z","level":"info","event":"Filling up the DagBag from /opt/airflow/dags/scrapping_dag.py","logger":"airflow.models.dagbag.DagBag","filename":"dagbag.py","lineno":593}
{"timestamp":"2025-12-23T14:25:45.121749Z","level":"info","event":"Filling up the DagBag from /opt/airflow/dags/scrapping_dag.py","logger":"airflow.models.dagbag.DagBag","filename":"dagbag.py","lineno":593}
{"timestamp":"2025-12-23T14:26:16.515361Z","level":"info","event":"Filling up the DagBag from /opt/airflow/dags/scrapping_dag.py","logger":"airflow.models.dagbag.DagBag","filename":"dagbag.py","lineno":593}
{"timestamp":"2025-12-23T14:26:47.437738Z","level":"info","event":"Filling up the DagBag from /opt/airflow/dags/scrapping_dag.py","logger":"airflow.models.dagbag.DagBag","filename":"dagbag.py","lineno":593}
{"timestamp":"2025-12-23T14:27:18.616751Z","level":"info","event":"Filling up the DagBag from /opt/airflow/dags/scrapping_dag.py","logger":"airflow.models.dagbag.DagBag","filename":"dagbag.py","lineno":593}
{"timestamp":"2025-12-23T14:27:49.443771Z","level":"info","event":"Filling up the DagBag from /opt/airflow/dags/scrapping_dag.py","logger":"airflow.models.dagbag.DagBag","filename":"dagbag.py","lineno":593}
{"timestamp":"2025-12-23T14:28:20.892069Z","level":"info","event":"Filling up the DagBag from /opt/airflow/dags/scrapping_dag.py","logger":"airflow.models.dagbag.DagBag","filename":"dagbag.py","lineno":593}
{"timestamp":"2025-12-23T14:28:51.999513Z","level":"info","event":"Filling up the DagBag from /opt/airflow/dags/scrapping_dag.py","logger":"airflow.models.dagbag.DagBag","filename":"dagbag.py","lineno":593}
{"timestamp":"2025-12-23T14:29:23.051682Z","level":"info","event":"Filling up the DagBag from /opt/airflow/dags/scrapping_dag.py","logger":"airflow.models.dagbag.DagBag","filename":"dagbag.py","lineno":593}
{"timestamp":"2025-12-23T14:29:54.072826Z","level":"info","event":"Filling up the DagBag from /opt/airflow/dags/scrapping_dag.py","logger":"airflow.models.dagbag.DagBag","filename":"dagbag.py","lineno":593}
{"timestamp":"2025-12-23T14:30:25.046337Z","level":"info","event":"Filling up the DagBag from /opt/airflow/dags/scrapping_dag.py","logger":"airflow.models.dagbag.DagBag","filename":"dagbag.py","lineno":593}
{"timestamp":"2025-12-23T14:30:56.000017Z","level":"info","event":"Filling up the DagBag from /opt/airflow/dags/scrapping_dag.py","logger":"airflow.models.dagbag.DagBag","filename":"dagbag.py","lineno":593}
{"timestamp":"2025-12-23T14:31:27.166299Z","level":"info","event":"Filling up the DagBag from /opt/airflow/dags/scrapping_dag.py","logger":"airflow.models.dagbag.DagBag","filename":"dagbag.py","lineno":593}
{"timestamp":"2025-12-23T14:31:58.342875Z","level":"info","event":"Filling up the DagBag from /opt/airflow/dags/scrapping_dag.py","logger":"airflow.models.dagbag.DagBag","filename":"dagbag.py","lineno":593}
{"timestamp":"2025-12-23T14:32:29.609924Z","level":"info","event":"Filling up the DagBag from /opt/airflow/dags/scrapping_dag.py","logger":"airflow.models.dagbag.DagBag","filename":"dagbag.py","lineno":593}
{"timestamp":"2025-12-23T14:33:01.019570Z","level":"info","event":"Filling up the DagBag from /opt/airflow/dags/scrapping_dag.py","logger":"airflow.models.dagbag.DagBag","filename":"dagbag.py","lineno":593}
{"timestamp":"2025-12-23T14:33:31.952782Z","level":"info","event":"Filling up the DagBag from /opt/airflow/dags/scrapping_dag.py","logger":"airflow.models.dagbag.DagBag","filename":"dagbag.py","lineno":593}
{"timestamp":"2025-12-23T14:34:02.667771Z","level":"info","event":"Filling up the DagBag from /opt/airflow/dags/scrapping_dag.py","logger":"airflow.models.dagbag.DagBag","filename":"dagbag.py","lineno":593}
{"timestamp":"2025-12-23T14:34:33.660820Z","level":"info","event":"Filling up the DagBag from /opt/airflow/dags/scrapping_dag.py","logger":"airflow.models.dagbag.DagBag","filename":"dagbag.py","lineno":593}
{"timestamp":"2025-12-23T14:35:04.469448Z","level":"info","event":"Filling up the DagBag from /opt/airflow/dags/scrapping_dag.py","logger":"airflow.models.dagbag.DagBag","filename":"dagbag.py","lineno":593}
{"timestamp":"2025-12-23T14:35:35.425527Z","level":"info","event":"Filling up the DagBag from /opt/airflow/dags/scrapping_dag.py","logger":"airflow.models.dagbag.DagBag","filename":"dagbag.py","lineno":593}
{"timestamp":"2025-12-23T14:36:06.379193Z","level":"info","event":"Filling up the DagBag from /opt/airflow/dags/scrapping_dag.py","logger":"airflow.models.dagbag.DagBag","filename":"dagbag.py","lineno":593}
{"timestamp":"2025-12-23T14:36:37.521476Z","level":"info","event":"Filling up the DagBag from /opt/airflow/dags/scrapping_dag.py","logger":"airflow.models.dagbag.DagBag","filename":"dagbag.py","lineno":593}
{"timestamp":"2025-12-23T14:37:08.688985Z","level":"info","event":"Filling up the DagBag from /opt/airflow/dags/scrapping_dag.py","logger":"airflow.models.dagbag.DagBag","filename":"dagbag.py","lineno":593}
{"timestamp":"2025-12-23T14:37:39.111803Z","level":"info","event":"Filling up the DagBag from /opt/airflow/dags/scrapping_dag.py","logger":"airflow.models.dagbag.DagBag","filename":"dagbag.py","lineno":593}
{"timestamp":"2025-12-23T14:38:10.229701Z","level":"info","event":"Filling up the DagBag from /opt/airflow/dags/scrapping_dag.py","logger":"airflow.models.dagbag.DagBag","filename":"dagbag.py","lineno":593}
{"timestamp":"2025-12-23T14:38:40.869991Z","level":"info","event":"Filling up the DagBag from /opt/airflow/dags/scrapping_dag.py","logger":"airflow.models.dagbag.DagBag","filename":"dagbag.py","lineno":593}
{"timestamp":"2025-12-23T14:39:12.298477Z","level":"info","event":"Filling up the DagBag from /opt/airflow/dags/scrapping_dag.py","logger":"airflow.models.dagbag.DagBag","filename":"dagbag.py","lineno":593}
{"timestamp":"2025-12-23T14:39:43.548003Z","level":"info","event":"Filling up the DagBag from /opt/airflow/dags/scrapping_dag.py","logger":"airflow.models.dagbag.DagBag","filename":"dagbag.py","lineno":593}
{"timestamp":"2025-12-23T14:40:14.857500Z","level":"info","event":"Filling up the DagBag from /opt/airflow/dags/scrapping_dag.py","logger":"airflow.models.dagbag.DagBag","filename":"dagbag.py","lineno":593}
{"timestamp":"2025-12-23T14:40:46.254503Z","level":"info","event":"Filling up the DagBag from /opt/airflow/dags/scrapping_dag.py","logger":"airflow.models.dagbag.DagBag","filename":"dagbag.py","lineno":593}
{"timestamp":"2025-12-23T14:41:17.594414Z","level":"info","event":"Filling up the DagBag from /opt/airflow/dags/scrapping_dag.py","logger":"airflow.models.dagbag.DagBag","filename":"dagbag.py","lineno":593}
{"timestamp":"2025-12-23T14:41:48.856285Z","level":"info","event":"Filling up the DagBag from /opt/airflow/dags/scrapping_dag.py","logger":"airflow.models.dagbag.DagBag","filename":"dagbag.py","lineno":593}
{"timestamp":"2025-12-23T14:42:19.986537Z","level":"info","event":"Filling up the DagBag from /opt/airflow/dags/scrapping_dag.py","logger":"airflow.models.dagbag.DagBag","filename":"dagbag.py","lineno":593}
{"timestamp":"2025-12-23T14:42:50.617138Z","level":"info","event":"Filling up the DagBag from /opt/airflow/dags/scrapping_dag.py","logger":"airflow.models.dagbag.DagBag","filename":"dagbag.py","lineno":593}
{"timestamp":"2025-12-23T14:43:22.273204Z","level":"info","event":"Filling up the DagBag from /opt/airflow/dags/scrapping_dag.py","logger":"airflow.models.dagbag.DagBag","filename":"dagbag.py","lineno":593}
{"timestamp":"2025-12-23T14:43:53.640945Z","level":"info","event":"Filling up the DagBag from /opt/airflow/dags/scrapping_dag.py","logger":"airflow.models.dagbag.DagBag","filename":"dagbag.py","lineno":593}
{"timestamp":"2025-12-23T14:44:25.257111Z","level":"info","event":"Filling up the DagBag from /opt/airflow/dags/scrapping_dag.py","logger":"airflow.models.dagbag.DagBag","filename":"dagbag.py","lineno":593}
{"timestamp":"2025-12-23T14:44:56.898372Z","level":"info","event":"Filling up the DagBag from /opt/airflow/dags/scrapping_dag.py","logger":"airflow.models.dagbag.DagBag","filename":"dagbag.py","lineno":593}
{"timestamp":"2025-12-23T14:45:28.277751Z","level":"info","event":"Filling up the DagBag from /opt/airflow/dags/scrapping_dag.py","logger":"airflow.models.dagbag.DagBag","filename":"dagbag.py","lineno":593}
{"timestamp":"2025-12-23T14:45:59.817236Z","level":"info","event":"Filling up the DagBag from /opt/airflow/dags/scrapping_dag.py","logger":"airflow.models.dagbag.DagBag","filename":"dagbag.py","lineno":593}
{"timestamp":"2025-12-23T14:46:30.696719Z","level":"info","event":"Filling up the DagBag from /opt/airflow/dags/scrapping_dag.py","logger":"airflow.models.dagbag.DagBag","filename":"dagbag.py","lineno":593}
{"timestamp":"2025-12-23T14:47:01.813926Z","level":"info","event":"Filling up the DagBag from /opt/airflow/dags/scrapping_dag.py","logger":"airflow.models.dagbag.DagBag","filename":"dagbag.py","lineno":593}
{"timestamp":"2025-12-23T14:47:33.232327Z","level":"info","event":"Filling up the DagBag from /opt/airflow/dags/scrapping_dag.py","logger":"airflow.models.dagbag.DagBag","filename":"dagbag.py","lineno":593}
{"timestamp":"2025-12-23T14:48:04.809112Z","level":"info","event":"Filling up the DagBag from /opt/airflow/dags/scrapping_dag.py","logger":"airflow.models.dagbag.DagBag","filename":"dagbag.py","lineno":593}
{"timestamp":"2025-12-23T14:48:36.481641Z","level":"info","event":"Filling up the DagBag from /opt/airflow/dags/scrapping_dag.py","logger":"airflow.models.dagbag.DagBag","filename":"dagbag.py","lineno":593}
{"timestamp":"2025-12-23T14:49:07.720908Z","level":"info","event":"Filling up the DagBag from /opt/airflow/dags/scrapping_dag.py","logger":"airflow.models.dagbag.DagBag","filename":"dagbag.py","lineno":593}
{"timestamp":"2025-12-23T14:49:38.822627Z","level":"info","event":"Filling up the DagBag from /opt/airflow/dags/scrapping_dag.py","logger":"airflow.models.dagbag.DagBag","filename":"dagbag.py","lineno":593}
{"timestamp":"2025-12-23T14:50:09.517147Z","level":"info","event":"Filling up the DagBag from /opt/airflow/dags/scrapping_dag.py","logger":"airflow.models.dagbag.DagBag","filename":"dagbag.py","lineno":593}
{"timestamp":"2025-12-23T14:50:40.274321Z","level":"info","event":"Filling up the DagBag from /opt/airflow/dags/scrapping_dag.py","logger":"airflow.models.dagbag.DagBag","filename":"dagbag.py","lineno":593}
{"timestamp":"2025-12-23T14:51:11.999091Z","level":"info","event":"Filling up the DagBag from /opt/airflow/dags/scrapping_dag.py","logger":"airflow.models.dagbag.DagBag","filename":"dagbag.py","lineno":593}
{"timestamp":"2025-12-23T14:51:43.330331Z","level":"info","event":"Filling up the DagBag from /opt/airflow/dags/scrapping_dag.py","logger":"airflow.models.dagbag.DagBag","filename":"dagbag.py","lineno":593}
{"timestamp":"2025-12-23T14:52:14.089867Z","level":"info","event":"Filling up the DagBag from /opt/airflow/dags/scrapping_dag.py","logger":"airflow.models.dagbag.DagBag","filename":"dagbag.py","lineno":593}
{"timestamp":"2025-12-23T14:52:45.527998Z","level":"info","event":"Filling up the DagBag from /opt/airflow/dags/scrapping_dag.py","logger":"airflow.models.dagbag.DagBag","filename":"dagbag.py","lineno":593}
{"timestamp":"2025-12-23T14:53:16.791072Z","level":"info","event":"Filling up the DagBag from /opt/airflow/dags/scrapping_dag.py","logger":"airflow.models.dagbag.DagBag","filename":"dagbag.py","lineno":593}
{"timestamp":"2025-12-23T14:53:48.220554Z","level":"info","event":"Filling up the DagBag from /opt/airflow/dags/scrapping_dag.py","logger":"airflow.models.dagbag.DagBag","filename":"dagbag.py","lineno":593}
{"timestamp":"2025-12-23T14:54:19.563084Z","level":"info","event":"Filling up the DagBag from /opt/airflow/dags/scrapping_dag.py","logger":"airflow.models.dagbag.DagBag","filename":"dagbag.py","lineno":593}
{"timestamp":"2025-12-23T14:54:50.961571Z","level":"info","event":"Filling up the DagBag from /opt/airflow/dags/scrapping_dag.py","logger":"airflow.models.dagbag.DagBag","filename":"dagbag.py","lineno":593}
{"timestamp":"2025-12-23T14:55:22.516963Z","level":"info","event":"Filling up the DagBag from /opt/airflow/dags/scrapping_dag.py","logger":"airflow.models.dagbag.DagBag","filename":"dagbag.py","lineno":593}
{"timestamp":"2025-12-23T14:55:53.942851Z","level":"info","event":"Filling up the DagBag from /opt/airflow/dags/scrapping_dag.py","logger":"airflow.models.dagbag.DagBag","filename":"dagbag.py","lineno":593}
{"timestamp":"2025-12-23T14:56:25.166685Z","level":"info","event":"Filling up the DagBag from /opt/airflow/dags/scrapping_dag.py","logger":"airflow.models.dagbag.DagBag","filename":"dagbag.py","lineno":593}
{"timestamp":"2025-12-23T14:56:56.046911Z","level":"info","event":"Filling up the DagBag from /opt/airflow/dags/scrapping_dag.py","logger":"airflow.models.dagbag.DagBag","filename":"dagbag.py","lineno":593}
{"timestamp":"2025-12-23T14:57:27.363938Z","level":"info","event":"Filling up the DagBag from /opt/airflow/dags/scrapping_dag.py","logger":"airflow.models.dagbag.DagBag","filename":"dagbag.py","lineno":593}
{"timestamp":"2025-12-23T14:57:58.455824Z","level":"info","event":"Filling up the DagBag from /opt/airflow/dags/scrapping_dag.py","logger":"airflow.models.dagbag.DagBag","filename":"dagbag.py","lineno":593}
{"timestamp":"2025-12-23T14:58:29.457144Z","level":"info","event":"Filling up the DagBag from /opt/airflow/dags/scrapping_dag.py","logger":"airflow.models.dagbag.DagBag","filename":"dagbag.py","lineno":593}
{"timestamp":"2025-12-23T14:59:00.341876Z","level":"info","event":"Filling up the DagBag from /opt/airflow/dags/scrapping_dag.py","logger":"airflow.models.dagbag.DagBag","filename":"dagbag.py","lineno":593}
{"timestamp":"2025-12-23T14:59:31.071839Z","level":"info","event":"Filling up the DagBag from /opt/airflow/dags/scrapping_dag.py","logger":"airflow.models.dagbag.DagBag","filename":"dagbag.py","lineno":593}
{"timestamp":"2025-12-23T15:00:01.760057Z","level":"info","event":"Filling up the DagBag from /opt/airflow/dags/scrapping_dag.py","logger":"airflow.models.dagbag.DagBag","filename":"dagbag.py","lineno":593}
{"timestamp":"2025-12-23T15:00:33.287523Z","level":"info","event":"Filling up the DagBag from /opt/airflow/dags/scrapping_dag.py","logger":"airflow.models.dagbag.DagBag","filename":"dagbag.py","lineno":593}
{"timestamp":"2025-12-23T15:01:04.657119Z","level":"info","event":"Filling up the DagBag from /opt/airflow/dags/scrapping_dag.py","logger":"airflow.models.dagbag.DagBag","filename":"dagbag.py","lineno":593}
{"timestamp":"2025-12-23T15:01:35.891949Z","level":"info","event":"Filling up the DagBag from /opt/airflow/dags/scrapping_dag.py","logger":"airflow.models.dagbag.DagBag","filename":"dagbag.py","lineno":593}
{"timestamp":"2025-12-23T15:02:07.315611Z","level":"info","event":"Filling up the DagBag from /opt/airflow/dags/scrapping_dag.py","logger":"airflow.models.dagbag.DagBag","filename":"dagbag.py","lineno":593}
{"timestamp":"2025-12-23T15:02:38.079717Z","level":"info","event":"Filling up the DagBag from /opt/airflow/dags/scrapping_dag.py","logger":"airflow.models.dagbag.DagBag","filename":"dagbag.py","lineno":593}
{"timestamp":"2025-12-23T15:03:09.204440Z","level":"info","event":"Filling up the DagBag from /opt/airflow/dags/scrapping_dag.py","logger":"airflow.models.dagbag.DagBag","filename":"dagbag.py","lineno":593}
{"timestamp":"2025-12-23T15:03:40.370683Z","level":"info","event":"Filling up the DagBag from /opt/airflow/dags/scrapping_dag.py","logger":"airflow.models.dagbag.DagBag","filename":"dagbag.py","lineno":593}
{"timestamp":"2025-12-23T15:04:11.363705Z","level":"info","event":"Filling up the DagBag from /opt/airflow/dags/scrapping_dag.py","logger":"airflow.models.dagbag.DagBag","filename":"dagbag.py","lineno":593}
{"timestamp":"2025-12-23T15:04:42.426455Z","level":"info","event":"Filling up the DagBag from /opt/airflow/dags/scrapping_dag.py","logger":"airflow.models.dagbag.DagBag","filename":"dagbag.py","lineno":593}
{"timestamp":"2025-12-23T15:05:13.028274Z","level":"info","event":"Filling up the DagBag from /opt/airflow/dags/scrapping_dag.py","logger":"airflow.models.dagbag.DagBag","filename":"dagbag.py","lineno":593}
{"timestamp":"2025-12-23T15:05:44.047240Z","level":"info","event":"Filling up the DagBag from /opt/airflow/dags/scrapping_dag.py","logger":"airflow.models.dagbag.DagBag","filename":"dagbag.py","lineno":593}
{"timestamp":"2025-12-23T15:06:14.974345Z","level":"info","event":"Filling up the DagBag from /opt/airflow/dags/scrapping_dag.py","logger":"airflow.models.dagbag.DagBag","filename":"dagbag.py","lineno":593}
{"timestamp":"2025-12-23T15:06:45.885217Z","level":"info","event":"Filling up the DagBag from /opt/airflow/dags/scrapping_dag.py","logger":"airflow.models.dagbag.DagBag","filename":"dagbag.py","lineno":593}
{"timestamp":"2025-12-23T15:07:16.776837Z","level":"info","event":"Filling up the DagBag from /opt/airflow/dags/scrapping_dag.py","logger":"airflow.models.dagbag.DagBag","filename":"dagbag.py","lineno":593}
{"timestamp":"2025-12-23T15:52:13.899101Z","level":"info","event":"Filling up the DagBag from /opt/airflow/dags/scrapping_dag.py","logger":"airflow.models.dagbag.DagBag","filename":"dagbag.py","lineno":593}
{"timestamp":"2025-12-23T15:52:46.849354Z","level":"info","event":"Filling up the DagBag from /opt/airflow/dags/scrapping_dag.py","logger":"airflow.models.dagbag.DagBag","filename":"dagbag.py","lineno":593}
{"timestamp":"2025-12-23T15:53:17.809856Z","level":"info","event":"Filling up the DagBag from /opt/airflow/dags/scrapping_dag.py","logger":"airflow.models.dagbag.DagBag","filename":"dagbag.py","lineno":593}
{"timestamp":"2025-12-23T15:53:48.672648Z","level":"info","event":"Filling up the DagBag from /opt/airflow/dags/scrapping_dag.py","logger":"airflow.models.dagbag.DagBag","filename":"dagbag.py","lineno":593}
{"timestamp":"2025-12-23T15:54:19.622622Z","level":"info","event":"Filling up the DagBag from /opt/airflow/dags/scrapping_dag.py","logger":"airflow.models.dagbag.DagBag","filename":"dagbag.py","lineno":593}
{"timestamp":"2025-12-23T15:54:50.300289Z","level":"info","event":"Filling up the DagBag from /opt/airflow/dags/scrapping_dag.py","logger":"airflow.models.dagbag.DagBag","filename":"dagbag.py","lineno":593}
{"timestamp":"2025-12-23T15:55:21.405513Z","level":"info","event":"Filling up the DagBag from /opt/airflow/dags/scrapping_dag.py","logger":"airflow.models.dagbag.DagBag","filename":"dagbag.py","lineno":593}
{"timestamp":"2025-12-23T15:55:52.266446Z","level":"info","event":"Filling up the DagBag from /opt/airflow/dags/scrapping_dag.py","logger":"airflow.models.dagbag.DagBag","filename":"dagbag.py","lineno":593}
{"timestamp":"2025-12-23T15:56:23.289178Z","level":"info","event":"Filling up the DagBag from /opt/airflow/dags/scrapping_dag.py","logger":"airflow.models.dagbag.DagBag","filename":"dagbag.py","lineno":593}
{"timestamp":"2025-12-23T15:56:54.575199Z","level":"info","event":"Filling up the DagBag from /opt/airflow/dags/scrapping_dag.py","logger":"airflow.models.dagbag.DagBag","filename":"dagbag.py","lineno":593}
{"timestamp":"2025-12-23T15:57:25.765672Z","level":"info","event":"Filling up the DagBag from /opt/airflow/dags/scrapping_dag.py","logger":"airflow.models.dagbag.DagBag","filename":"dagbag.py","lineno":593}
{"timestamp":"2025-12-23T15:57:56.624263Z","level":"info","event":"Filling up the DagBag from /opt/airflow/dags/scrapping_dag.py","logger":"airflow.models.dagbag.DagBag","filename":"dagbag.py","lineno":593}
{"timestamp":"2025-12-23T15:58:27.708999Z","level":"info","event":"Filling up the DagBag from /opt/airflow/dags/scrapping_dag.py","logger":"airflow.models.dagbag.DagBag","filename":"dagbag.py","lineno":593}
{"timestamp":"2025-12-23T15:58:58.767707Z","level":"info","event":"Filling up the DagBag from /opt/airflow/dags/scrapping_dag.py","logger":"airflow.models.dagbag.DagBag","filename":"dagbag.py","lineno":593}
{"timestamp":"2025-12-23T15:59:29.634114Z","level":"info","event":"Filling up the DagBag from /opt/airflow/dags/scrapping_dag.py","logger":"airflow.models.dagbag.DagBag","filename":"dagbag.py","lineno":593}
{"timestamp":"2025-12-23T16:00:00.708141Z","level":"info","event":"Filling up the DagBag from /opt/airflow/dags/scrapping_dag.py","logger":"airflow.models.dagbag.DagBag","filename":"dagbag.py","lineno":593}
{"timestamp":"2025-12-23T16:00:32.093571Z","level":"info","event":"Filling up the DagBag from /opt/airflow/dags/scrapping_dag.py","logger":"airflow.models.dagbag.DagBag","filename":"dagbag.py","lineno":593}
{"timestamp":"2025-12-23T16:01:03.278457Z","level":"info","event":"Filling up the DagBag from /opt/airflow/dags/scrapping_dag.py","logger":"airflow.models.dagbag.DagBag","filename":"dagbag.py","lineno":593}
{"timestamp":"2025-12-23T16:01:34.853521Z","level":"info","event":"Filling up the DagBag from /opt/airflow/dags/scrapping_dag.py","logger":"airflow.models.dagbag.DagBag","filename":"dagbag.py","lineno":593}
{"timestamp":"2025-12-23T16:28:26.514115Z","level":"info","event":"Filling up the DagBag from /opt/airflow/dags/scrapping_dag.py","logger":"airflow.models.dagbag.DagBag","filename":"dagbag.py","lineno":593}
{"timestamp":"2025-12-23T16:28:59.039809Z","level":"info","event":"Filling up the DagBag from /opt/airflow/dags/scrapping_dag.py","logger":"airflow.models.dagbag.DagBag","filename":"dagbag.py","lineno":593}
{"timestamp":"2025-12-23T16:29:29.716315Z","level":"info","event":"Filling up the DagBag from /opt/airflow/dags/scrapping_dag.py","logger":"airflow.models.dagbag.DagBag","filename":"dagbag.py","lineno":593}
{"timestamp":"2025-12-23T16:30:00.196907Z","level":"info","event":"Filling up the DagBag from /opt/airflow/dags/scrapping_dag.py","logger":"airflow.models.dagbag.DagBag","filename":"dagbag.py","lineno":593}
{"timestamp":"2025-12-23T16:30:30.879140Z","level":"info","event":"Filling up the DagBag from /opt/airflow/dags/scrapping_dag.py","logger":"airflow.models.dagbag.DagBag","filename":"dagbag.py","lineno":593}
{"timestamp":"2025-12-23T16:31:01.354498Z","level":"info","event":"Filling up the DagBag from /opt/airflow/dags/scrapping_dag.py","logger":"airflow.models.dagbag.DagBag","filename":"dagbag.py","lineno":593}
{"timestamp":"2025-12-23T16:31:31.957308Z","level":"info","event":"Filling up the DagBag from /opt/airflow/dags/scrapping_dag.py","logger":"airflow.models.dagbag.DagBag","filename":"dagbag.py","lineno":593}
{"timestamp":"2025-12-23T16:32:03.193636Z","level":"info","event":"Filling up the DagBag from /opt/airflow/dags/scrapping_dag.py","logger":"airflow.models.dagbag.DagBag","filename":"dagbag.py","lineno":593}
{"timestamp":"2025-12-23T16:32:33.844545Z","level":"info","event":"Filling up the DagBag from /opt/airflow/dags/scrapping_dag.py","logger":"airflow.models.dagbag.DagBag","filename":"dagbag.py","lineno":593}
{"timestamp":"2025-12-23T16:33:05.069086Z","level":"info","event":"Filling up the DagBag from /opt/airflow/dags/scrapping_dag.py","logger":"airflow.models.dagbag.DagBag","filename":"dagbag.py","lineno":593}
{"timestamp":"2025-12-23T16:33:36.634164Z","level":"info","event":"Filling up the DagBag from /opt/airflow/dags/scrapping_dag.py","logger":"airflow.models.dagbag.DagBag","filename":"dagbag.py","lineno":593}
{"timestamp":"2025-12-23T16:34:07.906435Z","level":"info","event":"Filling up the DagBag from /opt/airflow/dags/scrapping_dag.py","logger":"airflow.models.dagbag.DagBag","filename":"dagbag.py","lineno":593}
{"timestamp":"2025-12-23T17:03:09.226372Z","level":"info","event":"Filling up the DagBag from /opt/airflow/dags/scrapping_dag.py","logger":"airflow.models.dagbag.DagBag","filename":"dagbag.py","lineno":593}
{"timestamp":"2025-12-23T17:03:42.025775Z","level":"info","event":"Filling up the DagBag from /opt/airflow/dags/scrapping_dag.py","logger":"airflow.models.dagbag.DagBag","filename":"dagbag.py","lineno":593}
{"timestamp":"2025-12-23T17:04:12.935054Z","level":"info","event":"Filling up the DagBag from /opt/airflow/dags/scrapping_dag.py","logger":"airflow.models.dagbag.DagBag","filename":"dagbag.py","lineno":593}
{"timestamp":"2025-12-23T17:04:43.703850Z","level":"info","event":"Filling up the DagBag from /opt/airflow/dags/scrapping_dag.py","logger":"airflow.models.dagbag.DagBag","filename":"dagbag.py","lineno":593}
{"timestamp":"2025-12-23T17:05:14.683301Z","level":"info","event":"Filling up the DagBag from /opt/airflow/dags/scrapping_dag.py","logger":"airflow.models.dagbag.DagBag","filename":"dagbag.py","lineno":593}
{"timestamp":"2025-12-23T17:05:45.471652Z","level":"info","event":"Filling up the DagBag from /opt/airflow/dags/scrapping_dag.py","logger":"airflow.models.dagbag.DagBag","filename":"dagbag.py","lineno":593}
{"timestamp":"2025-12-23T17:06:16.271144Z","level":"info","event":"Filling up the DagBag from /opt/airflow/dags/scrapping_dag.py","logger":"airflow.models.dagbag.DagBag","filename":"dagbag.py","lineno":593}
{"timestamp":"2025-12-23T17:06:47.021112Z","level":"info","event":"Filling up the DagBag from /opt/airflow/dags/scrapping_dag.py","logger":"airflow.models.dagbag.DagBag","filename":"dagbag.py","lineno":593}
{"timestamp":"2025-12-23T17:07:17.698653Z","level":"info","event":"Filling up the DagBag from /opt/airflow/dags/scrapping_dag.py","logger":"airflow.models.dagbag.DagBag","filename":"dagbag.py","lineno":593}
