{"timestamp":"2025-11-16T13:43:59.924534Z","level":"info","event":"DAG bundles loaded: dags-folder","logger":"airflow.dag_processing.bundles.manager.DagBundlesManager","filename":"manager.py","lineno":179}
{"timestamp":"2025-11-16T13:43:59.926233Z","level":"info","event":"Filling up the DagBag from /opt/airflow/dags/ingestion_dag.py","logger":"airflow.models.dagbag.DagBag","filename":"dagbag.py","lineno":593}
{"timestamp":"2025-11-16T13:44:00.088337Z","level":"info","event":"/opt/airflow","logger":"unusual_prefix_347b2425d77b6959f8a897cf21788f75ecda7325_ingestion_dag","filename":"ingestion_dag.py","lineno":52}
{"timestamp":"2025-11-16T13:44:00.241203Z","level":"info","event":"Starting docker container from image m1_data_engineering-scrapper:latest","logger":"airflow.task.operators.airflow.providers.docker.operators.docker.DockerOperator","filename":"docker.py","lineno":355}
{"timestamp":"2025-11-16T13:45:35.473530Z","level":"info","event":"--- Logging error ---","logger":"airflow.task.operators.airflow.providers.docker.operators.docker.DockerOperator","filename":"docker.py","lineno":66}
{"timestamp":"2025-11-16T13:45:35.474321Z","level":"info","event":"Traceback (most recent call last):","logger":"airflow.task.operators.airflow.providers.docker.operators.docker.DockerOperator","filename":"docker.py","lineno":66}
{"timestamp":"2025-11-16T13:45:35.474456Z","level":"info","event":"  File \"/app/scrapping/scrapping_scripts_slug.py\", line 61, in load_all_data","logger":"airflow.task.operators.airflow.providers.docker.operators.docker.DockerOperator","filename":"docker.py","lineno":66}
{"timestamp":"2025-11-16T13:45:35.474505Z","level":"info","event":"    load_more_script_button = DRIVER.find_element(By.XPATH, '//*[@id=\"scriptsList\"]/div[6]/button')","logger":"airflow.task.operators.airflow.providers.docker.operators.docker.DockerOperator","filename":"docker.py","lineno":66}
{"timestamp":"2025-11-16T13:45:35.474539Z","level":"info","event":"                            ^^^^^^^^^^^^^^^^^^^^^^^^^^^^^^^^^^^^^^^^^^^^^^^^^^^^^^^^^^^^^^^^^^^^^","logger":"airflow.task.operators.airflow.providers.docker.operators.docker.DockerOperator","filename":"docker.py","lineno":66}
{"timestamp":"2025-11-16T13:45:35.474566Z","level":"info","event":"  File \"/opt/venv_scrapping/lib/python3.11/site-packages/selenium/webdriver/remote/webdriver.py\", line 926, in find_element","logger":"airflow.task.operators.airflow.providers.docker.operators.docker.DockerOperator","filename":"docker.py","lineno":66}
{"timestamp":"2025-11-16T13:45:35.474594Z","level":"info","event":"    return self.execute(Command.FIND_ELEMENT, {\"using\": by, \"value\": value})[\"value\"]","logger":"airflow.task.operators.airflow.providers.docker.operators.docker.DockerOperator","filename":"docker.py","lineno":66}
{"timestamp":"2025-11-16T13:45:35.474621Z","level":"info","event":"           ^^^^^^^^^^^^^^^^^^^^^^^^^^^^^^^^^^^^^^^^^^^^^^^^^^^^^^^^^^^^^^^^^","logger":"airflow.task.operators.airflow.providers.docker.operators.docker.DockerOperator","filename":"docker.py","lineno":66}
{"timestamp":"2025-11-16T13:45:35.474645Z","level":"info","event":"  File \"/opt/venv_scrapping/lib/python3.11/site-packages/selenium/webdriver/remote/webdriver.py\", line 458, in execute","logger":"airflow.task.operators.airflow.providers.docker.operators.docker.DockerOperator","filename":"docker.py","lineno":66}
{"timestamp":"2025-11-16T13:45:35.474669Z","level":"info","event":"    self.error_handler.check_response(response)","logger":"airflow.task.operators.airflow.providers.docker.operators.docker.DockerOperator","filename":"docker.py","lineno":66}
{"timestamp":"2025-11-16T13:45:35.474692Z","level":"info","event":"  File \"/opt/venv_scrapping/lib/python3.11/site-packages/selenium/webdriver/remote/errorhandler.py\", line 232, in check_response","logger":"airflow.task.operators.airflow.providers.docker.operators.docker.DockerOperator","filename":"docker.py","lineno":66}
{"timestamp":"2025-11-16T13:45:35.474717Z","level":"info","event":"    raise exception_class(message, screen, stacktrace)","logger":"airflow.task.operators.airflow.providers.docker.operators.docker.DockerOperator","filename":"docker.py","lineno":66}
{"timestamp":"2025-11-16T13:45:35.474741Z","level":"info","event":"selenium.common.exceptions.NoSuchElementException: Message: no such element: Unable to locate element: {\"method\":\"xpath\",\"selector\":\"//*[@id=\"scriptsList\"]/div[6]/button\"}","logger":"airflow.task.operators.airflow.providers.docker.operators.docker.DockerOperator","filename":"docker.py","lineno":66}
{"timestamp":"2025-11-16T13:45:35.474765Z","level":"info","event":"  (Session info: chrome=142.0.7444.162); For documentation on this error, please visit: https://www.selenium.dev/documentation/webdriver/troubleshooting/errors#nosuchelementexception","logger":"airflow.task.operators.airflow.providers.docker.operators.docker.DockerOperator","filename":"docker.py","lineno":66}
{"timestamp":"2025-11-16T13:45:35.474790Z","level":"info","event":"Stacktrace:","logger":"airflow.task.operators.airflow.providers.docker.operators.docker.DockerOperator","filename":"docker.py","lineno":66}
{"timestamp":"2025-11-16T13:45:35.474817Z","level":"info","event":"#0 0x5cd700f5a3d2 <unknown>","logger":"airflow.task.operators.airflow.providers.docker.operators.docker.DockerOperator","filename":"docker.py","lineno":66}
{"timestamp":"2025-11-16T13:45:35.474840Z","level":"info","event":"#1 0x5cd7009bf22b <unknown>","logger":"airflow.task.operators.airflow.providers.docker.operators.docker.DockerOperator","filename":"docker.py","lineno":66}
{"timestamp":"2025-11-16T13:45:35.474864Z","level":"info","event":"#2 0x5cd700a0ff7b <unknown>","logger":"airflow.task.operators.airflow.providers.docker.operators.docker.DockerOperator","filename":"docker.py","lineno":66}
{"timestamp":"2025-11-16T13:45:35.474888Z","level":"info","event":"#3 0x5cd700a10155 <unknown>","logger":"airflow.task.operators.airflow.providers.docker.operators.docker.DockerOperator","filename":"docker.py","lineno":66}
{"timestamp":"2025-11-16T13:45:35.474912Z","level":"info","event":"#4 0x5cd700a59258 <unknown>","logger":"airflow.task.operators.airflow.providers.docker.operators.docker.DockerOperator","filename":"docker.py","lineno":66}
{"timestamp":"2025-11-16T13:45:35.474937Z","level":"info","event":"#5 0x5cd700a34ce1 <unknown>","logger":"airflow.task.operators.airflow.providers.docker.operators.docker.DockerOperator","filename":"docker.py","lineno":66}
{"timestamp":"2025-11-16T13:45:35.474963Z","level":"info","event":"#6 0x5cd700a56cc6 <unknown>","logger":"airflow.task.operators.airflow.providers.docker.operators.docker.DockerOperator","filename":"docker.py","lineno":66}
{"timestamp":"2025-11-16T13:45:35.474987Z","level":"info","event":"#7 0x5cd700a34a67 <unknown>","logger":"airflow.task.operators.airflow.providers.docker.operators.docker.DockerOperator","filename":"docker.py","lineno":66}
{"timestamp":"2025-11-16T13:45:35.475010Z","level":"info","event":"#8 0x5cd700a026d1 <unknown>","logger":"airflow.task.operators.airflow.providers.docker.operators.docker.DockerOperator","filename":"docker.py","lineno":66}
{"timestamp":"2025-11-16T13:45:35.475033Z","level":"info","event":"#9 0x5cd700a034b5 <unknown>","logger":"airflow.task.operators.airflow.providers.docker.operators.docker.DockerOperator","filename":"docker.py","lineno":66}
{"timestamp":"2025-11-16T13:45:35.475055Z","level":"info","event":"#10 0x5cd700f23c84 <unknown>","logger":"airflow.task.operators.airflow.providers.docker.operators.docker.DockerOperator","filename":"docker.py","lineno":66}
{"timestamp":"2025-11-16T13:45:35.475078Z","level":"info","event":"#11 0x5cd700f2712f <unknown>","logger":"airflow.task.operators.airflow.providers.docker.operators.docker.DockerOperator","filename":"docker.py","lineno":66}
{"timestamp":"2025-11-16T13:45:35.475101Z","level":"info","event":"#12 0x5cd700f26bcc <unknown>","logger":"airflow.task.operators.airflow.providers.docker.operators.docker.DockerOperator","filename":"docker.py","lineno":66}
{"timestamp":"2025-11-16T13:45:35.475124Z","level":"info","event":"#13 0x5cd700f275d9 <unknown>","logger":"airflow.task.operators.airflow.providers.docker.operators.docker.DockerOperator","filename":"docker.py","lineno":66}
{"timestamp":"2025-11-16T13:45:35.475148Z","level":"info","event":"#14 0x5cd700f0d69b <unknown>","logger":"airflow.task.operators.airflow.providers.docker.operators.docker.DockerOperator","filename":"docker.py","lineno":66}
{"timestamp":"2025-11-16T13:45:35.475171Z","level":"info","event":"#15 0x5cd700f27964 <unknown>","logger":"airflow.task.operators.airflow.providers.docker.operators.docker.DockerOperator","filename":"docker.py","lineno":66}
{"timestamp":"2025-11-16T13:45:35.475194Z","level":"info","event":"#16 0x5cd700ef6e8d <unknown>","logger":"airflow.task.operators.airflow.providers.docker.operators.docker.DockerOperator","filename":"docker.py","lineno":66}
{"timestamp":"2025-11-16T13:45:35.475216Z","level":"info","event":"#17 0x5cd700f46d09 <unknown>","logger":"airflow.task.operators.airflow.providers.docker.operators.docker.DockerOperator","filename":"docker.py","lineno":66}
{"timestamp":"2025-11-16T13:45:35.475238Z","level":"info","event":"#18 0x5cd700f46eff <unknown>","logger":"airflow.task.operators.airflow.providers.docker.operators.docker.DockerOperator","filename":"docker.py","lineno":66}
{"timestamp":"2025-11-16T13:45:35.475261Z","level":"info","event":"#19 0x5cd700f58d89 <unknown>","logger":"airflow.task.operators.airflow.providers.docker.operators.docker.DockerOperator","filename":"docker.py","lineno":66}
{"timestamp":"2025-11-16T13:45:35.475283Z","level":"info","event":"#20 0x701ebe948b7b <unknown>","logger":"airflow.task.operators.airflow.providers.docker.operators.docker.DockerOperator","filename":"docker.py","lineno":66}
{"timestamp":"2025-11-16T13:45:35.475306Z","level":"info","event":"","logger":"airflow.task.operators.airflow.providers.docker.operators.docker.DockerOperator","filename":"docker.py","lineno":66}
{"timestamp":"2025-11-16T13:45:35.475331Z","level":"info","event":"","logger":"airflow.task.operators.airflow.providers.docker.operators.docker.DockerOperator","filename":"docker.py","lineno":66}
{"timestamp":"2025-11-16T13:45:35.475355Z","level":"info","event":"During handling of the above exception, another exception occurred:","logger":"airflow.task.operators.airflow.providers.docker.operators.docker.DockerOperator","filename":"docker.py","lineno":66}
{"timestamp":"2025-11-16T13:45:35.475414Z","level":"info","event":"Traceback (most recent call last):","logger":"airflow.task.operators.airflow.providers.docker.operators.docker.DockerOperator","filename":"docker.py","lineno":66}
{"timestamp":"2025-11-16T13:45:35.475458Z","level":"info","event":"  File \"/usr/local/lib/python3.11/logging/__init__.py\", line 1110, in emit","logger":"airflow.task.operators.airflow.providers.docker.operators.docker.DockerOperator","filename":"docker.py","lineno":66}
{"timestamp":"2025-11-16T13:45:35.475483Z","level":"info","event":"    msg = self.format(record)","logger":"airflow.task.operators.airflow.providers.docker.operators.docker.DockerOperator","filename":"docker.py","lineno":66}
{"timestamp":"2025-11-16T13:45:35.475506Z","level":"info","event":"          ^^^^^^^^^^^^^^^^^^^","logger":"airflow.task.operators.airflow.providers.docker.operators.docker.DockerOperator","filename":"docker.py","lineno":66}
{"timestamp":"2025-11-16T13:45:35.475529Z","level":"info","event":"  File \"/usr/local/lib/python3.11/logging/__init__.py\", line 953, in format","logger":"airflow.task.operators.airflow.providers.docker.operators.docker.DockerOperator","filename":"docker.py","lineno":66}
{"timestamp":"2025-11-16T13:45:35.475552Z","level":"info","event":"    return fmt.format(record)","logger":"airflow.task.operators.airflow.providers.docker.operators.docker.DockerOperator","filename":"docker.py","lineno":66}
{"timestamp":"2025-11-16T13:45:35.475574Z","level":"info","event":"           ^^^^^^^^^^^^^^^^^^","logger":"airflow.task.operators.airflow.providers.docker.operators.docker.DockerOperator","filename":"docker.py","lineno":66}
{"timestamp":"2025-11-16T13:45:35.475596Z","level":"info","event":"  File \"/usr/local/lib/python3.11/logging/__init__.py\", line 687, in format","logger":"airflow.task.operators.airflow.providers.docker.operators.docker.DockerOperator","filename":"docker.py","lineno":66}
{"timestamp":"2025-11-16T13:45:35.475621Z","level":"info","event":"    record.message = record.getMessage()","logger":"airflow.task.operators.airflow.providers.docker.operators.docker.DockerOperator","filename":"docker.py","lineno":66}
{"timestamp":"2025-11-16T13:45:35.475644Z","level":"info","event":"                     ^^^^^^^^^^^^^^^^^^^","logger":"airflow.task.operators.airflow.providers.docker.operators.docker.DockerOperator","filename":"docker.py","lineno":66}
{"timestamp":"2025-11-16T13:45:35.475669Z","level":"info","event":"  File \"/usr/local/lib/python3.11/logging/__init__.py\", line 377, in getMessage","logger":"airflow.task.operators.airflow.providers.docker.operators.docker.DockerOperator","filename":"docker.py","lineno":66}
{"timestamp":"2025-11-16T13:45:35.475693Z","level":"info","event":"    msg = msg % self.args","logger":"airflow.task.operators.airflow.providers.docker.operators.docker.DockerOperator","filename":"docker.py","lineno":66}
{"timestamp":"2025-11-16T13:45:35.475717Z","level":"info","event":"          ~~~~^~~~~~~~~~~","logger":"airflow.task.operators.airflow.providers.docker.operators.docker.DockerOperator","filename":"docker.py","lineno":66}
{"timestamp":"2025-11-16T13:45:35.475742Z","level":"info","event":"TypeError: not all arguments converted during string formatting","logger":"airflow.task.operators.airflow.providers.docker.operators.docker.DockerOperator","filename":"docker.py","lineno":66}
{"timestamp":"2025-11-16T13:45:35.475765Z","level":"info","event":"Call stack:","logger":"airflow.task.operators.airflow.providers.docker.operators.docker.DockerOperator","filename":"docker.py","lineno":66}
{"timestamp":"2025-11-16T13:45:35.475805Z","level":"info","event":"  File \"/app/scrapping/main.py\", line 60, in <module>","logger":"airflow.task.operators.airflow.providers.docker.operators.docker.DockerOperator","filename":"docker.py","lineno":66}
{"timestamp":"2025-11-16T13:45:35.475831Z","level":"info","event":"    main()","logger":"airflow.task.operators.airflow.providers.docker.operators.docker.DockerOperator","filename":"docker.py","lineno":66}
{"timestamp":"2025-11-16T13:45:35.475855Z","level":"info","event":"  File \"/app/scrapping/main.py\", line 57, in main","logger":"airflow.task.operators.airflow.providers.docker.operators.docker.DockerOperator","filename":"docker.py","lineno":66}
{"timestamp":"2025-11-16T13:45:35.475879Z","level":"info","event":"    scrapping_scripts_slug.main_scrapping_scripts_slug()","logger":"airflow.task.operators.airflow.providers.docker.operators.docker.DockerOperator","filename":"docker.py","lineno":66}
{"timestamp":"2025-11-16T13:45:35.475902Z","level":"info","event":"  File \"/app/scrapping/scrapping_scripts_slug.py\", line 130, in main_scrapping_scripts_slug","logger":"airflow.task.operators.airflow.providers.docker.operators.docker.DockerOperator","filename":"docker.py","lineno":66}
{"timestamp":"2025-11-16T13:45:35.475926Z","level":"info","event":"    load_all_data()      # + of 20 min. to load all the data","logger":"airflow.task.operators.airflow.providers.docker.operators.docker.DockerOperator","filename":"docker.py","lineno":66}
{"timestamp":"2025-11-16T13:45:35.475949Z","level":"info","event":"  File \"/app/scrapping/scrapping_scripts_slug.py\", line 79, in load_all_data","logger":"airflow.task.operators.airflow.providers.docker.operators.docker.DockerOperator","filename":"docker.py","lineno":66}
{"timestamp":"2025-11-16T13:45:35.475972Z","level":"info","event":"    logger.info(f\"[I] load_all_data - No more 'Load More' button to click :\", e)","logger":"airflow.task.operators.airflow.providers.docker.operators.docker.DockerOperator","filename":"docker.py","lineno":66}
{"timestamp":"2025-11-16T13:45:35.475996Z","level":"info","event":"Message: \"[I] load_all_data - No more 'Load More' button to click :\"","logger":"airflow.task.operators.airflow.providers.docker.operators.docker.DockerOperator","filename":"docker.py","lineno":66}
{"timestamp":"2025-11-16T13:45:35.476017Z","level":"info","event":"Arguments: (NoSuchElementException(),)","logger":"airflow.task.operators.airflow.providers.docker.operators.docker.DockerOperator","filename":"docker.py","lineno":66}
{"timestamp":"2025-11-16T13:55:55.432341Z","level":"info","event":"--- Logging error ---","logger":"airflow.task.operators.airflow.providers.docker.operators.docker.DockerOperator","filename":"docker.py","lineno":66}
{"timestamp":"2025-11-16T13:55:55.432740Z","level":"info","event":"Traceback (most recent call last):","logger":"airflow.task.operators.airflow.providers.docker.operators.docker.DockerOperator","filename":"docker.py","lineno":66}
{"timestamp":"2025-11-16T13:55:55.432805Z","level":"info","event":"  File \"/app/scrapping/scrapping_scripts_slug.py\", line 109, in get_pdf_script_url","logger":"airflow.task.operators.airflow.providers.docker.operators.docker.DockerOperator","filename":"docker.py","lineno":66}
{"timestamp":"2025-11-16T13:55:55.432830Z","level":"info","event":"    pdf_script_web_elem = DRIVER.find_element(By.XPATH, '/html/body/main/div/div/article/div/div[2]/div[1]/div[1]/a')","logger":"airflow.task.operators.airflow.providers.docker.operators.docker.DockerOperator","filename":"docker.py","lineno":66}
{"timestamp":"2025-11-16T13:55:55.432869Z","level":"info","event":"                          ^^^^^^^^^^^^^^^^^^^^^^^^^^^^^^^^^^^^^^^^^^^^^^^^^^^^^^^^^^^^^^^^^^^^^^^^^^^^^^^^^^^^^^^^^^^","logger":"airflow.task.operators.airflow.providers.docker.operators.docker.DockerOperator","filename":"docker.py","lineno":66}
{"timestamp":"2025-11-16T13:55:55.432888Z","level":"info","event":"  File \"/opt/venv_scrapping/lib/python3.11/site-packages/selenium/webdriver/remote/webdriver.py\", line 926, in find_element","logger":"airflow.task.operators.airflow.providers.docker.operators.docker.DockerOperator","filename":"docker.py","lineno":66}
{"timestamp":"2025-11-16T13:55:55.432906Z","level":"info","event":"    return self.execute(Command.FIND_ELEMENT, {\"using\": by, \"value\": value})[\"value\"]","logger":"airflow.task.operators.airflow.providers.docker.operators.docker.DockerOperator","filename":"docker.py","lineno":66}
{"timestamp":"2025-11-16T13:55:55.432936Z","level":"info","event":"           ^^^^^^^^^^^^^^^^^^^^^^^^^^^^^^^^^^^^^^^^^^^^^^^^^^^^^^^^^^^^^^^^^","logger":"airflow.task.operators.airflow.providers.docker.operators.docker.DockerOperator","filename":"docker.py","lineno":66}
{"timestamp":"2025-11-16T13:55:55.432961Z","level":"info","event":"  File \"/opt/venv_scrapping/lib/python3.11/site-packages/selenium/webdriver/remote/webdriver.py\", line 458, in execute","logger":"airflow.task.operators.airflow.providers.docker.operators.docker.DockerOperator","filename":"docker.py","lineno":66}
{"timestamp":"2025-11-16T13:55:55.432977Z","level":"info","event":"    self.error_handler.check_response(response)","logger":"airflow.task.operators.airflow.providers.docker.operators.docker.DockerOperator","filename":"docker.py","lineno":66}
{"timestamp":"2025-11-16T13:55:55.432992Z","level":"info","event":"  File \"/opt/venv_scrapping/lib/python3.11/site-packages/selenium/webdriver/remote/errorhandler.py\", line 232, in check_response","logger":"airflow.task.operators.airflow.providers.docker.operators.docker.DockerOperator","filename":"docker.py","lineno":66}
{"timestamp":"2025-11-16T13:55:55.433009Z","level":"info","event":"    raise exception_class(message, screen, stacktrace)","logger":"airflow.task.operators.airflow.providers.docker.operators.docker.DockerOperator","filename":"docker.py","lineno":66}
{"timestamp":"2025-11-16T13:55:55.433024Z","level":"info","event":"selenium.common.exceptions.NoSuchElementException: Message: no such element: Unable to locate element: {\"method\":\"xpath\",\"selector\":\"/html/body/main/div/div/article/div/div[2]/div[1]/div[1]/a\"}","logger":"airflow.task.operators.airflow.providers.docker.operators.docker.DockerOperator","filename":"docker.py","lineno":66}
{"timestamp":"2025-11-16T13:55:55.433040Z","level":"info","event":"  (Session info: chrome=142.0.7444.162); For documentation on this error, please visit: https://www.selenium.dev/documentation/webdriver/troubleshooting/errors#nosuchelementexception","logger":"airflow.task.operators.airflow.providers.docker.operators.docker.DockerOperator","filename":"docker.py","lineno":66}
{"timestamp":"2025-11-16T13:55:55.433055Z","level":"info","event":"Stacktrace:","logger":"airflow.task.operators.airflow.providers.docker.operators.docker.DockerOperator","filename":"docker.py","lineno":66}
{"timestamp":"2025-11-16T13:55:55.433069Z","level":"info","event":"#0 0x5cd700f5a3d2 <unknown>","logger":"airflow.task.operators.airflow.providers.docker.operators.docker.DockerOperator","filename":"docker.py","lineno":66}
{"timestamp":"2025-11-16T13:55:55.433083Z","level":"info","event":"#1 0x5cd7009bf22b <unknown>","logger":"airflow.task.operators.airflow.providers.docker.operators.docker.DockerOperator","filename":"docker.py","lineno":66}
{"timestamp":"2025-11-16T13:55:55.433101Z","level":"info","event":"#2 0x5cd700a0ff7b <unknown>","logger":"airflow.task.operators.airflow.providers.docker.operators.docker.DockerOperator","filename":"docker.py","lineno":66}
{"timestamp":"2025-11-16T13:55:55.433118Z","level":"info","event":"#3 0x5cd700a10155 <unknown>","logger":"airflow.task.operators.airflow.providers.docker.operators.docker.DockerOperator","filename":"docker.py","lineno":66}
{"timestamp":"2025-11-16T13:55:55.433133Z","level":"info","event":"#4 0x5cd700a59258 <unknown>","logger":"airflow.task.operators.airflow.providers.docker.operators.docker.DockerOperator","filename":"docker.py","lineno":66}
{"timestamp":"2025-11-16T13:55:55.433171Z","level":"info","event":"#5 0x5cd700a34ce1 <unknown>","logger":"airflow.task.operators.airflow.providers.docker.operators.docker.DockerOperator","filename":"docker.py","lineno":66}
{"timestamp":"2025-11-16T13:55:55.433188Z","level":"info","event":"#6 0x5cd700a56cc6 <unknown>","logger":"airflow.task.operators.airflow.providers.docker.operators.docker.DockerOperator","filename":"docker.py","lineno":66}
{"timestamp":"2025-11-16T13:55:55.433203Z","level":"info","event":"#7 0x5cd700a34a67 <unknown>","logger":"airflow.task.operators.airflow.providers.docker.operators.docker.DockerOperator","filename":"docker.py","lineno":66}
{"timestamp":"2025-11-16T13:55:55.433218Z","level":"info","event":"#8 0x5cd700a026d1 <unknown>","logger":"airflow.task.operators.airflow.providers.docker.operators.docker.DockerOperator","filename":"docker.py","lineno":66}
{"timestamp":"2025-11-16T13:55:55.433263Z","level":"info","event":"#9 0x5cd700a034b5 <unknown>","logger":"airflow.task.operators.airflow.providers.docker.operators.docker.DockerOperator","filename":"docker.py","lineno":66}
{"timestamp":"2025-11-16T13:55:55.433301Z","level":"info","event":"#10 0x5cd700f23c84 <unknown>","logger":"airflow.task.operators.airflow.providers.docker.operators.docker.DockerOperator","filename":"docker.py","lineno":66}
{"timestamp":"2025-11-16T13:55:55.433319Z","level":"info","event":"#11 0x5cd700f2712f <unknown>","logger":"airflow.task.operators.airflow.providers.docker.operators.docker.DockerOperator","filename":"docker.py","lineno":66}
{"timestamp":"2025-11-16T13:55:55.433334Z","level":"info","event":"#12 0x5cd700f26bcc <unknown>","logger":"airflow.task.operators.airflow.providers.docker.operators.docker.DockerOperator","filename":"docker.py","lineno":66}
{"timestamp":"2025-11-16T13:55:55.433348Z","level":"info","event":"#13 0x5cd700f275d9 <unknown>","logger":"airflow.task.operators.airflow.providers.docker.operators.docker.DockerOperator","filename":"docker.py","lineno":66}
{"timestamp":"2025-11-16T13:55:55.433362Z","level":"info","event":"#14 0x5cd700f0d69b <unknown>","logger":"airflow.task.operators.airflow.providers.docker.operators.docker.DockerOperator","filename":"docker.py","lineno":66}
{"timestamp":"2025-11-16T13:55:55.433376Z","level":"info","event":"#15 0x5cd700f27964 <unknown>","logger":"airflow.task.operators.airflow.providers.docker.operators.docker.DockerOperator","filename":"docker.py","lineno":66}
{"timestamp":"2025-11-16T13:55:55.433396Z","level":"info","event":"#16 0x5cd700ef6e8d <unknown>","logger":"airflow.task.operators.airflow.providers.docker.operators.docker.DockerOperator","filename":"docker.py","lineno":66}
{"timestamp":"2025-11-16T13:55:55.433411Z","level":"info","event":"#17 0x5cd700f46d09 <unknown>","logger":"airflow.task.operators.airflow.providers.docker.operators.docker.DockerOperator","filename":"docker.py","lineno":66}
{"timestamp":"2025-11-16T13:55:55.433425Z","level":"info","event":"#18 0x5cd700f46eff <unknown>","logger":"airflow.task.operators.airflow.providers.docker.operators.docker.DockerOperator","filename":"docker.py","lineno":66}
{"timestamp":"2025-11-16T13:55:55.433441Z","level":"info","event":"#19 0x5cd700f58d89 <unknown>","logger":"airflow.task.operators.airflow.providers.docker.operators.docker.DockerOperator","filename":"docker.py","lineno":66}
{"timestamp":"2025-11-16T13:55:55.433455Z","level":"info","event":"#20 0x701ebe948b7b <unknown>","logger":"airflow.task.operators.airflow.providers.docker.operators.docker.DockerOperator","filename":"docker.py","lineno":66}
{"timestamp":"2025-11-16T13:55:55.433469Z","level":"info","event":"","logger":"airflow.task.operators.airflow.providers.docker.operators.docker.DockerOperator","filename":"docker.py","lineno":66}
{"timestamp":"2025-11-16T13:55:55.433485Z","level":"info","event":"","logger":"airflow.task.operators.airflow.providers.docker.operators.docker.DockerOperator","filename":"docker.py","lineno":66}
{"timestamp":"2025-11-16T13:55:55.433506Z","level":"info","event":"During handling of the above exception, another exception occurred:","logger":"airflow.task.operators.airflow.providers.docker.operators.docker.DockerOperator","filename":"docker.py","lineno":66}
{"timestamp":"2025-11-16T13:55:55.433522Z","level":"info","event":"","logger":"airflow.task.operators.airflow.providers.docker.operators.docker.DockerOperator","filename":"docker.py","lineno":66}
{"timestamp":"2025-11-16T13:55:55.433536Z","level":"info","event":"Traceback (most recent call last):","logger":"airflow.task.operators.airflow.providers.docker.operators.docker.DockerOperator","filename":"docker.py","lineno":66}
{"timestamp":"2025-11-16T13:55:55.433575Z","level":"info","event":"  File \"/usr/local/lib/python3.11/logging/__init__.py\", line 1110, in emit","logger":"airflow.task.operators.airflow.providers.docker.operators.docker.DockerOperator","filename":"docker.py","lineno":66}
{"timestamp":"2025-11-16T13:55:55.433593Z","level":"info","event":"    msg = self.format(record)","logger":"airflow.task.operators.airflow.providers.docker.operators.docker.DockerOperator","filename":"docker.py","lineno":66}
{"timestamp":"2025-11-16T13:55:55.433607Z","level":"info","event":"          ^^^^^^^^^^^^^^^^^^^","logger":"airflow.task.operators.airflow.providers.docker.operators.docker.DockerOperator","filename":"docker.py","lineno":66}
{"timestamp":"2025-11-16T13:55:55.433621Z","level":"info","event":"  File \"/usr/local/lib/python3.11/logging/__init__.py\", line 953, in format","logger":"airflow.task.operators.airflow.providers.docker.operators.docker.DockerOperator","filename":"docker.py","lineno":66}
{"timestamp":"2025-11-16T13:55:55.433635Z","level":"info","event":"    return fmt.format(record)","logger":"airflow.task.operators.airflow.providers.docker.operators.docker.DockerOperator","filename":"docker.py","lineno":66}
{"timestamp":"2025-11-16T13:55:55.433649Z","level":"info","event":"           ^^^^^^^^^^^^^^^^^^","logger":"airflow.task.operators.airflow.providers.docker.operators.docker.DockerOperator","filename":"docker.py","lineno":66}
{"timestamp":"2025-11-16T13:55:55.433662Z","level":"info","event":"  File \"/usr/local/lib/python3.11/logging/__init__.py\", line 687, in format","logger":"airflow.task.operators.airflow.providers.docker.operators.docker.DockerOperator","filename":"docker.py","lineno":66}
{"timestamp":"2025-11-16T13:55:55.433676Z","level":"info","event":"    record.message = record.getMessage()","logger":"airflow.task.operators.airflow.providers.docker.operators.docker.DockerOperator","filename":"docker.py","lineno":66}
{"timestamp":"2025-11-16T13:55:55.433692Z","level":"info","event":"                     ^^^^^^^^^^^^^^^^^^^","logger":"airflow.task.operators.airflow.providers.docker.operators.docker.DockerOperator","filename":"docker.py","lineno":66}
{"timestamp":"2025-11-16T13:55:55.433705Z","level":"info","event":"  File \"/usr/local/lib/python3.11/logging/__init__.py\", line 377, in getMessage","logger":"airflow.task.operators.airflow.providers.docker.operators.docker.DockerOperator","filename":"docker.py","lineno":66}
{"timestamp":"2025-11-16T13:55:55.433720Z","level":"info","event":"    msg = msg % self.args","logger":"airflow.task.operators.airflow.providers.docker.operators.docker.DockerOperator","filename":"docker.py","lineno":66}
{"timestamp":"2025-11-16T13:55:55.433734Z","level":"info","event":"          ~~~~^~~~~~~~~~~","logger":"airflow.task.operators.airflow.providers.docker.operators.docker.DockerOperator","filename":"docker.py","lineno":66}
{"timestamp":"2025-11-16T13:55:55.433748Z","level":"info","event":"TypeError: not all arguments converted during string formatting","logger":"airflow.task.operators.airflow.providers.docker.operators.docker.DockerOperator","filename":"docker.py","lineno":66}
{"timestamp":"2025-11-16T13:55:55.433762Z","level":"info","event":"Call stack:","logger":"airflow.task.operators.airflow.providers.docker.operators.docker.DockerOperator","filename":"docker.py","lineno":66}
{"timestamp":"2025-11-16T13:55:55.435337Z","level":"info","event":"  File \"/app/scrapping/main.py\", line 60, in <module>","logger":"airflow.task.operators.airflow.providers.docker.operators.docker.DockerOperator","filename":"docker.py","lineno":66}
{"timestamp":"2025-11-16T13:55:55.435530Z","level":"info","event":"    main()","logger":"airflow.task.operators.airflow.providers.docker.operators.docker.DockerOperator","filename":"docker.py","lineno":66}
{"timestamp":"2025-11-16T13:55:55.435661Z","level":"info","event":"  File \"/app/scrapping/main.py\", line 57, in main","logger":"airflow.task.operators.airflow.providers.docker.operators.docker.DockerOperator","filename":"docker.py","lineno":66}
{"timestamp":"2025-11-16T13:55:55.435718Z","level":"info","event":"    scrapping_scripts_slug.main_scrapping_scripts_slug()","logger":"airflow.task.operators.airflow.providers.docker.operators.docker.DockerOperator","filename":"docker.py","lineno":66}
{"timestamp":"2025-11-16T13:55:55.435743Z","level":"info","event":"  File \"/app/scrapping/scrapping_scripts_slug.py\", line 143, in main_scrapping_scripts_slug","logger":"airflow.task.operators.airflow.providers.docker.operators.docker.DockerOperator","filename":"docker.py","lineno":66}
{"timestamp":"2025-11-16T13:55:55.435761Z","level":"info","event":"    df_scripts_slug[\"url_scripts_slug\"] = df_scripts_slug[\"script_page_url\"].apply(get_pdf_script_url)   # take also a long time to execute","logger":"airflow.task.operators.airflow.providers.docker.operators.docker.DockerOperator","filename":"docker.py","lineno":66}
{"timestamp":"2025-11-16T13:55:55.435777Z","level":"info","event":"  File \"/opt/venv_scrapping/lib/python3.11/site-packages/pandas/core/series.py\", line 4943, in apply","logger":"airflow.task.operators.airflow.providers.docker.operators.docker.DockerOperator","filename":"docker.py","lineno":66}
{"timestamp":"2025-11-16T13:55:55.435798Z","level":"info","event":"    ).apply()","logger":"airflow.task.operators.airflow.providers.docker.operators.docker.DockerOperator","filename":"docker.py","lineno":66}
{"timestamp":"2025-11-16T13:55:55.435822Z","level":"info","event":"  File \"/opt/venv_scrapping/lib/python3.11/site-packages/pandas/core/apply.py\", line 1422, in apply","logger":"airflow.task.operators.airflow.providers.docker.operators.docker.DockerOperator","filename":"docker.py","lineno":66}
{"timestamp":"2025-11-16T13:55:55.435848Z","level":"info","event":"    return self.apply_standard()","logger":"airflow.task.operators.airflow.providers.docker.operators.docker.DockerOperator","filename":"docker.py","lineno":66}
{"timestamp":"2025-11-16T13:55:55.435873Z","level":"info","event":"  File \"/opt/venv_scrapping/lib/python3.11/site-packages/pandas/core/apply.py\", line 1502, in apply_standard","logger":"airflow.task.operators.airflow.providers.docker.operators.docker.DockerOperator","filename":"docker.py","lineno":66}
{"timestamp":"2025-11-16T13:55:55.435962Z","level":"info","event":"    mapped = obj._map_values(","logger":"airflow.task.operators.airflow.providers.docker.operators.docker.DockerOperator","filename":"docker.py","lineno":66}
{"timestamp":"2025-11-16T13:55:55.436010Z","level":"info","event":"  File \"/opt/venv_scrapping/lib/python3.11/site-packages/pandas/core/base.py\", line 925, in _map_values","logger":"airflow.task.operators.airflow.providers.docker.operators.docker.DockerOperator","filename":"docker.py","lineno":66}
{"timestamp":"2025-11-16T13:55:55.436047Z","level":"info","event":"    return algorithms.map_array(arr, mapper, na_action=na_action, convert=convert)","logger":"airflow.task.operators.airflow.providers.docker.operators.docker.DockerOperator","filename":"docker.py","lineno":66}
{"timestamp":"2025-11-16T13:55:55.436080Z","level":"info","event":"  File \"/opt/venv_scrapping/lib/python3.11/site-packages/pandas/core/algorithms.py\", line 1743, in map_array","logger":"airflow.task.operators.airflow.providers.docker.operators.docker.DockerOperator","filename":"docker.py","lineno":66}
{"timestamp":"2025-11-16T13:55:55.436111Z","level":"info","event":"    return lib.map_infer(values, mapper, convert=convert)","logger":"airflow.task.operators.airflow.providers.docker.operators.docker.DockerOperator","filename":"docker.py","lineno":66}
{"timestamp":"2025-11-16T13:55:55.436143Z","level":"info","event":"  File \"/app/scrapping/scrapping_scripts_slug.py\", line 114, in get_pdf_script_url","logger":"airflow.task.operators.airflow.providers.docker.operators.docker.DockerOperator","filename":"docker.py","lineno":66}
{"timestamp":"2025-11-16T13:55:55.436174Z","level":"info","event":"    logger.info(f\"[E] get_pdf_script_url - error :\", e)","logger":"airflow.task.operators.airflow.providers.docker.operators.docker.DockerOperator","filename":"docker.py","lineno":66}
{"timestamp":"2025-11-16T13:55:55.436205Z","level":"info","event":"Message: '[E] get_pdf_script_url - error :'","logger":"airflow.task.operators.airflow.providers.docker.operators.docker.DockerOperator","filename":"docker.py","lineno":66}
{"timestamp":"2025-11-16T13:55:55.436233Z","level":"info","event":"Arguments: (NoSuchElementException(),)","logger":"airflow.task.operators.airflow.providers.docker.operators.docker.DockerOperator","filename":"docker.py","lineno":66}
{"timestamp":"2025-11-16T13:56:05.501089Z","level":"error","event":"Server indicated the task shouldn't be running anymore. Terminating process","detail":{"detail":{"reason":"not_running","message":"TI is no longer in the running state and task should terminate","current_state":"success"}},"logger":"task"}
{"timestamp":"2025-11-16T13:56:05.502079Z","level":"info","event":"Stopping docker container","logger":"airflow.task.operators.airflow.providers.docker.operators.docker.DockerOperator","filename":"docker.py","lineno":515}
{"timestamp":"2025-11-16T13:56:10.521278Z","level":"error","event":"Task killed!","logger":"task"}
