{"timestamp":"2025-12-21T18:07:37.486245Z","level":"info","event":"DAG bundles loaded: dags-folder","logger":"airflow.dag_processing.bundles.manager.DagBundlesManager","filename":"manager.py","lineno":179}
{"timestamp":"2025-12-21T18:07:37.487644Z","level":"info","event":"Filling up the DagBag from /opt/airflow/dags/ingestion_dag.py","logger":"airflow.models.dagbag.DagBag","filename":"dagbag.py","lineno":593}
{"timestamp":"2025-12-21T18:07:38.159207Z","level":"info","event":"_download_pdf - Pdf downloaded from : https://assets.scriptslug.com/live/pdf/scripts/500-days-of-summer-2009.pdf?v=1729114850","logger":"root","filename":"ingestion_dag.py","lineno":409}
{"timestamp":"2025-12-21T18:07:38.299188Z","level":"info","event":"_download_pdf - Pdf downloaded from : https://assets.scriptslug.com/live/pdf/scripts/10-things-i-hate-about-you-1999.pdf?v=1729114847","logger":"root","filename":"ingestion_dag.py","lineno":409}
{"timestamp":"2025-12-21T18:07:38.498700Z","level":"info","event":"_download_pdf - Pdf downloaded from : https://assets.scriptslug.com/live/pdf/scripts/101-dalmations-1996.pdf?v=1729114847","logger":"root","filename":"ingestion_dag.py","lineno":409}
{"timestamp":"2025-12-21T18:07:38.776740Z","level":"info","event":"_download_pdf - Pdf downloaded from : https://assets.scriptslug.com/live/pdf/scripts/12-angry-men-1957.pdf?v=1729114847","logger":"root","filename":"ingestion_dag.py","lineno":409}
{"timestamp":"2025-12-21T18:07:38.914292Z","level":"info","event":"_download_pdf - Pdf downloaded from : https://assets.scriptslug.com/live/pdf/scripts/12-strong-2018.pdf?v=1729114847","logger":"root","filename":"ingestion_dag.py","lineno":409}
{"timestamp":"2025-12-21T18:07:40.106487Z","level":"info","event":"_download_pdf - Pdf downloaded from : https://assets.scriptslug.com/live/pdf/scripts/12-years-a-slave-2013.pdf?v=1729114848","logger":"root","filename":"ingestion_dag.py","lineno":409}
{"timestamp":"2025-12-21T18:07:40.309909Z","level":"info","event":"_download_pdf - Pdf downloaded from : https://assets.scriptslug.com/live/pdf/scripts/127-hours-2010.pdf?v=1729114848","logger":"root","filename":"ingestion_dag.py","lineno":409}
{"timestamp":"2025-12-21T18:07:40.585394Z","level":"info","event":"_download_pdf - Pdf downloaded from : https://assets.scriptslug.com/live/pdf/scripts/1408-2007.pdf?v=1729114848","logger":"root","filename":"ingestion_dag.py","lineno":409}
{"timestamp":"2025-12-21T18:07:40.773752Z","level":"info","event":"_download_pdf - Pdf downloaded from : https://assets.scriptslug.com/live/pdf/scripts/16-blocks-2006.pdf?v=1729114848","logger":"root","filename":"ingestion_dag.py","lineno":409}
{"timestamp":"2025-12-21T18:07:40.932169Z","level":"info","event":"_download_pdf - Pdf downloaded from : https://assets.scriptslug.com/live/pdf/scripts/1917-2019.pdf?v=1729114848","logger":"root","filename":"ingestion_dag.py","lineno":409}
{"timestamp":"2025-12-21T18:07:41.265061Z","level":"info","event":"_download_pdf - Pdf downloaded from : https://assets.scriptslug.com/live/pdf/scripts/2-fast-2-furious-2003.pdf?v=1729114848","logger":"root","filename":"ingestion_dag.py","lineno":409}
{"timestamp":"2025-12-21T18:07:41.384035Z","level":"info","event":"_download_pdf - Pdf downloaded from : https://assets.scriptslug.com/live/pdf/scripts/2001-a-space-odyssey-1968.pdf?v=1729114848","logger":"root","filename":"ingestion_dag.py","lineno":409}
{"timestamp":"2025-12-21T18:07:41.630769Z","level":"info","event":"_download_pdf - Pdf downloaded from : https://assets.scriptslug.com/live/pdf/scripts/2010-the-year-we-make-contact-1984.pdf?v=1729114849","logger":"root","filename":"ingestion_dag.py","lineno":409}
{"timestamp":"2025-12-21T18:07:41.809291Z","level":"info","event":"_download_pdf - Pdf downloaded from : https://assets.scriptslug.com/live/pdf/scripts/20th-century-girl-2022.pdf?v=1729114849","logger":"root","filename":"ingestion_dag.py","lineno":409}
{"timestamp":"2025-12-21T18:07:41.956000Z","level":"info","event":"_download_pdf - Pdf downloaded from : https://assets.scriptslug.com/live/pdf/scripts/20th-century-women-2016.pdf?v=1729114849","logger":"root","filename":"ingestion_dag.py","lineno":409}
{"timestamp":"2025-12-21T18:07:42.202646Z","level":"info","event":"_download_pdf - Pdf downloaded from : https://assets.scriptslug.com/live/pdf/scripts/21-jump-street-2012.pdf?v=1729114849","logger":"root","filename":"ingestion_dag.py","lineno":409}
{"timestamp":"2025-12-21T18:07:42.367153Z","level":"info","event":"_download_pdf - Pdf downloaded from : https://assets.scriptslug.com/live/pdf/scripts/2-13-2009.pdf?v=1729114848","logger":"root","filename":"ingestion_dag.py","lineno":409}
{"timestamp":"2025-12-21T18:07:42.545953Z","level":"info","event":"_download_pdf - Pdf downloaded from : https://assets.scriptslug.com/live/pdf/scripts/22-july-2018.pdf?v=1729114849","logger":"root","filename":"ingestion_dag.py","lineno":409}
{"timestamp":"2025-12-21T18:07:42.705496Z","level":"info","event":"_download_pdf - Pdf downloaded from : https://assets.scriptslug.com/live/pdf/scripts/22-jump-street-2014.pdf?v=1729114849","logger":"root","filename":"ingestion_dag.py","lineno":409}
{"timestamp":"2025-12-21T18:07:42.857775Z","level":"info","event":"_download_pdf - Pdf downloaded from : https://assets.scriptslug.com/live/pdf/scripts/28-days-later-2002.pdf?v=1729114849","logger":"root","filename":"ingestion_dag.py","lineno":409}
{"timestamp":"2025-12-21T18:07:42.989023Z","level":"info","event":"_download_pdf - Pdf downloaded from : https://assets.scriptslug.com/live/pdf/scripts/28-weeks-later-2007.pdf?v=1729114849","logger":"root","filename":"ingestion_dag.py","lineno":409}
{"timestamp":"2025-12-21T18:07:43.208015Z","level":"info","event":"_download_pdf - Pdf downloaded from : https://assets.scriptslug.com/live/pdf/scripts/300-2006.pdf?v=1729114849","logger":"root","filename":"ingestion_dag.py","lineno":409}
{"timestamp":"2025-12-21T18:07:43.350939Z","level":"info","event":"_download_pdf - Pdf downloaded from : https://assets.scriptslug.com/live/pdf/scripts/48-hrs-1982.pdf?v=1729114850","logger":"root","filename":"ingestion_dag.py","lineno":409}
{"timestamp":"2025-12-21T18:07:43.495925Z","level":"info","event":"_download_pdf - Pdf downloaded from : https://assets.scriptslug.com/live/pdf/scripts/5-to-7-2014.pdf?v=1729114850","logger":"root","filename":"ingestion_dag.py","lineno":409}
{"timestamp":"2025-12-21T18:07:43.674325Z","level":"info","event":"_download_pdf - Pdf downloaded from : https://assets.scriptslug.com/live/pdf/scripts/8-bit-christmas-2021.pdf?v=1729114850","logger":"root","filename":"ingestion_dag.py","lineno":409}
{"timestamp":"2025-12-21T18:07:43.974266Z","level":"info","event":"_download_pdf - Pdf downloaded from : https://assets.scriptslug.com/live/pdf/scripts/8-mile-2002.pdf?v=1729114850","logger":"root","filename":"ingestion_dag.py","lineno":409}
{"timestamp":"2025-12-21T18:07:44.163212Z","level":"info","event":"_download_pdf - Pdf downloaded from : https://assets.scriptslug.com/live/pdf/scripts/8-1-2-1963.pdf?v=1729114850","logger":"root","filename":"ingestion_dag.py","lineno":409}
{"timestamp":"2025-12-21T18:07:44.318478Z","level":"info","event":"_download_pdf - Pdf downloaded from : https://assets.scriptslug.com/live/pdf/scripts/a-beautiful-day-in-the-neighborhood-2019.pdf?v=1729114850","logger":"root","filename":"ingestion_dag.py","lineno":409}
{"timestamp":"2025-12-21T18:07:44.571841Z","level":"info","event":"_download_pdf - Pdf downloaded from : https://assets.scriptslug.com/live/pdf/scripts/a-beautiful-mind-2001.pdf?v=1729114850","logger":"root","filename":"ingestion_dag.py","lineno":409}
{"timestamp":"2025-12-21T18:07:45.112573Z","level":"info","event":"_download_pdf - Pdf downloaded from : https://assets.scriptslug.com/live/pdf/scripts/a-christmas-story-1983.pdf?v=1729114851","logger":"root","filename":"ingestion_dag.py","lineno":409}
{"timestamp":"2025-12-21T18:07:45.255798Z","level":"info","event":"_download_pdf - Pdf downloaded from : https://assets.scriptslug.com/live/pdf/scripts/a-clockwork-orange-1971.pdf?v=1729114851","logger":"root","filename":"ingestion_dag.py","lineno":409}
{"timestamp":"2025-12-21T18:07:45.408539Z","level":"info","event":"_download_pdf - Pdf downloaded from : https://assets.scriptslug.com/live/pdf/scripts/a-complete-unknown-2024.pdf?v=1738463523","logger":"root","filename":"ingestion_dag.py","lineno":409}
{"timestamp":"2025-12-21T18:07:45.549144Z","level":"info","event":"_download_pdf - Pdf downloaded from : https://assets.scriptslug.com/live/pdf/scripts/a-fantastic-woman-2017.pdf?v=1729114851","logger":"root","filename":"ingestion_dag.py","lineno":409}
{"timestamp":"2025-12-21T18:07:45.694893Z","level":"info","event":"_download_pdf - Pdf downloaded from : https://assets.scriptslug.com/live/pdf/scripts/a-few-good-men-1992.pdf?v=1729114851","logger":"root","filename":"ingestion_dag.py","lineno":409}
{"timestamp":"2025-12-21T18:07:45.697363Z","level":"info","event":"Done. Returned value was: None","logger":"airflow.task.operators.airflow.providers.standard.operators.python.PythonOperator","filename":"python.py","lineno":218}
