{"timestamp":"2026-01-07T00:06:19.906827Z","level":"info","event":"DAG bundles loaded: dags-folder","logger":"airflow.dag_processing.bundles.manager.DagBundlesManager","filename":"manager.py","lineno":179}
{"timestamp":"2026-01-07T00:06:19.907842Z","level":"info","event":"Filling up the DagBag from /opt/airflow/dags/production_dag.py","logger":"airflow.models.dagbag.DagBag","filename":"dagbag.py","lineno":593}
{"timestamp":"2026-01-07T00:06:24.550762Z","level":"info","event":"Loading faiss with AVX2 support.","logger":"faiss.loader","filename":"loader.py","lineno":132}
{"timestamp":"2026-01-07T00:06:24.573287Z","level":"info","event":"Successfully loaded faiss with AVX2 support.","logger":"faiss.loader","filename":"loader.py","lineno":134}
{"timestamp":"2026-01-07T00:06:24.793524Z","level":"info","event":"Starting docker container from image m1_data_engineering-analyser:latest","logger":"airflow.task.operators.airflow.providers.docker.operators.docker.DockerOperator","filename":"docker.py","lineno":355}
{"timestamp":"2026-01-07T00:06:29.141799Z","level":"info","event":"/opt/venv_analysis/lib/python3.11/site-packages/pyspark/bin/load-spark-env.sh: line 68: ps: command not found","logger":"airflow.task.operators.airflow.providers.docker.operators.docker.DockerOperator","filename":"docker.py","lineno":66}
{"timestamp":"2026-01-07T00:06:30.592836Z","level":"info","event":"Setting default log level to \"WARN\".","logger":"airflow.task.operators.airflow.providers.docker.operators.docker.DockerOperator","filename":"docker.py","lineno":66}
{"timestamp":"2026-01-07T00:06:30.593033Z","level":"info","event":"To adjust logging level use sc.setLogLevel(newLevel). For SparkR, use setLogLevel(newLevel).","logger":"airflow.task.operators.airflow.providers.docker.operators.docker.DockerOperator","filename":"docker.py","lineno":66}
{"timestamp":"2026-01-07T00:06:30.774585Z","level":"info","event":"26/01/07 00:06:30 WARN NativeCodeLoader: Unable to load native-hadoop library for your platform... using builtin-java classes where applicable","logger":"airflow.task.operators.airflow.providers.docker.operators.docker.DockerOperator","filename":"docker.py","lineno":66}
{"timestamp":"2026-01-07T00:06:33.782903Z","level":"info","event":"Traceback (most recent call last):","logger":"airflow.task.operators.airflow.providers.docker.operators.docker.DockerOperator","filename":"docker.py","lineno":66}
{"timestamp":"2026-01-07T00:06:33.783231Z","level":"info","event":"  File \"/app/analysis_container/analysis_main.py\", line 57, in <module>","logger":"airflow.task.operators.airflow.providers.docker.operators.docker.DockerOperator","filename":"docker.py","lineno":66}
{"timestamp":"2026-01-07T00:06:33.783281Z","level":"info","event":"    main()","logger":"airflow.task.operators.airflow.providers.docker.operators.docker.DockerOperator","filename":"docker.py","lineno":66}
{"timestamp":"2026-01-07T00:06:33.783303Z","level":"info","event":"  File \"/app/analysis_container/analysis_main.py\", line 55, in main","logger":"airflow.task.operators.airflow.providers.docker.operators.docker.DockerOperator","filename":"docker.py","lineno":66}
{"timestamp":"2026-01-07T00:06:33.783321Z","level":"info","event":"    main_local_analysis()","logger":"airflow.task.operators.airflow.providers.docker.operators.docker.DockerOperator","filename":"docker.py","lineno":66}
{"timestamp":"2026-01-07T00:06:33.783339Z","level":"info","event":"  File \"/app/analysis_container/local_analysis.py\", line 322, in main_local_analysis","logger":"airflow.task.operators.airflow.providers.docker.operators.docker.DockerOperator","filename":"docker.py","lineno":66}
{"timestamp":"2026-01-07T00:06:33.783355Z","level":"info","event":"    .csv(output_path)","logger":"airflow.task.operators.airflow.providers.docker.operators.docker.DockerOperator","filename":"docker.py","lineno":66}
{"timestamp":"2026-01-07T00:06:33.783370Z","level":"info","event":"     ^^^^^^^^^^^^^^^^","logger":"airflow.task.operators.airflow.providers.docker.operators.docker.DockerOperator","filename":"docker.py","lineno":66}
{"timestamp":"2026-01-07T00:06:33.783385Z","level":"info","event":"  File \"/opt/venv_analysis/lib/python3.11/site-packages/pyspark/sql/readwriter.py\", line 1864, in csv","logger":"airflow.task.operators.airflow.providers.docker.operators.docker.DockerOperator","filename":"docker.py","lineno":66}
{"timestamp":"2026-01-07T00:06:33.783437Z","level":"info","event":"    self._jwrite.csv(path)","logger":"airflow.task.operators.airflow.providers.docker.operators.docker.DockerOperator","filename":"docker.py","lineno":66}
{"timestamp":"2026-01-07T00:06:33.783465Z","level":"info","event":"  File \"/opt/venv_analysis/lib/python3.11/site-packages/py4j/java_gateway.py\", line 1322, in __call__","logger":"airflow.task.operators.airflow.providers.docker.operators.docker.DockerOperator","filename":"docker.py","lineno":66}
{"timestamp":"2026-01-07T00:06:33.783493Z","level":"info","event":"    return_value = get_return_value(","logger":"airflow.task.operators.airflow.providers.docker.operators.docker.DockerOperator","filename":"docker.py","lineno":66}
{"timestamp":"2026-01-07T00:06:33.783509Z","level":"info","event":"                   ^^^^^^^^^^^^^^^^^","logger":"airflow.task.operators.airflow.providers.docker.operators.docker.DockerOperator","filename":"docker.py","lineno":66}
{"timestamp":"2026-01-07T00:06:33.783527Z","level":"info","event":"  File \"/opt/venv_analysis/lib/python3.11/site-packages/pyspark/errors/exceptions/captured.py\", line 185, in deco","logger":"airflow.task.operators.airflow.providers.docker.operators.docker.DockerOperator","filename":"docker.py","lineno":66}
{"timestamp":"2026-01-07T00:06:33.783551Z","level":"info","event":"    raise converted from None","logger":"airflow.task.operators.airflow.providers.docker.operators.docker.DockerOperator","filename":"docker.py","lineno":66}
{"timestamp":"2026-01-07T00:06:33.789920Z","level":"info","event":"pyspark.errors.exceptions.captured.AnalysisException: [UNSUPPORTED_DATA_TYPE_FOR_DATASOURCE] The CSV datasource doesn't support the column `similar_tropes` of the type \"ARRAY<STRING>\".","logger":"airflow.task.operators.airflow.providers.docker.operators.docker.DockerOperator","filename":"docker.py","lineno":66}
{"timestamp":"2026-01-07T00:06:35.246721Z","level":"error","event":"Task failed with exception","logger":"task","filename":"task_runner.py","lineno":972,"error_detail":[{"exc_type":"DockerContainerFailedException","exc_value":"Docker container failed: {'StatusCode': 1}","exc_notes":[],"syntax_error":null,"is_cause":false,"frames":[{"filename":"/home/airflow/.local/lib/python3.12/site-packages/airflow/sdk/execution_time/task_runner.py","lineno":920,"name":"run"},{"filename":"/home/airflow/.local/lib/python3.12/site-packages/airflow/sdk/execution_time/task_runner.py","lineno":1307,"name":"_execute_task"},{"filename":"/home/airflow/.local/lib/python3.12/site-packages/airflow/sdk/bases/operator.py","lineno":416,"name":"wrapper"},{"filename":"/home/airflow/.local/lib/python3.12/site-packages/airflow/providers/docker/operators/docker.py","lineno":495,"name":"execute"},{"filename":"/home/airflow/.local/lib/python3.12/site-packages/airflow/providers/docker/operators/docker.py","lineno":372,"name":"_run_image"},{"filename":"/home/airflow/.local/lib/python3.12/site-packages/airflow/providers/docker/operators/docker.py","lineno":430,"name":"_run_image_with_mounts"}],"is_group":false,"exceptions":[]}]}
{"timestamp":"2026-01-07T00:06:35.272101Z","level":"error","event":"Task FAILED: dag=production_dag task=launch_stagging_container run_id=manual__2026-01-06T23:59:45.287568+00:00 try=2","logger":"unusual_prefix_3f49ec10868ade508445b6969953b7694ea04369_production_dag","filename":"production_dag.py","lineno":43}
{"timestamp":"2026-01-07T00:06:35.272329Z","level":"error","event":"Docker container failed: {'StatusCode': 1}","logger":"unusual_prefix_3f49ec10868ade508445b6969953b7694ea04369_production_dag","filename":"production_dag.py","lineno":51}
