{"timestamp":"2025-11-18T10:01:26.530837Z","level":"info","event":"DAG bundles loaded: dags-folder","logger":"airflow.dag_processing.bundles.manager.DagBundlesManager","filename":"manager.py","lineno":179}
{"timestamp":"2025-11-18T10:01:26.532770Z","level":"info","event":"Filling up the DagBag from /opt/airflow/dags/ingestion_dag.py","logger":"airflow.models.dagbag.DagBag","filename":"dagbag.py","lineno":593}
{"timestamp":"2025-11-18T10:01:27.382355Z","level":"info","event":"/opt/airflow","logger":"unusual_prefix_347b2425d77b6959f8a897cf21788f75ecda7325_ingestion_dag","filename":"ingestion_dag.py","lineno":52}
{"timestamp":"2025-11-18T10:01:27.762981Z","level":"info","event":"Starting docker container from image m1_data_engineering-scrapper:latest","logger":"airflow.task.operators.airflow.providers.docker.operators.docker.DockerOperator","filename":"docker.py","lineno":355}
{"timestamp":"2025-11-18T10:01:30.614058Z","level":"info","event":"Traceback (most recent call last):","logger":"airflow.task.operators.airflow.providers.docker.operators.docker.DockerOperator","filename":"docker.py","lineno":66}
{"timestamp":"2025-11-18T10:01:30.614281Z","level":"info","event":"  File \"/usr/local/lib/python3.11/logging/config.py\", line 573, in configure","logger":"airflow.task.operators.airflow.providers.docker.operators.docker.DockerOperator","filename":"docker.py","lineno":66}
{"timestamp":"2025-11-18T10:01:30.614772Z","level":"info","event":"    handler = self.configure_handler(handlers[name])","logger":"airflow.task.operators.airflow.providers.docker.operators.docker.DockerOperator","filename":"docker.py","lineno":66}
{"timestamp":"2025-11-18T10:01:30.614948Z","level":"info","event":"              ^^^^^^^^^^^^^^^^^^^^^^^^^^^^^^^^^^^^^^","logger":"airflow.task.operators.airflow.providers.docker.operators.docker.DockerOperator","filename":"docker.py","lineno":66}
{"timestamp":"2025-11-18T10:01:30.615044Z","level":"info","event":"  File \"/usr/local/lib/python3.11/logging/config.py\", line 757, in configure_handler","logger":"airflow.task.operators.airflow.providers.docker.operators.docker.DockerOperator","filename":"docker.py","lineno":66}
{"timestamp":"2025-11-18T10:01:30.615164Z","level":"info","event":"    result = factory(**kwargs)","logger":"airflow.task.operators.airflow.providers.docker.operators.docker.DockerOperator","filename":"docker.py","lineno":66}
{"timestamp":"2025-11-18T10:01:30.615243Z","level":"info","event":"             ^^^^^^^^^^^^^^^^^","logger":"airflow.task.operators.airflow.providers.docker.operators.docker.DockerOperator","filename":"docker.py","lineno":66}
{"timestamp":"2025-11-18T10:01:30.615308Z","level":"info","event":"  File \"/usr/local/lib/python3.11/logging/__init__.py\", line 1181, in __init__","logger":"airflow.task.operators.airflow.providers.docker.operators.docker.DockerOperator","filename":"docker.py","lineno":66}
{"timestamp":"2025-11-18T10:01:30.617552Z","level":"info","event":"    StreamHandler.__init__(self, self._open())","logger":"airflow.task.operators.airflow.providers.docker.operators.docker.DockerOperator","filename":"docker.py","lineno":66}
{"timestamp":"2025-11-18T10:01:30.617797Z","level":"info","event":"                                 ^^^^^^^^^^^^","logger":"airflow.task.operators.airflow.providers.docker.operators.docker.DockerOperator","filename":"docker.py","lineno":66}
{"timestamp":"2025-11-18T10:01:30.617890Z","level":"info","event":"  File \"/usr/local/lib/python3.11/logging/__init__.py\", line 1213, in _open","logger":"airflow.task.operators.airflow.providers.docker.operators.docker.DockerOperator","filename":"docker.py","lineno":66}
{"timestamp":"2025-11-18T10:01:30.618043Z","level":"info","event":"    return open_func(self.baseFilename, self.mode,","logger":"airflow.task.operators.airflow.providers.docker.operators.docker.DockerOperator","filename":"docker.py","lineno":66}
{"timestamp":"2025-11-18T10:01:30.618127Z","level":"info","event":"           ^^^^^^^^^^^^^^^^^^^^^^^^^^^^^^^^^^^^^^^","logger":"airflow.task.operators.airflow.providers.docker.operators.docker.DockerOperator","filename":"docker.py","lineno":66}
{"timestamp":"2025-11-18T10:01:30.618197Z","level":"info","event":"FileNotFoundError: [Errno 2] No such file or directory: '/app/scrapping/volume/scrapping_data/logs/scrapping_imsdb.log'","logger":"airflow.task.operators.airflow.providers.docker.operators.docker.DockerOperator","filename":"docker.py","lineno":66}
{"timestamp":"2025-11-18T10:01:30.618268Z","level":"info","event":"","logger":"airflow.task.operators.airflow.providers.docker.operators.docker.DockerOperator","filename":"docker.py","lineno":66}
{"timestamp":"2025-11-18T10:01:30.618341Z","level":"info","event":"The above exception was the direct cause of the following exception:","logger":"airflow.task.operators.airflow.providers.docker.operators.docker.DockerOperator","filename":"docker.py","lineno":66}
{"timestamp":"2025-11-18T10:01:30.618414Z","level":"info","event":"","logger":"airflow.task.operators.airflow.providers.docker.operators.docker.DockerOperator","filename":"docker.py","lineno":66}
{"timestamp":"2025-11-18T10:01:30.618483Z","level":"info","event":"Traceback (most recent call last):","logger":"airflow.task.operators.airflow.providers.docker.operators.docker.DockerOperator","filename":"docker.py","lineno":66}
{"timestamp":"2025-11-18T10:01:30.618553Z","level":"info","event":"  File \"/app/scrapping/main.py\", line 60, in <module>","logger":"airflow.task.operators.airflow.providers.docker.operators.docker.DockerOperator","filename":"docker.py","lineno":66}
{"timestamp":"2025-11-18T10:01:30.621956Z","level":"info","event":"    main()","logger":"airflow.task.operators.airflow.providers.docker.operators.docker.DockerOperator","filename":"docker.py","lineno":66}
{"timestamp":"2025-11-18T10:01:30.622138Z","level":"info","event":"  File \"/app/scrapping/main.py\", line 56, in main","logger":"airflow.task.operators.airflow.providers.docker.operators.docker.DockerOperator","filename":"docker.py","lineno":66}
{"timestamp":"2025-11-18T10:01:30.622207Z","level":"info","event":"    logging.config.dictConfig(LOGGING)","logger":"airflow.task.operators.airflow.providers.docker.operators.docker.DockerOperator","filename":"docker.py","lineno":66}
{"timestamp":"2025-11-18T10:01:30.622252Z","level":"info","event":"  File \"/usr/local/lib/python3.11/logging/config.py\", line 823, in dictConfig","logger":"airflow.task.operators.airflow.providers.docker.operators.docker.DockerOperator","filename":"docker.py","lineno":66}
{"timestamp":"2025-11-18T10:01:30.622292Z","level":"info","event":"    dictConfigClass(config).configure()","logger":"airflow.task.operators.airflow.providers.docker.operators.docker.DockerOperator","filename":"docker.py","lineno":66}
{"timestamp":"2025-11-18T10:01:30.622324Z","level":"info","event":"  File \"/usr/local/lib/python3.11/logging/config.py\", line 580, in configure","logger":"airflow.task.operators.airflow.providers.docker.operators.docker.DockerOperator","filename":"docker.py","lineno":66}
{"timestamp":"2025-11-18T10:01:30.622357Z","level":"info","event":"    raise ValueError('Unable to configure handler '","logger":"airflow.task.operators.airflow.providers.docker.operators.docker.DockerOperator","filename":"docker.py","lineno":66}
{"timestamp":"2025-11-18T10:01:30.622403Z","level":"info","event":"ValueError: Unable to configure handler 'h_scrapping_imsdb'","logger":"airflow.task.operators.airflow.providers.docker.operators.docker.DockerOperator","filename":"docker.py","lineno":66}
{"timestamp":"2025-11-18T10:01:30.998907Z","level":"error","event":"Task failed with exception","logger":"task","filename":"task_runner.py","lineno":972,"error_detail":[{"exc_type":"DockerContainerFailedException","exc_value":"Docker container failed: {'StatusCode': 1}","exc_notes":[],"syntax_error":null,"is_cause":false,"frames":[{"filename":"/home/airflow/.local/lib/python3.12/site-packages/airflow/sdk/execution_time/task_runner.py","lineno":920,"name":"run"},{"filename":"/home/airflow/.local/lib/python3.12/site-packages/airflow/sdk/execution_time/task_runner.py","lineno":1307,"name":"_execute_task"},{"filename":"/home/airflow/.local/lib/python3.12/site-packages/airflow/sdk/bases/operator.py","lineno":416,"name":"wrapper"},{"filename":"/home/airflow/.local/lib/python3.12/site-packages/airflow/providers/docker/operators/docker.py","lineno":495,"name":"execute"},{"filename":"/home/airflow/.local/lib/python3.12/site-packages/airflow/providers/docker/operators/docker.py","lineno":372,"name":"_run_image"},{"filename":"/home/airflow/.local/lib/python3.12/site-packages/airflow/providers/docker/operators/docker.py","lineno":430,"name":"_run_image_with_mounts"}],"is_group":false,"exceptions":[]}]}
