{"timestamp":"2025-11-16T15:59:51.605246Z","level":"info","event":"DAG bundles loaded: dags-folder","logger":"airflow.dag_processing.bundles.manager.DagBundlesManager","filename":"manager.py","lineno":179}
{"timestamp":"2025-11-16T15:59:51.611155Z","level":"info","event":"Filling up the DagBag from /opt/airflow/dags/ingestion_dag.py","logger":"airflow.models.dagbag.DagBag","filename":"dagbag.py","lineno":593}
{"timestamp":"2025-11-16T15:59:52.110106Z","level":"info","event":"/opt/airflow","logger":"unusual_prefix_347b2425d77b6959f8a897cf21788f75ecda7325_ingestion_dag","filename":"ingestion_dag.py","lineno":52}
{"timestamp":"2025-11-16T15:59:52.336620Z","level":"info","event":"Starting docker container from image m1_data_engineering-scrapper:latest","logger":"airflow.task.operators.airflow.providers.docker.operators.docker.DockerOperator","filename":"docker.py","lineno":355}
{"timestamp":"2025-11-16T16:01:32.686607Z","level":"info","event":"--- Logging error ---","logger":"airflow.task.operators.airflow.providers.docker.operators.docker.DockerOperator","filename":"docker.py","lineno":66}
{"timestamp":"2025-11-16T16:01:32.699266Z","level":"info","event":"Traceback (most recent call last):","logger":"airflow.task.operators.airflow.providers.docker.operators.docker.DockerOperator","filename":"docker.py","lineno":66}
{"timestamp":"2025-11-16T16:01:32.699445Z","level":"info","event":"  File \"/app/scrapping/scrapping_scripts_slug.py\", line 61, in load_all_data","logger":"airflow.task.operators.airflow.providers.docker.operators.docker.DockerOperator","filename":"docker.py","lineno":66}
{"timestamp":"2025-11-16T16:01:32.699486Z","level":"info","event":"    load_more_script_button = DRIVER.find_element(By.XPATH, '//*[@id=\"scriptsList\"]/div[6]/button')","logger":"airflow.task.operators.airflow.providers.docker.operators.docker.DockerOperator","filename":"docker.py","lineno":66}
{"timestamp":"2025-11-16T16:01:32.699507Z","level":"info","event":"                            ^^^^^^^^^^^^^^^^^^^^^^^^^^^^^^^^^^^^^^^^^^^^^^^^^^^^^^^^^^^^^^^^^^^^^","logger":"airflow.task.operators.airflow.providers.docker.operators.docker.DockerOperator","filename":"docker.py","lineno":66}
{"timestamp":"2025-11-16T16:01:32.699525Z","level":"info","event":"  File \"/opt/venv_scrapping/lib/python3.11/site-packages/selenium/webdriver/remote/webdriver.py\", line 926, in find_element","logger":"airflow.task.operators.airflow.providers.docker.operators.docker.DockerOperator","filename":"docker.py","lineno":66}
{"timestamp":"2025-11-16T16:01:32.699541Z","level":"info","event":"    return self.execute(Command.FIND_ELEMENT, {\"using\": by, \"value\": value})[\"value\"]","logger":"airflow.task.operators.airflow.providers.docker.operators.docker.DockerOperator","filename":"docker.py","lineno":66}
{"timestamp":"2025-11-16T16:01:32.699558Z","level":"info","event":"           ^^^^^^^^^^^^^^^^^^^^^^^^^^^^^^^^^^^^^^^^^^^^^^^^^^^^^^^^^^^^^^^^^","logger":"airflow.task.operators.airflow.providers.docker.operators.docker.DockerOperator","filename":"docker.py","lineno":66}
{"timestamp":"2025-11-16T16:01:32.699575Z","level":"info","event":"  File \"/opt/venv_scrapping/lib/python3.11/site-packages/selenium/webdriver/remote/webdriver.py\", line 458, in execute","logger":"airflow.task.operators.airflow.providers.docker.operators.docker.DockerOperator","filename":"docker.py","lineno":66}
{"timestamp":"2025-11-16T16:01:32.699591Z","level":"info","event":"    self.error_handler.check_response(response)","logger":"airflow.task.operators.airflow.providers.docker.operators.docker.DockerOperator","filename":"docker.py","lineno":66}
{"timestamp":"2025-11-16T16:01:32.699630Z","level":"info","event":"  File \"/opt/venv_scrapping/lib/python3.11/site-packages/selenium/webdriver/remote/errorhandler.py\", line 232, in check_response","logger":"airflow.task.operators.airflow.providers.docker.operators.docker.DockerOperator","filename":"docker.py","lineno":66}
{"timestamp":"2025-11-16T16:01:32.699655Z","level":"info","event":"    raise exception_class(message, screen, stacktrace)","logger":"airflow.task.operators.airflow.providers.docker.operators.docker.DockerOperator","filename":"docker.py","lineno":66}
{"timestamp":"2025-11-16T16:01:32.699672Z","level":"info","event":"selenium.common.exceptions.NoSuchElementException: Message: no such element: Unable to locate element: {\"method\":\"xpath\",\"selector\":\"//*[@id=\"scriptsList\"]/div[6]/button\"}","logger":"airflow.task.operators.airflow.providers.docker.operators.docker.DockerOperator","filename":"docker.py","lineno":66}
{"timestamp":"2025-11-16T16:01:32.699688Z","level":"info","event":"  (Session info: chrome=142.0.7444.162); For documentation on this error, please visit: https://www.selenium.dev/documentation/webdriver/troubleshooting/errors#nosuchelementexception","logger":"airflow.task.operators.airflow.providers.docker.operators.docker.DockerOperator","filename":"docker.py","lineno":66}
{"timestamp":"2025-11-16T16:01:32.699705Z","level":"info","event":"Stacktrace:","logger":"airflow.task.operators.airflow.providers.docker.operators.docker.DockerOperator","filename":"docker.py","lineno":66}
{"timestamp":"2025-11-16T16:01:32.699719Z","level":"info","event":"#0 0x5aa2fb0f13d2 <unknown>","logger":"airflow.task.operators.airflow.providers.docker.operators.docker.DockerOperator","filename":"docker.py","lineno":66}
{"timestamp":"2025-11-16T16:01:32.699736Z","level":"info","event":"#1 0x5aa2fab5622b <unknown>","logger":"airflow.task.operators.airflow.providers.docker.operators.docker.DockerOperator","filename":"docker.py","lineno":66}
{"timestamp":"2025-11-16T16:01:32.699750Z","level":"info","event":"#2 0x5aa2faba6f7b <unknown>","logger":"airflow.task.operators.airflow.providers.docker.operators.docker.DockerOperator","filename":"docker.py","lineno":66}
{"timestamp":"2025-11-16T16:01:32.699764Z","level":"info","event":"#3 0x5aa2faba7155 <unknown>","logger":"airflow.task.operators.airflow.providers.docker.operators.docker.DockerOperator","filename":"docker.py","lineno":66}
{"timestamp":"2025-11-16T16:01:32.699779Z","level":"info","event":"#4 0x5aa2fabf0258 <unknown>","logger":"airflow.task.operators.airflow.providers.docker.operators.docker.DockerOperator","filename":"docker.py","lineno":66}
{"timestamp":"2025-11-16T16:01:32.699794Z","level":"info","event":"#5 0x5aa2fabcbce1 <unknown>","logger":"airflow.task.operators.airflow.providers.docker.operators.docker.DockerOperator","filename":"docker.py","lineno":66}
{"timestamp":"2025-11-16T16:01:32.699809Z","level":"info","event":"#6 0x5aa2fabedcc6 <unknown>","logger":"airflow.task.operators.airflow.providers.docker.operators.docker.DockerOperator","filename":"docker.py","lineno":66}
{"timestamp":"2025-11-16T16:01:32.699823Z","level":"info","event":"#7 0x5aa2fabcba67 <unknown>","logger":"airflow.task.operators.airflow.providers.docker.operators.docker.DockerOperator","filename":"docker.py","lineno":66}
{"timestamp":"2025-11-16T16:01:32.699838Z","level":"info","event":"#8 0x5aa2fab996d1 <unknown>","logger":"airflow.task.operators.airflow.providers.docker.operators.docker.DockerOperator","filename":"docker.py","lineno":66}
{"timestamp":"2025-11-16T16:01:32.699855Z","level":"info","event":"#9 0x5aa2fab9a4b5 <unknown>","logger":"airflow.task.operators.airflow.providers.docker.operators.docker.DockerOperator","filename":"docker.py","lineno":66}
{"timestamp":"2025-11-16T16:01:32.699870Z","level":"info","event":"#10 0x5aa2fb0bac84 <unknown>","logger":"airflow.task.operators.airflow.providers.docker.operators.docker.DockerOperator","filename":"docker.py","lineno":66}
{"timestamp":"2025-11-16T16:01:32.699884Z","level":"info","event":"#11 0x5aa2fb0be12f <unknown>","logger":"airflow.task.operators.airflow.providers.docker.operators.docker.DockerOperator","filename":"docker.py","lineno":66}
{"timestamp":"2025-11-16T16:01:32.699898Z","level":"info","event":"#12 0x5aa2fb0bdbcc <unknown>","logger":"airflow.task.operators.airflow.providers.docker.operators.docker.DockerOperator","filename":"docker.py","lineno":66}
{"timestamp":"2025-11-16T16:01:32.699913Z","level":"info","event":"#13 0x5aa2fb0be5d9 <unknown>","logger":"airflow.task.operators.airflow.providers.docker.operators.docker.DockerOperator","filename":"docker.py","lineno":66}
{"timestamp":"2025-11-16T16:01:32.699927Z","level":"info","event":"#14 0x5aa2fb0a469b <unknown>","logger":"airflow.task.operators.airflow.providers.docker.operators.docker.DockerOperator","filename":"docker.py","lineno":66}
{"timestamp":"2025-11-16T16:01:32.699941Z","level":"info","event":"#15 0x5aa2fb0be964 <unknown>","logger":"airflow.task.operators.airflow.providers.docker.operators.docker.DockerOperator","filename":"docker.py","lineno":66}
{"timestamp":"2025-11-16T16:01:32.699955Z","level":"info","event":"#16 0x5aa2fb08de8d <unknown>","logger":"airflow.task.operators.airflow.providers.docker.operators.docker.DockerOperator","filename":"docker.py","lineno":66}
{"timestamp":"2025-11-16T16:01:32.699968Z","level":"info","event":"#17 0x5aa2fb0ddd09 <unknown>","logger":"airflow.task.operators.airflow.providers.docker.operators.docker.DockerOperator","filename":"docker.py","lineno":66}
{"timestamp":"2025-11-16T16:01:32.699983Z","level":"info","event":"#18 0x5aa2fb0ddeff <unknown>","logger":"airflow.task.operators.airflow.providers.docker.operators.docker.DockerOperator","filename":"docker.py","lineno":66}
{"timestamp":"2025-11-16T16:01:32.700038Z","level":"info","event":"#19 0x5aa2fb0efd89 <unknown>","logger":"airflow.task.operators.airflow.providers.docker.operators.docker.DockerOperator","filename":"docker.py","lineno":66}
{"timestamp":"2025-11-16T16:01:32.700081Z","level":"info","event":"#20 0x7ff08de20b7b <unknown>","logger":"airflow.task.operators.airflow.providers.docker.operators.docker.DockerOperator","filename":"docker.py","lineno":66}
{"timestamp":"2025-11-16T16:01:32.700106Z","level":"info","event":"","logger":"airflow.task.operators.airflow.providers.docker.operators.docker.DockerOperator","filename":"docker.py","lineno":66}
{"timestamp":"2025-11-16T16:01:32.700128Z","level":"info","event":"","logger":"airflow.task.operators.airflow.providers.docker.operators.docker.DockerOperator","filename":"docker.py","lineno":66}
{"timestamp":"2025-11-16T16:01:32.700144Z","level":"info","event":"During handling of the above exception, another exception occurred:","logger":"airflow.task.operators.airflow.providers.docker.operators.docker.DockerOperator","filename":"docker.py","lineno":66}
{"timestamp":"2025-11-16T16:01:32.700161Z","level":"info","event":"","logger":"airflow.task.operators.airflow.providers.docker.operators.docker.DockerOperator","filename":"docker.py","lineno":66}
{"timestamp":"2025-11-16T16:01:32.700176Z","level":"info","event":"Traceback (most recent call last):","logger":"airflow.task.operators.airflow.providers.docker.operators.docker.DockerOperator","filename":"docker.py","lineno":66}
{"timestamp":"2025-11-16T16:01:32.700217Z","level":"info","event":"  File \"/usr/local/lib/python3.11/logging/__init__.py\", line 1110, in emit","logger":"airflow.task.operators.airflow.providers.docker.operators.docker.DockerOperator","filename":"docker.py","lineno":66}
{"timestamp":"2025-11-16T16:01:32.700235Z","level":"info","event":"    msg = self.format(record)","logger":"airflow.task.operators.airflow.providers.docker.operators.docker.DockerOperator","filename":"docker.py","lineno":66}
{"timestamp":"2025-11-16T16:01:32.700250Z","level":"info","event":"          ^^^^^^^^^^^^^^^^^^^","logger":"airflow.task.operators.airflow.providers.docker.operators.docker.DockerOperator","filename":"docker.py","lineno":66}
{"timestamp":"2025-11-16T16:01:32.700268Z","level":"info","event":"  File \"/usr/local/lib/python3.11/logging/__init__.py\", line 953, in format","logger":"airflow.task.operators.airflow.providers.docker.operators.docker.DockerOperator","filename":"docker.py","lineno":66}
{"timestamp":"2025-11-16T16:01:32.700282Z","level":"info","event":"    return fmt.format(record)","logger":"airflow.task.operators.airflow.providers.docker.operators.docker.DockerOperator","filename":"docker.py","lineno":66}
{"timestamp":"2025-11-16T16:01:32.700311Z","level":"info","event":"           ^^^^^^^^^^^^^^^^^^","logger":"airflow.task.operators.airflow.providers.docker.operators.docker.DockerOperator","filename":"docker.py","lineno":66}
{"timestamp":"2025-11-16T16:01:32.700334Z","level":"info","event":"  File \"/usr/local/lib/python3.11/logging/__init__.py\", line 687, in format","logger":"airflow.task.operators.airflow.providers.docker.operators.docker.DockerOperator","filename":"docker.py","lineno":66}
{"timestamp":"2025-11-16T16:01:32.700351Z","level":"info","event":"    record.message = record.getMessage()","logger":"airflow.task.operators.airflow.providers.docker.operators.docker.DockerOperator","filename":"docker.py","lineno":66}
{"timestamp":"2025-11-16T16:01:32.700366Z","level":"info","event":"                     ^^^^^^^^^^^^^^^^^^^","logger":"airflow.task.operators.airflow.providers.docker.operators.docker.DockerOperator","filename":"docker.py","lineno":66}
{"timestamp":"2025-11-16T16:01:32.700380Z","level":"info","event":"  File \"/usr/local/lib/python3.11/logging/__init__.py\", line 377, in getMessage","logger":"airflow.task.operators.airflow.providers.docker.operators.docker.DockerOperator","filename":"docker.py","lineno":66}
{"timestamp":"2025-11-16T16:01:32.700395Z","level":"info","event":"    msg = msg % self.args","logger":"airflow.task.operators.airflow.providers.docker.operators.docker.DockerOperator","filename":"docker.py","lineno":66}
{"timestamp":"2025-11-16T16:01:32.700409Z","level":"info","event":"          ~~~~^~~~~~~~~~~","logger":"airflow.task.operators.airflow.providers.docker.operators.docker.DockerOperator","filename":"docker.py","lineno":66}
{"timestamp":"2025-11-16T16:01:32.700423Z","level":"info","event":"TypeError: not all arguments converted during string formatting","logger":"airflow.task.operators.airflow.providers.docker.operators.docker.DockerOperator","filename":"docker.py","lineno":66}
{"timestamp":"2025-11-16T16:01:32.700438Z","level":"info","event":"Call stack:","logger":"airflow.task.operators.airflow.providers.docker.operators.docker.DockerOperator","filename":"docker.py","lineno":66}
{"timestamp":"2025-11-16T16:01:32.700499Z","level":"info","event":"  File \"/app/scrapping/main.py\", line 60, in <module>","logger":"airflow.task.operators.airflow.providers.docker.operators.docker.DockerOperator","filename":"docker.py","lineno":66}
{"timestamp":"2025-11-16T16:01:32.700533Z","level":"info","event":"    main()","logger":"airflow.task.operators.airflow.providers.docker.operators.docker.DockerOperator","filename":"docker.py","lineno":66}
{"timestamp":"2025-11-16T16:01:32.700550Z","level":"info","event":"  File \"/app/scrapping/main.py\", line 57, in main","logger":"airflow.task.operators.airflow.providers.docker.operators.docker.DockerOperator","filename":"docker.py","lineno":66}
{"timestamp":"2025-11-16T16:01:32.700567Z","level":"info","event":"    scrapping_scripts_slug.main_scrapping_scripts_slug()","logger":"airflow.task.operators.airflow.providers.docker.operators.docker.DockerOperator","filename":"docker.py","lineno":66}
{"timestamp":"2025-11-16T16:01:32.700584Z","level":"info","event":"  File \"/app/scrapping/scrapping_scripts_slug.py\", line 130, in main_scrapping_scripts_slug","logger":"airflow.task.operators.airflow.providers.docker.operators.docker.DockerOperator","filename":"docker.py","lineno":66}
{"timestamp":"2025-11-16T16:01:32.700601Z","level":"info","event":"    load_all_data()      # + of 20 min. to load all the data","logger":"airflow.task.operators.airflow.providers.docker.operators.docker.DockerOperator","filename":"docker.py","lineno":66}
{"timestamp":"2025-11-16T16:01:32.700615Z","level":"info","event":"  File \"/app/scrapping/scrapping_scripts_slug.py\", line 79, in load_all_data","logger":"airflow.task.operators.airflow.providers.docker.operators.docker.DockerOperator","filename":"docker.py","lineno":66}
{"timestamp":"2025-11-16T16:01:32.700630Z","level":"info","event":"    logger.info(f\"[I] load_all_data - No more 'Load More' button to click :\", e)","logger":"airflow.task.operators.airflow.providers.docker.operators.docker.DockerOperator","filename":"docker.py","lineno":66}
{"timestamp":"2025-11-16T16:01:32.700646Z","level":"info","event":"Message: \"[I] load_all_data - No more 'Load More' button to click :\"","logger":"airflow.task.operators.airflow.providers.docker.operators.docker.DockerOperator","filename":"docker.py","lineno":66}
{"timestamp":"2025-11-16T16:01:32.700660Z","level":"info","event":"Arguments: (NoSuchElementException(),)","logger":"airflow.task.operators.airflow.providers.docker.operators.docker.DockerOperator","filename":"docker.py","lineno":66}
{"timestamp":"2025-11-16T16:12:39.433531Z","level":"info","event":"--- Logging error ---","logger":"airflow.task.operators.airflow.providers.docker.operators.docker.DockerOperator","filename":"docker.py","lineno":66}
{"timestamp":"2025-11-16T16:12:39.433853Z","level":"info","event":"Traceback (most recent call last):","logger":"airflow.task.operators.airflow.providers.docker.operators.docker.DockerOperator","filename":"docker.py","lineno":66}
{"timestamp":"2025-11-16T16:12:39.433962Z","level":"info","event":"  File \"/app/scrapping/scrapping_scripts_slug.py\", line 109, in get_pdf_script_url","logger":"airflow.task.operators.airflow.providers.docker.operators.docker.DockerOperator","filename":"docker.py","lineno":66}
{"timestamp":"2025-11-16T16:12:39.434006Z","level":"info","event":"    pdf_script_web_elem = DRIVER.find_element(By.XPATH, '/html/body/main/div/div/article/div/div[2]/div[1]/div[1]/a')","logger":"airflow.task.operators.airflow.providers.docker.operators.docker.DockerOperator","filename":"docker.py","lineno":66}
{"timestamp":"2025-11-16T16:12:39.434043Z","level":"info","event":"                          ^^^^^^^^^^^^^^^^^^^^^^^^^^^^^^^^^^^^^^^^^^^^^^^^^^^^^^^^^^^^^^^^^^^^^^^^^^^^^^^^^^^^^^^^^^^","logger":"airflow.task.operators.airflow.providers.docker.operators.docker.DockerOperator","filename":"docker.py","lineno":66}
{"timestamp":"2025-11-16T16:12:39.434074Z","level":"info","event":"  File \"/opt/venv_scrapping/lib/python3.11/site-packages/selenium/webdriver/remote/webdriver.py\", line 926, in find_element","logger":"airflow.task.operators.airflow.providers.docker.operators.docker.DockerOperator","filename":"docker.py","lineno":66}
{"timestamp":"2025-11-16T16:12:39.434107Z","level":"info","event":"    return self.execute(Command.FIND_ELEMENT, {\"using\": by, \"value\": value})[\"value\"]","logger":"airflow.task.operators.airflow.providers.docker.operators.docker.DockerOperator","filename":"docker.py","lineno":66}
{"timestamp":"2025-11-16T16:12:39.434138Z","level":"info","event":"           ^^^^^^^^^^^^^^^^^^^^^^^^^^^^^^^^^^^^^^^^^^^^^^^^^^^^^^^^^^^^^^^^^","logger":"airflow.task.operators.airflow.providers.docker.operators.docker.DockerOperator","filename":"docker.py","lineno":66}
{"timestamp":"2025-11-16T16:12:39.434169Z","level":"info","event":"  File \"/opt/venv_scrapping/lib/python3.11/site-packages/selenium/webdriver/remote/webdriver.py\", line 458, in execute","logger":"airflow.task.operators.airflow.providers.docker.operators.docker.DockerOperator","filename":"docker.py","lineno":66}
{"timestamp":"2025-11-16T16:12:39.434201Z","level":"info","event":"    self.error_handler.check_response(response)","logger":"airflow.task.operators.airflow.providers.docker.operators.docker.DockerOperator","filename":"docker.py","lineno":66}
{"timestamp":"2025-11-16T16:12:39.434232Z","level":"info","event":"  File \"/opt/venv_scrapping/lib/python3.11/site-packages/selenium/webdriver/remote/errorhandler.py\", line 232, in check_response","logger":"airflow.task.operators.airflow.providers.docker.operators.docker.DockerOperator","filename":"docker.py","lineno":66}
{"timestamp":"2025-11-16T16:12:39.434262Z","level":"info","event":"    raise exception_class(message, screen, stacktrace)","logger":"airflow.task.operators.airflow.providers.docker.operators.docker.DockerOperator","filename":"docker.py","lineno":66}
{"timestamp":"2025-11-16T16:12:39.434287Z","level":"info","event":"selenium.common.exceptions.NoSuchElementException: Message: no such element: Unable to locate element: {\"method\":\"xpath\",\"selector\":\"/html/body/main/div/div/article/div/div[2]/div[1]/div[1]/a\"}","logger":"airflow.task.operators.airflow.providers.docker.operators.docker.DockerOperator","filename":"docker.py","lineno":66}
{"timestamp":"2025-11-16T16:12:39.434314Z","level":"info","event":"  (Session info: chrome=142.0.7444.162); For documentation on this error, please visit: https://www.selenium.dev/documentation/webdriver/troubleshooting/errors#nosuchelementexception","logger":"airflow.task.operators.airflow.providers.docker.operators.docker.DockerOperator","filename":"docker.py","lineno":66}
{"timestamp":"2025-11-16T16:12:39.434341Z","level":"info","event":"Stacktrace:","logger":"airflow.task.operators.airflow.providers.docker.operators.docker.DockerOperator","filename":"docker.py","lineno":66}
{"timestamp":"2025-11-16T16:12:39.434367Z","level":"info","event":"#0 0x5aa2fb0f13d2 <unknown>","logger":"airflow.task.operators.airflow.providers.docker.operators.docker.DockerOperator","filename":"docker.py","lineno":66}
{"timestamp":"2025-11-16T16:12:39.434395Z","level":"info","event":"#1 0x5aa2fab5622b <unknown>","logger":"airflow.task.operators.airflow.providers.docker.operators.docker.DockerOperator","filename":"docker.py","lineno":66}
{"timestamp":"2025-11-16T16:12:39.434435Z","level":"info","event":"#2 0x5aa2faba6f7b <unknown>","logger":"airflow.task.operators.airflow.providers.docker.operators.docker.DockerOperator","filename":"docker.py","lineno":66}
{"timestamp":"2025-11-16T16:12:39.434467Z","level":"info","event":"#3 0x5aa2faba7155 <unknown>","logger":"airflow.task.operators.airflow.providers.docker.operators.docker.DockerOperator","filename":"docker.py","lineno":66}
{"timestamp":"2025-11-16T16:12:39.434495Z","level":"info","event":"#4 0x5aa2fabf0258 <unknown>","logger":"airflow.task.operators.airflow.providers.docker.operators.docker.DockerOperator","filename":"docker.py","lineno":66}
{"timestamp":"2025-11-16T16:12:39.434521Z","level":"info","event":"#5 0x5aa2fabcbce1 <unknown>","logger":"airflow.task.operators.airflow.providers.docker.operators.docker.DockerOperator","filename":"docker.py","lineno":66}
{"timestamp":"2025-11-16T16:12:39.434550Z","level":"info","event":"#6 0x5aa2fabedcc6 <unknown>","logger":"airflow.task.operators.airflow.providers.docker.operators.docker.DockerOperator","filename":"docker.py","lineno":66}
{"timestamp":"2025-11-16T16:12:39.434579Z","level":"info","event":"#7 0x5aa2fabcba67 <unknown>","logger":"airflow.task.operators.airflow.providers.docker.operators.docker.DockerOperator","filename":"docker.py","lineno":66}
{"timestamp":"2025-11-16T16:12:39.434606Z","level":"info","event":"#8 0x5aa2fab996d1 <unknown>","logger":"airflow.task.operators.airflow.providers.docker.operators.docker.DockerOperator","filename":"docker.py","lineno":66}
{"timestamp":"2025-11-16T16:12:39.434629Z","level":"info","event":"#9 0x5aa2fab9a4b5 <unknown>","logger":"airflow.task.operators.airflow.providers.docker.operators.docker.DockerOperator","filename":"docker.py","lineno":66}
{"timestamp":"2025-11-16T16:12:39.434652Z","level":"info","event":"#10 0x5aa2fb0bac84 <unknown>","logger":"airflow.task.operators.airflow.providers.docker.operators.docker.DockerOperator","filename":"docker.py","lineno":66}
{"timestamp":"2025-11-16T16:12:39.434677Z","level":"info","event":"#11 0x5aa2fb0be12f <unknown>","logger":"airflow.task.operators.airflow.providers.docker.operators.docker.DockerOperator","filename":"docker.py","lineno":66}
{"timestamp":"2025-11-16T16:12:39.434704Z","level":"info","event":"#12 0x5aa2fb0bdbcc <unknown>","logger":"airflow.task.operators.airflow.providers.docker.operators.docker.DockerOperator","filename":"docker.py","lineno":66}
{"timestamp":"2025-11-16T16:12:39.434731Z","level":"info","event":"#13 0x5aa2fb0be5d9 <unknown>","logger":"airflow.task.operators.airflow.providers.docker.operators.docker.DockerOperator","filename":"docker.py","lineno":66}
{"timestamp":"2025-11-16T16:12:39.434759Z","level":"info","event":"#14 0x5aa2fb0a469b <unknown>","logger":"airflow.task.operators.airflow.providers.docker.operators.docker.DockerOperator","filename":"docker.py","lineno":66}
{"timestamp":"2025-11-16T16:12:39.434781Z","level":"info","event":"#15 0x5aa2fb0be964 <unknown>","logger":"airflow.task.operators.airflow.providers.docker.operators.docker.DockerOperator","filename":"docker.py","lineno":66}
{"timestamp":"2025-11-16T16:12:39.434796Z","level":"info","event":"#16 0x5aa2fb08de8d <unknown>","logger":"airflow.task.operators.airflow.providers.docker.operators.docker.DockerOperator","filename":"docker.py","lineno":66}
{"timestamp":"2025-11-16T16:12:39.434817Z","level":"info","event":"#17 0x5aa2fb0ddd09 <unknown>","logger":"airflow.task.operators.airflow.providers.docker.operators.docker.DockerOperator","filename":"docker.py","lineno":66}
{"timestamp":"2025-11-16T16:12:39.434835Z","level":"info","event":"#18 0x5aa2fb0ddeff <unknown>","logger":"airflow.task.operators.airflow.providers.docker.operators.docker.DockerOperator","filename":"docker.py","lineno":66}
{"timestamp":"2025-11-16T16:12:39.434853Z","level":"info","event":"#19 0x5aa2fb0efd89 <unknown>","logger":"airflow.task.operators.airflow.providers.docker.operators.docker.DockerOperator","filename":"docker.py","lineno":66}
{"timestamp":"2025-11-16T16:12:39.434870Z","level":"info","event":"#20 0x7ff08de20b7b <unknown>","logger":"airflow.task.operators.airflow.providers.docker.operators.docker.DockerOperator","filename":"docker.py","lineno":66}
{"timestamp":"2025-11-16T16:12:39.434942Z","level":"info","event":"","logger":"airflow.task.operators.airflow.providers.docker.operators.docker.DockerOperator","filename":"docker.py","lineno":66}
{"timestamp":"2025-11-16T16:12:39.434977Z","level":"info","event":"During handling of the above exception, another exception occurred:","logger":"airflow.task.operators.airflow.providers.docker.operators.docker.DockerOperator","filename":"docker.py","lineno":66}
{"timestamp":"2025-11-16T16:12:39.435004Z","level":"info","event":"","logger":"airflow.task.operators.airflow.providers.docker.operators.docker.DockerOperator","filename":"docker.py","lineno":66}
{"timestamp":"2025-11-16T16:12:39.435029Z","level":"info","event":"Traceback (most recent call last):","logger":"airflow.task.operators.airflow.providers.docker.operators.docker.DockerOperator","filename":"docker.py","lineno":66}
{"timestamp":"2025-11-16T16:12:39.435073Z","level":"info","event":"  File \"/usr/local/lib/python3.11/logging/__init__.py\", line 1110, in emit","logger":"airflow.task.operators.airflow.providers.docker.operators.docker.DockerOperator","filename":"docker.py","lineno":66}
{"timestamp":"2025-11-16T16:12:39.435094Z","level":"info","event":"    msg = self.format(record)","logger":"airflow.task.operators.airflow.providers.docker.operators.docker.DockerOperator","filename":"docker.py","lineno":66}
{"timestamp":"2025-11-16T16:12:39.435109Z","level":"info","event":"          ^^^^^^^^^^^^^^^^^^^","logger":"airflow.task.operators.airflow.providers.docker.operators.docker.DockerOperator","filename":"docker.py","lineno":66}
{"timestamp":"2025-11-16T16:12:39.435124Z","level":"info","event":"  File \"/usr/local/lib/python3.11/logging/__init__.py\", line 953, in format","logger":"airflow.task.operators.airflow.providers.docker.operators.docker.DockerOperator","filename":"docker.py","lineno":66}
{"timestamp":"2025-11-16T16:12:39.435139Z","level":"info","event":"    return fmt.format(record)","logger":"airflow.task.operators.airflow.providers.docker.operators.docker.DockerOperator","filename":"docker.py","lineno":66}
{"timestamp":"2025-11-16T16:12:39.435154Z","level":"info","event":"           ^^^^^^^^^^^^^^^^^^","logger":"airflow.task.operators.airflow.providers.docker.operators.docker.DockerOperator","filename":"docker.py","lineno":66}
{"timestamp":"2025-11-16T16:12:39.435172Z","level":"info","event":"  File \"/usr/local/lib/python3.11/logging/__init__.py\", line 687, in format","logger":"airflow.task.operators.airflow.providers.docker.operators.docker.DockerOperator","filename":"docker.py","lineno":66}
{"timestamp":"2025-11-16T16:12:39.435195Z","level":"info","event":"    record.message = record.getMessage()","logger":"airflow.task.operators.airflow.providers.docker.operators.docker.DockerOperator","filename":"docker.py","lineno":66}
{"timestamp":"2025-11-16T16:12:39.435211Z","level":"info","event":"                     ^^^^^^^^^^^^^^^^^^^","logger":"airflow.task.operators.airflow.providers.docker.operators.docker.DockerOperator","filename":"docker.py","lineno":66}
{"timestamp":"2025-11-16T16:12:39.435227Z","level":"info","event":"  File \"/usr/local/lib/python3.11/logging/__init__.py\", line 377, in getMessage","logger":"airflow.task.operators.airflow.providers.docker.operators.docker.DockerOperator","filename":"docker.py","lineno":66}
{"timestamp":"2025-11-16T16:12:39.435245Z","level":"info","event":"    msg = msg % self.args","logger":"airflow.task.operators.airflow.providers.docker.operators.docker.DockerOperator","filename":"docker.py","lineno":66}
{"timestamp":"2025-11-16T16:12:39.435266Z","level":"info","event":"          ~~~~^~~~~~~~~~~","logger":"airflow.task.operators.airflow.providers.docker.operators.docker.DockerOperator","filename":"docker.py","lineno":66}
{"timestamp":"2025-11-16T16:12:39.435284Z","level":"info","event":"TypeError: not all arguments converted during string formatting","logger":"airflow.task.operators.airflow.providers.docker.operators.docker.DockerOperator","filename":"docker.py","lineno":66}
{"timestamp":"2025-11-16T16:12:39.435299Z","level":"info","event":"Call stack:","logger":"airflow.task.operators.airflow.providers.docker.operators.docker.DockerOperator","filename":"docker.py","lineno":66}
{"timestamp":"2025-11-16T16:12:39.436109Z","level":"info","event":"  File \"/app/scrapping/main.py\", line 60, in <module>","logger":"airflow.task.operators.airflow.providers.docker.operators.docker.DockerOperator","filename":"docker.py","lineno":66}
{"timestamp":"2025-11-16T16:12:39.436352Z","level":"info","event":"    main()","logger":"airflow.task.operators.airflow.providers.docker.operators.docker.DockerOperator","filename":"docker.py","lineno":66}
{"timestamp":"2025-11-16T16:12:39.436540Z","level":"info","event":"  File \"/app/scrapping/main.py\", line 57, in main","logger":"airflow.task.operators.airflow.providers.docker.operators.docker.DockerOperator","filename":"docker.py","lineno":66}
{"timestamp":"2025-11-16T16:12:39.436581Z","level":"info","event":"    scrapping_scripts_slug.main_scrapping_scripts_slug()","logger":"airflow.task.operators.airflow.providers.docker.operators.docker.DockerOperator","filename":"docker.py","lineno":66}
{"timestamp":"2025-11-16T16:12:39.436599Z","level":"info","event":"  File \"/app/scrapping/scrapping_scripts_slug.py\", line 143, in main_scrapping_scripts_slug","logger":"airflow.task.operators.airflow.providers.docker.operators.docker.DockerOperator","filename":"docker.py","lineno":66}
{"timestamp":"2025-11-16T16:12:39.436619Z","level":"info","event":"    df_scripts_slug[\"url_scripts_slug\"] = df_scripts_slug[\"script_page_url\"].apply(get_pdf_script_url)   # take also a long time to execute","logger":"airflow.task.operators.airflow.providers.docker.operators.docker.DockerOperator","filename":"docker.py","lineno":66}
{"timestamp":"2025-11-16T16:12:39.436635Z","level":"info","event":"  File \"/opt/venv_scrapping/lib/python3.11/site-packages/pandas/core/series.py\", line 4943, in apply","logger":"airflow.task.operators.airflow.providers.docker.operators.docker.DockerOperator","filename":"docker.py","lineno":66}
{"timestamp":"2025-11-16T16:12:39.436650Z","level":"info","event":"    ).apply()","logger":"airflow.task.operators.airflow.providers.docker.operators.docker.DockerOperator","filename":"docker.py","lineno":66}
{"timestamp":"2025-11-16T16:12:39.436664Z","level":"info","event":"  File \"/opt/venv_scrapping/lib/python3.11/site-packages/pandas/core/apply.py\", line 1422, in apply","logger":"airflow.task.operators.airflow.providers.docker.operators.docker.DockerOperator","filename":"docker.py","lineno":66}
{"timestamp":"2025-11-16T16:12:39.436679Z","level":"info","event":"    return self.apply_standard()","logger":"airflow.task.operators.airflow.providers.docker.operators.docker.DockerOperator","filename":"docker.py","lineno":66}
{"timestamp":"2025-11-16T16:12:39.436694Z","level":"info","event":"  File \"/opt/venv_scrapping/lib/python3.11/site-packages/pandas/core/apply.py\", line 1502, in apply_standard","logger":"airflow.task.operators.airflow.providers.docker.operators.docker.DockerOperator","filename":"docker.py","lineno":66}
{"timestamp":"2025-11-16T16:12:39.436709Z","level":"info","event":"    mapped = obj._map_values(","logger":"airflow.task.operators.airflow.providers.docker.operators.docker.DockerOperator","filename":"docker.py","lineno":66}
{"timestamp":"2025-11-16T16:12:39.436723Z","level":"info","event":"  File \"/opt/venv_scrapping/lib/python3.11/site-packages/pandas/core/base.py\", line 925, in _map_values","logger":"airflow.task.operators.airflow.providers.docker.operators.docker.DockerOperator","filename":"docker.py","lineno":66}
{"timestamp":"2025-11-16T16:12:39.436737Z","level":"info","event":"    return algorithms.map_array(arr, mapper, na_action=na_action, convert=convert)","logger":"airflow.task.operators.airflow.providers.docker.operators.docker.DockerOperator","filename":"docker.py","lineno":66}
{"timestamp":"2025-11-16T16:12:39.436752Z","level":"info","event":"  File \"/opt/venv_scrapping/lib/python3.11/site-packages/pandas/core/algorithms.py\", line 1743, in map_array","logger":"airflow.task.operators.airflow.providers.docker.operators.docker.DockerOperator","filename":"docker.py","lineno":66}
{"timestamp":"2025-11-16T16:12:39.436772Z","level":"info","event":"    return lib.map_infer(values, mapper, convert=convert)","logger":"airflow.task.operators.airflow.providers.docker.operators.docker.DockerOperator","filename":"docker.py","lineno":66}
{"timestamp":"2025-11-16T16:12:39.436799Z","level":"info","event":"  File \"/app/scrapping/scrapping_scripts_slug.py\", line 114, in get_pdf_script_url","logger":"airflow.task.operators.airflow.providers.docker.operators.docker.DockerOperator","filename":"docker.py","lineno":66}
{"timestamp":"2025-11-16T16:12:39.436826Z","level":"info","event":"    logger.info(f\"[E] get_pdf_script_url - error :\", e)","logger":"airflow.task.operators.airflow.providers.docker.operators.docker.DockerOperator","filename":"docker.py","lineno":66}
{"timestamp":"2025-11-16T16:12:39.436853Z","level":"info","event":"Message: '[E] get_pdf_script_url - error :'","logger":"airflow.task.operators.airflow.providers.docker.operators.docker.DockerOperator","filename":"docker.py","lineno":66}
{"timestamp":"2025-11-16T16:12:39.436881Z","level":"info","event":"Arguments: (NoSuchElementException(),)","logger":"airflow.task.operators.airflow.providers.docker.operators.docker.DockerOperator","filename":"docker.py","lineno":66}
{"timestamp":"2025-11-16T16:37:56.063159Z","level":"info","event":"Pushing xcom","ti":"RuntimeTaskInstance(id=UUID('019a8d64-aaf8-7df4-8b40-8085d7193ccc'), task_id='launch_scrapping_container', dag_id='ingestion_dag', run_id='manual__2025-11-16T15:59:36.159855+00:00', try_number=1, dag_version_id=UUID('019a8d63-e454-7f2d-a558-e7c510f3a9c9'), map_index=-1, hostname='b45f45a76106', context_carrier={}, task=<Task(DockerOperator): launch_scrapping_container>, bundle_instance=LocalDagBundle(name=dags-folder), max_tries=1, start_date=datetime.datetime(2025, 11, 16, 15, 59, 49, 626896, tzinfo=datetime.timezone.utc), end_date=None, state=<TaskInstanceState.RUNNING: 'running'>, is_mapped=False, rendered_map_index=None)","logger":"task","filename":"task_runner.py","lineno":1352}
