{"timestamp":"2025-11-06T17:51:40.970112Z","level":"info","event":"DAG bundles loaded: dags-folder","logger":"airflow.dag_processing.bundles.manager.DagBundlesManager","filename":"manager.py","lineno":179}
{"timestamp":"2025-11-06T17:51:40.971726Z","level":"info","event":"Filling up the DagBag from /opt/airflow/dags/main_dag.py","logger":"airflow.models.dagbag.DagBag","filename":"dagbag.py","lineno":593}
{"timestamp":"2025-11-06T17:51:41.331833Z","level":"info","event":"/opt/airflow","logger":"unusual_prefix_c197a0997a466423c26d6f7c8e75323f60b0198e_main_dag","filename":"main_dag.py","lineno":118}
{"timestamp":"2025-11-06T17:51:41.520179Z","level":"info","event":"Starting docker container from image m1_data_engineering-scrapper:latest","logger":"airflow.task.operators.airflow.providers.docker.operators.docker.DockerOperator","filename":"docker.py","lineno":355}
{"timestamp":"2025-11-06T18:05:58.873158Z","level":"info","event":"Traceback (most recent call last):","logger":"airflow.task.operators.airflow.providers.docker.operators.docker.DockerOperator","filename":"docker.py","lineno":66}
{"timestamp":"2025-11-06T18:05:58.873521Z","level":"info","event":"  File \"/app/scrapping/main.py\", line 15, in <module>","logger":"airflow.task.operators.airflow.providers.docker.operators.docker.DockerOperator","filename":"docker.py","lineno":66}
{"timestamp":"2025-11-06T18:05:58.873692Z","level":"info","event":"    scrapping_simplyscripts.main_scrapping_simplyScripts()","logger":"airflow.task.operators.airflow.providers.docker.operators.docker.DockerOperator","filename":"docker.py","lineno":66}
{"timestamp":"2025-11-06T18:05:58.873912Z","level":"info","event":"  File \"/app/scrapping/scrapping_simplyscripts.py\", line 260, in main_scrapping_simplyScripts","logger":"airflow.task.operators.airflow.providers.docker.operators.docker.DockerOperator","filename":"docker.py","lineno":66}
{"timestamp":"2025-11-06T18:05:58.873949Z","level":"info","event":"    updated_info = download_script_content(script_info)","logger":"airflow.task.operators.airflow.providers.docker.operators.docker.DockerOperator","filename":"docker.py","lineno":66}
{"timestamp":"2025-11-06T18:05:58.874059Z","level":"info","event":"                   ^^^^^^^^^^^^^^^^^^^^^^^^^^^^^^^^^^^^","logger":"airflow.task.operators.airflow.providers.docker.operators.docker.DockerOperator","filename":"docker.py","lineno":66}
{"timestamp":"2025-11-06T18:05:58.874164Z","level":"info","event":"  File \"/app/scrapping/scrapping_simplyscripts.py\", line 201, in download_script_content","logger":"airflow.task.operators.airflow.providers.docker.operators.docker.DockerOperator","filename":"docker.py","lineno":66}
{"timestamp":"2025-11-06T18:05:58.874198Z","level":"info","event":"    for page in pdf_reader.pages:","logger":"airflow.task.operators.airflow.providers.docker.operators.docker.DockerOperator","filename":"docker.py","lineno":66}
{"timestamp":"2025-11-06T18:05:58.874225Z","level":"info","event":"  File \"/opt/venv_scrapping/lib/python3.11/site-packages/PyPDF2/_page.py\", line 2081, in __iter__","logger":"airflow.task.operators.airflow.providers.docker.operators.docker.DockerOperator","filename":"docker.py","lineno":66}
{"timestamp":"2025-11-06T18:05:58.874299Z","level":"info","event":"    for i in range(len(self)):","logger":"airflow.task.operators.airflow.providers.docker.operators.docker.DockerOperator","filename":"docker.py","lineno":66}
{"timestamp":"2025-11-06T18:05:58.874328Z","level":"info","event":"                   ^^^^^^^^^","logger":"airflow.task.operators.airflow.providers.docker.operators.docker.DockerOperator","filename":"docker.py","lineno":66}
{"timestamp":"2025-11-06T18:05:58.874354Z","level":"info","event":"  File \"/opt/venv_scrapping/lib/python3.11/site-packages/PyPDF2/_page.py\", line 2063, in __len__","logger":"airflow.task.operators.airflow.providers.docker.operators.docker.DockerOperator","filename":"docker.py","lineno":66}
{"timestamp":"2025-11-06T18:05:58.874449Z","level":"info","event":"    return self.length_function()","logger":"airflow.task.operators.airflow.providers.docker.operators.docker.DockerOperator","filename":"docker.py","lineno":66}
{"timestamp":"2025-11-06T18:05:58.874476Z","level":"info","event":"           ^^^^^^^^^^^^^^^^^^^^^^","logger":"airflow.task.operators.airflow.providers.docker.operators.docker.DockerOperator","filename":"docker.py","lineno":66}
{"timestamp":"2025-11-06T18:05:58.874493Z","level":"info","event":"  File \"/opt/venv_scrapping/lib/python3.11/site-packages/PyPDF2/_reader.py\", line 445, in _get_num_pages","logger":"airflow.task.operators.airflow.providers.docker.operators.docker.DockerOperator","filename":"docker.py","lineno":66}
{"timestamp":"2025-11-06T18:05:58.874520Z","level":"info","event":"    return self.trailer[TK.ROOT][\"/Pages\"][\"/Count\"]  # type: ignore","logger":"airflow.task.operators.airflow.providers.docker.operators.docker.DockerOperator","filename":"docker.py","lineno":66}
{"timestamp":"2025-11-06T18:05:58.874556Z","level":"info","event":"           ~~~~~~~~~~~~~~~~~~~~~^^^^^^^^^^","logger":"airflow.task.operators.airflow.providers.docker.operators.docker.DockerOperator","filename":"docker.py","lineno":66}
{"timestamp":"2025-11-06T18:05:58.874572Z","level":"info","event":"  File \"/opt/venv_scrapping/lib/python3.11/site-packages/PyPDF2/generic/_data_structures.py\", line 266, in __getitem__","logger":"airflow.task.operators.airflow.providers.docker.operators.docker.DockerOperator","filename":"docker.py","lineno":66}
{"timestamp":"2025-11-06T18:05:58.874591Z","level":"info","event":"    return dict.__getitem__(self, key).get_object()","logger":"airflow.task.operators.airflow.providers.docker.operators.docker.DockerOperator","filename":"docker.py","lineno":66}
{"timestamp":"2025-11-06T18:05:58.874613Z","level":"info","event":"           ^^^^^^^^^^^^^^^^^^^^^^^^^^^^^^^^^^^^^^^^","logger":"airflow.task.operators.airflow.providers.docker.operators.docker.DockerOperator","filename":"docker.py","lineno":66}
{"timestamp":"2025-11-06T18:05:58.874628Z","level":"info","event":"  File \"/opt/venv_scrapping/lib/python3.11/site-packages/PyPDF2/generic/_base.py\", line 259, in get_object","logger":"airflow.task.operators.airflow.providers.docker.operators.docker.DockerOperator","filename":"docker.py","lineno":66}
{"timestamp":"2025-11-06T18:05:58.874655Z","level":"info","event":"    obj = self.pdf.get_object(self)","logger":"airflow.task.operators.airflow.providers.docker.operators.docker.DockerOperator","filename":"docker.py","lineno":66}
{"timestamp":"2025-11-06T18:05:58.874670Z","level":"info","event":"          ^^^^^^^^^^^^^^^^^^^^^^^^^","logger":"airflow.task.operators.airflow.providers.docker.operators.docker.DockerOperator","filename":"docker.py","lineno":66}
{"timestamp":"2025-11-06T18:05:58.874698Z","level":"info","event":"  File \"/opt/venv_scrapping/lib/python3.11/site-packages/PyPDF2/_reader.py\", line 1205, in get_object","logger":"airflow.task.operators.airflow.providers.docker.operators.docker.DockerOperator","filename":"docker.py","lineno":66}
{"timestamp":"2025-11-06T18:05:58.874722Z","level":"info","event":"    retval = self._get_object_from_stream(indirect_reference)  # type: ignore","logger":"airflow.task.operators.airflow.providers.docker.operators.docker.DockerOperator","filename":"docker.py","lineno":66}
{"timestamp":"2025-11-06T18:05:58.874761Z","level":"info","event":"             ^^^^^^^^^^^^^^^^^^^^^^^^^^^^^^^^^^^^^^^^^^^^^^^^","logger":"airflow.task.operators.airflow.providers.docker.operators.docker.DockerOperator","filename":"docker.py","lineno":66}
{"timestamp":"2025-11-06T18:05:58.874788Z","level":"info","event":"  File \"/opt/venv_scrapping/lib/python3.11/site-packages/PyPDF2/_reader.py\", line 1136, in _get_object_from_stream","logger":"airflow.task.operators.airflow.providers.docker.operators.docker.DockerOperator","filename":"docker.py","lineno":66}
{"timestamp":"2025-11-06T18:05:58.874823Z","level":"info","event":"    obj_stm: EncodedStreamObject = IndirectObject(stmnum, 0, self).get_object()  # type: ignore","logger":"airflow.task.operators.airflow.providers.docker.operators.docker.DockerOperator","filename":"docker.py","lineno":66}
{"timestamp":"2025-11-06T18:05:58.874840Z","level":"info","event":"                                   ^^^^^^^^^^^^^^^^^^^^^^^^^^^^^^^^^^^^^^^^^^^^","logger":"airflow.task.operators.airflow.providers.docker.operators.docker.DockerOperator","filename":"docker.py","lineno":66}
{"timestamp":"2025-11-06T18:05:58.874856Z","level":"info","event":"  File \"/opt/venv_scrapping/lib/python3.11/site-packages/PyPDF2/generic/_base.py\", line 259, in get_object","logger":"airflow.task.operators.airflow.providers.docker.operators.docker.DockerOperator","filename":"docker.py","lineno":66}
{"timestamp":"2025-11-06T18:05:58.875195Z","level":"info","event":"    obj = self.pdf.get_object(self)","logger":"airflow.task.operators.airflow.providers.docker.operators.docker.DockerOperator","filename":"docker.py","lineno":66}
{"timestamp":"2025-11-06T18:05:58.875273Z","level":"info","event":"          ^^^^^^^^^^^^^^^^^^^^^^^^^","logger":"airflow.task.operators.airflow.providers.docker.operators.docker.DockerOperator","filename":"docker.py","lineno":66}
{"timestamp":"2025-11-06T18:05:58.875317Z","level":"info","event":"  File \"/opt/venv_scrapping/lib/python3.11/site-packages/PyPDF2/_reader.py\", line 1269, in get_object","logger":"airflow.task.operators.airflow.providers.docker.operators.docker.DockerOperator","filename":"docker.py","lineno":66}
{"timestamp":"2025-11-06T18:05:58.875392Z","level":"info","event":"    retval = self._encryption.decrypt_object(","logger":"airflow.task.operators.airflow.providers.docker.operators.docker.DockerOperator","filename":"docker.py","lineno":66}
{"timestamp":"2025-11-06T18:05:58.875420Z","level":"info","event":"             ^^^^^^^^^^^^^^^^^^^^^^^^^^^^^^^^","logger":"airflow.task.operators.airflow.providers.docker.operators.docker.DockerOperator","filename":"docker.py","lineno":66}
{"timestamp":"2025-11-06T18:05:58.875457Z","level":"info","event":"  File \"/opt/venv_scrapping/lib/python3.11/site-packages/PyPDF2/_encryption.py\", line 761, in decrypt_object","logger":"airflow.task.operators.airflow.providers.docker.operators.docker.DockerOperator","filename":"docker.py","lineno":66}
{"timestamp":"2025-11-06T18:05:58.875495Z","level":"info","event":"    return cf.decrypt_object(obj)","logger":"airflow.task.operators.airflow.providers.docker.operators.docker.DockerOperator","filename":"docker.py","lineno":66}
{"timestamp":"2025-11-06T18:05:58.875514Z","level":"info","event":"           ^^^^^^^^^^^^^^^^^^^^^^","logger":"airflow.task.operators.airflow.providers.docker.operators.docker.DockerOperator","filename":"docker.py","lineno":66}
{"timestamp":"2025-11-06T18:05:58.875530Z","level":"info","event":"  File \"/opt/venv_scrapping/lib/python3.11/site-packages/PyPDF2/_encryption.py\", line 185, in decrypt_object","logger":"airflow.task.operators.airflow.providers.docker.operators.docker.DockerOperator","filename":"docker.py","lineno":66}
{"timestamp":"2025-11-06T18:05:58.875554Z","level":"info","event":"    obj._data = self.stmCrypt.decrypt(obj._data)","logger":"airflow.task.operators.airflow.providers.docker.operators.docker.DockerOperator","filename":"docker.py","lineno":66}
{"timestamp":"2025-11-06T18:05:58.875599Z","level":"info","event":"                ^^^^^^^^^^^^^^^^^^^^^^^^^^^^^^^^","logger":"airflow.task.operators.airflow.providers.docker.operators.docker.DockerOperator","filename":"docker.py","lineno":66}
{"timestamp":"2025-11-06T18:05:58.875622Z","level":"info","event":"  File \"/opt/venv_scrapping/lib/python3.11/site-packages/PyPDF2/_encryption.py\", line 147, in decrypt","logger":"airflow.task.operators.airflow.providers.docker.operators.docker.DockerOperator","filename":"docker.py","lineno":66}
{"timestamp":"2025-11-06T18:05:58.875670Z","level":"info","event":"    raise DependencyError(\"PyCryptodome is required for AES algorithm\")","logger":"airflow.task.operators.airflow.providers.docker.operators.docker.DockerOperator","filename":"docker.py","lineno":66}
{"timestamp":"2025-11-06T18:05:58.875693Z","level":"info","event":"PyPDF2.errors.DependencyError: PyCryptodome is required for AES algorithm","logger":"airflow.task.operators.airflow.providers.docker.operators.docker.DockerOperator","filename":"docker.py","lineno":66}
{"timestamp":"2025-11-06T18:05:59.281040Z","level":"error","event":"Task failed with exception","logger":"task","filename":"task_runner.py","lineno":972,"error_detail":[{"exc_type":"DockerContainerFailedException","exc_value":"Docker container failed: {'StatusCode': 1}","exc_notes":[],"syntax_error":null,"is_cause":false,"frames":[{"filename":"/home/airflow/.local/lib/python3.12/site-packages/airflow/sdk/execution_time/task_runner.py","lineno":920,"name":"run"},{"filename":"/home/airflow/.local/lib/python3.12/site-packages/airflow/sdk/execution_time/task_runner.py","lineno":1307,"name":"_execute_task"},{"filename":"/home/airflow/.local/lib/python3.12/site-packages/airflow/sdk/bases/operator.py","lineno":416,"name":"wrapper"},{"filename":"/home/airflow/.local/lib/python3.12/site-packages/airflow/providers/docker/operators/docker.py","lineno":495,"name":"execute"},{"filename":"/home/airflow/.local/lib/python3.12/site-packages/airflow/providers/docker/operators/docker.py","lineno":372,"name":"_run_image"},{"filename":"/home/airflow/.local/lib/python3.12/site-packages/airflow/providers/docker/operators/docker.py","lineno":430,"name":"_run_image_with_mounts"}],"is_group":false,"exceptions":[]}]}
