{"timestamp":"2026-01-07T02:39:22.477964Z","level":"info","event":"DAG bundles loaded: dags-folder","logger":"airflow.dag_processing.bundles.manager.DagBundlesManager","filename":"manager.py","lineno":179}
{"timestamp":"2026-01-07T02:39:22.478981Z","level":"info","event":"Filling up the DagBag from /opt/airflow/dags/production_dag.py","logger":"airflow.models.dagbag.DagBag","filename":"dagbag.py","lineno":593}
{"timestamp":"2026-01-07T02:39:27.868884Z","level":"info","event":"Loading faiss with AVX2 support.","logger":"faiss.loader","filename":"loader.py","lineno":132}
{"timestamp":"2026-01-07T02:39:27.893665Z","level":"info","event":"Successfully loaded faiss with AVX2 support.","logger":"faiss.loader","filename":"loader.py","lineno":134}
{"timestamp":"2026-01-07T02:39:28.191268Z","level":"info","event":"Starting docker container from image m1_data_engineering-analyser:latest","logger":"airflow.task.operators.airflow.providers.docker.operators.docker.DockerOperator","filename":"docker.py","lineno":355}
{"timestamp":"2026-01-07T02:41:49.340280Z","level":"info","event":"Traceback (most recent call last):","logger":"airflow.task.operators.airflow.providers.docker.operators.docker.DockerOperator","filename":"docker.py","lineno":66}
{"timestamp":"2026-01-07T02:41:49.340546Z","level":"info","event":"  File \"/app/analysis_container/analysis_main.py\", line 59, in <module>","logger":"airflow.task.operators.airflow.providers.docker.operators.docker.DockerOperator","filename":"docker.py","lineno":66}
{"timestamp":"2026-01-07T02:41:49.340596Z","level":"info","event":"    main()","logger":"airflow.task.operators.airflow.providers.docker.operators.docker.DockerOperator","filename":"docker.py","lineno":66}
{"timestamp":"2026-01-07T02:41:49.340623Z","level":"info","event":"  File \"/app/analysis_container/analysis_main.py\", line 56, in main","logger":"airflow.task.operators.airflow.providers.docker.operators.docker.DockerOperator","filename":"docker.py","lineno":66}
{"timestamp":"2026-01-07T02:41:49.340693Z","level":"info","event":"    main_local_analysis()","logger":"airflow.task.operators.airflow.providers.docker.operators.docker.DockerOperator","filename":"docker.py","lineno":66}
{"timestamp":"2026-01-07T02:41:49.340726Z","level":"info","event":"  File \"/app/analysis_container/local_analysis_simple.py\", line 262, in main_local_analysis","logger":"airflow.task.operators.airflow.providers.docker.operators.docker.DockerOperator","filename":"docker.py","lineno":66}
{"timestamp":"2026-01-07T02:41:49.340765Z","level":"info","event":"    df_formated[\"retrieved_tropes\"] = _similarity_calculation(embeddings)","logger":"airflow.task.operators.airflow.providers.docker.operators.docker.DockerOperator","filename":"docker.py","lineno":66}
{"timestamp":"2026-01-07T02:41:49.340789Z","level":"info","event":"                                      ^^^^^^^^^^^^^^^^^^^^^^^^^^^^^^^^^^^","logger":"airflow.task.operators.airflow.providers.docker.operators.docker.DockerOperator","filename":"docker.py","lineno":66}
{"timestamp":"2026-01-07T02:41:49.340810Z","level":"info","event":"  File \"/app/analysis_container/local_analysis_simple.py\", line 144, in _similarity_calculation","logger":"airflow.task.operators.airflow.providers.docker.operators.docker.DockerOperator","filename":"docker.py","lineno":66}
{"timestamp":"2026-01-07T02:41:49.340844Z","level":"info","event":"    results.append([_TROPES_LIST[i][\"name\"] for i in index_row])","logger":"airflow.task.operators.airflow.providers.docker.operators.docker.DockerOperator","filename":"docker.py","lineno":66}
{"timestamp":"2026-01-07T02:41:49.340877Z","level":"info","event":"                   ^^^^^^^^^^^^^^^^^^^^^^^^^^^^^^^^^^^^^^^^^^^^","logger":"airflow.task.operators.airflow.providers.docker.operators.docker.DockerOperator","filename":"docker.py","lineno":66}
{"timestamp":"2026-01-07T02:41:49.340900Z","level":"info","event":"  File \"/app/analysis_container/local_analysis_simple.py\", line 144, in <listcomp>","logger":"airflow.task.operators.airflow.providers.docker.operators.docker.DockerOperator","filename":"docker.py","lineno":66}
{"timestamp":"2026-01-07T02:41:49.340934Z","level":"info","event":"    results.append([_TROPES_LIST[i][\"name\"] for i in index_row])","logger":"airflow.task.operators.airflow.providers.docker.operators.docker.DockerOperator","filename":"docker.py","lineno":66}
{"timestamp":"2026-01-07T02:41:49.340955Z","level":"info","event":"                    ~~~~~~~~~~~~^^^","logger":"airflow.task.operators.airflow.providers.docker.operators.docker.DockerOperator","filename":"docker.py","lineno":66}
{"timestamp":"2026-01-07T02:41:49.340985Z","level":"info","event":"TypeError: 'NoneType' object is not subscriptable","logger":"airflow.task.operators.airflow.providers.docker.operators.docker.DockerOperator","filename":"docker.py","lineno":66}
{"timestamp":"2026-01-07T02:41:50.578547Z","level":"error","event":"Task failed with exception","logger":"task","filename":"task_runner.py","lineno":972,"error_detail":[{"exc_type":"DockerContainerFailedException","exc_value":"Docker container failed: {'StatusCode': 1}","exc_notes":[],"syntax_error":null,"is_cause":false,"frames":[{"filename":"/home/airflow/.local/lib/python3.12/site-packages/airflow/sdk/execution_time/task_runner.py","lineno":920,"name":"run"},{"filename":"/home/airflow/.local/lib/python3.12/site-packages/airflow/sdk/execution_time/task_runner.py","lineno":1307,"name":"_execute_task"},{"filename":"/home/airflow/.local/lib/python3.12/site-packages/airflow/sdk/bases/operator.py","lineno":416,"name":"wrapper"},{"filename":"/home/airflow/.local/lib/python3.12/site-packages/airflow/providers/docker/operators/docker.py","lineno":495,"name":"execute"},{"filename":"/home/airflow/.local/lib/python3.12/site-packages/airflow/providers/docker/operators/docker.py","lineno":372,"name":"_run_image"},{"filename":"/home/airflow/.local/lib/python3.12/site-packages/airflow/providers/docker/operators/docker.py","lineno":430,"name":"_run_image_with_mounts"}],"is_group":false,"exceptions":[]}]}
