{"timestamp":"2025-11-15T14:37:54.049193Z","level":"info","event":"DAG bundles loaded: dags-folder","logger":"airflow.dag_processing.bundles.manager.DagBundlesManager","filename":"manager.py","lineno":179}
{"timestamp":"2025-11-15T14:37:54.050488Z","level":"info","event":"Filling up the DagBag from /opt/airflow/dags/ingestion_dag.py","logger":"airflow.models.dagbag.DagBag","filename":"dagbag.py","lineno":593}
{"timestamp":"2025-11-15T14:37:54.143166Z","level":"info","event":"/opt/airflow","logger":"unusual_prefix_347b2425d77b6959f8a897cf21788f75ecda7325_ingestion_dag","filename":"ingestion_dag.py","lineno":60}
{"timestamp":"2025-11-15T14:37:54.276627Z","level":"info","event":"Starting docker container from image m1_data_engineering-scrapper:latest","logger":"airflow.task.operators.airflow.providers.docker.operators.docker.DockerOperator","filename":"docker.py","lineno":355}
{"timestamp":"2025-11-15T14:37:55.711966Z","level":"info","event":"Traceback (most recent call last):","logger":"airflow.task.operators.airflow.providers.docker.operators.docker.DockerOperator","filename":"docker.py","lineno":66}
{"timestamp":"2025-11-15T14:37:55.712252Z","level":"info","event":"  File \"/app/scrapping/main.py\", line 6, in <module>","logger":"airflow.task.operators.airflow.providers.docker.operators.docker.DockerOperator","filename":"docker.py","lineno":66}
{"timestamp":"2025-11-15T14:37:55.712356Z","level":"info","event":"    scrapping_scripts_slug.main_scrapping_scripts_slug()","logger":"airflow.task.operators.airflow.providers.docker.operators.docker.DockerOperator","filename":"docker.py","lineno":66}
{"timestamp":"2025-11-15T14:37:55.712396Z","level":"info","event":"  File \"/app/scrapping/scrapping_scripts_slug.py\", line 123, in main_scrapping_scripts_slug","logger":"airflow.task.operators.airflow.providers.docker.operators.docker.DockerOperator","filename":"docker.py","lineno":66}
{"timestamp":"2025-11-15T14:37:55.712479Z","level":"info","event":"    DRIVER.get('https://www.scriptslug.com/scripts/medium/film?sort=az')","logger":"airflow.task.operators.airflow.providers.docker.operators.docker.DockerOperator","filename":"docker.py","lineno":66}
{"timestamp":"2025-11-15T14:37:55.712516Z","level":"info","event":"  File \"/opt/venv_scrapping/lib/python3.11/site-packages/selenium/webdriver/remote/webdriver.py\", line 483, in get","logger":"airflow.task.operators.airflow.providers.docker.operators.docker.DockerOperator","filename":"docker.py","lineno":66}
{"timestamp":"2025-11-15T14:37:55.712575Z","level":"info","event":"    self.execute(Command.GET, {\"url\": url})","logger":"airflow.task.operators.airflow.providers.docker.operators.docker.DockerOperator","filename":"docker.py","lineno":66}
{"timestamp":"2025-11-15T14:37:55.712606Z","level":"info","event":"  File \"/opt/venv_scrapping/lib/python3.11/site-packages/selenium/webdriver/remote/webdriver.py\", line 458, in execute","logger":"airflow.task.operators.airflow.providers.docker.operators.docker.DockerOperator","filename":"docker.py","lineno":66}
{"timestamp":"2025-11-15T14:37:55.712635Z","level":"info","event":"    self.error_handler.check_response(response)","logger":"airflow.task.operators.airflow.providers.docker.operators.docker.DockerOperator","filename":"docker.py","lineno":66}
{"timestamp":"2025-11-15T14:37:55.712680Z","level":"info","event":"  File \"/opt/venv_scrapping/lib/python3.11/site-packages/selenium/webdriver/remote/errorhandler.py\", line 232, in check_response","logger":"airflow.task.operators.airflow.providers.docker.operators.docker.DockerOperator","filename":"docker.py","lineno":66}
{"timestamp":"2025-11-15T14:37:55.712738Z","level":"info","event":"    raise exception_class(message, screen, stacktrace)","logger":"airflow.task.operators.airflow.providers.docker.operators.docker.DockerOperator","filename":"docker.py","lineno":66}
{"timestamp":"2025-11-15T14:37:55.712772Z","level":"info","event":"selenium.common.exceptions.WebDriverException: Message: unknown error: net::ERR_NAME_NOT_RESOLVED","logger":"airflow.task.operators.airflow.providers.docker.operators.docker.DockerOperator","filename":"docker.py","lineno":66}
{"timestamp":"2025-11-15T14:37:55.712803Z","level":"info","event":"  (Session info: chrome=142.0.7444.162)","logger":"airflow.task.operators.airflow.providers.docker.operators.docker.DockerOperator","filename":"docker.py","lineno":66}
{"timestamp":"2025-11-15T14:37:55.712835Z","level":"info","event":"Stacktrace:","logger":"airflow.task.operators.airflow.providers.docker.operators.docker.DockerOperator","filename":"docker.py","lineno":66}
{"timestamp":"2025-11-15T14:37:55.712867Z","level":"info","event":"#0 0x62a07dc883d2 <unknown>","logger":"airflow.task.operators.airflow.providers.docker.operators.docker.DockerOperator","filename":"docker.py","lineno":66}
{"timestamp":"2025-11-15T14:37:55.712900Z","level":"info","event":"#1 0x62a07d6ed22b <unknown>","logger":"airflow.task.operators.airflow.providers.docker.operators.docker.DockerOperator","filename":"docker.py","lineno":66}
{"timestamp":"2025-11-15T14:37:55.712934Z","level":"info","event":"#2 0x62a07d6e5d2d <unknown>","logger":"airflow.task.operators.airflow.providers.docker.operators.docker.DockerOperator","filename":"docker.py","lineno":66}
{"timestamp":"2025-11-15T14:37:55.712962Z","level":"info","event":"#3 0x62a07d6d6fc1 <unknown>","logger":"airflow.task.operators.airflow.providers.docker.operators.docker.DockerOperator","filename":"docker.py","lineno":66}
{"timestamp":"2025-11-15T14:37:55.712991Z","level":"info","event":"#4 0x62a07d6d8d47 <unknown>","logger":"airflow.task.operators.airflow.providers.docker.operators.docker.DockerOperator","filename":"docker.py","lineno":66}
{"timestamp":"2025-11-15T14:37:55.713022Z","level":"info","event":"#5 0x62a07d6d7309 <unknown>","logger":"airflow.task.operators.airflow.providers.docker.operators.docker.DockerOperator","filename":"docker.py","lineno":66}
{"timestamp":"2025-11-15T14:37:55.713051Z","level":"info","event":"#6 0x62a07d6d6ba5 <unknown>","logger":"airflow.task.operators.airflow.providers.docker.operators.docker.DockerOperator","filename":"docker.py","lineno":66}
{"timestamp":"2025-11-15T14:37:55.713079Z","level":"info","event":"#7 0x62a07d6d6af5 <unknown>","logger":"airflow.task.operators.airflow.providers.docker.operators.docker.DockerOperator","filename":"docker.py","lineno":66}
{"timestamp":"2025-11-15T14:37:55.713106Z","level":"info","event":"#8 0x62a07d6d4ed1 <unknown>","logger":"airflow.task.operators.airflow.providers.docker.operators.docker.DockerOperator","filename":"docker.py","lineno":66}
{"timestamp":"2025-11-15T14:37:55.713136Z","level":"info","event":"#9 0x62a07d6d51b8 <unknown>","logger":"airflow.task.operators.airflow.providers.docker.operators.docker.DockerOperator","filename":"docker.py","lineno":66}
{"timestamp":"2025-11-15T14:37:55.713166Z","level":"info","event":"#10 0x62a07d6f11c5 <unknown>","logger":"airflow.task.operators.airflow.providers.docker.operators.docker.DockerOperator","filename":"docker.py","lineno":66}
{"timestamp":"2025-11-15T14:37:55.713196Z","level":"info","event":"#11 0x62a07d7854ff <unknown>","logger":"airflow.task.operators.airflow.providers.docker.operators.docker.DockerOperator","filename":"docker.py","lineno":66}
{"timestamp":"2025-11-15T14:37:55.713226Z","level":"info","event":"#12 0x62a07d762cb6 <unknown>","logger":"airflow.task.operators.airflow.providers.docker.operators.docker.DockerOperator","filename":"docker.py","lineno":66}
{"timestamp":"2025-11-15T14:37:55.713255Z","level":"info","event":"#13 0x62a07d784cc6 <unknown>","logger":"airflow.task.operators.airflow.providers.docker.operators.docker.DockerOperator","filename":"docker.py","lineno":66}
{"timestamp":"2025-11-15T14:37:55.713284Z","level":"info","event":"#14 0x62a07d762a67 <unknown>","logger":"airflow.task.operators.airflow.providers.docker.operators.docker.DockerOperator","filename":"docker.py","lineno":66}
{"timestamp":"2025-11-15T14:37:55.713314Z","level":"info","event":"#15 0x62a07d7306d1 <unknown>","logger":"airflow.task.operators.airflow.providers.docker.operators.docker.DockerOperator","filename":"docker.py","lineno":66}
{"timestamp":"2025-11-15T14:37:55.713343Z","level":"info","event":"#16 0x62a07d7314b5 <unknown>","logger":"airflow.task.operators.airflow.providers.docker.operators.docker.DockerOperator","filename":"docker.py","lineno":66}
{"timestamp":"2025-11-15T14:37:55.713373Z","level":"info","event":"#17 0x62a07dc51c84 <unknown>","logger":"airflow.task.operators.airflow.providers.docker.operators.docker.DockerOperator","filename":"docker.py","lineno":66}
{"timestamp":"2025-11-15T14:37:55.713402Z","level":"info","event":"#18 0x62a07dc5512f <unknown>","logger":"airflow.task.operators.airflow.providers.docker.operators.docker.DockerOperator","filename":"docker.py","lineno":66}
{"timestamp":"2025-11-15T14:37:55.713431Z","level":"info","event":"#19 0x62a07dc54bcc <unknown>","logger":"airflow.task.operators.airflow.providers.docker.operators.docker.DockerOperator","filename":"docker.py","lineno":66}
{"timestamp":"2025-11-15T14:37:55.713460Z","level":"info","event":"#20 0x62a07dc555d9 <unknown>","logger":"airflow.task.operators.airflow.providers.docker.operators.docker.DockerOperator","filename":"docker.py","lineno":66}
{"timestamp":"2025-11-15T14:37:55.713528Z","level":"info","event":"#21 0x62a07dc3b69b <unknown>","logger":"airflow.task.operators.airflow.providers.docker.operators.docker.DockerOperator","filename":"docker.py","lineno":66}
{"timestamp":"2025-11-15T14:37:55.713574Z","level":"info","event":"#22 0x62a07dc55964 <unknown>","logger":"airflow.task.operators.airflow.providers.docker.operators.docker.DockerOperator","filename":"docker.py","lineno":66}
{"timestamp":"2025-11-15T14:37:55.713604Z","level":"info","event":"#23 0x62a07dc24e8d <unknown>","logger":"airflow.task.operators.airflow.providers.docker.operators.docker.DockerOperator","filename":"docker.py","lineno":66}
{"timestamp":"2025-11-15T14:37:55.713635Z","level":"info","event":"#24 0x62a07dc74d09 <unknown>","logger":"airflow.task.operators.airflow.providers.docker.operators.docker.DockerOperator","filename":"docker.py","lineno":66}
{"timestamp":"2025-11-15T14:37:55.713663Z","level":"info","event":"#25 0x62a07dc74eff <unknown>","logger":"airflow.task.operators.airflow.providers.docker.operators.docker.DockerOperator","filename":"docker.py","lineno":66}
{"timestamp":"2025-11-15T14:37:55.713690Z","level":"info","event":"#26 0x62a07dc86d89 <unknown>","logger":"airflow.task.operators.airflow.providers.docker.operators.docker.DockerOperator","filename":"docker.py","lineno":66}
{"timestamp":"2025-11-15T14:37:55.713718Z","level":"info","event":"#27 0x77d93a1beb7b <unknown>","logger":"airflow.task.operators.airflow.providers.docker.operators.docker.DockerOperator","filename":"docker.py","lineno":66}
{"timestamp":"2025-11-15T14:37:56.059598Z","level":"error","event":"Task failed with exception","logger":"task","filename":"task_runner.py","lineno":972,"error_detail":[{"exc_type":"DockerContainerFailedException","exc_value":"Docker container failed: {'StatusCode': 1}","exc_notes":[],"syntax_error":null,"is_cause":false,"frames":[{"filename":"/home/airflow/.local/lib/python3.12/site-packages/airflow/sdk/execution_time/task_runner.py","lineno":920,"name":"run"},{"filename":"/home/airflow/.local/lib/python3.12/site-packages/airflow/sdk/execution_time/task_runner.py","lineno":1307,"name":"_execute_task"},{"filename":"/home/airflow/.local/lib/python3.12/site-packages/airflow/sdk/bases/operator.py","lineno":416,"name":"wrapper"},{"filename":"/home/airflow/.local/lib/python3.12/site-packages/airflow/providers/docker/operators/docker.py","lineno":495,"name":"execute"},{"filename":"/home/airflow/.local/lib/python3.12/site-packages/airflow/providers/docker/operators/docker.py","lineno":372,"name":"_run_image"},{"filename":"/home/airflow/.local/lib/python3.12/site-packages/airflow/providers/docker/operators/docker.py","lineno":430,"name":"_run_image_with_mounts"}],"is_group":false,"exceptions":[]}]}
{"timestamp":"2025-11-15T14:37:56.071176Z","level":"error","event":"Task FAILED: dag=ingestion_dag task=launch_scrapping_container run_id=manual__2025-11-15T14:15:11.778163+00:00 try=2","logger":"unusual_prefix_347b2425d77b6959f8a897cf21788f75ecda7325_ingestion_dag","filename":"ingestion_dag.py","lineno":20}
{"timestamp":"2025-11-15T14:37:56.071409Z","level":"error","event":"Docker container failed: {'StatusCode': 1}","logger":"unusual_prefix_347b2425d77b6959f8a897cf21788f75ecda7325_ingestion_dag","filename":"ingestion_dag.py","lineno":28}
