{"timestamp":"2025-11-15T14:15:15.850188Z","level":"info","event":"DAG bundles loaded: dags-folder","logger":"airflow.dag_processing.bundles.manager.DagBundlesManager","filename":"manager.py","lineno":179}
{"timestamp":"2025-11-15T14:15:15.851978Z","level":"info","event":"Filling up the DagBag from /opt/airflow/dags/ingestion_dag.py","logger":"airflow.models.dagbag.DagBag","filename":"dagbag.py","lineno":593}
{"timestamp":"2025-11-15T14:15:16.202409Z","level":"info","event":"/opt/airflow","logger":"unusual_prefix_347b2425d77b6959f8a897cf21788f75ecda7325_ingestion_dag","filename":"ingestion_dag.py","lineno":60}
{"timestamp":"2025-11-15T14:15:16.430800Z","level":"info","event":"Starting docker container from image m1_data_engineering-scrapper:latest","logger":"airflow.task.operators.airflow.providers.docker.operators.docker.DockerOperator","filename":"docker.py","lineno":355}
{"timestamp":"2025-11-15T14:17:57.232499Z","level":"info","event":"--- Logging error ---","logger":"airflow.task.operators.airflow.providers.docker.operators.docker.DockerOperator","filename":"docker.py","lineno":66}
{"timestamp":"2025-11-15T14:17:57.245008Z","level":"info","event":"Traceback (most recent call last):","logger":"airflow.task.operators.airflow.providers.docker.operators.docker.DockerOperator","filename":"docker.py","lineno":66}
{"timestamp":"2025-11-15T14:17:57.250603Z","level":"info","event":"  File \"/app/scrapping/scrapping_scripts_slug.py\", line 64, in load_all_data","logger":"airflow.task.operators.airflow.providers.docker.operators.docker.DockerOperator","filename":"docker.py","lineno":66}
{"timestamp":"2025-11-15T14:17:57.250983Z","level":"info","event":"    load_more_script_button = DRIVER.find_element(By.XPATH, '//*[@id=\"scriptsList\"]/div[6]/button')","logger":"airflow.task.operators.airflow.providers.docker.operators.docker.DockerOperator","filename":"docker.py","lineno":66}
{"timestamp":"2025-11-15T14:17:57.251219Z","level":"info","event":"                            ^^^^^^^^^^^^^^^^^^^^^^^^^^^^^^^^^^^^^^^^^^^^^^^^^^^^^^^^^^^^^^^^^^^^^","logger":"airflow.task.operators.airflow.providers.docker.operators.docker.DockerOperator","filename":"docker.py","lineno":66}
{"timestamp":"2025-11-15T14:17:57.251281Z","level":"info","event":"  File \"/opt/venv_scrapping/lib/python3.11/site-packages/selenium/webdriver/remote/webdriver.py\", line 926, in find_element","logger":"airflow.task.operators.airflow.providers.docker.operators.docker.DockerOperator","filename":"docker.py","lineno":66}
{"timestamp":"2025-11-15T14:17:57.251320Z","level":"info","event":"    return self.execute(Command.FIND_ELEMENT, {\"using\": by, \"value\": value})[\"value\"]","logger":"airflow.task.operators.airflow.providers.docker.operators.docker.DockerOperator","filename":"docker.py","lineno":66}
{"timestamp":"2025-11-15T14:17:57.251450Z","level":"info","event":"           ^^^^^^^^^^^^^^^^^^^^^^^^^^^^^^^^^^^^^^^^^^^^^^^^^^^^^^^^^^^^^^^^^","logger":"airflow.task.operators.airflow.providers.docker.operators.docker.DockerOperator","filename":"docker.py","lineno":66}
{"timestamp":"2025-11-15T14:17:57.251652Z","level":"info","event":"  File \"/opt/venv_scrapping/lib/python3.11/site-packages/selenium/webdriver/remote/webdriver.py\", line 458, in execute","logger":"airflow.task.operators.airflow.providers.docker.operators.docker.DockerOperator","filename":"docker.py","lineno":66}
{"timestamp":"2025-11-15T14:17:57.251754Z","level":"info","event":"    self.error_handler.check_response(response)","logger":"airflow.task.operators.airflow.providers.docker.operators.docker.DockerOperator","filename":"docker.py","lineno":66}
{"timestamp":"2025-11-15T14:17:57.251936Z","level":"info","event":"  File \"/opt/venv_scrapping/lib/python3.11/site-packages/selenium/webdriver/remote/errorhandler.py\", line 232, in check_response","logger":"airflow.task.operators.airflow.providers.docker.operators.docker.DockerOperator","filename":"docker.py","lineno":66}
{"timestamp":"2025-11-15T14:17:57.252013Z","level":"info","event":"    raise exception_class(message, screen, stacktrace)","logger":"airflow.task.operators.airflow.providers.docker.operators.docker.DockerOperator","filename":"docker.py","lineno":66}
{"timestamp":"2025-11-15T14:17:57.252077Z","level":"info","event":"selenium.common.exceptions.NoSuchElementException: Message: no such element: Unable to locate element: {\"method\":\"xpath\",\"selector\":\"//*[@id=\"scriptsList\"]/div[6]/button\"}","logger":"airflow.task.operators.airflow.providers.docker.operators.docker.DockerOperator","filename":"docker.py","lineno":66}
{"timestamp":"2025-11-15T14:17:57.252269Z","level":"info","event":"  (Session info: chrome=142.0.7444.162); For documentation on this error, please visit: https://www.selenium.dev/documentation/webdriver/troubleshooting/errors#nosuchelementexception","logger":"airflow.task.operators.airflow.providers.docker.operators.docker.DockerOperator","filename":"docker.py","lineno":66}
{"timestamp":"2025-11-15T14:17:57.253177Z","level":"info","event":"Stacktrace:","logger":"airflow.task.operators.airflow.providers.docker.operators.docker.DockerOperator","filename":"docker.py","lineno":66}
{"timestamp":"2025-11-15T14:17:57.257728Z","level":"info","event":"#0 0x571bd3a743d2 <unknown>","logger":"airflow.task.operators.airflow.providers.docker.operators.docker.DockerOperator","filename":"docker.py","lineno":66}
{"timestamp":"2025-11-15T14:17:57.257945Z","level":"info","event":"#1 0x571bd34d922b <unknown>","logger":"airflow.task.operators.airflow.providers.docker.operators.docker.DockerOperator","filename":"docker.py","lineno":66}
{"timestamp":"2025-11-15T14:17:57.258020Z","level":"info","event":"#2 0x571bd3529f7b <unknown>","logger":"airflow.task.operators.airflow.providers.docker.operators.docker.DockerOperator","filename":"docker.py","lineno":66}
{"timestamp":"2025-11-15T14:17:57.258077Z","level":"info","event":"#3 0x571bd352a155 <unknown>","logger":"airflow.task.operators.airflow.providers.docker.operators.docker.DockerOperator","filename":"docker.py","lineno":66}
{"timestamp":"2025-11-15T14:17:57.258129Z","level":"info","event":"#4 0x571bd3573258 <unknown>","logger":"airflow.task.operators.airflow.providers.docker.operators.docker.DockerOperator","filename":"docker.py","lineno":66}
{"timestamp":"2025-11-15T14:17:57.258216Z","level":"info","event":"#5 0x571bd354ece1 <unknown>","logger":"airflow.task.operators.airflow.providers.docker.operators.docker.DockerOperator","filename":"docker.py","lineno":66}
{"timestamp":"2025-11-15T14:17:57.258286Z","level":"info","event":"#6 0x571bd3570cc6 <unknown>","logger":"airflow.task.operators.airflow.providers.docker.operators.docker.DockerOperator","filename":"docker.py","lineno":66}
{"timestamp":"2025-11-15T14:17:57.258337Z","level":"info","event":"#7 0x571bd354ea67 <unknown>","logger":"airflow.task.operators.airflow.providers.docker.operators.docker.DockerOperator","filename":"docker.py","lineno":66}
{"timestamp":"2025-11-15T14:17:57.258386Z","level":"info","event":"#8 0x571bd351c6d1 <unknown>","logger":"airflow.task.operators.airflow.providers.docker.operators.docker.DockerOperator","filename":"docker.py","lineno":66}
{"timestamp":"2025-11-15T14:17:57.258432Z","level":"info","event":"#9 0x571bd351d4b5 <unknown>","logger":"airflow.task.operators.airflow.providers.docker.operators.docker.DockerOperator","filename":"docker.py","lineno":66}
{"timestamp":"2025-11-15T14:17:57.258501Z","level":"info","event":"#10 0x571bd3a3dc84 <unknown>","logger":"airflow.task.operators.airflow.providers.docker.operators.docker.DockerOperator","filename":"docker.py","lineno":66}
{"timestamp":"2025-11-15T14:17:57.258552Z","level":"info","event":"#11 0x571bd3a4112f <unknown>","logger":"airflow.task.operators.airflow.providers.docker.operators.docker.DockerOperator","filename":"docker.py","lineno":66}
{"timestamp":"2025-11-15T14:17:57.258598Z","level":"info","event":"#12 0x571bd3a40bcc <unknown>","logger":"airflow.task.operators.airflow.providers.docker.operators.docker.DockerOperator","filename":"docker.py","lineno":66}
{"timestamp":"2025-11-15T14:17:57.258643Z","level":"info","event":"#13 0x571bd3a415d9 <unknown>","logger":"airflow.task.operators.airflow.providers.docker.operators.docker.DockerOperator","filename":"docker.py","lineno":66}
{"timestamp":"2025-11-15T14:17:57.258687Z","level":"info","event":"#14 0x571bd3a2769b <unknown>","logger":"airflow.task.operators.airflow.providers.docker.operators.docker.DockerOperator","filename":"docker.py","lineno":66}
{"timestamp":"2025-11-15T14:17:57.258730Z","level":"info","event":"#15 0x571bd3a41964 <unknown>","logger":"airflow.task.operators.airflow.providers.docker.operators.docker.DockerOperator","filename":"docker.py","lineno":66}
{"timestamp":"2025-11-15T14:17:57.258773Z","level":"info","event":"#16 0x571bd3a10e8d <unknown>","logger":"airflow.task.operators.airflow.providers.docker.operators.docker.DockerOperator","filename":"docker.py","lineno":66}
{"timestamp":"2025-11-15T14:17:57.258815Z","level":"info","event":"#17 0x571bd3a60d09 <unknown>","logger":"airflow.task.operators.airflow.providers.docker.operators.docker.DockerOperator","filename":"docker.py","lineno":66}
{"timestamp":"2025-11-15T14:17:57.258858Z","level":"info","event":"#18 0x571bd3a60eff <unknown>","logger":"airflow.task.operators.airflow.providers.docker.operators.docker.DockerOperator","filename":"docker.py","lineno":66}
{"timestamp":"2025-11-15T14:17:57.258901Z","level":"info","event":"#19 0x571bd3a72d89 <unknown>","logger":"airflow.task.operators.airflow.providers.docker.operators.docker.DockerOperator","filename":"docker.py","lineno":66}
{"timestamp":"2025-11-15T14:17:57.258944Z","level":"info","event":"#20 0x71369c89cb7b <unknown>","logger":"airflow.task.operators.airflow.providers.docker.operators.docker.DockerOperator","filename":"docker.py","lineno":66}
{"timestamp":"2025-11-15T14:17:57.259076Z","level":"info","event":"","logger":"airflow.task.operators.airflow.providers.docker.operators.docker.DockerOperator","filename":"docker.py","lineno":66}
{"timestamp":"2025-11-15T14:17:57.259132Z","level":"info","event":"During handling of the above exception, another exception occurred:","logger":"airflow.task.operators.airflow.providers.docker.operators.docker.DockerOperator","filename":"docker.py","lineno":66}
{"timestamp":"2025-11-15T14:17:57.260872Z","level":"info","event":"","logger":"airflow.task.operators.airflow.providers.docker.operators.docker.DockerOperator","filename":"docker.py","lineno":66}
{"timestamp":"2025-11-15T14:17:57.261024Z","level":"info","event":"Traceback (most recent call last):","logger":"airflow.task.operators.airflow.providers.docker.operators.docker.DockerOperator","filename":"docker.py","lineno":66}
{"timestamp":"2025-11-15T14:17:57.264206Z","level":"info","event":"  File \"/usr/local/lib/python3.11/logging/__init__.py\", line 1110, in emit","logger":"airflow.task.operators.airflow.providers.docker.operators.docker.DockerOperator","filename":"docker.py","lineno":66}
{"timestamp":"2025-11-15T14:17:57.264393Z","level":"info","event":"    msg = self.format(record)","logger":"airflow.task.operators.airflow.providers.docker.operators.docker.DockerOperator","filename":"docker.py","lineno":66}
{"timestamp":"2025-11-15T14:17:57.264460Z","level":"info","event":"          ^^^^^^^^^^^^^^^^^^^","logger":"airflow.task.operators.airflow.providers.docker.operators.docker.DockerOperator","filename":"docker.py","lineno":66}
{"timestamp":"2025-11-15T14:17:57.264518Z","level":"info","event":"  File \"/usr/local/lib/python3.11/logging/__init__.py\", line 953, in format","logger":"airflow.task.operators.airflow.providers.docker.operators.docker.DockerOperator","filename":"docker.py","lineno":66}
{"timestamp":"2025-11-15T14:17:57.264576Z","level":"info","event":"    return fmt.format(record)","logger":"airflow.task.operators.airflow.providers.docker.operators.docker.DockerOperator","filename":"docker.py","lineno":66}
{"timestamp":"2025-11-15T14:17:57.264633Z","level":"info","event":"           ^^^^^^^^^^^^^^^^^^","logger":"airflow.task.operators.airflow.providers.docker.operators.docker.DockerOperator","filename":"docker.py","lineno":66}
{"timestamp":"2025-11-15T14:17:57.264691Z","level":"info","event":"  File \"/usr/local/lib/python3.11/logging/__init__.py\", line 687, in format","logger":"airflow.task.operators.airflow.providers.docker.operators.docker.DockerOperator","filename":"docker.py","lineno":66}
{"timestamp":"2025-11-15T14:17:57.264749Z","level":"info","event":"    record.message = record.getMessage()","logger":"airflow.task.operators.airflow.providers.docker.operators.docker.DockerOperator","filename":"docker.py","lineno":66}
{"timestamp":"2025-11-15T14:17:57.264811Z","level":"info","event":"                     ^^^^^^^^^^^^^^^^^^^","logger":"airflow.task.operators.airflow.providers.docker.operators.docker.DockerOperator","filename":"docker.py","lineno":66}
{"timestamp":"2025-11-15T14:17:57.264865Z","level":"info","event":"  File \"/usr/local/lib/python3.11/logging/__init__.py\", line 377, in getMessage","logger":"airflow.task.operators.airflow.providers.docker.operators.docker.DockerOperator","filename":"docker.py","lineno":66}
{"timestamp":"2025-11-15T14:17:57.264921Z","level":"info","event":"    msg = msg % self.args","logger":"airflow.task.operators.airflow.providers.docker.operators.docker.DockerOperator","filename":"docker.py","lineno":66}
{"timestamp":"2025-11-15T14:17:57.264978Z","level":"info","event":"          ~~~~^~~~~~~~~~~","logger":"airflow.task.operators.airflow.providers.docker.operators.docker.DockerOperator","filename":"docker.py","lineno":66}
{"timestamp":"2025-11-15T14:17:57.265034Z","level":"info","event":"TypeError: not all arguments converted during string formatting","logger":"airflow.task.operators.airflow.providers.docker.operators.docker.DockerOperator","filename":"docker.py","lineno":66}
{"timestamp":"2025-11-15T14:17:57.265186Z","level":"info","event":"Call stack:","logger":"airflow.task.operators.airflow.providers.docker.operators.docker.DockerOperator","filename":"docker.py","lineno":66}
{"timestamp":"2025-11-15T14:17:57.271053Z","level":"info","event":"  File \"/app/scrapping/main.py\", line 6, in <module>","logger":"airflow.task.operators.airflow.providers.docker.operators.docker.DockerOperator","filename":"docker.py","lineno":66}
{"timestamp":"2025-11-15T14:17:57.271229Z","level":"info","event":"    scrapping_scripts_slug.main_scrapping_scripts_slug()","logger":"airflow.task.operators.airflow.providers.docker.operators.docker.DockerOperator","filename":"docker.py","lineno":66}
{"timestamp":"2025-11-15T14:17:57.271296Z","level":"info","event":"  File \"/app/scrapping/scrapping_scripts_slug.py\", line 126, in main_scrapping_scripts_slug","logger":"airflow.task.operators.airflow.providers.docker.operators.docker.DockerOperator","filename":"docker.py","lineno":66}
{"timestamp":"2025-11-15T14:17:57.271356Z","level":"info","event":"    load_all_data()      # + of 20 min. to load all the data","logger":"airflow.task.operators.airflow.providers.docker.operators.docker.DockerOperator","filename":"docker.py","lineno":66}
{"timestamp":"2025-11-15T14:17:57.271413Z","level":"info","event":"  File \"/app/scrapping/scrapping_scripts_slug.py\", line 75, in load_all_data","logger":"airflow.task.operators.airflow.providers.docker.operators.docker.DockerOperator","filename":"docker.py","lineno":66}
{"timestamp":"2025-11-15T14:17:57.271469Z","level":"info","event":"    logging.info(f\"[I] load_all_data - No more 'Load More' button to click :\", e)","logger":"airflow.task.operators.airflow.providers.docker.operators.docker.DockerOperator","filename":"docker.py","lineno":66}
{"timestamp":"2025-11-15T14:17:57.271526Z","level":"info","event":"Message: \"[I] load_all_data - No more 'Load More' button to click :\"","logger":"airflow.task.operators.airflow.providers.docker.operators.docker.DockerOperator","filename":"docker.py","lineno":66}
{"timestamp":"2025-11-15T14:17:57.271584Z","level":"info","event":"Arguments: (NoSuchElementException(),)","logger":"airflow.task.operators.airflow.providers.docker.operators.docker.DockerOperator","filename":"docker.py","lineno":66}
{"timestamp":"2025-11-15T14:27:13.457743Z","level":"info","event":"--- Logging error ---","logger":"airflow.task.operators.airflow.providers.docker.operators.docker.DockerOperator","filename":"docker.py","lineno":66}
{"timestamp":"2025-11-15T14:27:13.458000Z","level":"info","event":"Traceback (most recent call last):","logger":"airflow.task.operators.airflow.providers.docker.operators.docker.DockerOperator","filename":"docker.py","lineno":66}
{"timestamp":"2025-11-15T14:27:13.458106Z","level":"info","event":"  File \"/app/scrapping/scrapping_scripts_slug.py\", line 105, in get_pdf_script_url","logger":"airflow.task.operators.airflow.providers.docker.operators.docker.DockerOperator","filename":"docker.py","lineno":66}
{"timestamp":"2025-11-15T14:27:13.458137Z","level":"info","event":"    pdf_script_web_elem = DRIVER.find_element(By.XPATH, '/html/body/main/div/div/article/div/div[2]/div[1]/div[1]/a')","logger":"airflow.task.operators.airflow.providers.docker.operators.docker.DockerOperator","filename":"docker.py","lineno":66}
{"timestamp":"2025-11-15T14:27:13.458157Z","level":"info","event":"                          ^^^^^^^^^^^^^^^^^^^^^^^^^^^^^^^^^^^^^^^^^^^^^^^^^^^^^^^^^^^^^^^^^^^^^^^^^^^^^^^^^^^^^^^^^^^","logger":"airflow.task.operators.airflow.providers.docker.operators.docker.DockerOperator","filename":"docker.py","lineno":66}
{"timestamp":"2025-11-15T14:27:13.458173Z","level":"info","event":"  File \"/opt/venv_scrapping/lib/python3.11/site-packages/selenium/webdriver/remote/webdriver.py\", line 926, in find_element","logger":"airflow.task.operators.airflow.providers.docker.operators.docker.DockerOperator","filename":"docker.py","lineno":66}
{"timestamp":"2025-11-15T14:27:13.458190Z","level":"info","event":"    return self.execute(Command.FIND_ELEMENT, {\"using\": by, \"value\": value})[\"value\"]","logger":"airflow.task.operators.airflow.providers.docker.operators.docker.DockerOperator","filename":"docker.py","lineno":66}
{"timestamp":"2025-11-15T14:27:13.458208Z","level":"info","event":"           ^^^^^^^^^^^^^^^^^^^^^^^^^^^^^^^^^^^^^^^^^^^^^^^^^^^^^^^^^^^^^^^^^","logger":"airflow.task.operators.airflow.providers.docker.operators.docker.DockerOperator","filename":"docker.py","lineno":66}
{"timestamp":"2025-11-15T14:27:13.458227Z","level":"info","event":"  File \"/opt/venv_scrapping/lib/python3.11/site-packages/selenium/webdriver/remote/webdriver.py\", line 458, in execute","logger":"airflow.task.operators.airflow.providers.docker.operators.docker.DockerOperator","filename":"docker.py","lineno":66}
{"timestamp":"2025-11-15T14:27:13.458241Z","level":"info","event":"    self.error_handler.check_response(response)","logger":"airflow.task.operators.airflow.providers.docker.operators.docker.DockerOperator","filename":"docker.py","lineno":66}
{"timestamp":"2025-11-15T14:27:13.458255Z","level":"info","event":"  File \"/opt/venv_scrapping/lib/python3.11/site-packages/selenium/webdriver/remote/errorhandler.py\", line 232, in check_response","logger":"airflow.task.operators.airflow.providers.docker.operators.docker.DockerOperator","filename":"docker.py","lineno":66}
{"timestamp":"2025-11-15T14:27:13.458269Z","level":"info","event":"    raise exception_class(message, screen, stacktrace)","logger":"airflow.task.operators.airflow.providers.docker.operators.docker.DockerOperator","filename":"docker.py","lineno":66}
{"timestamp":"2025-11-15T14:27:13.458455Z","level":"info","event":"selenium.common.exceptions.NoSuchElementException: Message: no such element: Unable to locate element: {\"method\":\"xpath\",\"selector\":\"/html/body/main/div/div/article/div/div[2]/div[1]/div[1]/a\"}","logger":"airflow.task.operators.airflow.providers.docker.operators.docker.DockerOperator","filename":"docker.py","lineno":66}
{"timestamp":"2025-11-15T14:27:13.458587Z","level":"info","event":"  (Session info: chrome=142.0.7444.162); For documentation on this error, please visit: https://www.selenium.dev/documentation/webdriver/troubleshooting/errors#nosuchelementexception","logger":"airflow.task.operators.airflow.providers.docker.operators.docker.DockerOperator","filename":"docker.py","lineno":66}
{"timestamp":"2025-11-15T14:27:13.458619Z","level":"info","event":"Stacktrace:","logger":"airflow.task.operators.airflow.providers.docker.operators.docker.DockerOperator","filename":"docker.py","lineno":66}
{"timestamp":"2025-11-15T14:27:13.458636Z","level":"info","event":"#0 0x571bd3a743d2 <unknown>","logger":"airflow.task.operators.airflow.providers.docker.operators.docker.DockerOperator","filename":"docker.py","lineno":66}
{"timestamp":"2025-11-15T14:27:13.458651Z","level":"info","event":"#1 0x571bd34d922b <unknown>","logger":"airflow.task.operators.airflow.providers.docker.operators.docker.DockerOperator","filename":"docker.py","lineno":66}
{"timestamp":"2025-11-15T14:27:13.458665Z","level":"info","event":"#2 0x571bd3529f7b <unknown>","logger":"airflow.task.operators.airflow.providers.docker.operators.docker.DockerOperator","filename":"docker.py","lineno":66}
{"timestamp":"2025-11-15T14:27:13.458680Z","level":"info","event":"#3 0x571bd352a155 <unknown>","logger":"airflow.task.operators.airflow.providers.docker.operators.docker.DockerOperator","filename":"docker.py","lineno":66}
{"timestamp":"2025-11-15T14:27:13.458693Z","level":"info","event":"#4 0x571bd3573258 <unknown>","logger":"airflow.task.operators.airflow.providers.docker.operators.docker.DockerOperator","filename":"docker.py","lineno":66}
{"timestamp":"2025-11-15T14:27:13.458707Z","level":"info","event":"#5 0x571bd354ece1 <unknown>","logger":"airflow.task.operators.airflow.providers.docker.operators.docker.DockerOperator","filename":"docker.py","lineno":66}
{"timestamp":"2025-11-15T14:27:13.458723Z","level":"info","event":"#6 0x571bd3570cc6 <unknown>","logger":"airflow.task.operators.airflow.providers.docker.operators.docker.DockerOperator","filename":"docker.py","lineno":66}
{"timestamp":"2025-11-15T14:27:13.458738Z","level":"info","event":"#7 0x571bd354ea67 <unknown>","logger":"airflow.task.operators.airflow.providers.docker.operators.docker.DockerOperator","filename":"docker.py","lineno":66}
{"timestamp":"2025-11-15T14:27:13.458756Z","level":"info","event":"#8 0x571bd351c6d1 <unknown>","logger":"airflow.task.operators.airflow.providers.docker.operators.docker.DockerOperator","filename":"docker.py","lineno":66}
{"timestamp":"2025-11-15T14:27:13.458773Z","level":"info","event":"#9 0x571bd351d4b5 <unknown>","logger":"airflow.task.operators.airflow.providers.docker.operators.docker.DockerOperator","filename":"docker.py","lineno":66}
{"timestamp":"2025-11-15T14:27:13.458787Z","level":"info","event":"#10 0x571bd3a3dc84 <unknown>","logger":"airflow.task.operators.airflow.providers.docker.operators.docker.DockerOperator","filename":"docker.py","lineno":66}
{"timestamp":"2025-11-15T14:27:13.458802Z","level":"info","event":"#11 0x571bd3a4112f <unknown>","logger":"airflow.task.operators.airflow.providers.docker.operators.docker.DockerOperator","filename":"docker.py","lineno":66}
{"timestamp":"2025-11-15T14:27:13.458825Z","level":"info","event":"#12 0x571bd3a40bcc <unknown>","logger":"airflow.task.operators.airflow.providers.docker.operators.docker.DockerOperator","filename":"docker.py","lineno":66}
{"timestamp":"2025-11-15T14:27:13.458843Z","level":"info","event":"#13 0x571bd3a415d9 <unknown>","logger":"airflow.task.operators.airflow.providers.docker.operators.docker.DockerOperator","filename":"docker.py","lineno":66}
{"timestamp":"2025-11-15T14:27:13.458860Z","level":"info","event":"#14 0x571bd3a2769b <unknown>","logger":"airflow.task.operators.airflow.providers.docker.operators.docker.DockerOperator","filename":"docker.py","lineno":66}
{"timestamp":"2025-11-15T14:27:13.458874Z","level":"info","event":"#15 0x571bd3a41964 <unknown>","logger":"airflow.task.operators.airflow.providers.docker.operators.docker.DockerOperator","filename":"docker.py","lineno":66}
{"timestamp":"2025-11-15T14:27:13.458894Z","level":"info","event":"#16 0x571bd3a10e8d <unknown>","logger":"airflow.task.operators.airflow.providers.docker.operators.docker.DockerOperator","filename":"docker.py","lineno":66}
{"timestamp":"2025-11-15T14:27:13.458913Z","level":"info","event":"#17 0x571bd3a60d09 <unknown>","logger":"airflow.task.operators.airflow.providers.docker.operators.docker.DockerOperator","filename":"docker.py","lineno":66}
{"timestamp":"2025-11-15T14:27:13.458933Z","level":"info","event":"#18 0x571bd3a60eff <unknown>","logger":"airflow.task.operators.airflow.providers.docker.operators.docker.DockerOperator","filename":"docker.py","lineno":66}
{"timestamp":"2025-11-15T14:27:13.458950Z","level":"info","event":"#19 0x571bd3a72d89 <unknown>","logger":"airflow.task.operators.airflow.providers.docker.operators.docker.DockerOperator","filename":"docker.py","lineno":66}
{"timestamp":"2025-11-15T14:27:13.458967Z","level":"info","event":"#20 0x71369c89cb7b <unknown>","logger":"airflow.task.operators.airflow.providers.docker.operators.docker.DockerOperator","filename":"docker.py","lineno":66}
{"timestamp":"2025-11-15T14:27:13.458986Z","level":"info","event":"","logger":"airflow.task.operators.airflow.providers.docker.operators.docker.DockerOperator","filename":"docker.py","lineno":66}
{"timestamp":"2025-11-15T14:27:13.459002Z","level":"info","event":"","logger":"airflow.task.operators.airflow.providers.docker.operators.docker.DockerOperator","filename":"docker.py","lineno":66}
{"timestamp":"2025-11-15T14:27:13.459021Z","level":"info","event":"During handling of the above exception, another exception occurred:","logger":"airflow.task.operators.airflow.providers.docker.operators.docker.DockerOperator","filename":"docker.py","lineno":66}
{"timestamp":"2025-11-15T14:27:13.459044Z","level":"info","event":"","logger":"airflow.task.operators.airflow.providers.docker.operators.docker.DockerOperator","filename":"docker.py","lineno":66}
{"timestamp":"2025-11-15T14:27:13.459062Z","level":"info","event":"Traceback (most recent call last):","logger":"airflow.task.operators.airflow.providers.docker.operators.docker.DockerOperator","filename":"docker.py","lineno":66}
{"timestamp":"2025-11-15T14:27:13.459078Z","level":"info","event":"  File \"/usr/local/lib/python3.11/logging/__init__.py\", line 1110, in emit","logger":"airflow.task.operators.airflow.providers.docker.operators.docker.DockerOperator","filename":"docker.py","lineno":66}
{"timestamp":"2025-11-15T14:27:13.459097Z","level":"info","event":"    msg = self.format(record)","logger":"airflow.task.operators.airflow.providers.docker.operators.docker.DockerOperator","filename":"docker.py","lineno":66}
{"timestamp":"2025-11-15T14:27:13.459116Z","level":"info","event":"          ^^^^^^^^^^^^^^^^^^^","logger":"airflow.task.operators.airflow.providers.docker.operators.docker.DockerOperator","filename":"docker.py","lineno":66}
{"timestamp":"2025-11-15T14:27:13.459133Z","level":"info","event":"  File \"/usr/local/lib/python3.11/logging/__init__.py\", line 953, in format","logger":"airflow.task.operators.airflow.providers.docker.operators.docker.DockerOperator","filename":"docker.py","lineno":66}
{"timestamp":"2025-11-15T14:27:13.459149Z","level":"info","event":"    return fmt.format(record)","logger":"airflow.task.operators.airflow.providers.docker.operators.docker.DockerOperator","filename":"docker.py","lineno":66}
{"timestamp":"2025-11-15T14:27:13.459165Z","level":"info","event":"           ^^^^^^^^^^^^^^^^^^","logger":"airflow.task.operators.airflow.providers.docker.operators.docker.DockerOperator","filename":"docker.py","lineno":66}
{"timestamp":"2025-11-15T14:27:13.459183Z","level":"info","event":"  File \"/usr/local/lib/python3.11/logging/__init__.py\", line 687, in format","logger":"airflow.task.operators.airflow.providers.docker.operators.docker.DockerOperator","filename":"docker.py","lineno":66}
{"timestamp":"2025-11-15T14:27:13.459197Z","level":"info","event":"    record.message = record.getMessage()","logger":"airflow.task.operators.airflow.providers.docker.operators.docker.DockerOperator","filename":"docker.py","lineno":66}
{"timestamp":"2025-11-15T14:27:13.459212Z","level":"info","event":"                     ^^^^^^^^^^^^^^^^^^^","logger":"airflow.task.operators.airflow.providers.docker.operators.docker.DockerOperator","filename":"docker.py","lineno":66}
{"timestamp":"2025-11-15T14:27:13.459230Z","level":"info","event":"  File \"/usr/local/lib/python3.11/logging/__init__.py\", line 377, in getMessage","logger":"airflow.task.operators.airflow.providers.docker.operators.docker.DockerOperator","filename":"docker.py","lineno":66}
{"timestamp":"2025-11-15T14:27:13.459247Z","level":"info","event":"    msg = msg % self.args","logger":"airflow.task.operators.airflow.providers.docker.operators.docker.DockerOperator","filename":"docker.py","lineno":66}
{"timestamp":"2025-11-15T14:27:13.459263Z","level":"info","event":"          ~~~~^~~~~~~~~~~","logger":"airflow.task.operators.airflow.providers.docker.operators.docker.DockerOperator","filename":"docker.py","lineno":66}
{"timestamp":"2025-11-15T14:27:13.459278Z","level":"info","event":"TypeError: not all arguments converted during string formatting","logger":"airflow.task.operators.airflow.providers.docker.operators.docker.DockerOperator","filename":"docker.py","lineno":66}
{"timestamp":"2025-11-15T14:27:13.459296Z","level":"info","event":"Call stack:","logger":"airflow.task.operators.airflow.providers.docker.operators.docker.DockerOperator","filename":"docker.py","lineno":66}
{"timestamp":"2025-11-15T14:27:13.459364Z","level":"info","event":"  File \"/app/scrapping/main.py\", line 6, in <module>","logger":"airflow.task.operators.airflow.providers.docker.operators.docker.DockerOperator","filename":"docker.py","lineno":66}
{"timestamp":"2025-11-15T14:27:13.459395Z","level":"info","event":"    scrapping_scripts_slug.main_scrapping_scripts_slug()","logger":"airflow.task.operators.airflow.providers.docker.operators.docker.DockerOperator","filename":"docker.py","lineno":66}
{"timestamp":"2025-11-15T14:27:13.459417Z","level":"info","event":"  File \"/app/scrapping/scrapping_scripts_slug.py\", line 135, in main_scrapping_scripts_slug","logger":"airflow.task.operators.airflow.providers.docker.operators.docker.DockerOperator","filename":"docker.py","lineno":66}
{"timestamp":"2025-11-15T14:27:13.459439Z","level":"info","event":"    df_scripts_slug[\"pdf_url\"] = df_scripts_slug[\"script_page_url\"].apply(get_pdf_script_url)   # take also a long time to execute","logger":"airflow.task.operators.airflow.providers.docker.operators.docker.DockerOperator","filename":"docker.py","lineno":66}
{"timestamp":"2025-11-15T14:27:13.459458Z","level":"info","event":"  File \"/opt/venv_scrapping/lib/python3.11/site-packages/pandas/core/series.py\", line 4943, in apply","logger":"airflow.task.operators.airflow.providers.docker.operators.docker.DockerOperator","filename":"docker.py","lineno":66}
{"timestamp":"2025-11-15T14:27:13.459477Z","level":"info","event":"    ).apply()","logger":"airflow.task.operators.airflow.providers.docker.operators.docker.DockerOperator","filename":"docker.py","lineno":66}
{"timestamp":"2025-11-15T14:27:13.459495Z","level":"info","event":"  File \"/opt/venv_scrapping/lib/python3.11/site-packages/pandas/core/apply.py\", line 1422, in apply","logger":"airflow.task.operators.airflow.providers.docker.operators.docker.DockerOperator","filename":"docker.py","lineno":66}
{"timestamp":"2025-11-15T14:27:13.459514Z","level":"info","event":"    return self.apply_standard()","logger":"airflow.task.operators.airflow.providers.docker.operators.docker.DockerOperator","filename":"docker.py","lineno":66}
{"timestamp":"2025-11-15T14:27:13.459535Z","level":"info","event":"  File \"/opt/venv_scrapping/lib/python3.11/site-packages/pandas/core/apply.py\", line 1502, in apply_standard","logger":"airflow.task.operators.airflow.providers.docker.operators.docker.DockerOperator","filename":"docker.py","lineno":66}
{"timestamp":"2025-11-15T14:27:13.459554Z","level":"info","event":"    mapped = obj._map_values(","logger":"airflow.task.operators.airflow.providers.docker.operators.docker.DockerOperator","filename":"docker.py","lineno":66}
{"timestamp":"2025-11-15T14:27:13.459573Z","level":"info","event":"  File \"/opt/venv_scrapping/lib/python3.11/site-packages/pandas/core/base.py\", line 925, in _map_values","logger":"airflow.task.operators.airflow.providers.docker.operators.docker.DockerOperator","filename":"docker.py","lineno":66}
{"timestamp":"2025-11-15T14:27:13.459593Z","level":"info","event":"    return algorithms.map_array(arr, mapper, na_action=na_action, convert=convert)","logger":"airflow.task.operators.airflow.providers.docker.operators.docker.DockerOperator","filename":"docker.py","lineno":66}
{"timestamp":"2025-11-15T14:27:13.459615Z","level":"info","event":"  File \"/opt/venv_scrapping/lib/python3.11/site-packages/pandas/core/algorithms.py\", line 1743, in map_array","logger":"airflow.task.operators.airflow.providers.docker.operators.docker.DockerOperator","filename":"docker.py","lineno":66}
{"timestamp":"2025-11-15T14:27:13.459635Z","level":"info","event":"    return lib.map_infer(values, mapper, convert=convert)","logger":"airflow.task.operators.airflow.providers.docker.operators.docker.DockerOperator","filename":"docker.py","lineno":66}
{"timestamp":"2025-11-15T14:27:13.459655Z","level":"info","event":"  File \"/app/scrapping/scrapping_scripts_slug.py\", line 110, in get_pdf_script_url","logger":"airflow.task.operators.airflow.providers.docker.operators.docker.DockerOperator","filename":"docker.py","lineno":66}
{"timestamp":"2025-11-15T14:27:13.459672Z","level":"info","event":"    logging.info(f\"[E] get_pdf_script_url - error :\", e)","logger":"airflow.task.operators.airflow.providers.docker.operators.docker.DockerOperator","filename":"docker.py","lineno":66}
{"timestamp":"2025-11-15T14:27:13.459689Z","level":"info","event":"Message: '[E] get_pdf_script_url - error :'","logger":"airflow.task.operators.airflow.providers.docker.operators.docker.DockerOperator","filename":"docker.py","lineno":66}
{"timestamp":"2025-11-15T14:27:13.459708Z","level":"info","event":"Arguments: (NoSuchElementException(),)","logger":"airflow.task.operators.airflow.providers.docker.operators.docker.DockerOperator","filename":"docker.py","lineno":66}
{"timestamp":"2025-11-15T14:32:41.874260Z","level":"info","event":"Traceback (most recent call last):","logger":"airflow.task.operators.airflow.providers.docker.operators.docker.DockerOperator","filename":"docker.py","lineno":66}
{"timestamp":"2025-11-15T14:32:41.874929Z","level":"info","event":"  File \"/opt/venv_scrapping/lib/python3.11/site-packages/urllib3/connectionpool.py\", line 534, in _make_request","logger":"airflow.task.operators.airflow.providers.docker.operators.docker.DockerOperator","filename":"docker.py","lineno":66}
{"timestamp":"2025-11-15T14:32:41.875868Z","level":"info","event":"    response = conn.getresponse()","logger":"airflow.task.operators.airflow.providers.docker.operators.docker.DockerOperator","filename":"docker.py","lineno":66}
{"timestamp":"2025-11-15T14:32:41.876123Z","level":"info","event":"               ^^^^^^^^^^^^^^^^^^","logger":"airflow.task.operators.airflow.providers.docker.operators.docker.DockerOperator","filename":"docker.py","lineno":66}
{"timestamp":"2025-11-15T14:32:41.876180Z","level":"info","event":"  File \"/opt/venv_scrapping/lib/python3.11/site-packages/urllib3/connection.py\", line 565, in getresponse","logger":"airflow.task.operators.airflow.providers.docker.operators.docker.DockerOperator","filename":"docker.py","lineno":66}
{"timestamp":"2025-11-15T14:32:41.876243Z","level":"info","event":"    httplib_response = super().getresponse()","logger":"airflow.task.operators.airflow.providers.docker.operators.docker.DockerOperator","filename":"docker.py","lineno":66}
{"timestamp":"2025-11-15T14:32:41.876282Z","level":"info","event":"                       ^^^^^^^^^^^^^^^^^^^^^","logger":"airflow.task.operators.airflow.providers.docker.operators.docker.DockerOperator","filename":"docker.py","lineno":66}
{"timestamp":"2025-11-15T14:32:41.876320Z","level":"info","event":"  File \"/usr/local/lib/python3.11/http/client.py\", line 1395, in getresponse","logger":"airflow.task.operators.airflow.providers.docker.operators.docker.DockerOperator","filename":"docker.py","lineno":66}
{"timestamp":"2025-11-15T14:32:41.876384Z","level":"info","event":"    response.begin()","logger":"airflow.task.operators.airflow.providers.docker.operators.docker.DockerOperator","filename":"docker.py","lineno":66}
{"timestamp":"2025-11-15T14:32:41.876448Z","level":"info","event":"  File \"/usr/local/lib/python3.11/http/client.py\", line 325, in begin","logger":"airflow.task.operators.airflow.providers.docker.operators.docker.DockerOperator","filename":"docker.py","lineno":66}
{"timestamp":"2025-11-15T14:32:41.876741Z","level":"info","event":"    version, status, reason = self._read_status()","logger":"airflow.task.operators.airflow.providers.docker.operators.docker.DockerOperator","filename":"docker.py","lineno":66}
{"timestamp":"2025-11-15T14:32:41.876855Z","level":"info","event":"                              ^^^^^^^^^^^^^^^^^^^","logger":"airflow.task.operators.airflow.providers.docker.operators.docker.DockerOperator","filename":"docker.py","lineno":66}
{"timestamp":"2025-11-15T14:32:41.876889Z","level":"info","event":"  File \"/usr/local/lib/python3.11/http/client.py\", line 286, in _read_status","logger":"airflow.task.operators.airflow.providers.docker.operators.docker.DockerOperator","filename":"docker.py","lineno":66}
{"timestamp":"2025-11-15T14:32:41.876948Z","level":"info","event":"    line = str(self.fp.readline(_MAXLINE + 1), \"iso-8859-1\")","logger":"airflow.task.operators.airflow.providers.docker.operators.docker.DockerOperator","filename":"docker.py","lineno":66}
{"timestamp":"2025-11-15T14:32:41.876980Z","level":"info","event":"               ^^^^^^^^^^^^^^^^^^^^^^^^^^^^^^","logger":"airflow.task.operators.airflow.providers.docker.operators.docker.DockerOperator","filename":"docker.py","lineno":66}
{"timestamp":"2025-11-15T14:32:41.877011Z","level":"info","event":"  File \"/usr/local/lib/python3.11/socket.py\", line 718, in readinto","logger":"airflow.task.operators.airflow.providers.docker.operators.docker.DockerOperator","filename":"docker.py","lineno":66}
{"timestamp":"2025-11-15T14:32:41.877551Z","level":"info","event":"    return self._sock.recv_into(b)","logger":"airflow.task.operators.airflow.providers.docker.operators.docker.DockerOperator","filename":"docker.py","lineno":66}
{"timestamp":"2025-11-15T14:32:41.877628Z","level":"info","event":"           ^^^^^^^^^^^^^^^^^^^^^^^","logger":"airflow.task.operators.airflow.providers.docker.operators.docker.DockerOperator","filename":"docker.py","lineno":66}
{"timestamp":"2025-11-15T14:32:41.878024Z","level":"info","event":"TimeoutError: timed out","logger":"airflow.task.operators.airflow.providers.docker.operators.docker.DockerOperator","filename":"docker.py","lineno":66}
{"timestamp":"2025-11-15T14:32:41.878108Z","level":"info","event":"","logger":"airflow.task.operators.airflow.providers.docker.operators.docker.DockerOperator","filename":"docker.py","lineno":66}
{"timestamp":"2025-11-15T14:32:41.878137Z","level":"info","event":"The above exception was the direct cause of the following exception:","logger":"airflow.task.operators.airflow.providers.docker.operators.docker.DockerOperator","filename":"docker.py","lineno":66}
{"timestamp":"2025-11-15T14:32:41.878161Z","level":"info","event":"","logger":"airflow.task.operators.airflow.providers.docker.operators.docker.DockerOperator","filename":"docker.py","lineno":66}
{"timestamp":"2025-11-15T14:32:41.878182Z","level":"info","event":"Traceback (most recent call last):","logger":"airflow.task.operators.airflow.providers.docker.operators.docker.DockerOperator","filename":"docker.py","lineno":66}
{"timestamp":"2025-11-15T14:32:41.878202Z","level":"info","event":"  File \"/app/scrapping/main.py\", line 6, in <module>","logger":"airflow.task.operators.airflow.providers.docker.operators.docker.DockerOperator","filename":"docker.py","lineno":66}
{"timestamp":"2025-11-15T14:32:41.878243Z","level":"info","event":"    scrapping_scripts_slug.main_scrapping_scripts_slug()","logger":"airflow.task.operators.airflow.providers.docker.operators.docker.DockerOperator","filename":"docker.py","lineno":66}
{"timestamp":"2025-11-15T14:32:41.878268Z","level":"info","event":"  File \"/app/scrapping/scrapping_scripts_slug.py\", line 135, in main_scrapping_scripts_slug","logger":"airflow.task.operators.airflow.providers.docker.operators.docker.DockerOperator","filename":"docker.py","lineno":66}
{"timestamp":"2025-11-15T14:32:41.878297Z","level":"info","event":"    df_scripts_slug[\"pdf_url\"] = df_scripts_slug[\"script_page_url\"].apply(get_pdf_script_url)   # take also a long time to execute","logger":"airflow.task.operators.airflow.providers.docker.operators.docker.DockerOperator","filename":"docker.py","lineno":66}
{"timestamp":"2025-11-15T14:32:41.879036Z","level":"info","event":"                                 ^^^^^^^^^^^^^^^^^^^^^^^^^^^^^^^^^^^^^^^^^^^^^^^^^^^^^^^^^^^^","logger":"airflow.task.operators.airflow.providers.docker.operators.docker.DockerOperator","filename":"docker.py","lineno":66}
{"timestamp":"2025-11-15T14:32:41.879176Z","level":"info","event":"  File \"/opt/venv_scrapping/lib/python3.11/site-packages/pandas/core/series.py\", line 4943, in apply","logger":"airflow.task.operators.airflow.providers.docker.operators.docker.DockerOperator","filename":"docker.py","lineno":66}
{"timestamp":"2025-11-15T14:32:41.879247Z","level":"info","event":"    ).apply()","logger":"airflow.task.operators.airflow.providers.docker.operators.docker.DockerOperator","filename":"docker.py","lineno":66}
{"timestamp":"2025-11-15T14:32:41.879402Z","level":"info","event":"      ^^^^^^^","logger":"airflow.task.operators.airflow.providers.docker.operators.docker.DockerOperator","filename":"docker.py","lineno":66}
{"timestamp":"2025-11-15T14:32:41.879470Z","level":"info","event":"  File \"/opt/venv_scrapping/lib/python3.11/site-packages/pandas/core/apply.py\", line 1422, in apply","logger":"airflow.task.operators.airflow.providers.docker.operators.docker.DockerOperator","filename":"docker.py","lineno":66}
{"timestamp":"2025-11-15T14:32:41.879723Z","level":"info","event":"    return self.apply_standard()","logger":"airflow.task.operators.airflow.providers.docker.operators.docker.DockerOperator","filename":"docker.py","lineno":66}
{"timestamp":"2025-11-15T14:32:41.879814Z","level":"info","event":"           ^^^^^^^^^^^^^^^^^^^^^","logger":"airflow.task.operators.airflow.providers.docker.operators.docker.DockerOperator","filename":"docker.py","lineno":66}
{"timestamp":"2025-11-15T14:32:41.879855Z","level":"info","event":"  File \"/opt/venv_scrapping/lib/python3.11/site-packages/pandas/core/apply.py\", line 1502, in apply_standard","logger":"airflow.task.operators.airflow.providers.docker.operators.docker.DockerOperator","filename":"docker.py","lineno":66}
{"timestamp":"2025-11-15T14:32:41.879904Z","level":"info","event":"    mapped = obj._map_values(","logger":"airflow.task.operators.airflow.providers.docker.operators.docker.DockerOperator","filename":"docker.py","lineno":66}
{"timestamp":"2025-11-15T14:32:41.879931Z","level":"info","event":"             ^^^^^^^^^^^^^^^^","logger":"airflow.task.operators.airflow.providers.docker.operators.docker.DockerOperator","filename":"docker.py","lineno":66}
{"timestamp":"2025-11-15T14:32:41.879963Z","level":"info","event":"  File \"/opt/venv_scrapping/lib/python3.11/site-packages/pandas/core/base.py\", line 925, in _map_values","logger":"airflow.task.operators.airflow.providers.docker.operators.docker.DockerOperator","filename":"docker.py","lineno":66}
{"timestamp":"2025-11-15T14:32:41.879998Z","level":"info","event":"    return algorithms.map_array(arr, mapper, na_action=na_action, convert=convert)","logger":"airflow.task.operators.airflow.providers.docker.operators.docker.DockerOperator","filename":"docker.py","lineno":66}
{"timestamp":"2025-11-15T14:32:41.880020Z","level":"info","event":"           ^^^^^^^^^^^^^^^^^^^^^^^^^^^^^^^^^^^^^^^^^^^^^^^^^^^^^^^^^^^^^^^^^^^^^^^","logger":"airflow.task.operators.airflow.providers.docker.operators.docker.DockerOperator","filename":"docker.py","lineno":66}
{"timestamp":"2025-11-15T14:32:41.880048Z","level":"info","event":"  File \"/opt/venv_scrapping/lib/python3.11/site-packages/pandas/core/algorithms.py\", line 1743, in map_array","logger":"airflow.task.operators.airflow.providers.docker.operators.docker.DockerOperator","filename":"docker.py","lineno":66}
{"timestamp":"2025-11-15T14:32:41.880472Z","level":"info","event":"    return lib.map_infer(values, mapper, convert=convert)","logger":"airflow.task.operators.airflow.providers.docker.operators.docker.DockerOperator","filename":"docker.py","lineno":66}
{"timestamp":"2025-11-15T14:32:41.880547Z","level":"info","event":"           ^^^^^^^^^^^^^^^^^^^^^^^^^^^^^^^^^^^^^^^^^^^^^^","logger":"airflow.task.operators.airflow.providers.docker.operators.docker.DockerOperator","filename":"docker.py","lineno":66}
{"timestamp":"2025-11-15T14:32:41.880573Z","level":"info","event":"  File \"pandas/_libs/lib.pyx\", line 2999, in pandas._libs.lib.map_infer","logger":"airflow.task.operators.airflow.providers.docker.operators.docker.DockerOperator","filename":"docker.py","lineno":66}
{"timestamp":"2025-11-15T14:32:41.883708Z","level":"info","event":"  File \"/app/scrapping/scrapping_scripts_slug.py\", line 103, in get_pdf_script_url","logger":"airflow.task.operators.airflow.providers.docker.operators.docker.DockerOperator","filename":"docker.py","lineno":66}
{"timestamp":"2025-11-15T14:32:41.884006Z","level":"info","event":"    DRIVER.get(url)","logger":"airflow.task.operators.airflow.providers.docker.operators.docker.DockerOperator","filename":"docker.py","lineno":66}
{"timestamp":"2025-11-15T14:32:41.884058Z","level":"info","event":"  File \"/opt/venv_scrapping/lib/python3.11/site-packages/selenium/webdriver/remote/webdriver.py\", line 483, in get","logger":"airflow.task.operators.airflow.providers.docker.operators.docker.DockerOperator","filename":"docker.py","lineno":66}
{"timestamp":"2025-11-15T14:32:41.884366Z","level":"info","event":"    self.execute(Command.GET, {\"url\": url})","logger":"airflow.task.operators.airflow.providers.docker.operators.docker.DockerOperator","filename":"docker.py","lineno":66}
{"timestamp":"2025-11-15T14:32:41.884534Z","level":"info","event":"  File \"/opt/venv_scrapping/lib/python3.11/site-packages/selenium/webdriver/remote/webdriver.py\", line 455, in execute","logger":"airflow.task.operators.airflow.providers.docker.operators.docker.DockerOperator","filename":"docker.py","lineno":66}
{"timestamp":"2025-11-15T14:32:41.884581Z","level":"info","event":"    response = cast(RemoteConnection, self.command_executor).execute(driver_command, params)","logger":"airflow.task.operators.airflow.providers.docker.operators.docker.DockerOperator","filename":"docker.py","lineno":66}
{"timestamp":"2025-11-15T14:32:41.884622Z","level":"info","event":"               ^^^^^^^^^^^^^^^^^^^^^^^^^^^^^^^^^^^^^^^^^^^^^^^^^^^^^^^^^^^^^^^^^^^^^^^^^^^^^","logger":"airflow.task.operators.airflow.providers.docker.operators.docker.DockerOperator","filename":"docker.py","lineno":66}
{"timestamp":"2025-11-15T14:32:41.884642Z","level":"info","event":"  File \"/opt/venv_scrapping/lib/python3.11/site-packages/selenium/webdriver/remote/remote_connection.py\", line 405, in execute","logger":"airflow.task.operators.airflow.providers.docker.operators.docker.DockerOperator","filename":"docker.py","lineno":66}
{"timestamp":"2025-11-15T14:32:41.884671Z","level":"info","event":"    return self._request(command_info[0], url, body=data)","logger":"airflow.task.operators.airflow.providers.docker.operators.docker.DockerOperator","filename":"docker.py","lineno":66}
{"timestamp":"2025-11-15T14:32:41.884689Z","level":"info","event":"           ^^^^^^^^^^^^^^^^^^^^^^^^^^^^^^^^^^^^^^^^^^^^^^","logger":"airflow.task.operators.airflow.providers.docker.operators.docker.DockerOperator","filename":"docker.py","lineno":66}
{"timestamp":"2025-11-15T14:32:41.884708Z","level":"info","event":"  File \"/opt/venv_scrapping/lib/python3.11/site-packages/selenium/webdriver/remote/remote_connection.py\", line 429, in _request","logger":"airflow.task.operators.airflow.providers.docker.operators.docker.DockerOperator","filename":"docker.py","lineno":66}
{"timestamp":"2025-11-15T14:32:41.884737Z","level":"info","event":"    response = self._conn.request(method, url, body=body, headers=headers, timeout=self._client_config.timeout)","logger":"airflow.task.operators.airflow.providers.docker.operators.docker.DockerOperator","filename":"docker.py","lineno":66}
{"timestamp":"2025-11-15T14:32:41.884766Z","level":"info","event":"               ^^^^^^^^^^^^^^^^^^^^^^^^^^^^^^^^^^^^^^^^^^^^^^^^^^^^^^^^^^^^^^^^^^^^^^^^^^^^^^^^^^^^^^^^^^^^^^^^","logger":"airflow.task.operators.airflow.providers.docker.operators.docker.DockerOperator","filename":"docker.py","lineno":66}
{"timestamp":"2025-11-15T14:32:41.884797Z","level":"info","event":"  File \"/opt/venv_scrapping/lib/python3.11/site-packages/urllib3/_request_methods.py\", line 143, in request","logger":"airflow.task.operators.airflow.providers.docker.operators.docker.DockerOperator","filename":"docker.py","lineno":66}
{"timestamp":"2025-11-15T14:32:41.885049Z","level":"info","event":"    return self.request_encode_body(","logger":"airflow.task.operators.airflow.providers.docker.operators.docker.DockerOperator","filename":"docker.py","lineno":66}
{"timestamp":"2025-11-15T14:32:41.885161Z","level":"info","event":"           ^^^^^^^^^^^^^^^^^^^^^^^^^","logger":"airflow.task.operators.airflow.providers.docker.operators.docker.DockerOperator","filename":"docker.py","lineno":66}
{"timestamp":"2025-11-15T14:32:41.885203Z","level":"info","event":"  File \"/opt/venv_scrapping/lib/python3.11/site-packages/urllib3/_request_methods.py\", line 278, in request_encode_body","logger":"airflow.task.operators.airflow.providers.docker.operators.docker.DockerOperator","filename":"docker.py","lineno":66}
{"timestamp":"2025-11-15T14:32:41.885277Z","level":"info","event":"    return self.urlopen(method, url, **extra_kw)","logger":"airflow.task.operators.airflow.providers.docker.operators.docker.DockerOperator","filename":"docker.py","lineno":66}
{"timestamp":"2025-11-15T14:32:41.885351Z","level":"info","event":"           ^^^^^^^^^^^^^^^^^^^^^^^^^^^^^^^^^^^^^","logger":"airflow.task.operators.airflow.providers.docker.operators.docker.DockerOperator","filename":"docker.py","lineno":66}
{"timestamp":"2025-11-15T14:32:41.885397Z","level":"info","event":"  File \"/opt/venv_scrapping/lib/python3.11/site-packages/urllib3/poolmanager.py\", line 459, in urlopen","logger":"airflow.task.operators.airflow.providers.docker.operators.docker.DockerOperator","filename":"docker.py","lineno":66}
{"timestamp":"2025-11-15T14:32:41.885450Z","level":"info","event":"    response = conn.urlopen(method, u.request_uri, **kw)","logger":"airflow.task.operators.airflow.providers.docker.operators.docker.DockerOperator","filename":"docker.py","lineno":66}
{"timestamp":"2025-11-15T14:32:41.885484Z","level":"info","event":"               ^^^^^^^^^^^^^^^^^^^^^^^^^^^^^^^^^^^^^^^^^","logger":"airflow.task.operators.airflow.providers.docker.operators.docker.DockerOperator","filename":"docker.py","lineno":66}
{"timestamp":"2025-11-15T14:32:41.885513Z","level":"info","event":"  File \"/opt/venv_scrapping/lib/python3.11/site-packages/urllib3/connectionpool.py\", line 841, in urlopen","logger":"airflow.task.operators.airflow.providers.docker.operators.docker.DockerOperator","filename":"docker.py","lineno":66}
{"timestamp":"2025-11-15T14:32:41.885550Z","level":"info","event":"    retries = retries.increment(","logger":"airflow.task.operators.airflow.providers.docker.operators.docker.DockerOperator","filename":"docker.py","lineno":66}
{"timestamp":"2025-11-15T14:32:41.885572Z","level":"info","event":"              ^^^^^^^^^^^^^^^^^^","logger":"airflow.task.operators.airflow.providers.docker.operators.docker.DockerOperator","filename":"docker.py","lineno":66}
{"timestamp":"2025-11-15T14:32:41.885590Z","level":"info","event":"  File \"/opt/venv_scrapping/lib/python3.11/site-packages/urllib3/util/retry.py\", line 474, in increment","logger":"airflow.task.operators.airflow.providers.docker.operators.docker.DockerOperator","filename":"docker.py","lineno":66}
{"timestamp":"2025-11-15T14:32:41.885631Z","level":"info","event":"    raise reraise(type(error), error, _stacktrace)","logger":"airflow.task.operators.airflow.providers.docker.operators.docker.DockerOperator","filename":"docker.py","lineno":66}
{"timestamp":"2025-11-15T14:32:41.885662Z","level":"info","event":"          ^^^^^^^^^^^^^^^^^^^^^^^^^^^^^^^^^^^^^^^^","logger":"airflow.task.operators.airflow.providers.docker.operators.docker.DockerOperator","filename":"docker.py","lineno":66}
{"timestamp":"2025-11-15T14:32:41.885684Z","level":"info","event":"  File \"/opt/venv_scrapping/lib/python3.11/site-packages/urllib3/util/util.py\", line 39, in reraise","logger":"airflow.task.operators.airflow.providers.docker.operators.docker.DockerOperator","filename":"docker.py","lineno":66}
{"timestamp":"2025-11-15T14:32:41.885713Z","level":"info","event":"    raise value","logger":"airflow.task.operators.airflow.providers.docker.operators.docker.DockerOperator","filename":"docker.py","lineno":66}
{"timestamp":"2025-11-15T14:32:41.885736Z","level":"info","event":"  File \"/opt/venv_scrapping/lib/python3.11/site-packages/urllib3/connectionpool.py\", line 787, in urlopen","logger":"airflow.task.operators.airflow.providers.docker.operators.docker.DockerOperator","filename":"docker.py","lineno":66}
{"timestamp":"2025-11-15T14:32:41.885761Z","level":"info","event":"    response = self._make_request(","logger":"airflow.task.operators.airflow.providers.docker.operators.docker.DockerOperator","filename":"docker.py","lineno":66}
{"timestamp":"2025-11-15T14:32:41.885777Z","level":"info","event":"               ^^^^^^^^^^^^^^^^^^^","logger":"airflow.task.operators.airflow.providers.docker.operators.docker.DockerOperator","filename":"docker.py","lineno":66}
{"timestamp":"2025-11-15T14:32:41.885793Z","level":"info","event":"  File \"/opt/venv_scrapping/lib/python3.11/site-packages/urllib3/connectionpool.py\", line 536, in _make_request","logger":"airflow.task.operators.airflow.providers.docker.operators.docker.DockerOperator","filename":"docker.py","lineno":66}
{"timestamp":"2025-11-15T14:32:41.885817Z","level":"info","event":"    self._raise_timeout(err=e, url=url, timeout_value=read_timeout)","logger":"airflow.task.operators.airflow.providers.docker.operators.docker.DockerOperator","filename":"docker.py","lineno":66}
{"timestamp":"2025-11-15T14:32:41.885841Z","level":"info","event":"  File \"/opt/venv_scrapping/lib/python3.11/site-packages/urllib3/connectionpool.py\", line 367, in _raise_timeout","logger":"airflow.task.operators.airflow.providers.docker.operators.docker.DockerOperator","filename":"docker.py","lineno":66}
{"timestamp":"2025-11-15T14:32:41.885858Z","level":"info","event":"    raise ReadTimeoutError(","logger":"airflow.task.operators.airflow.providers.docker.operators.docker.DockerOperator","filename":"docker.py","lineno":66}
{"timestamp":"2025-11-15T14:32:41.885912Z","level":"info","event":"urllib3.exceptions.ReadTimeoutError: HTTPConnectionPool(host='localhost', port=43155): Read timed out. (read timeout=120)","logger":"airflow.task.operators.airflow.providers.docker.operators.docker.DockerOperator","filename":"docker.py","lineno":66}
{"timestamp":"2025-11-15T14:32:52.895018Z","level":"error","event":"Task failed with exception","logger":"task","filename":"task_runner.py","lineno":972,"error_detail":[{"exc_type":"DockerContainerFailedException","exc_value":"Docker container failed: {'StatusCode': 1}","exc_notes":[],"syntax_error":null,"is_cause":false,"frames":[{"filename":"/home/airflow/.local/lib/python3.12/site-packages/airflow/sdk/execution_time/task_runner.py","lineno":920,"name":"run"},{"filename":"/home/airflow/.local/lib/python3.12/site-packages/airflow/sdk/execution_time/task_runner.py","lineno":1307,"name":"_execute_task"},{"filename":"/home/airflow/.local/lib/python3.12/site-packages/airflow/sdk/bases/operator.py","lineno":416,"name":"wrapper"},{"filename":"/home/airflow/.local/lib/python3.12/site-packages/airflow/providers/docker/operators/docker.py","lineno":495,"name":"execute"},{"filename":"/home/airflow/.local/lib/python3.12/site-packages/airflow/providers/docker/operators/docker.py","lineno":372,"name":"_run_image"},{"filename":"/home/airflow/.local/lib/python3.12/site-packages/airflow/providers/docker/operators/docker.py","lineno":430,"name":"_run_image_with_mounts"}],"is_group":false,"exceptions":[]}]}
