{"timestamp":"2025-12-28T11:25:58.481084Z","level":"info","event":"Filling up the DagBag from /opt/airflow/dags/preparation_dag.py","logger":"airflow.models.dagbag.DagBag","filename":"dagbag.py","lineno":593}
{"timestamp":"2025-12-28T11:26:31.359001Z","level":"info","event":"Filling up the DagBag from /opt/airflow/dags/preparation_dag.py","logger":"airflow.models.dagbag.DagBag","filename":"dagbag.py","lineno":593}
{"timestamp":"2025-12-28T11:27:01.705214Z","level":"info","event":"Filling up the DagBag from /opt/airflow/dags/preparation_dag.py","logger":"airflow.models.dagbag.DagBag","filename":"dagbag.py","lineno":593}
{"timestamp":"2025-12-28T11:27:32.305166Z","level":"info","event":"Filling up the DagBag from /opt/airflow/dags/preparation_dag.py","logger":"airflow.models.dagbag.DagBag","filename":"dagbag.py","lineno":593}
{"timestamp":"2025-12-28T11:28:03.148841Z","level":"info","event":"Filling up the DagBag from /opt/airflow/dags/preparation_dag.py","logger":"airflow.models.dagbag.DagBag","filename":"dagbag.py","lineno":593}
{"timestamp":"2025-12-28T11:28:33.511834Z","level":"info","event":"Filling up the DagBag from /opt/airflow/dags/preparation_dag.py","logger":"airflow.models.dagbag.DagBag","filename":"dagbag.py","lineno":593}
{"timestamp":"2025-12-28T11:29:03.918273Z","level":"info","event":"Filling up the DagBag from /opt/airflow/dags/preparation_dag.py","logger":"airflow.models.dagbag.DagBag","filename":"dagbag.py","lineno":593}
{"timestamp":"2025-12-28T11:29:34.426038Z","level":"info","event":"Filling up the DagBag from /opt/airflow/dags/preparation_dag.py","logger":"airflow.models.dagbag.DagBag","filename":"dagbag.py","lineno":593}
{"timestamp":"2025-12-28T11:30:05.100098Z","level":"info","event":"Filling up the DagBag from /opt/airflow/dags/preparation_dag.py","logger":"airflow.models.dagbag.DagBag","filename":"dagbag.py","lineno":593}
{"timestamp":"2025-12-28T11:30:35.845930Z","level":"info","event":"Filling up the DagBag from /opt/airflow/dags/preparation_dag.py","logger":"airflow.models.dagbag.DagBag","filename":"dagbag.py","lineno":593}
{"timestamp":"2025-12-28T11:31:06.426717Z","level":"info","event":"Filling up the DagBag from /opt/airflow/dags/preparation_dag.py","logger":"airflow.models.dagbag.DagBag","filename":"dagbag.py","lineno":593}
{"timestamp":"2025-12-28T11:31:36.873337Z","level":"info","event":"Filling up the DagBag from /opt/airflow/dags/preparation_dag.py","logger":"airflow.models.dagbag.DagBag","filename":"dagbag.py","lineno":593}
{"timestamp":"2025-12-28T11:32:07.170347Z","level":"info","event":"Filling up the DagBag from /opt/airflow/dags/preparation_dag.py","logger":"airflow.models.dagbag.DagBag","filename":"dagbag.py","lineno":593}
{"timestamp":"2025-12-28T11:32:37.664878Z","level":"info","event":"Filling up the DagBag from /opt/airflow/dags/preparation_dag.py","logger":"airflow.models.dagbag.DagBag","filename":"dagbag.py","lineno":593}
{"timestamp":"2025-12-28T11:33:08.090286Z","level":"info","event":"Filling up the DagBag from /opt/airflow/dags/preparation_dag.py","logger":"airflow.models.dagbag.DagBag","filename":"dagbag.py","lineno":593}
{"timestamp":"2025-12-28T11:33:38.769230Z","level":"info","event":"Filling up the DagBag from /opt/airflow/dags/preparation_dag.py","logger":"airflow.models.dagbag.DagBag","filename":"dagbag.py","lineno":593}
{"timestamp":"2025-12-28T11:34:09.343540Z","level":"info","event":"Filling up the DagBag from /opt/airflow/dags/preparation_dag.py","logger":"airflow.models.dagbag.DagBag","filename":"dagbag.py","lineno":593}
{"timestamp":"2025-12-28T11:34:39.673363Z","level":"info","event":"Filling up the DagBag from /opt/airflow/dags/preparation_dag.py","logger":"airflow.models.dagbag.DagBag","filename":"dagbag.py","lineno":593}
{"timestamp":"2025-12-28T11:35:10.143321Z","level":"info","event":"Filling up the DagBag from /opt/airflow/dags/preparation_dag.py","logger":"airflow.models.dagbag.DagBag","filename":"dagbag.py","lineno":593}
{"timestamp":"2025-12-28T11:35:41.129503Z","level":"info","event":"Filling up the DagBag from /opt/airflow/dags/preparation_dag.py","logger":"airflow.models.dagbag.DagBag","filename":"dagbag.py","lineno":593}
{"timestamp":"2025-12-28T11:36:11.584886Z","level":"info","event":"Filling up the DagBag from /opt/airflow/dags/preparation_dag.py","logger":"airflow.models.dagbag.DagBag","filename":"dagbag.py","lineno":593}
{"timestamp":"2025-12-28T11:36:42.512660Z","level":"info","event":"Filling up the DagBag from /opt/airflow/dags/preparation_dag.py","logger":"airflow.models.dagbag.DagBag","filename":"dagbag.py","lineno":593}
{"timestamp":"2025-12-28T11:37:13.458516Z","level":"info","event":"Filling up the DagBag from /opt/airflow/dags/preparation_dag.py","logger":"airflow.models.dagbag.DagBag","filename":"dagbag.py","lineno":593}
{"timestamp":"2025-12-28T11:37:44.388090Z","level":"info","event":"Filling up the DagBag from /opt/airflow/dags/preparation_dag.py","logger":"airflow.models.dagbag.DagBag","filename":"dagbag.py","lineno":593}
{"timestamp":"2025-12-28T11:38:14.602574Z","level":"info","event":"Filling up the DagBag from /opt/airflow/dags/preparation_dag.py","logger":"airflow.models.dagbag.DagBag","filename":"dagbag.py","lineno":593}
{"timestamp":"2025-12-28T11:45:07.336610Z","level":"info","event":"Filling up the DagBag from /opt/airflow/dags/preparation_dag.py","logger":"airflow.models.dagbag.DagBag","filename":"dagbag.py","lineno":593}
{"timestamp":"2025-12-28T11:45:21.333446Z","level":"info","event":"Filling up the DagBag from /opt/airflow/dags/preparation_dag.py","logger":"airflow.models.dagbag.DagBag","filename":"dagbag.py","lineno":593}
{"timestamp":"2025-12-28T11:45:21.364349Z","level":"info","event":"Executing Task callback at index 0: failure_alert","logger":"task","filename":"processor.py","lineno":350}
{"timestamp":"2025-12-28T11:45:21.364618Z","level":"error","event":"Task FAILED: dag=preparation_dag task=launch_preparation_container run_id=manual__2025-12-28T11:26:26.519028+00:00 try=1","logger":"unusual_prefix_fd10097e538ef07b155eacb0deebf98b57e97f68_preparation_dag","filename":"preparation_dag.py","lineno":26}
{"timestamp":"2025-12-28T11:45:21.364737Z","level":"error","event":"None","logger":"unusual_prefix_fd10097e538ef07b155eacb0deebf98b57e97f68_preparation_dag","filename":"preparation_dag.py","lineno":34}
{"timestamp":"2025-12-28T11:45:21.467727Z","level":"info","event":"Filling up the DagBag from /opt/airflow/dags/preparation_dag.py","logger":"airflow.models.dagbag.DagBag","filename":"dagbag.py","lineno":593}
{"timestamp":"2025-12-28T11:45:22.600930Z","level":"info","event":"Filling up the DagBag from /opt/airflow/dags/preparation_dag.py","logger":"airflow.models.dagbag.DagBag","filename":"dagbag.py","lineno":593}
{"timestamp":"2025-12-28T11:45:22.630498Z","level":"info","event":"Executing Task callback at index 0: failure_alert","logger":"task","filename":"processor.py","lineno":350}
{"timestamp":"2025-12-28T11:45:22.631034Z","level":"error","event":"Task FAILED: dag=preparation_dag task=launch_preparation_container run_id=manual__2025-12-28T11:26:26.519028+00:00 try=1","logger":"unusual_prefix_fd10097e538ef07b155eacb0deebf98b57e97f68_preparation_dag","filename":"preparation_dag.py","lineno":26}
{"timestamp":"2025-12-28T11:45:22.631226Z","level":"error","event":"None","logger":"unusual_prefix_fd10097e538ef07b155eacb0deebf98b57e97f68_preparation_dag","filename":"preparation_dag.py","lineno":34}
{"timestamp":"2025-12-28T11:45:22.722931Z","level":"info","event":"Filling up the DagBag from /opt/airflow/dags/preparation_dag.py","logger":"airflow.models.dagbag.DagBag","filename":"dagbag.py","lineno":593}
{"timestamp":"2025-12-28T11:45:53.527029Z","level":"info","event":"Filling up the DagBag from /opt/airflow/dags/preparation_dag.py","logger":"airflow.models.dagbag.DagBag","filename":"dagbag.py","lineno":593}
{"timestamp":"2025-12-28T11:46:24.458513Z","level":"info","event":"Filling up the DagBag from /opt/airflow/dags/preparation_dag.py","logger":"airflow.models.dagbag.DagBag","filename":"dagbag.py","lineno":593}
{"timestamp":"2025-12-28T11:46:55.450391Z","level":"info","event":"Filling up the DagBag from /opt/airflow/dags/preparation_dag.py","logger":"airflow.models.dagbag.DagBag","filename":"dagbag.py","lineno":593}
{"timestamp":"2025-12-28T11:47:26.313165Z","level":"info","event":"Filling up the DagBag from /opt/airflow/dags/preparation_dag.py","logger":"airflow.models.dagbag.DagBag","filename":"dagbag.py","lineno":593}
{"timestamp":"2025-12-28T11:47:57.188286Z","level":"info","event":"Filling up the DagBag from /opt/airflow/dags/preparation_dag.py","logger":"airflow.models.dagbag.DagBag","filename":"dagbag.py","lineno":593}
{"timestamp":"2025-12-28T11:48:28.181769Z","level":"info","event":"Filling up the DagBag from /opt/airflow/dags/preparation_dag.py","logger":"airflow.models.dagbag.DagBag","filename":"dagbag.py","lineno":593}
{"timestamp":"2025-12-28T11:48:59.056694Z","level":"info","event":"Filling up the DagBag from /opt/airflow/dags/preparation_dag.py","logger":"airflow.models.dagbag.DagBag","filename":"dagbag.py","lineno":593}
{"timestamp":"2025-12-28T11:49:29.762677Z","level":"info","event":"Filling up the DagBag from /opt/airflow/dags/preparation_dag.py","logger":"airflow.models.dagbag.DagBag","filename":"dagbag.py","lineno":593}
{"timestamp":"2025-12-28T11:50:00.613562Z","level":"info","event":"Filling up the DagBag from /opt/airflow/dags/preparation_dag.py","logger":"airflow.models.dagbag.DagBag","filename":"dagbag.py","lineno":593}
{"timestamp":"2025-12-28T11:50:31.467557Z","level":"info","event":"Filling up the DagBag from /opt/airflow/dags/preparation_dag.py","logger":"airflow.models.dagbag.DagBag","filename":"dagbag.py","lineno":593}
{"timestamp":"2025-12-28T11:51:02.253575Z","level":"info","event":"Filling up the DagBag from /opt/airflow/dags/preparation_dag.py","logger":"airflow.models.dagbag.DagBag","filename":"dagbag.py","lineno":593}
{"timestamp":"2025-12-28T11:51:33.183974Z","level":"info","event":"Filling up the DagBag from /opt/airflow/dags/preparation_dag.py","logger":"airflow.models.dagbag.DagBag","filename":"dagbag.py","lineno":593}
{"timestamp":"2025-12-28T11:52:04.012930Z","level":"info","event":"Filling up the DagBag from /opt/airflow/dags/preparation_dag.py","logger":"airflow.models.dagbag.DagBag","filename":"dagbag.py","lineno":593}
{"timestamp":"2025-12-28T11:52:34.881375Z","level":"info","event":"Filling up the DagBag from /opt/airflow/dags/preparation_dag.py","logger":"airflow.models.dagbag.DagBag","filename":"dagbag.py","lineno":593}
{"timestamp":"2025-12-28T11:53:05.710418Z","level":"info","event":"Filling up the DagBag from /opt/airflow/dags/preparation_dag.py","logger":"airflow.models.dagbag.DagBag","filename":"dagbag.py","lineno":593}
{"timestamp":"2025-12-28T11:53:36.701489Z","level":"info","event":"Filling up the DagBag from /opt/airflow/dags/preparation_dag.py","logger":"airflow.models.dagbag.DagBag","filename":"dagbag.py","lineno":593}
{"timestamp":"2025-12-28T11:54:07.528377Z","level":"info","event":"Filling up the DagBag from /opt/airflow/dags/preparation_dag.py","logger":"airflow.models.dagbag.DagBag","filename":"dagbag.py","lineno":593}
{"timestamp":"2025-12-28T11:54:37.770348Z","level":"info","event":"Filling up the DagBag from /opt/airflow/dags/preparation_dag.py","logger":"airflow.models.dagbag.DagBag","filename":"dagbag.py","lineno":593}
{"timestamp":"2025-12-28T11:55:08.676618Z","level":"info","event":"Filling up the DagBag from /opt/airflow/dags/preparation_dag.py","logger":"airflow.models.dagbag.DagBag","filename":"dagbag.py","lineno":593}
{"timestamp":"2025-12-28T11:55:38.860828Z","level":"info","event":"Filling up the DagBag from /opt/airflow/dags/preparation_dag.py","logger":"airflow.models.dagbag.DagBag","filename":"dagbag.py","lineno":593}
{"timestamp":"2025-12-28T11:56:09.555292Z","level":"info","event":"Filling up the DagBag from /opt/airflow/dags/preparation_dag.py","logger":"airflow.models.dagbag.DagBag","filename":"dagbag.py","lineno":593}
{"timestamp":"2025-12-28T11:56:40.619694Z","level":"info","event":"Filling up the DagBag from /opt/airflow/dags/preparation_dag.py","logger":"airflow.models.dagbag.DagBag","filename":"dagbag.py","lineno":593}
{"timestamp":"2025-12-28T11:57:11.436115Z","level":"info","event":"Filling up the DagBag from /opt/airflow/dags/preparation_dag.py","logger":"airflow.models.dagbag.DagBag","filename":"dagbag.py","lineno":593}
{"timestamp":"2025-12-28T11:57:41.891249Z","level":"info","event":"Filling up the DagBag from /opt/airflow/dags/preparation_dag.py","logger":"airflow.models.dagbag.DagBag","filename":"dagbag.py","lineno":593}
{"timestamp":"2025-12-28T11:58:12.638564Z","level":"info","event":"Filling up the DagBag from /opt/airflow/dags/preparation_dag.py","logger":"airflow.models.dagbag.DagBag","filename":"dagbag.py","lineno":593}
{"timestamp":"2025-12-28T11:58:42.910660Z","level":"info","event":"Filling up the DagBag from /opt/airflow/dags/preparation_dag.py","logger":"airflow.models.dagbag.DagBag","filename":"dagbag.py","lineno":593}
{"timestamp":"2025-12-28T11:59:13.943040Z","level":"info","event":"Filling up the DagBag from /opt/airflow/dags/preparation_dag.py","logger":"airflow.models.dagbag.DagBag","filename":"dagbag.py","lineno":593}
{"timestamp":"2025-12-28T11:59:44.397351Z","level":"info","event":"Filling up the DagBag from /opt/airflow/dags/preparation_dag.py","logger":"airflow.models.dagbag.DagBag","filename":"dagbag.py","lineno":593}
{"timestamp":"2025-12-28T12:00:15.241636Z","level":"info","event":"Filling up the DagBag from /opt/airflow/dags/preparation_dag.py","logger":"airflow.models.dagbag.DagBag","filename":"dagbag.py","lineno":593}
{"timestamp":"2025-12-28T12:00:46.219106Z","level":"info","event":"Filling up the DagBag from /opt/airflow/dags/preparation_dag.py","logger":"airflow.models.dagbag.DagBag","filename":"dagbag.py","lineno":593}
{"timestamp":"2025-12-28T12:01:16.900034Z","level":"info","event":"Filling up the DagBag from /opt/airflow/dags/preparation_dag.py","logger":"airflow.models.dagbag.DagBag","filename":"dagbag.py","lineno":593}
{"timestamp":"2025-12-28T12:01:47.097782Z","level":"info","event":"Filling up the DagBag from /opt/airflow/dags/preparation_dag.py","logger":"airflow.models.dagbag.DagBag","filename":"dagbag.py","lineno":593}
{"timestamp":"2025-12-28T12:02:17.547041Z","level":"info","event":"Filling up the DagBag from /opt/airflow/dags/preparation_dag.py","logger":"airflow.models.dagbag.DagBag","filename":"dagbag.py","lineno":593}
{"timestamp":"2025-12-28T12:02:47.985673Z","level":"info","event":"Filling up the DagBag from /opt/airflow/dags/preparation_dag.py","logger":"airflow.models.dagbag.DagBag","filename":"dagbag.py","lineno":593}
{"timestamp":"2025-12-28T12:03:18.232674Z","level":"info","event":"Filling up the DagBag from /opt/airflow/dags/preparation_dag.py","logger":"airflow.models.dagbag.DagBag","filename":"dagbag.py","lineno":593}
{"timestamp":"2025-12-28T12:03:48.987759Z","level":"info","event":"Filling up the DagBag from /opt/airflow/dags/preparation_dag.py","logger":"airflow.models.dagbag.DagBag","filename":"dagbag.py","lineno":593}
{"timestamp":"2025-12-28T12:04:19.965260Z","level":"info","event":"Filling up the DagBag from /opt/airflow/dags/preparation_dag.py","logger":"airflow.models.dagbag.DagBag","filename":"dagbag.py","lineno":593}
{"timestamp":"2025-12-28T12:04:50.697487Z","level":"info","event":"Filling up the DagBag from /opt/airflow/dags/preparation_dag.py","logger":"airflow.models.dagbag.DagBag","filename":"dagbag.py","lineno":593}
{"timestamp":"2025-12-28T12:05:21.122378Z","level":"info","event":"Filling up the DagBag from /opt/airflow/dags/preparation_dag.py","logger":"airflow.models.dagbag.DagBag","filename":"dagbag.py","lineno":593}
{"timestamp":"2025-12-28T12:05:51.745801Z","level":"info","event":"Filling up the DagBag from /opt/airflow/dags/preparation_dag.py","logger":"airflow.models.dagbag.DagBag","filename":"dagbag.py","lineno":593}
{"timestamp":"2025-12-28T12:06:22.412261Z","level":"info","event":"Filling up the DagBag from /opt/airflow/dags/preparation_dag.py","logger":"airflow.models.dagbag.DagBag","filename":"dagbag.py","lineno":593}
{"timestamp":"2025-12-28T12:06:53.364388Z","level":"info","event":"Filling up the DagBag from /opt/airflow/dags/preparation_dag.py","logger":"airflow.models.dagbag.DagBag","filename":"dagbag.py","lineno":593}
{"timestamp":"2025-12-28T12:07:24.013648Z","level":"info","event":"Filling up the DagBag from /opt/airflow/dags/preparation_dag.py","logger":"airflow.models.dagbag.DagBag","filename":"dagbag.py","lineno":593}
{"timestamp":"2025-12-28T12:07:54.462242Z","level":"info","event":"Filling up the DagBag from /opt/airflow/dags/preparation_dag.py","logger":"airflow.models.dagbag.DagBag","filename":"dagbag.py","lineno":593}
{"timestamp":"2025-12-28T12:08:24.899270Z","level":"info","event":"Filling up the DagBag from /opt/airflow/dags/preparation_dag.py","logger":"airflow.models.dagbag.DagBag","filename":"dagbag.py","lineno":593}
{"timestamp":"2025-12-28T12:08:55.789047Z","level":"info","event":"Filling up the DagBag from /opt/airflow/dags/preparation_dag.py","logger":"airflow.models.dagbag.DagBag","filename":"dagbag.py","lineno":593}
{"timestamp":"2025-12-28T12:09:26.083103Z","level":"info","event":"Filling up the DagBag from /opt/airflow/dags/preparation_dag.py","logger":"airflow.models.dagbag.DagBag","filename":"dagbag.py","lineno":593}
{"timestamp":"2025-12-28T12:09:56.310424Z","level":"info","event":"Filling up the DagBag from /opt/airflow/dags/preparation_dag.py","logger":"airflow.models.dagbag.DagBag","filename":"dagbag.py","lineno":593}
{"timestamp":"2025-12-28T12:10:27.075377Z","level":"info","event":"Filling up the DagBag from /opt/airflow/dags/preparation_dag.py","logger":"airflow.models.dagbag.DagBag","filename":"dagbag.py","lineno":593}
{"timestamp":"2025-12-28T12:10:57.630570Z","level":"info","event":"Filling up the DagBag from /opt/airflow/dags/preparation_dag.py","logger":"airflow.models.dagbag.DagBag","filename":"dagbag.py","lineno":593}
{"timestamp":"2025-12-28T12:11:28.448210Z","level":"info","event":"Filling up the DagBag from /opt/airflow/dags/preparation_dag.py","logger":"airflow.models.dagbag.DagBag","filename":"dagbag.py","lineno":593}
{"timestamp":"2025-12-28T12:11:58.910966Z","level":"info","event":"Filling up the DagBag from /opt/airflow/dags/preparation_dag.py","logger":"airflow.models.dagbag.DagBag","filename":"dagbag.py","lineno":593}
{"timestamp":"2025-12-28T12:12:29.317647Z","level":"info","event":"Filling up the DagBag from /opt/airflow/dags/preparation_dag.py","logger":"airflow.models.dagbag.DagBag","filename":"dagbag.py","lineno":593}
{"timestamp":"2025-12-28T12:12:59.676873Z","level":"info","event":"Filling up the DagBag from /opt/airflow/dags/preparation_dag.py","logger":"airflow.models.dagbag.DagBag","filename":"dagbag.py","lineno":593}
{"timestamp":"2025-12-28T12:13:30.283416Z","level":"info","event":"Filling up the DagBag from /opt/airflow/dags/preparation_dag.py","logger":"airflow.models.dagbag.DagBag","filename":"dagbag.py","lineno":593}
{"timestamp":"2025-12-28T12:14:00.845420Z","level":"info","event":"Filling up the DagBag from /opt/airflow/dags/preparation_dag.py","logger":"airflow.models.dagbag.DagBag","filename":"dagbag.py","lineno":593}
{"timestamp":"2025-12-28T12:14:31.286826Z","level":"info","event":"Filling up the DagBag from /opt/airflow/dags/preparation_dag.py","logger":"airflow.models.dagbag.DagBag","filename":"dagbag.py","lineno":593}
{"timestamp":"2025-12-28T12:15:01.683998Z","level":"info","event":"Filling up the DagBag from /opt/airflow/dags/preparation_dag.py","logger":"airflow.models.dagbag.DagBag","filename":"dagbag.py","lineno":593}
{"timestamp":"2025-12-28T12:15:32.227027Z","level":"info","event":"Filling up the DagBag from /opt/airflow/dags/preparation_dag.py","logger":"airflow.models.dagbag.DagBag","filename":"dagbag.py","lineno":593}
{"timestamp":"2025-12-28T12:16:02.526108Z","level":"info","event":"Filling up the DagBag from /opt/airflow/dags/preparation_dag.py","logger":"airflow.models.dagbag.DagBag","filename":"dagbag.py","lineno":593}
{"timestamp":"2025-12-28T12:16:32.941835Z","level":"info","event":"Filling up the DagBag from /opt/airflow/dags/preparation_dag.py","logger":"airflow.models.dagbag.DagBag","filename":"dagbag.py","lineno":593}
{"timestamp":"2025-12-28T12:17:03.438655Z","level":"info","event":"Filling up the DagBag from /opt/airflow/dags/preparation_dag.py","logger":"airflow.models.dagbag.DagBag","filename":"dagbag.py","lineno":593}
{"timestamp":"2025-12-28T12:17:33.701660Z","level":"info","event":"Filling up the DagBag from /opt/airflow/dags/preparation_dag.py","logger":"airflow.models.dagbag.DagBag","filename":"dagbag.py","lineno":593}
{"timestamp":"2025-12-28T12:18:04.647833Z","level":"info","event":"Filling up the DagBag from /opt/airflow/dags/preparation_dag.py","logger":"airflow.models.dagbag.DagBag","filename":"dagbag.py","lineno":593}
{"timestamp":"2025-12-28T12:18:35.728623Z","level":"info","event":"Filling up the DagBag from /opt/airflow/dags/preparation_dag.py","logger":"airflow.models.dagbag.DagBag","filename":"dagbag.py","lineno":593}
{"timestamp":"2025-12-28T12:19:05.948305Z","level":"info","event":"Filling up the DagBag from /opt/airflow/dags/preparation_dag.py","logger":"airflow.models.dagbag.DagBag","filename":"dagbag.py","lineno":593}
{"timestamp":"2025-12-28T12:19:36.920839Z","level":"info","event":"Filling up the DagBag from /opt/airflow/dags/preparation_dag.py","logger":"airflow.models.dagbag.DagBag","filename":"dagbag.py","lineno":593}
{"timestamp":"2025-12-28T12:20:07.928827Z","level":"info","event":"Filling up the DagBag from /opt/airflow/dags/preparation_dag.py","logger":"airflow.models.dagbag.DagBag","filename":"dagbag.py","lineno":593}
{"timestamp":"2025-12-28T12:20:38.700314Z","level":"info","event":"Filling up the DagBag from /opt/airflow/dags/preparation_dag.py","logger":"airflow.models.dagbag.DagBag","filename":"dagbag.py","lineno":593}
{"timestamp":"2025-12-28T12:21:08.917749Z","level":"info","event":"Filling up the DagBag from /opt/airflow/dags/preparation_dag.py","logger":"airflow.models.dagbag.DagBag","filename":"dagbag.py","lineno":593}
{"timestamp":"2025-12-28T12:21:39.795925Z","level":"info","event":"Filling up the DagBag from /opt/airflow/dags/preparation_dag.py","logger":"airflow.models.dagbag.DagBag","filename":"dagbag.py","lineno":593}
{"timestamp":"2025-12-28T12:22:10.903616Z","level":"info","event":"Filling up the DagBag from /opt/airflow/dags/preparation_dag.py","logger":"airflow.models.dagbag.DagBag","filename":"dagbag.py","lineno":593}
{"timestamp":"2025-12-28T12:22:41.874764Z","level":"info","event":"Filling up the DagBag from /opt/airflow/dags/preparation_dag.py","logger":"airflow.models.dagbag.DagBag","filename":"dagbag.py","lineno":593}
{"timestamp":"2025-12-28T12:23:12.656909Z","level":"info","event":"Filling up the DagBag from /opt/airflow/dags/preparation_dag.py","logger":"airflow.models.dagbag.DagBag","filename":"dagbag.py","lineno":593}
{"timestamp":"2025-12-28T12:23:43.471962Z","level":"info","event":"Filling up the DagBag from /opt/airflow/dags/preparation_dag.py","logger":"airflow.models.dagbag.DagBag","filename":"dagbag.py","lineno":593}
{"timestamp":"2025-12-28T12:24:13.744385Z","level":"info","event":"Filling up the DagBag from /opt/airflow/dags/preparation_dag.py","logger":"airflow.models.dagbag.DagBag","filename":"dagbag.py","lineno":593}
{"timestamp":"2025-12-28T12:24:44.626208Z","level":"info","event":"Filling up the DagBag from /opt/airflow/dags/preparation_dag.py","logger":"airflow.models.dagbag.DagBag","filename":"dagbag.py","lineno":593}
{"timestamp":"2025-12-28T12:25:14.766758Z","level":"info","event":"Filling up the DagBag from /opt/airflow/dags/preparation_dag.py","logger":"airflow.models.dagbag.DagBag","filename":"dagbag.py","lineno":593}
{"timestamp":"2025-12-28T12:25:45.147839Z","level":"info","event":"Filling up the DagBag from /opt/airflow/dags/preparation_dag.py","logger":"airflow.models.dagbag.DagBag","filename":"dagbag.py","lineno":593}
{"timestamp":"2025-12-28T12:26:15.408276Z","level":"info","event":"Filling up the DagBag from /opt/airflow/dags/preparation_dag.py","logger":"airflow.models.dagbag.DagBag","filename":"dagbag.py","lineno":593}
{"timestamp":"2025-12-28T12:26:45.739184Z","level":"info","event":"Filling up the DagBag from /opt/airflow/dags/preparation_dag.py","logger":"airflow.models.dagbag.DagBag","filename":"dagbag.py","lineno":593}
{"timestamp":"2025-12-28T12:27:16.542972Z","level":"info","event":"Filling up the DagBag from /opt/airflow/dags/preparation_dag.py","logger":"airflow.models.dagbag.DagBag","filename":"dagbag.py","lineno":593}
{"timestamp":"2025-12-28T12:27:47.398919Z","level":"info","event":"Filling up the DagBag from /opt/airflow/dags/preparation_dag.py","logger":"airflow.models.dagbag.DagBag","filename":"dagbag.py","lineno":593}
{"timestamp":"2025-12-28T12:28:18.264419Z","level":"info","event":"Filling up the DagBag from /opt/airflow/dags/preparation_dag.py","logger":"airflow.models.dagbag.DagBag","filename":"dagbag.py","lineno":593}
{"timestamp":"2025-12-28T12:28:49.021687Z","level":"info","event":"Filling up the DagBag from /opt/airflow/dags/preparation_dag.py","logger":"airflow.models.dagbag.DagBag","filename":"dagbag.py","lineno":593}
{"timestamp":"2025-12-28T12:29:19.815706Z","level":"info","event":"Filling up the DagBag from /opt/airflow/dags/preparation_dag.py","logger":"airflow.models.dagbag.DagBag","filename":"dagbag.py","lineno":593}
{"timestamp":"2025-12-28T12:29:50.706953Z","level":"info","event":"Filling up the DagBag from /opt/airflow/dags/preparation_dag.py","logger":"airflow.models.dagbag.DagBag","filename":"dagbag.py","lineno":593}
{"timestamp":"2025-12-28T12:30:21.851691Z","level":"info","event":"Filling up the DagBag from /opt/airflow/dags/preparation_dag.py","logger":"airflow.models.dagbag.DagBag","filename":"dagbag.py","lineno":593}
{"timestamp":"2025-12-28T12:30:52.214371Z","level":"info","event":"Filling up the DagBag from /opt/airflow/dags/preparation_dag.py","logger":"airflow.models.dagbag.DagBag","filename":"dagbag.py","lineno":593}
{"timestamp":"2025-12-28T12:31:23.018239Z","level":"info","event":"Filling up the DagBag from /opt/airflow/dags/preparation_dag.py","logger":"airflow.models.dagbag.DagBag","filename":"dagbag.py","lineno":593}
{"timestamp":"2025-12-28T12:31:53.190346Z","level":"info","event":"Filling up the DagBag from /opt/airflow/dags/preparation_dag.py","logger":"airflow.models.dagbag.DagBag","filename":"dagbag.py","lineno":593}
{"timestamp":"2025-12-28T12:32:23.948771Z","level":"info","event":"Filling up the DagBag from /opt/airflow/dags/preparation_dag.py","logger":"airflow.models.dagbag.DagBag","filename":"dagbag.py","lineno":593}
{"timestamp":"2025-12-28T12:32:54.122097Z","level":"info","event":"Filling up the DagBag from /opt/airflow/dags/preparation_dag.py","logger":"airflow.models.dagbag.DagBag","filename":"dagbag.py","lineno":593}
{"timestamp":"2025-12-28T12:33:24.420336Z","level":"info","event":"Filling up the DagBag from /opt/airflow/dags/preparation_dag.py","logger":"airflow.models.dagbag.DagBag","filename":"dagbag.py","lineno":593}
{"timestamp":"2025-12-28T12:33:54.678336Z","level":"info","event":"Filling up the DagBag from /opt/airflow/dags/preparation_dag.py","logger":"airflow.models.dagbag.DagBag","filename":"dagbag.py","lineno":593}
{"timestamp":"2025-12-28T12:34:25.160681Z","level":"info","event":"Filling up the DagBag from /opt/airflow/dags/preparation_dag.py","logger":"airflow.models.dagbag.DagBag","filename":"dagbag.py","lineno":593}
{"timestamp":"2025-12-28T12:34:56.298832Z","level":"info","event":"Filling up the DagBag from /opt/airflow/dags/preparation_dag.py","logger":"airflow.models.dagbag.DagBag","filename":"dagbag.py","lineno":593}
{"timestamp":"2025-12-28T12:35:26.921461Z","level":"info","event":"Filling up the DagBag from /opt/airflow/dags/preparation_dag.py","logger":"airflow.models.dagbag.DagBag","filename":"dagbag.py","lineno":593}
{"timestamp":"2025-12-28T12:35:57.376545Z","level":"info","event":"Filling up the DagBag from /opt/airflow/dags/preparation_dag.py","logger":"airflow.models.dagbag.DagBag","filename":"dagbag.py","lineno":593}
{"timestamp":"2025-12-28T12:36:27.926139Z","level":"info","event":"Filling up the DagBag from /opt/airflow/dags/preparation_dag.py","logger":"airflow.models.dagbag.DagBag","filename":"dagbag.py","lineno":593}
{"timestamp":"2025-12-28T12:36:58.050240Z","level":"info","event":"Filling up the DagBag from /opt/airflow/dags/preparation_dag.py","logger":"airflow.models.dagbag.DagBag","filename":"dagbag.py","lineno":593}
{"timestamp":"2025-12-28T12:37:28.984047Z","level":"info","event":"Filling up the DagBag from /opt/airflow/dags/preparation_dag.py","logger":"airflow.models.dagbag.DagBag","filename":"dagbag.py","lineno":593}
{"timestamp":"2025-12-28T12:37:59.347782Z","level":"info","event":"Filling up the DagBag from /opt/airflow/dags/preparation_dag.py","logger":"airflow.models.dagbag.DagBag","filename":"dagbag.py","lineno":593}
{"timestamp":"2025-12-28T12:38:29.473864Z","level":"info","event":"Filling up the DagBag from /opt/airflow/dags/preparation_dag.py","logger":"airflow.models.dagbag.DagBag","filename":"dagbag.py","lineno":593}
{"timestamp":"2025-12-28T12:39:00.388680Z","level":"info","event":"Filling up the DagBag from /opt/airflow/dags/preparation_dag.py","logger":"airflow.models.dagbag.DagBag","filename":"dagbag.py","lineno":593}
{"timestamp":"2025-12-28T12:39:30.672668Z","level":"info","event":"Filling up the DagBag from /opt/airflow/dags/preparation_dag.py","logger":"airflow.models.dagbag.DagBag","filename":"dagbag.py","lineno":593}
{"timestamp":"2025-12-28T12:40:00.847341Z","level":"info","event":"Filling up the DagBag from /opt/airflow/dags/preparation_dag.py","logger":"airflow.models.dagbag.DagBag","filename":"dagbag.py","lineno":593}
{"timestamp":"2025-12-28T12:40:31.785461Z","level":"info","event":"Filling up the DagBag from /opt/airflow/dags/preparation_dag.py","logger":"airflow.models.dagbag.DagBag","filename":"dagbag.py","lineno":593}
{"timestamp":"2025-12-28T12:41:02.225236Z","level":"info","event":"Filling up the DagBag from /opt/airflow/dags/preparation_dag.py","logger":"airflow.models.dagbag.DagBag","filename":"dagbag.py","lineno":593}
{"timestamp":"2025-12-28T12:41:33.140847Z","level":"info","event":"Filling up the DagBag from /opt/airflow/dags/preparation_dag.py","logger":"airflow.models.dagbag.DagBag","filename":"dagbag.py","lineno":593}
{"timestamp":"2025-12-28T12:42:03.417764Z","level":"info","event":"Filling up the DagBag from /opt/airflow/dags/preparation_dag.py","logger":"airflow.models.dagbag.DagBag","filename":"dagbag.py","lineno":593}
{"timestamp":"2025-12-28T12:42:34.037598Z","level":"info","event":"Filling up the DagBag from /opt/airflow/dags/preparation_dag.py","logger":"airflow.models.dagbag.DagBag","filename":"dagbag.py","lineno":593}
{"timestamp":"2025-12-28T12:43:04.557140Z","level":"info","event":"Filling up the DagBag from /opt/airflow/dags/preparation_dag.py","logger":"airflow.models.dagbag.DagBag","filename":"dagbag.py","lineno":593}
{"timestamp":"2025-12-28T12:43:35.311511Z","level":"info","event":"Filling up the DagBag from /opt/airflow/dags/preparation_dag.py","logger":"airflow.models.dagbag.DagBag","filename":"dagbag.py","lineno":593}
{"timestamp":"2025-12-28T12:44:06.256060Z","level":"info","event":"Filling up the DagBag from /opt/airflow/dags/preparation_dag.py","logger":"airflow.models.dagbag.DagBag","filename":"dagbag.py","lineno":593}
{"timestamp":"2025-12-28T12:44:36.498874Z","level":"info","event":"Filling up the DagBag from /opt/airflow/dags/preparation_dag.py","logger":"airflow.models.dagbag.DagBag","filename":"dagbag.py","lineno":593}
{"timestamp":"2025-12-28T12:45:07.175043Z","level":"info","event":"Filling up the DagBag from /opt/airflow/dags/preparation_dag.py","logger":"airflow.models.dagbag.DagBag","filename":"dagbag.py","lineno":593}
{"timestamp":"2025-12-28T12:45:38.359565Z","level":"info","event":"Filling up the DagBag from /opt/airflow/dags/preparation_dag.py","logger":"airflow.models.dagbag.DagBag","filename":"dagbag.py","lineno":593}
{"timestamp":"2025-12-28T12:46:09.408712Z","level":"info","event":"Filling up the DagBag from /opt/airflow/dags/preparation_dag.py","logger":"airflow.models.dagbag.DagBag","filename":"dagbag.py","lineno":593}
{"timestamp":"2025-12-28T12:46:40.293141Z","level":"info","event":"Filling up the DagBag from /opt/airflow/dags/preparation_dag.py","logger":"airflow.models.dagbag.DagBag","filename":"dagbag.py","lineno":593}
{"timestamp":"2025-12-28T12:47:11.485168Z","level":"info","event":"Filling up the DagBag from /opt/airflow/dags/preparation_dag.py","logger":"airflow.models.dagbag.DagBag","filename":"dagbag.py","lineno":593}
{"timestamp":"2025-12-28T12:47:42.719533Z","level":"info","event":"Filling up the DagBag from /opt/airflow/dags/preparation_dag.py","logger":"airflow.models.dagbag.DagBag","filename":"dagbag.py","lineno":593}
{"timestamp":"2025-12-28T12:48:13.378834Z","level":"info","event":"Filling up the DagBag from /opt/airflow/dags/preparation_dag.py","logger":"airflow.models.dagbag.DagBag","filename":"dagbag.py","lineno":593}
{"timestamp":"2025-12-28T12:48:43.621711Z","level":"info","event":"Filling up the DagBag from /opt/airflow/dags/preparation_dag.py","logger":"airflow.models.dagbag.DagBag","filename":"dagbag.py","lineno":593}
{"timestamp":"2025-12-28T12:49:13.836021Z","level":"info","event":"Filling up the DagBag from /opt/airflow/dags/preparation_dag.py","logger":"airflow.models.dagbag.DagBag","filename":"dagbag.py","lineno":593}
{"timestamp":"2025-12-28T12:49:44.794375Z","level":"info","event":"Filling up the DagBag from /opt/airflow/dags/preparation_dag.py","logger":"airflow.models.dagbag.DagBag","filename":"dagbag.py","lineno":593}
{"timestamp":"2025-12-28T12:50:15.675561Z","level":"info","event":"Filling up the DagBag from /opt/airflow/dags/preparation_dag.py","logger":"airflow.models.dagbag.DagBag","filename":"dagbag.py","lineno":593}
{"timestamp":"2025-12-28T12:50:45.849791Z","level":"info","event":"Filling up the DagBag from /opt/airflow/dags/preparation_dag.py","logger":"airflow.models.dagbag.DagBag","filename":"dagbag.py","lineno":593}
{"timestamp":"2025-12-28T12:51:16.900624Z","level":"info","event":"Filling up the DagBag from /opt/airflow/dags/preparation_dag.py","logger":"airflow.models.dagbag.DagBag","filename":"dagbag.py","lineno":593}
{"timestamp":"2025-12-28T12:51:47.891400Z","level":"info","event":"Filling up the DagBag from /opt/airflow/dags/preparation_dag.py","logger":"airflow.models.dagbag.DagBag","filename":"dagbag.py","lineno":593}
{"timestamp":"2025-12-28T12:52:18.941427Z","level":"info","event":"Filling up the DagBag from /opt/airflow/dags/preparation_dag.py","logger":"airflow.models.dagbag.DagBag","filename":"dagbag.py","lineno":593}
{"timestamp":"2025-12-28T12:52:49.802237Z","level":"info","event":"Filling up the DagBag from /opt/airflow/dags/preparation_dag.py","logger":"airflow.models.dagbag.DagBag","filename":"dagbag.py","lineno":593}
{"timestamp":"2025-12-28T12:53:20.879324Z","level":"info","event":"Filling up the DagBag from /opt/airflow/dags/preparation_dag.py","logger":"airflow.models.dagbag.DagBag","filename":"dagbag.py","lineno":593}
{"timestamp":"2025-12-28T12:53:51.937685Z","level":"info","event":"Filling up the DagBag from /opt/airflow/dags/preparation_dag.py","logger":"airflow.models.dagbag.DagBag","filename":"dagbag.py","lineno":593}
{"timestamp":"2025-12-28T12:54:22.092308Z","level":"info","event":"Filling up the DagBag from /opt/airflow/dags/preparation_dag.py","logger":"airflow.models.dagbag.DagBag","filename":"dagbag.py","lineno":593}
{"timestamp":"2025-12-28T12:54:53.290189Z","level":"info","event":"Filling up the DagBag from /opt/airflow/dags/preparation_dag.py","logger":"airflow.models.dagbag.DagBag","filename":"dagbag.py","lineno":593}
{"timestamp":"2025-12-28T12:55:24.316608Z","level":"info","event":"Filling up the DagBag from /opt/airflow/dags/preparation_dag.py","logger":"airflow.models.dagbag.DagBag","filename":"dagbag.py","lineno":593}
{"timestamp":"2025-12-28T12:55:55.280734Z","level":"info","event":"Filling up the DagBag from /opt/airflow/dags/preparation_dag.py","logger":"airflow.models.dagbag.DagBag","filename":"dagbag.py","lineno":593}
{"timestamp":"2025-12-28T12:56:26.174546Z","level":"info","event":"Filling up the DagBag from /opt/airflow/dags/preparation_dag.py","logger":"airflow.models.dagbag.DagBag","filename":"dagbag.py","lineno":593}
{"timestamp":"2025-12-28T12:56:57.187082Z","level":"info","event":"Filling up the DagBag from /opt/airflow/dags/preparation_dag.py","logger":"airflow.models.dagbag.DagBag","filename":"dagbag.py","lineno":593}
{"timestamp":"2025-12-28T12:57:27.322003Z","level":"info","event":"Filling up the DagBag from /opt/airflow/dags/preparation_dag.py","logger":"airflow.models.dagbag.DagBag","filename":"dagbag.py","lineno":593}
{"timestamp":"2025-12-28T12:57:57.829123Z","level":"info","event":"Filling up the DagBag from /opt/airflow/dags/preparation_dag.py","logger":"airflow.models.dagbag.DagBag","filename":"dagbag.py","lineno":593}
{"timestamp":"2025-12-28T12:58:28.485318Z","level":"info","event":"Filling up the DagBag from /opt/airflow/dags/preparation_dag.py","logger":"airflow.models.dagbag.DagBag","filename":"dagbag.py","lineno":593}
{"timestamp":"2025-12-28T12:58:59.306941Z","level":"info","event":"Filling up the DagBag from /opt/airflow/dags/preparation_dag.py","logger":"airflow.models.dagbag.DagBag","filename":"dagbag.py","lineno":593}
{"timestamp":"2025-12-28T12:59:29.415318Z","level":"info","event":"Filling up the DagBag from /opt/airflow/dags/preparation_dag.py","logger":"airflow.models.dagbag.DagBag","filename":"dagbag.py","lineno":593}
{"timestamp":"2025-12-28T12:59:59.537630Z","level":"info","event":"Filling up the DagBag from /opt/airflow/dags/preparation_dag.py","logger":"airflow.models.dagbag.DagBag","filename":"dagbag.py","lineno":593}
{"timestamp":"2025-12-28T13:00:30.506137Z","level":"info","event":"Filling up the DagBag from /opt/airflow/dags/preparation_dag.py","logger":"airflow.models.dagbag.DagBag","filename":"dagbag.py","lineno":593}
{"timestamp":"2025-12-28T13:01:01.360112Z","level":"info","event":"Filling up the DagBag from /opt/airflow/dags/preparation_dag.py","logger":"airflow.models.dagbag.DagBag","filename":"dagbag.py","lineno":593}
{"timestamp":"2025-12-28T13:01:31.556053Z","level":"info","event":"Filling up the DagBag from /opt/airflow/dags/preparation_dag.py","logger":"airflow.models.dagbag.DagBag","filename":"dagbag.py","lineno":593}
{"timestamp":"2025-12-28T13:02:02.457649Z","level":"info","event":"Filling up the DagBag from /opt/airflow/dags/preparation_dag.py","logger":"airflow.models.dagbag.DagBag","filename":"dagbag.py","lineno":593}
{"timestamp":"2025-12-28T13:02:33.645524Z","level":"info","event":"Filling up the DagBag from /opt/airflow/dags/preparation_dag.py","logger":"airflow.models.dagbag.DagBag","filename":"dagbag.py","lineno":593}
{"timestamp":"2025-12-28T13:03:04.648203Z","level":"info","event":"Filling up the DagBag from /opt/airflow/dags/preparation_dag.py","logger":"airflow.models.dagbag.DagBag","filename":"dagbag.py","lineno":593}
{"timestamp":"2025-12-28T13:03:35.584869Z","level":"info","event":"Filling up the DagBag from /opt/airflow/dags/preparation_dag.py","logger":"airflow.models.dagbag.DagBag","filename":"dagbag.py","lineno":593}
{"timestamp":"2025-12-28T13:04:05.728324Z","level":"info","event":"Filling up the DagBag from /opt/airflow/dags/preparation_dag.py","logger":"airflow.models.dagbag.DagBag","filename":"dagbag.py","lineno":593}
{"timestamp":"2025-12-28T13:04:35.961767Z","level":"info","event":"Filling up the DagBag from /opt/airflow/dags/preparation_dag.py","logger":"airflow.models.dagbag.DagBag","filename":"dagbag.py","lineno":593}
{"timestamp":"2025-12-28T13:05:06.958114Z","level":"info","event":"Filling up the DagBag from /opt/airflow/dags/preparation_dag.py","logger":"airflow.models.dagbag.DagBag","filename":"dagbag.py","lineno":593}
{"timestamp":"2025-12-28T13:05:37.809998Z","level":"info","event":"Filling up the DagBag from /opt/airflow/dags/preparation_dag.py","logger":"airflow.models.dagbag.DagBag","filename":"dagbag.py","lineno":593}
{"timestamp":"2025-12-28T13:06:07.942679Z","level":"info","event":"Filling up the DagBag from /opt/airflow/dags/preparation_dag.py","logger":"airflow.models.dagbag.DagBag","filename":"dagbag.py","lineno":593}
{"timestamp":"2025-12-28T13:06:38.738526Z","level":"info","event":"Filling up the DagBag from /opt/airflow/dags/preparation_dag.py","logger":"airflow.models.dagbag.DagBag","filename":"dagbag.py","lineno":593}
{"timestamp":"2025-12-28T13:07:09.515313Z","level":"info","event":"Filling up the DagBag from /opt/airflow/dags/preparation_dag.py","logger":"airflow.models.dagbag.DagBag","filename":"dagbag.py","lineno":593}
{"timestamp":"2025-12-28T13:07:40.402011Z","level":"info","event":"Filling up the DagBag from /opt/airflow/dags/preparation_dag.py","logger":"airflow.models.dagbag.DagBag","filename":"dagbag.py","lineno":593}
{"timestamp":"2025-12-28T13:08:11.570381Z","level":"info","event":"Filling up the DagBag from /opt/airflow/dags/preparation_dag.py","logger":"airflow.models.dagbag.DagBag","filename":"dagbag.py","lineno":593}
{"timestamp":"2025-12-28T13:08:42.500472Z","level":"info","event":"Filling up the DagBag from /opt/airflow/dags/preparation_dag.py","logger":"airflow.models.dagbag.DagBag","filename":"dagbag.py","lineno":593}
{"timestamp":"2025-12-28T13:09:13.924502Z","level":"info","event":"Filling up the DagBag from /opt/airflow/dags/preparation_dag.py","logger":"airflow.models.dagbag.DagBag","filename":"dagbag.py","lineno":593}
{"timestamp":"2025-12-28T13:09:45.133679Z","level":"info","event":"Filling up the DagBag from /opt/airflow/dags/preparation_dag.py","logger":"airflow.models.dagbag.DagBag","filename":"dagbag.py","lineno":593}
{"timestamp":"2025-12-28T13:10:15.236121Z","level":"info","event":"Filling up the DagBag from /opt/airflow/dags/preparation_dag.py","logger":"airflow.models.dagbag.DagBag","filename":"dagbag.py","lineno":593}
{"timestamp":"2025-12-28T13:10:46.190831Z","level":"info","event":"Filling up the DagBag from /opt/airflow/dags/preparation_dag.py","logger":"airflow.models.dagbag.DagBag","filename":"dagbag.py","lineno":593}
{"timestamp":"2025-12-28T13:11:17.153580Z","level":"info","event":"Filling up the DagBag from /opt/airflow/dags/preparation_dag.py","logger":"airflow.models.dagbag.DagBag","filename":"dagbag.py","lineno":593}
{"timestamp":"2025-12-28T13:11:47.340887Z","level":"info","event":"Filling up the DagBag from /opt/airflow/dags/preparation_dag.py","logger":"airflow.models.dagbag.DagBag","filename":"dagbag.py","lineno":593}
{"timestamp":"2025-12-28T13:12:18.185791Z","level":"info","event":"Filling up the DagBag from /opt/airflow/dags/preparation_dag.py","logger":"airflow.models.dagbag.DagBag","filename":"dagbag.py","lineno":593}
{"timestamp":"2025-12-28T13:12:48.382229Z","level":"info","event":"Filling up the DagBag from /opt/airflow/dags/preparation_dag.py","logger":"airflow.models.dagbag.DagBag","filename":"dagbag.py","lineno":593}
{"timestamp":"2025-12-28T13:13:19.277196Z","level":"info","event":"Filling up the DagBag from /opt/airflow/dags/preparation_dag.py","logger":"airflow.models.dagbag.DagBag","filename":"dagbag.py","lineno":593}
{"timestamp":"2025-12-28T13:13:49.492396Z","level":"info","event":"Filling up the DagBag from /opt/airflow/dags/preparation_dag.py","logger":"airflow.models.dagbag.DagBag","filename":"dagbag.py","lineno":593}
{"timestamp":"2025-12-28T13:14:20.374580Z","level":"info","event":"Filling up the DagBag from /opt/airflow/dags/preparation_dag.py","logger":"airflow.models.dagbag.DagBag","filename":"dagbag.py","lineno":593}
{"timestamp":"2025-12-28T13:14:50.961330Z","level":"info","event":"Filling up the DagBag from /opt/airflow/dags/preparation_dag.py","logger":"airflow.models.dagbag.DagBag","filename":"dagbag.py","lineno":593}
{"timestamp":"2025-12-28T13:15:21.784918Z","level":"info","event":"Filling up the DagBag from /opt/airflow/dags/preparation_dag.py","logger":"airflow.models.dagbag.DagBag","filename":"dagbag.py","lineno":593}
{"timestamp":"2025-12-28T13:15:52.223813Z","level":"info","event":"Filling up the DagBag from /opt/airflow/dags/preparation_dag.py","logger":"airflow.models.dagbag.DagBag","filename":"dagbag.py","lineno":593}
{"timestamp":"2025-12-28T13:16:22.327859Z","level":"info","event":"Filling up the DagBag from /opt/airflow/dags/preparation_dag.py","logger":"airflow.models.dagbag.DagBag","filename":"dagbag.py","lineno":593}
{"timestamp":"2025-12-28T13:16:52.441313Z","level":"info","event":"Filling up the DagBag from /opt/airflow/dags/preparation_dag.py","logger":"airflow.models.dagbag.DagBag","filename":"dagbag.py","lineno":593}
{"timestamp":"2025-12-28T13:17:23.191593Z","level":"info","event":"Filling up the DagBag from /opt/airflow/dags/preparation_dag.py","logger":"airflow.models.dagbag.DagBag","filename":"dagbag.py","lineno":593}
{"timestamp":"2025-12-28T13:17:53.414601Z","level":"info","event":"Filling up the DagBag from /opt/airflow/dags/preparation_dag.py","logger":"airflow.models.dagbag.DagBag","filename":"dagbag.py","lineno":593}
{"timestamp":"2025-12-28T13:18:24.577497Z","level":"info","event":"Filling up the DagBag from /opt/airflow/dags/preparation_dag.py","logger":"airflow.models.dagbag.DagBag","filename":"dagbag.py","lineno":593}
{"timestamp":"2025-12-28T13:18:55.558607Z","level":"info","event":"Filling up the DagBag from /opt/airflow/dags/preparation_dag.py","logger":"airflow.models.dagbag.DagBag","filename":"dagbag.py","lineno":593}
{"timestamp":"2025-12-28T13:19:25.870359Z","level":"info","event":"Filling up the DagBag from /opt/airflow/dags/preparation_dag.py","logger":"airflow.models.dagbag.DagBag","filename":"dagbag.py","lineno":593}
{"timestamp":"2025-12-28T13:19:55.994936Z","level":"info","event":"Filling up the DagBag from /opt/airflow/dags/preparation_dag.py","logger":"airflow.models.dagbag.DagBag","filename":"dagbag.py","lineno":593}
{"timestamp":"2025-12-28T13:20:26.916273Z","level":"info","event":"Filling up the DagBag from /opt/airflow/dags/preparation_dag.py","logger":"airflow.models.dagbag.DagBag","filename":"dagbag.py","lineno":593}
{"timestamp":"2025-12-28T13:20:57.065000Z","level":"info","event":"Filling up the DagBag from /opt/airflow/dags/preparation_dag.py","logger":"airflow.models.dagbag.DagBag","filename":"dagbag.py","lineno":593}
{"timestamp":"2025-12-28T13:21:28.126067Z","level":"info","event":"Filling up the DagBag from /opt/airflow/dags/preparation_dag.py","logger":"airflow.models.dagbag.DagBag","filename":"dagbag.py","lineno":593}
{"timestamp":"2025-12-28T13:21:58.680225Z","level":"info","event":"Filling up the DagBag from /opt/airflow/dags/preparation_dag.py","logger":"airflow.models.dagbag.DagBag","filename":"dagbag.py","lineno":593}
{"timestamp":"2025-12-28T13:22:29.529234Z","level":"info","event":"Filling up the DagBag from /opt/airflow/dags/preparation_dag.py","logger":"airflow.models.dagbag.DagBag","filename":"dagbag.py","lineno":593}
{"timestamp":"2025-12-28T13:23:00.524600Z","level":"info","event":"Filling up the DagBag from /opt/airflow/dags/preparation_dag.py","logger":"airflow.models.dagbag.DagBag","filename":"dagbag.py","lineno":593}
{"timestamp":"2025-12-28T13:23:31.318809Z","level":"info","event":"Filling up the DagBag from /opt/airflow/dags/preparation_dag.py","logger":"airflow.models.dagbag.DagBag","filename":"dagbag.py","lineno":593}
{"timestamp":"2025-12-28T13:24:02.341712Z","level":"info","event":"Filling up the DagBag from /opt/airflow/dags/preparation_dag.py","logger":"airflow.models.dagbag.DagBag","filename":"dagbag.py","lineno":593}
{"timestamp":"2025-12-28T13:24:32.624753Z","level":"info","event":"Filling up the DagBag from /opt/airflow/dags/preparation_dag.py","logger":"airflow.models.dagbag.DagBag","filename":"dagbag.py","lineno":593}
{"timestamp":"2025-12-28T13:25:03.596840Z","level":"info","event":"Filling up the DagBag from /opt/airflow/dags/preparation_dag.py","logger":"airflow.models.dagbag.DagBag","filename":"dagbag.py","lineno":593}
{"timestamp":"2025-12-28T13:25:34.897590Z","level":"info","event":"Filling up the DagBag from /opt/airflow/dags/preparation_dag.py","logger":"airflow.models.dagbag.DagBag","filename":"dagbag.py","lineno":593}
{"timestamp":"2025-12-28T13:26:05.885720Z","level":"info","event":"Filling up the DagBag from /opt/airflow/dags/preparation_dag.py","logger":"airflow.models.dagbag.DagBag","filename":"dagbag.py","lineno":593}
{"timestamp":"2025-12-28T13:26:36.519743Z","level":"info","event":"Filling up the DagBag from /opt/airflow/dags/preparation_dag.py","logger":"airflow.models.dagbag.DagBag","filename":"dagbag.py","lineno":593}
{"timestamp":"2025-12-28T13:27:07.116579Z","level":"info","event":"Filling up the DagBag from /opt/airflow/dags/preparation_dag.py","logger":"airflow.models.dagbag.DagBag","filename":"dagbag.py","lineno":593}
{"timestamp":"2025-12-28T13:27:37.291673Z","level":"info","event":"Filling up the DagBag from /opt/airflow/dags/preparation_dag.py","logger":"airflow.models.dagbag.DagBag","filename":"dagbag.py","lineno":593}
{"timestamp":"2025-12-28T13:28:07.531632Z","level":"info","event":"Filling up the DagBag from /opt/airflow/dags/preparation_dag.py","logger":"airflow.models.dagbag.DagBag","filename":"dagbag.py","lineno":593}
{"timestamp":"2025-12-28T13:28:37.642549Z","level":"info","event":"Filling up the DagBag from /opt/airflow/dags/preparation_dag.py","logger":"airflow.models.dagbag.DagBag","filename":"dagbag.py","lineno":593}
{"timestamp":"2025-12-28T13:29:08.143726Z","level":"info","event":"Filling up the DagBag from /opt/airflow/dags/preparation_dag.py","logger":"airflow.models.dagbag.DagBag","filename":"dagbag.py","lineno":593}
{"timestamp":"2025-12-28T13:29:38.870991Z","level":"info","event":"Filling up the DagBag from /opt/airflow/dags/preparation_dag.py","logger":"airflow.models.dagbag.DagBag","filename":"dagbag.py","lineno":593}
{"timestamp":"2025-12-28T13:30:09.172294Z","level":"info","event":"Filling up the DagBag from /opt/airflow/dags/preparation_dag.py","logger":"airflow.models.dagbag.DagBag","filename":"dagbag.py","lineno":593}
{"timestamp":"2025-12-28T13:30:39.306970Z","level":"info","event":"Filling up the DagBag from /opt/airflow/dags/preparation_dag.py","logger":"airflow.models.dagbag.DagBag","filename":"dagbag.py","lineno":593}
{"timestamp":"2025-12-28T13:31:09.712582Z","level":"info","event":"Filling up the DagBag from /opt/airflow/dags/preparation_dag.py","logger":"airflow.models.dagbag.DagBag","filename":"dagbag.py","lineno":593}
{"timestamp":"2025-12-28T13:31:40.097425Z","level":"info","event":"Filling up the DagBag from /opt/airflow/dags/preparation_dag.py","logger":"airflow.models.dagbag.DagBag","filename":"dagbag.py","lineno":593}
{"timestamp":"2025-12-28T13:32:10.224591Z","level":"info","event":"Filling up the DagBag from /opt/airflow/dags/preparation_dag.py","logger":"airflow.models.dagbag.DagBag","filename":"dagbag.py","lineno":593}
{"timestamp":"2025-12-28T13:32:40.592337Z","level":"info","event":"Filling up the DagBag from /opt/airflow/dags/preparation_dag.py","logger":"airflow.models.dagbag.DagBag","filename":"dagbag.py","lineno":593}
{"timestamp":"2025-12-28T13:33:11.173026Z","level":"info","event":"Filling up the DagBag from /opt/airflow/dags/preparation_dag.py","logger":"airflow.models.dagbag.DagBag","filename":"dagbag.py","lineno":593}
{"timestamp":"2025-12-28T13:33:41.506780Z","level":"info","event":"Filling up the DagBag from /opt/airflow/dags/preparation_dag.py","logger":"airflow.models.dagbag.DagBag","filename":"dagbag.py","lineno":593}
{"timestamp":"2025-12-28T13:34:11.616537Z","level":"info","event":"Filling up the DagBag from /opt/airflow/dags/preparation_dag.py","logger":"airflow.models.dagbag.DagBag","filename":"dagbag.py","lineno":593}
{"timestamp":"2025-12-28T13:34:41.713602Z","level":"info","event":"Filling up the DagBag from /opt/airflow/dags/preparation_dag.py","logger":"airflow.models.dagbag.DagBag","filename":"dagbag.py","lineno":593}
{"timestamp":"2025-12-28T13:35:12.050284Z","level":"info","event":"Filling up the DagBag from /opt/airflow/dags/preparation_dag.py","logger":"airflow.models.dagbag.DagBag","filename":"dagbag.py","lineno":593}
{"timestamp":"2025-12-28T13:35:43.009395Z","level":"info","event":"Filling up the DagBag from /opt/airflow/dags/preparation_dag.py","logger":"airflow.models.dagbag.DagBag","filename":"dagbag.py","lineno":593}
{"timestamp":"2025-12-28T13:36:13.575044Z","level":"info","event":"Filling up the DagBag from /opt/airflow/dags/preparation_dag.py","logger":"airflow.models.dagbag.DagBag","filename":"dagbag.py","lineno":593}
{"timestamp":"2025-12-28T13:36:43.814295Z","level":"info","event":"Filling up the DagBag from /opt/airflow/dags/preparation_dag.py","logger":"airflow.models.dagbag.DagBag","filename":"dagbag.py","lineno":593}
{"timestamp":"2025-12-28T13:37:14.176079Z","level":"info","event":"Filling up the DagBag from /opt/airflow/dags/preparation_dag.py","logger":"airflow.models.dagbag.DagBag","filename":"dagbag.py","lineno":593}
{"timestamp":"2025-12-28T13:37:44.296803Z","level":"info","event":"Filling up the DagBag from /opt/airflow/dags/preparation_dag.py","logger":"airflow.models.dagbag.DagBag","filename":"dagbag.py","lineno":593}
{"timestamp":"2025-12-28T13:38:15.440026Z","level":"info","event":"Filling up the DagBag from /opt/airflow/dags/preparation_dag.py","logger":"airflow.models.dagbag.DagBag","filename":"dagbag.py","lineno":593}
{"timestamp":"2025-12-28T13:38:45.656049Z","level":"info","event":"Filling up the DagBag from /opt/airflow/dags/preparation_dag.py","logger":"airflow.models.dagbag.DagBag","filename":"dagbag.py","lineno":593}
{"timestamp":"2025-12-28T13:39:15.808237Z","level":"info","event":"Filling up the DagBag from /opt/airflow/dags/preparation_dag.py","logger":"airflow.models.dagbag.DagBag","filename":"dagbag.py","lineno":593}
{"timestamp":"2025-12-28T13:39:46.104132Z","level":"info","event":"Filling up the DagBag from /opt/airflow/dags/preparation_dag.py","logger":"airflow.models.dagbag.DagBag","filename":"dagbag.py","lineno":593}
{"timestamp":"2025-12-28T13:40:16.798213Z","level":"info","event":"Filling up the DagBag from /opt/airflow/dags/preparation_dag.py","logger":"airflow.models.dagbag.DagBag","filename":"dagbag.py","lineno":593}
{"timestamp":"2025-12-28T13:40:46.997495Z","level":"info","event":"Filling up the DagBag from /opt/airflow/dags/preparation_dag.py","logger":"airflow.models.dagbag.DagBag","filename":"dagbag.py","lineno":593}
{"timestamp":"2025-12-28T13:41:17.233053Z","level":"info","event":"Filling up the DagBag from /opt/airflow/dags/preparation_dag.py","logger":"airflow.models.dagbag.DagBag","filename":"dagbag.py","lineno":593}
{"timestamp":"2025-12-28T13:41:47.835200Z","level":"info","event":"Filling up the DagBag from /opt/airflow/dags/preparation_dag.py","logger":"airflow.models.dagbag.DagBag","filename":"dagbag.py","lineno":593}
{"timestamp":"2025-12-28T13:42:18.101180Z","level":"info","event":"Filling up the DagBag from /opt/airflow/dags/preparation_dag.py","logger":"airflow.models.dagbag.DagBag","filename":"dagbag.py","lineno":593}
{"timestamp":"2025-12-28T13:42:48.466080Z","level":"info","event":"Filling up the DagBag from /opt/airflow/dags/preparation_dag.py","logger":"airflow.models.dagbag.DagBag","filename":"dagbag.py","lineno":593}
{"timestamp":"2025-12-28T13:43:18.842726Z","level":"info","event":"Filling up the DagBag from /opt/airflow/dags/preparation_dag.py","logger":"airflow.models.dagbag.DagBag","filename":"dagbag.py","lineno":593}
{"timestamp":"2025-12-28T13:43:49.178415Z","level":"info","event":"Filling up the DagBag from /opt/airflow/dags/preparation_dag.py","logger":"airflow.models.dagbag.DagBag","filename":"dagbag.py","lineno":593}
{"timestamp":"2025-12-28T13:44:19.566076Z","level":"info","event":"Filling up the DagBag from /opt/airflow/dags/preparation_dag.py","logger":"airflow.models.dagbag.DagBag","filename":"dagbag.py","lineno":593}
{"timestamp":"2025-12-28T13:44:49.759833Z","level":"info","event":"Filling up the DagBag from /opt/airflow/dags/preparation_dag.py","logger":"airflow.models.dagbag.DagBag","filename":"dagbag.py","lineno":593}
{"timestamp":"2025-12-28T13:45:20.039924Z","level":"info","event":"Filling up the DagBag from /opt/airflow/dags/preparation_dag.py","logger":"airflow.models.dagbag.DagBag","filename":"dagbag.py","lineno":593}
{"timestamp":"2025-12-28T13:45:50.530758Z","level":"info","event":"Filling up the DagBag from /opt/airflow/dags/preparation_dag.py","logger":"airflow.models.dagbag.DagBag","filename":"dagbag.py","lineno":593}
{"timestamp":"2025-12-28T13:46:21.046579Z","level":"info","event":"Filling up the DagBag from /opt/airflow/dags/preparation_dag.py","logger":"airflow.models.dagbag.DagBag","filename":"dagbag.py","lineno":593}
{"timestamp":"2025-12-28T13:46:51.294071Z","level":"info","event":"Filling up the DagBag from /opt/airflow/dags/preparation_dag.py","logger":"airflow.models.dagbag.DagBag","filename":"dagbag.py","lineno":593}
{"timestamp":"2025-12-28T13:47:22.062253Z","level":"info","event":"Filling up the DagBag from /opt/airflow/dags/preparation_dag.py","logger":"airflow.models.dagbag.DagBag","filename":"dagbag.py","lineno":593}
{"timestamp":"2025-12-28T13:47:52.736589Z","level":"info","event":"Filling up the DagBag from /opt/airflow/dags/preparation_dag.py","logger":"airflow.models.dagbag.DagBag","filename":"dagbag.py","lineno":593}
{"timestamp":"2025-12-28T13:48:22.976473Z","level":"info","event":"Filling up the DagBag from /opt/airflow/dags/preparation_dag.py","logger":"airflow.models.dagbag.DagBag","filename":"dagbag.py","lineno":593}
{"timestamp":"2025-12-28T13:48:53.282660Z","level":"info","event":"Filling up the DagBag from /opt/airflow/dags/preparation_dag.py","logger":"airflow.models.dagbag.DagBag","filename":"dagbag.py","lineno":593}
{"timestamp":"2025-12-28T13:49:23.401259Z","level":"info","event":"Filling up the DagBag from /opt/airflow/dags/preparation_dag.py","logger":"airflow.models.dagbag.DagBag","filename":"dagbag.py","lineno":593}
{"timestamp":"2025-12-28T13:49:53.982738Z","level":"info","event":"Filling up the DagBag from /opt/airflow/dags/preparation_dag.py","logger":"airflow.models.dagbag.DagBag","filename":"dagbag.py","lineno":593}
{"timestamp":"2025-12-28T13:50:24.863804Z","level":"info","event":"Filling up the DagBag from /opt/airflow/dags/preparation_dag.py","logger":"airflow.models.dagbag.DagBag","filename":"dagbag.py","lineno":593}
{"timestamp":"2025-12-28T13:50:56.006931Z","level":"info","event":"Filling up the DagBag from /opt/airflow/dags/preparation_dag.py","logger":"airflow.models.dagbag.DagBag","filename":"dagbag.py","lineno":593}
{"timestamp":"2025-12-28T13:51:26.212847Z","level":"info","event":"Filling up the DagBag from /opt/airflow/dags/preparation_dag.py","logger":"airflow.models.dagbag.DagBag","filename":"dagbag.py","lineno":593}
{"timestamp":"2025-12-28T13:51:57.092383Z","level":"info","event":"Filling up the DagBag from /opt/airflow/dags/preparation_dag.py","logger":"airflow.models.dagbag.DagBag","filename":"dagbag.py","lineno":593}
{"timestamp":"2025-12-28T13:52:28.151546Z","level":"info","event":"Filling up the DagBag from /opt/airflow/dags/preparation_dag.py","logger":"airflow.models.dagbag.DagBag","filename":"dagbag.py","lineno":593}
{"timestamp":"2025-12-28T13:52:58.265229Z","level":"info","event":"Filling up the DagBag from /opt/airflow/dags/preparation_dag.py","logger":"airflow.models.dagbag.DagBag","filename":"dagbag.py","lineno":593}
{"timestamp":"2025-12-28T13:53:29.216289Z","level":"info","event":"Filling up the DagBag from /opt/airflow/dags/preparation_dag.py","logger":"airflow.models.dagbag.DagBag","filename":"dagbag.py","lineno":593}
{"timestamp":"2025-12-28T13:53:59.937616Z","level":"info","event":"Filling up the DagBag from /opt/airflow/dags/preparation_dag.py","logger":"airflow.models.dagbag.DagBag","filename":"dagbag.py","lineno":593}
{"timestamp":"2025-12-28T13:54:30.096738Z","level":"info","event":"Filling up the DagBag from /opt/airflow/dags/preparation_dag.py","logger":"airflow.models.dagbag.DagBag","filename":"dagbag.py","lineno":593}
{"timestamp":"2025-12-28T13:55:01.057653Z","level":"info","event":"Filling up the DagBag from /opt/airflow/dags/preparation_dag.py","logger":"airflow.models.dagbag.DagBag","filename":"dagbag.py","lineno":593}
{"timestamp":"2025-12-28T13:55:32.018531Z","level":"info","event":"Filling up the DagBag from /opt/airflow/dags/preparation_dag.py","logger":"airflow.models.dagbag.DagBag","filename":"dagbag.py","lineno":593}
{"timestamp":"2025-12-28T13:56:02.791544Z","level":"info","event":"Filling up the DagBag from /opt/airflow/dags/preparation_dag.py","logger":"airflow.models.dagbag.DagBag","filename":"dagbag.py","lineno":593}
{"timestamp":"2025-12-28T13:56:33.554922Z","level":"info","event":"Filling up the DagBag from /opt/airflow/dags/preparation_dag.py","logger":"airflow.models.dagbag.DagBag","filename":"dagbag.py","lineno":593}
{"timestamp":"2025-12-28T13:57:03.729339Z","level":"info","event":"Filling up the DagBag from /opt/airflow/dags/preparation_dag.py","logger":"airflow.models.dagbag.DagBag","filename":"dagbag.py","lineno":593}
{"timestamp":"2025-12-28T13:57:33.893211Z","level":"info","event":"Filling up the DagBag from /opt/airflow/dags/preparation_dag.py","logger":"airflow.models.dagbag.DagBag","filename":"dagbag.py","lineno":593}
{"timestamp":"2025-12-28T13:58:04.383448Z","level":"info","event":"Filling up the DagBag from /opt/airflow/dags/preparation_dag.py","logger":"airflow.models.dagbag.DagBag","filename":"dagbag.py","lineno":593}
{"timestamp":"2025-12-28T13:58:34.999488Z","level":"info","event":"Filling up the DagBag from /opt/airflow/dags/preparation_dag.py","logger":"airflow.models.dagbag.DagBag","filename":"dagbag.py","lineno":593}
{"timestamp":"2025-12-28T13:59:05.725150Z","level":"info","event":"Filling up the DagBag from /opt/airflow/dags/preparation_dag.py","logger":"airflow.models.dagbag.DagBag","filename":"dagbag.py","lineno":593}
{"timestamp":"2025-12-28T13:59:36.763829Z","level":"info","event":"Filling up the DagBag from /opt/airflow/dags/preparation_dag.py","logger":"airflow.models.dagbag.DagBag","filename":"dagbag.py","lineno":593}
{"timestamp":"2025-12-28T14:00:07.334620Z","level":"info","event":"Filling up the DagBag from /opt/airflow/dags/preparation_dag.py","logger":"airflow.models.dagbag.DagBag","filename":"dagbag.py","lineno":593}
{"timestamp":"2025-12-28T14:00:37.933140Z","level":"info","event":"Filling up the DagBag from /opt/airflow/dags/preparation_dag.py","logger":"airflow.models.dagbag.DagBag","filename":"dagbag.py","lineno":593}
{"timestamp":"2025-12-28T14:01:08.791968Z","level":"info","event":"Filling up the DagBag from /opt/airflow/dags/preparation_dag.py","logger":"airflow.models.dagbag.DagBag","filename":"dagbag.py","lineno":593}
{"timestamp":"2025-12-28T14:01:39.491731Z","level":"info","event":"Filling up the DagBag from /opt/airflow/dags/preparation_dag.py","logger":"airflow.models.dagbag.DagBag","filename":"dagbag.py","lineno":593}
{"timestamp":"2025-12-28T14:02:10.230509Z","level":"info","event":"Filling up the DagBag from /opt/airflow/dags/preparation_dag.py","logger":"airflow.models.dagbag.DagBag","filename":"dagbag.py","lineno":593}
{"timestamp":"2025-12-28T14:02:40.725154Z","level":"info","event":"Filling up the DagBag from /opt/airflow/dags/preparation_dag.py","logger":"airflow.models.dagbag.DagBag","filename":"dagbag.py","lineno":593}
{"timestamp":"2025-12-28T14:03:11.341942Z","level":"info","event":"Filling up the DagBag from /opt/airflow/dags/preparation_dag.py","logger":"airflow.models.dagbag.DagBag","filename":"dagbag.py","lineno":593}
{"timestamp":"2025-12-28T14:03:41.871897Z","level":"info","event":"Filling up the DagBag from /opt/airflow/dags/preparation_dag.py","logger":"airflow.models.dagbag.DagBag","filename":"dagbag.py","lineno":593}
{"timestamp":"2025-12-28T14:04:12.445205Z","level":"info","event":"Filling up the DagBag from /opt/airflow/dags/preparation_dag.py","logger":"airflow.models.dagbag.DagBag","filename":"dagbag.py","lineno":593}
{"timestamp":"2025-12-28T14:04:42.903147Z","level":"info","event":"Filling up the DagBag from /opt/airflow/dags/preparation_dag.py","logger":"airflow.models.dagbag.DagBag","filename":"dagbag.py","lineno":593}
{"timestamp":"2025-12-28T14:05:13.512110Z","level":"info","event":"Filling up the DagBag from /opt/airflow/dags/preparation_dag.py","logger":"airflow.models.dagbag.DagBag","filename":"dagbag.py","lineno":593}
{"timestamp":"2025-12-28T14:05:43.942623Z","level":"info","event":"Filling up the DagBag from /opt/airflow/dags/preparation_dag.py","logger":"airflow.models.dagbag.DagBag","filename":"dagbag.py","lineno":593}
{"timestamp":"2025-12-28T14:06:14.150166Z","level":"info","event":"Filling up the DagBag from /opt/airflow/dags/preparation_dag.py","logger":"airflow.models.dagbag.DagBag","filename":"dagbag.py","lineno":593}
{"timestamp":"2025-12-28T14:06:44.929119Z","level":"info","event":"Filling up the DagBag from /opt/airflow/dags/preparation_dag.py","logger":"airflow.models.dagbag.DagBag","filename":"dagbag.py","lineno":593}
{"timestamp":"2025-12-28T14:07:15.953804Z","level":"info","event":"Filling up the DagBag from /opt/airflow/dags/preparation_dag.py","logger":"airflow.models.dagbag.DagBag","filename":"dagbag.py","lineno":593}
{"timestamp":"2025-12-28T14:07:46.750065Z","level":"info","event":"Filling up the DagBag from /opt/airflow/dags/preparation_dag.py","logger":"airflow.models.dagbag.DagBag","filename":"dagbag.py","lineno":593}
{"timestamp":"2025-12-28T14:08:17.295481Z","level":"info","event":"Filling up the DagBag from /opt/airflow/dags/preparation_dag.py","logger":"airflow.models.dagbag.DagBag","filename":"dagbag.py","lineno":593}
{"timestamp":"2025-12-28T14:08:47.909749Z","level":"info","event":"Filling up the DagBag from /opt/airflow/dags/preparation_dag.py","logger":"airflow.models.dagbag.DagBag","filename":"dagbag.py","lineno":593}
{"timestamp":"2025-12-28T14:09:18.901250Z","level":"info","event":"Filling up the DagBag from /opt/airflow/dags/preparation_dag.py","logger":"airflow.models.dagbag.DagBag","filename":"dagbag.py","lineno":593}
{"timestamp":"2025-12-28T14:09:49.443971Z","level":"info","event":"Filling up the DagBag from /opt/airflow/dags/preparation_dag.py","logger":"airflow.models.dagbag.DagBag","filename":"dagbag.py","lineno":593}
{"timestamp":"2025-12-28T14:10:19.663420Z","level":"info","event":"Filling up the DagBag from /opt/airflow/dags/preparation_dag.py","logger":"airflow.models.dagbag.DagBag","filename":"dagbag.py","lineno":593}
{"timestamp":"2025-12-28T14:10:50.479963Z","level":"info","event":"Filling up the DagBag from /opt/airflow/dags/preparation_dag.py","logger":"airflow.models.dagbag.DagBag","filename":"dagbag.py","lineno":593}
{"timestamp":"2025-12-28T14:11:21.365867Z","level":"info","event":"Filling up the DagBag from /opt/airflow/dags/preparation_dag.py","logger":"airflow.models.dagbag.DagBag","filename":"dagbag.py","lineno":593}
{"timestamp":"2025-12-28T14:11:51.905786Z","level":"info","event":"Filling up the DagBag from /opt/airflow/dags/preparation_dag.py","logger":"airflow.models.dagbag.DagBag","filename":"dagbag.py","lineno":593}
{"timestamp":"2025-12-28T14:12:22.049711Z","level":"info","event":"Filling up the DagBag from /opt/airflow/dags/preparation_dag.py","logger":"airflow.models.dagbag.DagBag","filename":"dagbag.py","lineno":593}
{"timestamp":"2025-12-28T14:12:52.823435Z","level":"info","event":"Filling up the DagBag from /opt/airflow/dags/preparation_dag.py","logger":"airflow.models.dagbag.DagBag","filename":"dagbag.py","lineno":593}
{"timestamp":"2025-12-28T14:13:23.757242Z","level":"info","event":"Filling up the DagBag from /opt/airflow/dags/preparation_dag.py","logger":"airflow.models.dagbag.DagBag","filename":"dagbag.py","lineno":593}
{"timestamp":"2025-12-28T14:13:54.453000Z","level":"info","event":"Filling up the DagBag from /opt/airflow/dags/preparation_dag.py","logger":"airflow.models.dagbag.DagBag","filename":"dagbag.py","lineno":593}
{"timestamp":"2025-12-28T14:14:25.166851Z","level":"info","event":"Filling up the DagBag from /opt/airflow/dags/preparation_dag.py","logger":"airflow.models.dagbag.DagBag","filename":"dagbag.py","lineno":593}
{"timestamp":"2025-12-28T14:14:55.381963Z","level":"info","event":"Filling up the DagBag from /opt/airflow/dags/preparation_dag.py","logger":"airflow.models.dagbag.DagBag","filename":"dagbag.py","lineno":593}
{"timestamp":"2025-12-28T14:15:26.146000Z","level":"info","event":"Filling up the DagBag from /opt/airflow/dags/preparation_dag.py","logger":"airflow.models.dagbag.DagBag","filename":"dagbag.py","lineno":593}
{"timestamp":"2025-12-28T14:15:57.266039Z","level":"info","event":"Filling up the DagBag from /opt/airflow/dags/preparation_dag.py","logger":"airflow.models.dagbag.DagBag","filename":"dagbag.py","lineno":593}
{"timestamp":"2025-12-28T14:16:27.500543Z","level":"info","event":"Filling up the DagBag from /opt/airflow/dags/preparation_dag.py","logger":"airflow.models.dagbag.DagBag","filename":"dagbag.py","lineno":593}
{"timestamp":"2025-12-28T14:16:57.807960Z","level":"info","event":"Filling up the DagBag from /opt/airflow/dags/preparation_dag.py","logger":"airflow.models.dagbag.DagBag","filename":"dagbag.py","lineno":593}
{"timestamp":"2025-12-28T14:17:27.988124Z","level":"info","event":"Filling up the DagBag from /opt/airflow/dags/preparation_dag.py","logger":"airflow.models.dagbag.DagBag","filename":"dagbag.py","lineno":593}
{"timestamp":"2025-12-28T14:17:58.939424Z","level":"info","event":"Filling up the DagBag from /opt/airflow/dags/preparation_dag.py","logger":"airflow.models.dagbag.DagBag","filename":"dagbag.py","lineno":593}
{"timestamp":"2025-12-28T14:18:29.965990Z","level":"info","event":"Filling up the DagBag from /opt/airflow/dags/preparation_dag.py","logger":"airflow.models.dagbag.DagBag","filename":"dagbag.py","lineno":593}
{"timestamp":"2025-12-28T14:19:00.950699Z","level":"info","event":"Filling up the DagBag from /opt/airflow/dags/preparation_dag.py","logger":"airflow.models.dagbag.DagBag","filename":"dagbag.py","lineno":593}
{"timestamp":"2025-12-28T14:19:31.947699Z","level":"info","event":"Filling up the DagBag from /opt/airflow/dags/preparation_dag.py","logger":"airflow.models.dagbag.DagBag","filename":"dagbag.py","lineno":593}
{"timestamp":"2025-12-28T14:20:02.801524Z","level":"info","event":"Filling up the DagBag from /opt/airflow/dags/preparation_dag.py","logger":"airflow.models.dagbag.DagBag","filename":"dagbag.py","lineno":593}
{"timestamp":"2025-12-28T14:20:33.709411Z","level":"info","event":"Filling up the DagBag from /opt/airflow/dags/preparation_dag.py","logger":"airflow.models.dagbag.DagBag","filename":"dagbag.py","lineno":593}
{"timestamp":"2025-12-28T14:21:04.802389Z","level":"info","event":"Filling up the DagBag from /opt/airflow/dags/preparation_dag.py","logger":"airflow.models.dagbag.DagBag","filename":"dagbag.py","lineno":593}
{"timestamp":"2025-12-28T14:21:35.012313Z","level":"info","event":"Filling up the DagBag from /opt/airflow/dags/preparation_dag.py","logger":"airflow.models.dagbag.DagBag","filename":"dagbag.py","lineno":593}
{"timestamp":"2025-12-28T14:22:05.267904Z","level":"info","event":"Filling up the DagBag from /opt/airflow/dags/preparation_dag.py","logger":"airflow.models.dagbag.DagBag","filename":"dagbag.py","lineno":593}
{"timestamp":"2025-12-28T14:22:36.311716Z","level":"info","event":"Filling up the DagBag from /opt/airflow/dags/preparation_dag.py","logger":"airflow.models.dagbag.DagBag","filename":"dagbag.py","lineno":593}
{"timestamp":"2025-12-28T14:23:07.261128Z","level":"info","event":"Filling up the DagBag from /opt/airflow/dags/preparation_dag.py","logger":"airflow.models.dagbag.DagBag","filename":"dagbag.py","lineno":593}
{"timestamp":"2025-12-28T14:23:38.298161Z","level":"info","event":"Filling up the DagBag from /opt/airflow/dags/preparation_dag.py","logger":"airflow.models.dagbag.DagBag","filename":"dagbag.py","lineno":593}
{"timestamp":"2025-12-28T14:24:09.430025Z","level":"info","event":"Filling up the DagBag from /opt/airflow/dags/preparation_dag.py","logger":"airflow.models.dagbag.DagBag","filename":"dagbag.py","lineno":593}
{"timestamp":"2025-12-28T14:24:39.636438Z","level":"info","event":"Filling up the DagBag from /opt/airflow/dags/preparation_dag.py","logger":"airflow.models.dagbag.DagBag","filename":"dagbag.py","lineno":593}
{"timestamp":"2025-12-28T14:25:10.563032Z","level":"info","event":"Filling up the DagBag from /opt/airflow/dags/preparation_dag.py","logger":"airflow.models.dagbag.DagBag","filename":"dagbag.py","lineno":593}
{"timestamp":"2025-12-28T14:25:41.471111Z","level":"info","event":"Filling up the DagBag from /opt/airflow/dags/preparation_dag.py","logger":"airflow.models.dagbag.DagBag","filename":"dagbag.py","lineno":593}
{"timestamp":"2025-12-28T14:26:12.564160Z","level":"info","event":"Filling up the DagBag from /opt/airflow/dags/preparation_dag.py","logger":"airflow.models.dagbag.DagBag","filename":"dagbag.py","lineno":593}
{"timestamp":"2025-12-28T14:26:43.337041Z","level":"info","event":"Filling up the DagBag from /opt/airflow/dags/preparation_dag.py","logger":"airflow.models.dagbag.DagBag","filename":"dagbag.py","lineno":593}
{"timestamp":"2025-12-28T14:27:13.810738Z","level":"info","event":"Filling up the DagBag from /opt/airflow/dags/preparation_dag.py","logger":"airflow.models.dagbag.DagBag","filename":"dagbag.py","lineno":593}
{"timestamp":"2025-12-28T14:27:44.790194Z","level":"info","event":"Filling up the DagBag from /opt/airflow/dags/preparation_dag.py","logger":"airflow.models.dagbag.DagBag","filename":"dagbag.py","lineno":593}
{"timestamp":"2025-12-28T14:27:54.308884Z","level":"info","event":"Filling up the DagBag from /opt/airflow/dags/preparation_dag.py","logger":"airflow.models.dagbag.DagBag","filename":"dagbag.py","lineno":593}
{"timestamp":"2025-12-28T17:32:12.227506Z","level":"info","event":"Filling up the DagBag from /opt/airflow/dags/preparation_dag.py","logger":"airflow.models.dagbag.DagBag","filename":"dagbag.py","lineno":593}
{"timestamp":"2025-12-28T17:32:44.777626Z","level":"info","event":"Filling up the DagBag from /opt/airflow/dags/preparation_dag.py","logger":"airflow.models.dagbag.DagBag","filename":"dagbag.py","lineno":593}
{"timestamp":"2025-12-28T17:33:15.761763Z","level":"info","event":"Filling up the DagBag from /opt/airflow/dags/preparation_dag.py","logger":"airflow.models.dagbag.DagBag","filename":"dagbag.py","lineno":593}
{"timestamp":"2025-12-28T17:33:46.512998Z","level":"info","event":"Filling up the DagBag from /opt/airflow/dags/preparation_dag.py","logger":"airflow.models.dagbag.DagBag","filename":"dagbag.py","lineno":593}
{"timestamp":"2025-12-28T18:49:14.304270Z","level":"info","event":"Filling up the DagBag from /opt/airflow/dags/preparation_dag.py","logger":"airflow.models.dagbag.DagBag","filename":"dagbag.py","lineno":593}
{"timestamp":"2025-12-28T18:49:47.073692Z","level":"info","event":"Filling up the DagBag from /opt/airflow/dags/preparation_dag.py","logger":"airflow.models.dagbag.DagBag","filename":"dagbag.py","lineno":593}
{"timestamp":"2025-12-28T18:50:17.208270Z","level":"info","event":"Filling up the DagBag from /opt/airflow/dags/preparation_dag.py","logger":"airflow.models.dagbag.DagBag","filename":"dagbag.py","lineno":593}
{"timestamp":"2025-12-28T18:50:47.746248Z","level":"info","event":"Filling up the DagBag from /opt/airflow/dags/preparation_dag.py","logger":"airflow.models.dagbag.DagBag","filename":"dagbag.py","lineno":593}
{"timestamp":"2025-12-28T18:51:17.914454Z","level":"info","event":"Filling up the DagBag from /opt/airflow/dags/preparation_dag.py","logger":"airflow.models.dagbag.DagBag","filename":"dagbag.py","lineno":593}
{"timestamp":"2025-12-28T18:51:48.525074Z","level":"info","event":"Filling up the DagBag from /opt/airflow/dags/preparation_dag.py","logger":"airflow.models.dagbag.DagBag","filename":"dagbag.py","lineno":593}
{"timestamp":"2025-12-28T18:52:19.420323Z","level":"info","event":"Filling up the DagBag from /opt/airflow/dags/preparation_dag.py","logger":"airflow.models.dagbag.DagBag","filename":"dagbag.py","lineno":593}
{"timestamp":"2025-12-28T18:52:50.322193Z","level":"info","event":"Filling up the DagBag from /opt/airflow/dags/preparation_dag.py","logger":"airflow.models.dagbag.DagBag","filename":"dagbag.py","lineno":593}
{"timestamp":"2025-12-28T18:53:21.193434Z","level":"info","event":"Filling up the DagBag from /opt/airflow/dags/preparation_dag.py","logger":"airflow.models.dagbag.DagBag","filename":"dagbag.py","lineno":593}
{"timestamp":"2025-12-28T18:53:52.204526Z","level":"info","event":"Filling up the DagBag from /opt/airflow/dags/preparation_dag.py","logger":"airflow.models.dagbag.DagBag","filename":"dagbag.py","lineno":593}
{"timestamp":"2025-12-28T18:54:22.557672Z","level":"info","event":"Filling up the DagBag from /opt/airflow/dags/preparation_dag.py","logger":"airflow.models.dagbag.DagBag","filename":"dagbag.py","lineno":593}
{"timestamp":"2025-12-28T18:54:53.315885Z","level":"info","event":"Filling up the DagBag from /opt/airflow/dags/preparation_dag.py","logger":"airflow.models.dagbag.DagBag","filename":"dagbag.py","lineno":593}
{"timestamp":"2025-12-28T18:55:24.206043Z","level":"info","event":"Filling up the DagBag from /opt/airflow/dags/preparation_dag.py","logger":"airflow.models.dagbag.DagBag","filename":"dagbag.py","lineno":593}
{"timestamp":"2025-12-28T18:55:42.094811Z","level":"info","event":"Filling up the DagBag from /opt/airflow/dags/preparation_dag.py","logger":"airflow.models.dagbag.DagBag","filename":"dagbag.py","lineno":593}
{"timestamp":"2025-12-28T18:56:13.148029Z","level":"info","event":"Filling up the DagBag from /opt/airflow/dags/preparation_dag.py","logger":"airflow.models.dagbag.DagBag","filename":"dagbag.py","lineno":593}
{"timestamp":"2025-12-28T18:56:43.954057Z","level":"info","event":"Filling up the DagBag from /opt/airflow/dags/preparation_dag.py","logger":"airflow.models.dagbag.DagBag","filename":"dagbag.py","lineno":593}
{"timestamp":"2025-12-28T18:57:14.702695Z","level":"info","event":"Filling up the DagBag from /opt/airflow/dags/preparation_dag.py","logger":"airflow.models.dagbag.DagBag","filename":"dagbag.py","lineno":593}
{"timestamp":"2025-12-28T19:42:00.051510Z","level":"info","event":"Filling up the DagBag from /opt/airflow/dags/preparation_dag.py","logger":"airflow.models.dagbag.DagBag","filename":"dagbag.py","lineno":593}
{"timestamp":"2025-12-28T19:42:33.361097Z","level":"info","event":"Filling up the DagBag from /opt/airflow/dags/preparation_dag.py","logger":"airflow.models.dagbag.DagBag","filename":"dagbag.py","lineno":593}
{"timestamp":"2025-12-28T19:43:03.841763Z","level":"info","event":"Filling up the DagBag from /opt/airflow/dags/preparation_dag.py","logger":"airflow.models.dagbag.DagBag","filename":"dagbag.py","lineno":593}
{"timestamp":"2025-12-28T19:43:34.973617Z","level":"info","event":"Filling up the DagBag from /opt/airflow/dags/preparation_dag.py","logger":"airflow.models.dagbag.DagBag","filename":"dagbag.py","lineno":593}
{"timestamp":"2025-12-28T19:44:05.153281Z","level":"info","event":"Filling up the DagBag from /opt/airflow/dags/preparation_dag.py","logger":"airflow.models.dagbag.DagBag","filename":"dagbag.py","lineno":593}
{"timestamp":"2025-12-28T19:44:35.333534Z","level":"info","event":"Filling up the DagBag from /opt/airflow/dags/preparation_dag.py","logger":"airflow.models.dagbag.DagBag","filename":"dagbag.py","lineno":593}
{"timestamp":"2025-12-28T19:45:05.472389Z","level":"info","event":"Filling up the DagBag from /opt/airflow/dags/preparation_dag.py","logger":"airflow.models.dagbag.DagBag","filename":"dagbag.py","lineno":593}
{"timestamp":"2025-12-28T19:45:36.409484Z","level":"info","event":"Filling up the DagBag from /opt/airflow/dags/preparation_dag.py","logger":"airflow.models.dagbag.DagBag","filename":"dagbag.py","lineno":593}
{"timestamp":"2025-12-28T19:46:07.305855Z","level":"info","event":"Filling up the DagBag from /opt/airflow/dags/preparation_dag.py","logger":"airflow.models.dagbag.DagBag","filename":"dagbag.py","lineno":593}
{"timestamp":"2025-12-28T19:46:38.078622Z","level":"info","event":"Filling up the DagBag from /opt/airflow/dags/preparation_dag.py","logger":"airflow.models.dagbag.DagBag","filename":"dagbag.py","lineno":593}
{"timestamp":"2025-12-28T19:47:08.806577Z","level":"info","event":"Filling up the DagBag from /opt/airflow/dags/preparation_dag.py","logger":"airflow.models.dagbag.DagBag","filename":"dagbag.py","lineno":593}
{"timestamp":"2025-12-28T19:47:39.123289Z","level":"info","event":"Filling up the DagBag from /opt/airflow/dags/preparation_dag.py","logger":"airflow.models.dagbag.DagBag","filename":"dagbag.py","lineno":593}
{"timestamp":"2025-12-28T19:48:10.196795Z","level":"info","event":"Filling up the DagBag from /opt/airflow/dags/preparation_dag.py","logger":"airflow.models.dagbag.DagBag","filename":"dagbag.py","lineno":593}
{"timestamp":"2025-12-28T19:48:40.407412Z","level":"info","event":"Filling up the DagBag from /opt/airflow/dags/preparation_dag.py","logger":"airflow.models.dagbag.DagBag","filename":"dagbag.py","lineno":593}
{"timestamp":"2025-12-28T19:49:11.259173Z","level":"info","event":"Filling up the DagBag from /opt/airflow/dags/preparation_dag.py","logger":"airflow.models.dagbag.DagBag","filename":"dagbag.py","lineno":593}
{"timestamp":"2025-12-28T19:49:41.492691Z","level":"info","event":"Filling up the DagBag from /opt/airflow/dags/preparation_dag.py","logger":"airflow.models.dagbag.DagBag","filename":"dagbag.py","lineno":593}
{"timestamp":"2025-12-28T19:50:13.158779Z","level":"info","event":"Filling up the DagBag from /opt/airflow/dags/preparation_dag.py","logger":"airflow.models.dagbag.DagBag","filename":"dagbag.py","lineno":593}
{"timestamp":"2025-12-28T19:50:44.257365Z","level":"info","event":"Filling up the DagBag from /opt/airflow/dags/preparation_dag.py","logger":"airflow.models.dagbag.DagBag","filename":"dagbag.py","lineno":593}
{"timestamp":"2025-12-28T19:51:14.389491Z","level":"info","event":"Filling up the DagBag from /opt/airflow/dags/preparation_dag.py","logger":"airflow.models.dagbag.DagBag","filename":"dagbag.py","lineno":593}
{"timestamp":"2025-12-28T19:51:45.192621Z","level":"info","event":"Filling up the DagBag from /opt/airflow/dags/preparation_dag.py","logger":"airflow.models.dagbag.DagBag","filename":"dagbag.py","lineno":593}
{"timestamp":"2025-12-28T19:52:15.354550Z","level":"info","event":"Filling up the DagBag from /opt/airflow/dags/preparation_dag.py","logger":"airflow.models.dagbag.DagBag","filename":"dagbag.py","lineno":593}
{"timestamp":"2025-12-28T19:52:46.411187Z","level":"info","event":"Filling up the DagBag from /opt/airflow/dags/preparation_dag.py","logger":"airflow.models.dagbag.DagBag","filename":"dagbag.py","lineno":593}
{"timestamp":"2025-12-28T19:53:16.819558Z","level":"info","event":"Filling up the DagBag from /opt/airflow/dags/preparation_dag.py","logger":"airflow.models.dagbag.DagBag","filename":"dagbag.py","lineno":593}
{"timestamp":"2025-12-28T19:53:47.082242Z","level":"info","event":"Filling up the DagBag from /opt/airflow/dags/preparation_dag.py","logger":"airflow.models.dagbag.DagBag","filename":"dagbag.py","lineno":593}
{"timestamp":"2025-12-28T19:54:17.200927Z","level":"info","event":"Filling up the DagBag from /opt/airflow/dags/preparation_dag.py","logger":"airflow.models.dagbag.DagBag","filename":"dagbag.py","lineno":593}
{"timestamp":"2025-12-28T19:54:47.356432Z","level":"info","event":"Filling up the DagBag from /opt/airflow/dags/preparation_dag.py","logger":"airflow.models.dagbag.DagBag","filename":"dagbag.py","lineno":593}
{"timestamp":"2025-12-28T19:55:17.628761Z","level":"info","event":"Filling up the DagBag from /opt/airflow/dags/preparation_dag.py","logger":"airflow.models.dagbag.DagBag","filename":"dagbag.py","lineno":593}
{"timestamp":"2025-12-28T19:55:48.386821Z","level":"info","event":"Filling up the DagBag from /opt/airflow/dags/preparation_dag.py","logger":"airflow.models.dagbag.DagBag","filename":"dagbag.py","lineno":593}
{"timestamp":"2025-12-28T19:56:19.167189Z","level":"info","event":"Filling up the DagBag from /opt/airflow/dags/preparation_dag.py","logger":"airflow.models.dagbag.DagBag","filename":"dagbag.py","lineno":593}
{"timestamp":"2025-12-28T19:56:49.462744Z","level":"info","event":"Filling up the DagBag from /opt/airflow/dags/preparation_dag.py","logger":"airflow.models.dagbag.DagBag","filename":"dagbag.py","lineno":593}
{"timestamp":"2025-12-28T19:57:19.708725Z","level":"info","event":"Filling up the DagBag from /opt/airflow/dags/preparation_dag.py","logger":"airflow.models.dagbag.DagBag","filename":"dagbag.py","lineno":593}
{"timestamp":"2025-12-28T19:57:50.139116Z","level":"info","event":"Filling up the DagBag from /opt/airflow/dags/preparation_dag.py","logger":"airflow.models.dagbag.DagBag","filename":"dagbag.py","lineno":593}
{"timestamp":"2025-12-28T19:58:20.323715Z","level":"info","event":"Filling up the DagBag from /opt/airflow/dags/preparation_dag.py","logger":"airflow.models.dagbag.DagBag","filename":"dagbag.py","lineno":593}
{"timestamp":"2025-12-28T19:58:51.288932Z","level":"info","event":"Filling up the DagBag from /opt/airflow/dags/preparation_dag.py","logger":"airflow.models.dagbag.DagBag","filename":"dagbag.py","lineno":593}
{"timestamp":"2025-12-28T19:59:21.795996Z","level":"info","event":"Filling up the DagBag from /opt/airflow/dags/preparation_dag.py","logger":"airflow.models.dagbag.DagBag","filename":"dagbag.py","lineno":593}
{"timestamp":"2025-12-28T19:59:53.502765Z","level":"info","event":"Filling up the DagBag from /opt/airflow/dags/preparation_dag.py","logger":"airflow.models.dagbag.DagBag","filename":"dagbag.py","lineno":593}
{"timestamp":"2025-12-28T20:00:23.813884Z","level":"info","event":"Filling up the DagBag from /opt/airflow/dags/preparation_dag.py","logger":"airflow.models.dagbag.DagBag","filename":"dagbag.py","lineno":593}
{"timestamp":"2025-12-28T20:00:54.768829Z","level":"info","event":"Filling up the DagBag from /opt/airflow/dags/preparation_dag.py","logger":"airflow.models.dagbag.DagBag","filename":"dagbag.py","lineno":593}
{"timestamp":"2025-12-28T20:01:25.824325Z","level":"info","event":"Filling up the DagBag from /opt/airflow/dags/preparation_dag.py","logger":"airflow.models.dagbag.DagBag","filename":"dagbag.py","lineno":593}
{"timestamp":"2025-12-28T20:01:56.297925Z","level":"info","event":"Filling up the DagBag from /opt/airflow/dags/preparation_dag.py","logger":"airflow.models.dagbag.DagBag","filename":"dagbag.py","lineno":593}
{"timestamp":"2025-12-28T20:02:26.492264Z","level":"info","event":"Filling up the DagBag from /opt/airflow/dags/preparation_dag.py","logger":"airflow.models.dagbag.DagBag","filename":"dagbag.py","lineno":593}
{"timestamp":"2025-12-28T20:02:56.598225Z","level":"info","event":"Filling up the DagBag from /opt/airflow/dags/preparation_dag.py","logger":"airflow.models.dagbag.DagBag","filename":"dagbag.py","lineno":593}
{"timestamp":"2025-12-28T20:03:26.771043Z","level":"info","event":"Filling up the DagBag from /opt/airflow/dags/preparation_dag.py","logger":"airflow.models.dagbag.DagBag","filename":"dagbag.py","lineno":593}
{"timestamp":"2025-12-28T20:03:56.880103Z","level":"info","event":"Filling up the DagBag from /opt/airflow/dags/preparation_dag.py","logger":"airflow.models.dagbag.DagBag","filename":"dagbag.py","lineno":593}
{"timestamp":"2025-12-28T20:04:26.984952Z","level":"info","event":"Filling up the DagBag from /opt/airflow/dags/preparation_dag.py","logger":"airflow.models.dagbag.DagBag","filename":"dagbag.py","lineno":593}
{"timestamp":"2025-12-28T20:04:57.743895Z","level":"info","event":"Filling up the DagBag from /opt/airflow/dags/preparation_dag.py","logger":"airflow.models.dagbag.DagBag","filename":"dagbag.py","lineno":593}
{"timestamp":"2025-12-28T20:05:28.292098Z","level":"info","event":"Filling up the DagBag from /opt/airflow/dags/preparation_dag.py","logger":"airflow.models.dagbag.DagBag","filename":"dagbag.py","lineno":593}
{"timestamp":"2025-12-28T20:05:58.774412Z","level":"info","event":"Filling up the DagBag from /opt/airflow/dags/preparation_dag.py","logger":"airflow.models.dagbag.DagBag","filename":"dagbag.py","lineno":593}
{"timestamp":"2025-12-28T20:06:29.659588Z","level":"info","event":"Filling up the DagBag from /opt/airflow/dags/preparation_dag.py","logger":"airflow.models.dagbag.DagBag","filename":"dagbag.py","lineno":593}
{"timestamp":"2025-12-28T20:06:59.989677Z","level":"info","event":"Filling up the DagBag from /opt/airflow/dags/preparation_dag.py","logger":"airflow.models.dagbag.DagBag","filename":"dagbag.py","lineno":593}
{"timestamp":"2025-12-28T20:07:30.096330Z","level":"info","event":"Filling up the DagBag from /opt/airflow/dags/preparation_dag.py","logger":"airflow.models.dagbag.DagBag","filename":"dagbag.py","lineno":593}
{"timestamp":"2025-12-28T20:08:00.640690Z","level":"info","event":"Filling up the DagBag from /opt/airflow/dags/preparation_dag.py","logger":"airflow.models.dagbag.DagBag","filename":"dagbag.py","lineno":593}
{"timestamp":"2025-12-28T20:08:30.893795Z","level":"info","event":"Filling up the DagBag from /opt/airflow/dags/preparation_dag.py","logger":"airflow.models.dagbag.DagBag","filename":"dagbag.py","lineno":593}
{"timestamp":"2025-12-28T20:09:01.266270Z","level":"info","event":"Filling up the DagBag from /opt/airflow/dags/preparation_dag.py","logger":"airflow.models.dagbag.DagBag","filename":"dagbag.py","lineno":593}
{"timestamp":"2025-12-28T20:09:31.875158Z","level":"info","event":"Filling up the DagBag from /opt/airflow/dags/preparation_dag.py","logger":"airflow.models.dagbag.DagBag","filename":"dagbag.py","lineno":593}
{"timestamp":"2025-12-28T20:10:02.090730Z","level":"info","event":"Filling up the DagBag from /opt/airflow/dags/preparation_dag.py","logger":"airflow.models.dagbag.DagBag","filename":"dagbag.py","lineno":593}
{"timestamp":"2025-12-28T20:10:32.751684Z","level":"info","event":"Filling up the DagBag from /opt/airflow/dags/preparation_dag.py","logger":"airflow.models.dagbag.DagBag","filename":"dagbag.py","lineno":593}
{"timestamp":"2025-12-28T20:11:04.043602Z","level":"info","event":"Filling up the DagBag from /opt/airflow/dags/preparation_dag.py","logger":"airflow.models.dagbag.DagBag","filename":"dagbag.py","lineno":593}
{"timestamp":"2025-12-28T20:11:34.993211Z","level":"info","event":"Filling up the DagBag from /opt/airflow/dags/preparation_dag.py","logger":"airflow.models.dagbag.DagBag","filename":"dagbag.py","lineno":593}
{"timestamp":"2025-12-28T20:12:06.213866Z","level":"info","event":"Filling up the DagBag from /opt/airflow/dags/preparation_dag.py","logger":"airflow.models.dagbag.DagBag","filename":"dagbag.py","lineno":593}
{"timestamp":"2025-12-28T20:12:37.199355Z","level":"info","event":"Filling up the DagBag from /opt/airflow/dags/preparation_dag.py","logger":"airflow.models.dagbag.DagBag","filename":"dagbag.py","lineno":593}
{"timestamp":"2025-12-28T20:13:07.956658Z","level":"info","event":"Filling up the DagBag from /opt/airflow/dags/preparation_dag.py","logger":"airflow.models.dagbag.DagBag","filename":"dagbag.py","lineno":593}
{"timestamp":"2025-12-28T20:13:38.338611Z","level":"info","event":"Filling up the DagBag from /opt/airflow/dags/preparation_dag.py","logger":"airflow.models.dagbag.DagBag","filename":"dagbag.py","lineno":593}
{"timestamp":"2025-12-28T20:14:09.157535Z","level":"info","event":"Filling up the DagBag from /opt/airflow/dags/preparation_dag.py","logger":"airflow.models.dagbag.DagBag","filename":"dagbag.py","lineno":593}
{"timestamp":"2025-12-28T20:14:39.611925Z","level":"info","event":"Filling up the DagBag from /opt/airflow/dags/preparation_dag.py","logger":"airflow.models.dagbag.DagBag","filename":"dagbag.py","lineno":593}
{"timestamp":"2025-12-28T20:15:09.992714Z","level":"info","event":"Filling up the DagBag from /opt/airflow/dags/preparation_dag.py","logger":"airflow.models.dagbag.DagBag","filename":"dagbag.py","lineno":593}
{"timestamp":"2025-12-28T20:15:40.587541Z","level":"info","event":"Filling up the DagBag from /opt/airflow/dags/preparation_dag.py","logger":"airflow.models.dagbag.DagBag","filename":"dagbag.py","lineno":593}
{"timestamp":"2025-12-28T20:16:10.989990Z","level":"info","event":"Filling up the DagBag from /opt/airflow/dags/preparation_dag.py","logger":"airflow.models.dagbag.DagBag","filename":"dagbag.py","lineno":593}
{"timestamp":"2025-12-28T20:16:41.114455Z","level":"info","event":"Filling up the DagBag from /opt/airflow/dags/preparation_dag.py","logger":"airflow.models.dagbag.DagBag","filename":"dagbag.py","lineno":593}
{"timestamp":"2025-12-28T20:17:11.643549Z","level":"info","event":"Filling up the DagBag from /opt/airflow/dags/preparation_dag.py","logger":"airflow.models.dagbag.DagBag","filename":"dagbag.py","lineno":593}
{"timestamp":"2025-12-28T20:17:42.403196Z","level":"info","event":"Filling up the DagBag from /opt/airflow/dags/preparation_dag.py","logger":"airflow.models.dagbag.DagBag","filename":"dagbag.py","lineno":593}
{"timestamp":"2025-12-28T20:18:12.876377Z","level":"info","event":"Filling up the DagBag from /opt/airflow/dags/preparation_dag.py","logger":"airflow.models.dagbag.DagBag","filename":"dagbag.py","lineno":593}
{"timestamp":"2025-12-28T20:18:44.039447Z","level":"info","event":"Filling up the DagBag from /opt/airflow/dags/preparation_dag.py","logger":"airflow.models.dagbag.DagBag","filename":"dagbag.py","lineno":593}
{"timestamp":"2025-12-28T20:19:14.796751Z","level":"info","event":"Filling up the DagBag from /opt/airflow/dags/preparation_dag.py","logger":"airflow.models.dagbag.DagBag","filename":"dagbag.py","lineno":593}
{"timestamp":"2025-12-28T20:19:45.158776Z","level":"info","event":"Filling up the DagBag from /opt/airflow/dags/preparation_dag.py","logger":"airflow.models.dagbag.DagBag","filename":"dagbag.py","lineno":593}
{"timestamp":"2025-12-28T20:20:16.224299Z","level":"info","event":"Filling up the DagBag from /opt/airflow/dags/preparation_dag.py","logger":"airflow.models.dagbag.DagBag","filename":"dagbag.py","lineno":593}
{"timestamp":"2025-12-28T20:20:46.735527Z","level":"info","event":"Filling up the DagBag from /opt/airflow/dags/preparation_dag.py","logger":"airflow.models.dagbag.DagBag","filename":"dagbag.py","lineno":593}
{"timestamp":"2025-12-28T20:21:17.185325Z","level":"info","event":"Filling up the DagBag from /opt/airflow/dags/preparation_dag.py","logger":"airflow.models.dagbag.DagBag","filename":"dagbag.py","lineno":593}
{"timestamp":"2025-12-28T20:21:47.793422Z","level":"info","event":"Filling up the DagBag from /opt/airflow/dags/preparation_dag.py","logger":"airflow.models.dagbag.DagBag","filename":"dagbag.py","lineno":593}
{"timestamp":"2025-12-28T20:22:18.017029Z","level":"info","event":"Filling up the DagBag from /opt/airflow/dags/preparation_dag.py","logger":"airflow.models.dagbag.DagBag","filename":"dagbag.py","lineno":593}
{"timestamp":"2025-12-28T20:22:48.469179Z","level":"info","event":"Filling up the DagBag from /opt/airflow/dags/preparation_dag.py","logger":"airflow.models.dagbag.DagBag","filename":"dagbag.py","lineno":593}
{"timestamp":"2025-12-28T20:23:18.637061Z","level":"info","event":"Filling up the DagBag from /opt/airflow/dags/preparation_dag.py","logger":"airflow.models.dagbag.DagBag","filename":"dagbag.py","lineno":593}
{"timestamp":"2025-12-28T20:23:49.226384Z","level":"info","event":"Filling up the DagBag from /opt/airflow/dags/preparation_dag.py","logger":"airflow.models.dagbag.DagBag","filename":"dagbag.py","lineno":593}
{"timestamp":"2025-12-28T20:24:19.432089Z","level":"info","event":"Filling up the DagBag from /opt/airflow/dags/preparation_dag.py","logger":"airflow.models.dagbag.DagBag","filename":"dagbag.py","lineno":593}
{"timestamp":"2025-12-28T20:24:50.451127Z","level":"info","event":"Filling up the DagBag from /opt/airflow/dags/preparation_dag.py","logger":"airflow.models.dagbag.DagBag","filename":"dagbag.py","lineno":593}
{"timestamp":"2025-12-28T20:25:20.529506Z","level":"info","event":"Filling up the DagBag from /opt/airflow/dags/preparation_dag.py","logger":"airflow.models.dagbag.DagBag","filename":"dagbag.py","lineno":593}
{"timestamp":"2025-12-28T20:25:50.972928Z","level":"info","event":"Filling up the DagBag from /opt/airflow/dags/preparation_dag.py","logger":"airflow.models.dagbag.DagBag","filename":"dagbag.py","lineno":593}
{"timestamp":"2025-12-28T20:26:21.803335Z","level":"info","event":"Filling up the DagBag from /opt/airflow/dags/preparation_dag.py","logger":"airflow.models.dagbag.DagBag","filename":"dagbag.py","lineno":593}
{"timestamp":"2025-12-28T20:26:51.977047Z","level":"info","event":"Filling up the DagBag from /opt/airflow/dags/preparation_dag.py","logger":"airflow.models.dagbag.DagBag","filename":"dagbag.py","lineno":593}
{"timestamp":"2025-12-28T20:27:22.191655Z","level":"info","event":"Filling up the DagBag from /opt/airflow/dags/preparation_dag.py","logger":"airflow.models.dagbag.DagBag","filename":"dagbag.py","lineno":593}
{"timestamp":"2025-12-28T20:27:52.466278Z","level":"info","event":"Filling up the DagBag from /opt/airflow/dags/preparation_dag.py","logger":"airflow.models.dagbag.DagBag","filename":"dagbag.py","lineno":593}
{"timestamp":"2025-12-28T20:28:22.783507Z","level":"info","event":"Filling up the DagBag from /opt/airflow/dags/preparation_dag.py","logger":"airflow.models.dagbag.DagBag","filename":"dagbag.py","lineno":593}
{"timestamp":"2025-12-28T20:28:53.054258Z","level":"info","event":"Filling up the DagBag from /opt/airflow/dags/preparation_dag.py","logger":"airflow.models.dagbag.DagBag","filename":"dagbag.py","lineno":593}
{"timestamp":"2025-12-28T20:29:23.155987Z","level":"info","event":"Filling up the DagBag from /opt/airflow/dags/preparation_dag.py","logger":"airflow.models.dagbag.DagBag","filename":"dagbag.py","lineno":593}
{"timestamp":"2025-12-28T20:29:54.120843Z","level":"info","event":"Filling up the DagBag from /opt/airflow/dags/preparation_dag.py","logger":"airflow.models.dagbag.DagBag","filename":"dagbag.py","lineno":593}
{"timestamp":"2025-12-28T20:30:24.349778Z","level":"info","event":"Filling up the DagBag from /opt/airflow/dags/preparation_dag.py","logger":"airflow.models.dagbag.DagBag","filename":"dagbag.py","lineno":593}
