{"timestamp":"2025-10-10T14:14:12.988969Z","level":"info","event":"DAG bundles loaded: dags-folder","logger":"airflow.dag_processing.bundles.manager.DagBundlesManager","filename":"manager.py","lineno":179}
{"timestamp":"2025-10-10T14:14:12.990659Z","level":"info","event":"Filling up the DagBag from /opt/airflow/dags/main_dag.py","logger":"airflow.models.dagbag.DagBag","filename":"dagbag.py","lineno":593}
{"timestamp":"2025-10-10T14:14:13.101458Z","level":"info","event":"/opt/airflow","logger":"unusual_prefix_c197a0997a466423c26d6f7c8e75323f60b0198e_main_dag","filename":"main_dag.py","lineno":45}
{"timestamp":"2025-10-10T14:14:13.265947Z","level":"info","event":"Starting docker container from image m1_data_engineering-scrapper:latest","logger":"airflow.task.operators.airflow.providers.docker.operators.docker.DockerOperator","filename":"docker.py","lineno":355}
{"timestamp":"2025-10-10T14:14:15.647994Z","level":"info","event":"Traceback (most recent call last):","logger":"airflow.task.operators.airflow.providers.docker.operators.docker.DockerOperator","filename":"docker.py","lineno":66}
{"timestamp":"2025-10-10T14:14:15.648135Z","level":"info","event":"  File \"/app/scrapping/scrapping.py\", line 158, in <module>","logger":"airflow.task.operators.airflow.providers.docker.operators.docker.DockerOperator","filename":"docker.py","lineno":66}
{"timestamp":"2025-10-10T14:14:15.648171Z","level":"info","event":"    main()","logger":"airflow.task.operators.airflow.providers.docker.operators.docker.DockerOperator","filename":"docker.py","lineno":66}
{"timestamp":"2025-10-10T14:14:15.648193Z","level":"info","event":"  File \"/app/scrapping/scrapping.py\", line 151, in main","logger":"airflow.task.operators.airflow.providers.docker.operators.docker.DockerOperator","filename":"docker.py","lineno":66}
{"timestamp":"2025-10-10T14:14:15.648211Z","level":"info","event":"    _get_dict_name_url_list(url=False)","logger":"airflow.task.operators.airflow.providers.docker.operators.docker.DockerOperator","filename":"docker.py","lineno":66}
{"timestamp":"2025-10-10T14:14:15.648227Z","level":"info","event":"  File \"/app/scrapping/scrapping.py\", line 67, in _get_dict_name_url_list","logger":"airflow.task.operators.airflow.providers.docker.operators.docker.DockerOperator","filename":"docker.py","lineno":66}
{"timestamp":"2025-10-10T14:14:15.648245Z","level":"info","event":"    ti = kwargs['ti']","logger":"airflow.task.operators.airflow.providers.docker.operators.docker.DockerOperator","filename":"docker.py","lineno":66}
{"timestamp":"2025-10-10T14:14:15.648261Z","level":"info","event":"         ~~~~~~^^^^^^","logger":"airflow.task.operators.airflow.providers.docker.operators.docker.DockerOperator","filename":"docker.py","lineno":66}
{"timestamp":"2025-10-10T14:14:15.648315Z","level":"info","event":"KeyError: 'ti'","logger":"airflow.task.operators.airflow.providers.docker.operators.docker.DockerOperator","filename":"docker.py","lineno":66}
{"timestamp":"2025-10-10T14:14:15.997209Z","level":"error","event":"Task failed with exception","logger":"task","filename":"task_runner.py","lineno":972,"error_detail":[{"exc_type":"DockerContainerFailedException","exc_value":"Docker container failed: {'StatusCode': 1}","exc_notes":[],"syntax_error":null,"is_cause":false,"frames":[{"filename":"/home/airflow/.local/lib/python3.12/site-packages/airflow/sdk/execution_time/task_runner.py","lineno":920,"name":"run"},{"filename":"/home/airflow/.local/lib/python3.12/site-packages/airflow/sdk/execution_time/task_runner.py","lineno":1307,"name":"_execute_task"},{"filename":"/home/airflow/.local/lib/python3.12/site-packages/airflow/sdk/bases/operator.py","lineno":416,"name":"wrapper"},{"filename":"/home/airflow/.local/lib/python3.12/site-packages/airflow/providers/docker/operators/docker.py","lineno":495,"name":"execute"},{"filename":"/home/airflow/.local/lib/python3.12/site-packages/airflow/providers/docker/operators/docker.py","lineno":372,"name":"_run_image"},{"filename":"/home/airflow/.local/lib/python3.12/site-packages/airflow/providers/docker/operators/docker.py","lineno":430,"name":"_run_image_with_mounts"}],"is_group":false,"exceptions":[]}]}
{"timestamp":"2025-10-10T14:14:16.004704Z","level":"error","event":"Task FAILED: dag=main_dag task=launch_scrapping_container run_id=scheduled__2025-10-10T00:00:00+00:00 try=2","logger":"unusual_prefix_c197a0997a466423c26d6f7c8e75323f60b0198e_main_dag","filename":"main_dag.py","lineno":17}
{"timestamp":"2025-10-10T14:14:16.006177Z","level":"error","event":"Docker container failed: {'StatusCode': 1}","logger":"unusual_prefix_c197a0997a466423c26d6f7c8e75323f60b0198e_main_dag","filename":"main_dag.py","lineno":25}
{"timestamp":"2025-10-10T14:24:57.955649Z","level":"info","event":"DAG bundles loaded: dags-folder","logger":"airflow.dag_processing.bundles.manager.DagBundlesManager","filename":"manager.py","lineno":179}
{"timestamp":"2025-10-10T14:24:57.956997Z","level":"info","event":"Filling up the DagBag from /opt/airflow/dags/main_dag.py","logger":"airflow.models.dagbag.DagBag","filename":"dagbag.py","lineno":593}
{"timestamp":"2025-10-10T14:24:58.054748Z","level":"info","event":"/opt/airflow","logger":"unusual_prefix_c197a0997a466423c26d6f7c8e75323f60b0198e_main_dag","filename":"main_dag.py","lineno":45}
{"timestamp":"2025-10-10T14:24:58.228355Z","level":"info","event":"Starting docker container from image m1_data_engineering-scrapper:latest","logger":"airflow.task.operators.airflow.providers.docker.operators.docker.DockerOperator","filename":"docker.py","lineno":355}
{"timestamp":"2025-10-10T14:24:58.835292Z","level":"info","event":"INFO:root:Scrapper runner started","logger":"airflow.task.operators.airflow.providers.docker.operators.docker.DockerOperator","filename":"docker.py","lineno":66}
{"timestamp":"2025-10-10T14:25:00.269820Z","level":"info","event":"INFO:root:Driver set properly","logger":"airflow.task.operators.airflow.providers.docker.operators.docker.DockerOperator","filename":"docker.py","lineno":66}
{"timestamp":"2025-10-10T14:25:00.269968Z","level":"info","event":"INFO:root:Alpha index initialized","logger":"airflow.task.operators.airflow.providers.docker.operators.docker.DockerOperator","filename":"docker.py","lineno":66}
{"timestamp":"2025-10-10T14:25:00.270009Z","level":"info","event":"Traceback (most recent call last):","logger":"airflow.task.operators.airflow.providers.docker.operators.docker.DockerOperator","filename":"docker.py","lineno":66}
{"timestamp":"2025-10-10T14:25:00.270029Z","level":"info","event":"  File \"/app/scrapping/scrapping.py\", line 175, in <module>","logger":"airflow.task.operators.airflow.providers.docker.operators.docker.DockerOperator","filename":"docker.py","lineno":66}
{"timestamp":"2025-10-10T14:25:00.270076Z","level":"info","event":"    main()","logger":"airflow.task.operators.airflow.providers.docker.operators.docker.DockerOperator","filename":"docker.py","lineno":66}
{"timestamp":"2025-10-10T14:25:00.270096Z","level":"info","event":"  File \"/app/scrapping/scrapping.py\", line 168, in main","logger":"airflow.task.operators.airflow.providers.docker.operators.docker.DockerOperator","filename":"docker.py","lineno":66}
{"timestamp":"2025-10-10T14:25:00.270112Z","level":"info","event":"    _get_dict_name_url_list(url=False)","logger":"airflow.task.operators.airflow.providers.docker.operators.docker.DockerOperator","filename":"docker.py","lineno":66}
{"timestamp":"2025-10-10T14:25:00.270127Z","level":"info","event":"  File \"/app/scrapping/scrapping.py\", line 75, in _get_dict_name_url_list","logger":"airflow.task.operators.airflow.providers.docker.operators.docker.DockerOperator","filename":"docker.py","lineno":66}
{"timestamp":"2025-10-10T14:25:00.270148Z","level":"info","event":"    ti = kwargs['ti']","logger":"airflow.task.operators.airflow.providers.docker.operators.docker.DockerOperator","filename":"docker.py","lineno":66}
{"timestamp":"2025-10-10T14:25:00.270164Z","level":"info","event":"         ~~~~~~^^^^^^","logger":"airflow.task.operators.airflow.providers.docker.operators.docker.DockerOperator","filename":"docker.py","lineno":66}
{"timestamp":"2025-10-10T14:25:00.270179Z","level":"info","event":"KeyError: 'ti'","logger":"airflow.task.operators.airflow.providers.docker.operators.docker.DockerOperator","filename":"docker.py","lineno":66}
{"timestamp":"2025-10-10T14:25:00.659090Z","level":"error","event":"Task failed with exception","logger":"task","filename":"task_runner.py","lineno":972,"error_detail":[{"exc_type":"DockerContainerFailedException","exc_value":"Docker container failed: {'StatusCode': 1}","exc_notes":[],"syntax_error":null,"is_cause":false,"frames":[{"filename":"/home/airflow/.local/lib/python3.12/site-packages/airflow/sdk/execution_time/task_runner.py","lineno":920,"name":"run"},{"filename":"/home/airflow/.local/lib/python3.12/site-packages/airflow/sdk/execution_time/task_runner.py","lineno":1307,"name":"_execute_task"},{"filename":"/home/airflow/.local/lib/python3.12/site-packages/airflow/sdk/bases/operator.py","lineno":416,"name":"wrapper"},{"filename":"/home/airflow/.local/lib/python3.12/site-packages/airflow/providers/docker/operators/docker.py","lineno":495,"name":"execute"},{"filename":"/home/airflow/.local/lib/python3.12/site-packages/airflow/providers/docker/operators/docker.py","lineno":372,"name":"_run_image"},{"filename":"/home/airflow/.local/lib/python3.12/site-packages/airflow/providers/docker/operators/docker.py","lineno":430,"name":"_run_image_with_mounts"}],"is_group":false,"exceptions":[]}]}
{"timestamp":"2025-10-10T14:25:00.664272Z","level":"error","event":"Task FAILED: dag=main_dag task=launch_scrapping_container run_id=scheduled__2025-10-10T00:00:00+00:00 try=2","logger":"unusual_prefix_c197a0997a466423c26d6f7c8e75323f60b0198e_main_dag","filename":"main_dag.py","lineno":17}
{"timestamp":"2025-10-10T14:25:00.664460Z","level":"error","event":"Docker container failed: {'StatusCode': 1}","logger":"unusual_prefix_c197a0997a466423c26d6f7c8e75323f60b0198e_main_dag","filename":"main_dag.py","lineno":25}
