{"timestamp":"2025-10-10T12:07:10.304250Z","level":"info","event":"DAG bundles loaded: dags-folder","logger":"airflow.dag_processing.bundles.manager.DagBundlesManager","filename":"manager.py","lineno":179}
{"timestamp":"2025-10-10T12:07:10.305456Z","level":"info","event":"Filling up the DagBag from /opt/airflow/dags/main_dag.py","logger":"airflow.models.dagbag.DagBag","filename":"dagbag.py","lineno":593}
{"timestamp":"2025-10-10T12:07:10.595928Z","level":"info","event":"/opt/airflow","logger":"unusual_prefix_c197a0997a466423c26d6f7c8e75323f60b0198e_main_dag","filename":"main_dag.py","lineno":45}
{"timestamp":"2025-10-10T12:07:10.741240Z","level":"info","event":"Starting docker container from image m1_data_engineering-scrapper:latest","logger":"airflow.task.operators.airflow.providers.docker.operators.docker.DockerOperator","filename":"docker.py","lineno":355}
{"timestamp":"2025-10-10T12:07:11.303650Z","level":"info","event":"INFO:root:Scrapper runner started","logger":"airflow.task.operators.airflow.providers.docker.operators.docker.DockerOperator","filename":"docker.py","lineno":66}
{"timestamp":"2025-10-10T12:07:11.303785Z","level":"info","event":"INFO:root:Current working directory: /app/scrapping","logger":"airflow.task.operators.airflow.providers.docker.operators.docker.DockerOperator","filename":"docker.py","lineno":66}
{"timestamp":"2025-10-10T12:07:11.976168Z","level":"info","event":"INFO:root:Fetched example.com: status=200","logger":"airflow.task.operators.airflow.providers.docker.operators.docker.DockerOperator","filename":"docker.py","lineno":66}
{"timestamp":"2025-10-10T12:07:11.976412Z","level":"info","event":"INFO:root:Scrapper runner finished","logger":"airflow.task.operators.airflow.providers.docker.operators.docker.DockerOperator","filename":"docker.py","lineno":66}
{"timestamp":"2025-10-10T12:07:12.361429Z","level":"info","event":"Pushing xcom","ti":"RuntimeTaskInstance(id=UUID('0199ce04-892f-792c-b634-d3e86df7d564'), task_id='launch_scrapping_container', dag_id='main_dag', run_id='scheduled__2025-10-10T00:00:00+00:00', try_number=1, dag_version_id=UUID('0199ce00-d994-7e13-b547-32cb0ef548c4'), map_index=-1, hostname='da2289e10426', context_carrier={}, task=<Task(DockerOperator): launch_scrapping_container>, bundle_instance=LocalDagBundle(name=dags-folder), max_tries=1, start_date=datetime.datetime(2025, 10, 10, 12, 7, 8, 402712, tzinfo=datetime.timezone.utc), end_date=None, state=<TaskInstanceState.RUNNING: 'running'>, is_mapped=False, rendered_map_index=None)","logger":"task","filename":"task_runner.py","lineno":1352}
{"timestamp":"2025-10-10T12:12:37.089311Z","level":"info","event":"DAG bundles loaded: dags-folder","logger":"airflow.dag_processing.bundles.manager.DagBundlesManager","filename":"manager.py","lineno":179}
{"timestamp":"2025-10-10T12:12:37.090682Z","level":"info","event":"Filling up the DagBag from /opt/airflow/dags/main_dag.py","logger":"airflow.models.dagbag.DagBag","filename":"dagbag.py","lineno":593}
{"timestamp":"2025-10-10T12:12:37.358807Z","level":"info","event":"/opt/airflow","logger":"unusual_prefix_c197a0997a466423c26d6f7c8e75323f60b0198e_main_dag","filename":"main_dag.py","lineno":45}
{"timestamp":"2025-10-10T12:12:37.482202Z","level":"info","event":"Starting docker container from image m1_data_engineering-scrapper:latest","logger":"airflow.task.operators.airflow.providers.docker.operators.docker.DockerOperator","filename":"docker.py","lineno":355}
{"timestamp":"2025-10-10T12:12:38.044078Z","level":"info","event":"INFO:root:Scrapper runner started","logger":"airflow.task.operators.airflow.providers.docker.operators.docker.DockerOperator","filename":"docker.py","lineno":66}
{"timestamp":"2025-10-10T12:12:38.044281Z","level":"info","event":"INFO:root:Current working directory: /app/scrapping","logger":"airflow.task.operators.airflow.providers.docker.operators.docker.DockerOperator","filename":"docker.py","lineno":66}
{"timestamp":"2025-10-10T12:12:38.786727Z","level":"info","event":"INFO:root:Fetched example.com: status=200","logger":"airflow.task.operators.airflow.providers.docker.operators.docker.DockerOperator","filename":"docker.py","lineno":66}
{"timestamp":"2025-10-10T12:12:38.786867Z","level":"info","event":"INFO:root:Scrapper runner finished","logger":"airflow.task.operators.airflow.providers.docker.operators.docker.DockerOperator","filename":"docker.py","lineno":66}
{"timestamp":"2025-10-10T12:12:39.096828Z","level":"info","event":"Pushing xcom","ti":"RuntimeTaskInstance(id=UUID('0199ce09-87a6-7fef-b32a-6b522ac4124e'), task_id='launch_scrapping_container', dag_id='main_dag', run_id='scheduled__2025-10-10T00:00:00+00:00', try_number=1, dag_version_id=UUID('0199ce08-d386-714e-b754-db63ade704c4'), map_index=-1, hostname='593870f73170', context_carrier={}, task=<Task(DockerOperator): launch_scrapping_container>, bundle_instance=LocalDagBundle(name=dags-folder), max_tries=1, start_date=datetime.datetime(2025, 10, 10, 12, 12, 35, 686121, tzinfo=datetime.timezone.utc), end_date=None, state=<TaskInstanceState.RUNNING: 'running'>, is_mapped=False, rendered_map_index=None)","logger":"task","filename":"task_runner.py","lineno":1352}
{"timestamp":"2025-10-10T12:19:56.971428Z","level":"info","event":"DAG bundles loaded: dags-folder","logger":"airflow.dag_processing.bundles.manager.DagBundlesManager","filename":"manager.py","lineno":179}
{"timestamp":"2025-10-10T12:19:56.972743Z","level":"info","event":"Filling up the DagBag from /opt/airflow/dags/main_dag.py","logger":"airflow.models.dagbag.DagBag","filename":"dagbag.py","lineno":593}
{"timestamp":"2025-10-10T12:19:57.334157Z","level":"info","event":"/opt/airflow","logger":"unusual_prefix_c197a0997a466423c26d6f7c8e75323f60b0198e_main_dag","filename":"main_dag.py","lineno":45}
{"timestamp":"2025-10-10T12:19:57.531887Z","level":"info","event":"Starting docker container from image m1_data_engineering-scrapper:latest","logger":"airflow.task.operators.airflow.providers.docker.operators.docker.DockerOperator","filename":"docker.py","lineno":355}
{"timestamp":"2025-10-10T12:19:58.096291Z","level":"info","event":"INFO:root:Scrapper runner started","logger":"airflow.task.operators.airflow.providers.docker.operators.docker.DockerOperator","filename":"docker.py","lineno":66}
{"timestamp":"2025-10-10T12:19:58.096418Z","level":"info","event":"INFO:root:Current working directory: /app/scrapping","logger":"airflow.task.operators.airflow.providers.docker.operators.docker.DockerOperator","filename":"docker.py","lineno":66}
{"timestamp":"2025-10-10T12:19:58.763087Z","level":"info","event":"INFO:root:Fetched example.com: status=200","logger":"airflow.task.operators.airflow.providers.docker.operators.docker.DockerOperator","filename":"docker.py","lineno":66}
{"timestamp":"2025-10-10T12:19:58.763379Z","level":"info","event":"INFO:root:Scrapper runner finished","logger":"airflow.task.operators.airflow.providers.docker.operators.docker.DockerOperator","filename":"docker.py","lineno":66}
{"timestamp":"2025-10-10T12:19:59.195618Z","level":"info","event":"Pushing xcom","ti":"RuntimeTaskInstance(id=UUID('0199ce0f-fa12-7cbc-85f0-6f142c81f764'), task_id='launch_scrapping_container', dag_id='main_dag', run_id='scheduled__2025-10-10T00:00:00+00:00', try_number=1, dag_version_id=UUID('0199ce0f-b893-7977-8431-c6e2729dbcb8'), map_index=-1, hostname='a3202aa60ac3', context_carrier={}, task=<Task(DockerOperator): launch_scrapping_container>, bundle_instance=LocalDagBundle(name=dags-folder), max_tries=1, start_date=datetime.datetime(2025, 10, 10, 12, 19, 55, 152689, tzinfo=datetime.timezone.utc), end_date=None, state=<TaskInstanceState.RUNNING: 'running'>, is_mapped=False, rendered_map_index=None)","logger":"task","filename":"task_runner.py","lineno":1352}
{"timestamp":"2025-10-10T12:43:12.243359Z","level":"info","event":"DAG bundles loaded: dags-folder","logger":"airflow.dag_processing.bundles.manager.DagBundlesManager","filename":"manager.py","lineno":179}
{"timestamp":"2025-10-10T12:43:12.244973Z","level":"info","event":"Filling up the DagBag from /opt/airflow/dags/main_dag.py","logger":"airflow.models.dagbag.DagBag","filename":"dagbag.py","lineno":593}
{"timestamp":"2025-10-10T12:43:12.528375Z","level":"info","event":"/opt/airflow","logger":"unusual_prefix_c197a0997a466423c26d6f7c8e75323f60b0198e_main_dag","filename":"main_dag.py","lineno":45}
{"timestamp":"2025-10-10T12:43:12.669671Z","level":"info","event":"Starting docker container from image m1_data_engineering-scrapper:latest","logger":"airflow.task.operators.airflow.providers.docker.operators.docker.DockerOperator","filename":"docker.py","lineno":355}
{"timestamp":"2025-10-10T12:43:13.174334Z","level":"info","event":"INFO:root:Scrapper runner started","logger":"airflow.task.operators.airflow.providers.docker.operators.docker.DockerOperator","filename":"docker.py","lineno":66}
{"timestamp":"2025-10-10T12:43:13.174533Z","level":"info","event":"INFO:root:Current working directory: /app/scrapping","logger":"airflow.task.operators.airflow.providers.docker.operators.docker.DockerOperator","filename":"docker.py","lineno":66}
{"timestamp":"2025-10-10T12:43:13.645356Z","level":"info","event":"INFO:root:Fetched example.com: status=200","logger":"airflow.task.operators.airflow.providers.docker.operators.docker.DockerOperator","filename":"docker.py","lineno":66}
{"timestamp":"2025-10-10T12:43:13.645524Z","level":"info","event":"INFO:root:Scrapper runner finished","logger":"airflow.task.operators.airflow.providers.docker.operators.docker.DockerOperator","filename":"docker.py","lineno":66}
{"timestamp":"2025-10-10T12:43:13.895907Z","level":"info","event":"Pushing xcom","ti":"RuntimeTaskInstance(id=UUID('0199ce25-87b2-73d1-a6d4-91d611c93805'), task_id='launch_scrapping_container', dag_id='main_dag', run_id='scheduled__2025-10-10T00:00:00+00:00', try_number=1, dag_version_id=UUID('0199ce24-1d24-71e3-b8e2-98424f9494fe'), map_index=-1, hostname='7f7c8e5e6ccc', context_carrier={}, task=<Task(DockerOperator): launch_scrapping_container>, bundle_instance=LocalDagBundle(name=dags-folder), max_tries=1, start_date=datetime.datetime(2025, 10, 10, 12, 43, 10, 634162, tzinfo=datetime.timezone.utc), end_date=None, state=<TaskInstanceState.RUNNING: 'running'>, is_mapped=False, rendered_map_index=None)","logger":"task","filename":"task_runner.py","lineno":1352}
{"timestamp":"2025-10-10T12:57:42.879426Z","level":"info","event":"DAG bundles loaded: dags-folder","logger":"airflow.dag_processing.bundles.manager.DagBundlesManager","filename":"manager.py","lineno":179}
{"timestamp":"2025-10-10T12:57:42.881230Z","level":"info","event":"Filling up the DagBag from /opt/airflow/dags/main_dag.py","logger":"airflow.models.dagbag.DagBag","filename":"dagbag.py","lineno":593}
{"timestamp":"2025-10-10T12:57:43.173038Z","level":"info","event":"/opt/airflow","logger":"unusual_prefix_c197a0997a466423c26d6f7c8e75323f60b0198e_main_dag","filename":"main_dag.py","lineno":45}
{"timestamp":"2025-10-10T12:57:43.420645Z","level":"info","event":"Starting docker container from image m1_data_engineering-scrapper:latest","logger":"airflow.task.operators.airflow.providers.docker.operators.docker.DockerOperator","filename":"docker.py","lineno":355}
{"timestamp":"2025-10-10T12:57:43.892150Z","level":"info","event":"INFO:root:Scrapper runner started","logger":"airflow.task.operators.airflow.providers.docker.operators.docker.DockerOperator","filename":"docker.py","lineno":66}
{"timestamp":"2025-10-10T12:57:43.892296Z","level":"info","event":"INFO:root:Current working directory: /app/scrapping","logger":"airflow.task.operators.airflow.providers.docker.operators.docker.DockerOperator","filename":"docker.py","lineno":66}
{"timestamp":"2025-10-10T12:57:44.640023Z","level":"info","event":"INFO:root:Fetched example.com: status=200","logger":"airflow.task.operators.airflow.providers.docker.operators.docker.DockerOperator","filename":"docker.py","lineno":66}
{"timestamp":"2025-10-10T12:57:44.640219Z","level":"info","event":"INFO:root:Scrapper runner finished","logger":"airflow.task.operators.airflow.providers.docker.operators.docker.DockerOperator","filename":"docker.py","lineno":66}
{"timestamp":"2025-10-10T12:57:45.059111Z","level":"info","event":"Pushing xcom","ti":"RuntimeTaskInstance(id=UUID('0199ce32-d133-7aac-a627-5b2928836762'), task_id='launch_scrapping_container', dag_id='main_dag', run_id='scheduled__2025-10-10T00:00:00+00:00', try_number=1, dag_version_id=UUID('0199ce31-6d5d-7d5f-bebf-256bf2075995'), map_index=-1, hostname='7a69e87a24c4', context_carrier={}, task=<Task(DockerOperator): launch_scrapping_container>, bundle_instance=LocalDagBundle(name=dags-folder), max_tries=1, start_date=datetime.datetime(2025, 10, 10, 12, 57, 41, 416921, tzinfo=datetime.timezone.utc), end_date=None, state=<TaskInstanceState.RUNNING: 'running'>, is_mapped=False, rendered_map_index=None)","logger":"task","filename":"task_runner.py","lineno":1352}
{"timestamp":"2025-10-10T13:06:45.692226Z","level":"info","event":"DAG bundles loaded: dags-folder","logger":"airflow.dag_processing.bundles.manager.DagBundlesManager","filename":"manager.py","lineno":179}
{"timestamp":"2025-10-10T13:06:45.693636Z","level":"info","event":"Filling up the DagBag from /opt/airflow/dags/main_dag.py","logger":"airflow.models.dagbag.DagBag","filename":"dagbag.py","lineno":593}
{"timestamp":"2025-10-10T13:06:46.009212Z","level":"info","event":"/opt/airflow","logger":"unusual_prefix_c197a0997a466423c26d6f7c8e75323f60b0198e_main_dag","filename":"main_dag.py","lineno":45}
{"timestamp":"2025-10-10T13:06:46.236817Z","level":"info","event":"Starting docker container from image m1_data_engineering-scrapper:latest","logger":"airflow.task.operators.airflow.providers.docker.operators.docker.DockerOperator","filename":"docker.py","lineno":355}
{"timestamp":"2025-10-10T13:06:46.735457Z","level":"info","event":"INFO:root:Scrapper runner started","logger":"airflow.task.operators.airflow.providers.docker.operators.docker.DockerOperator","filename":"docker.py","lineno":66}
{"timestamp":"2025-10-10T13:06:46.735676Z","level":"info","event":"INFO:root:Current working directory: /app/scrapping","logger":"airflow.task.operators.airflow.providers.docker.operators.docker.DockerOperator","filename":"docker.py","lineno":66}
{"timestamp":"2025-10-10T13:06:47.695216Z","level":"info","event":"INFO:root:Fetched example.com: status=200","logger":"airflow.task.operators.airflow.providers.docker.operators.docker.DockerOperator","filename":"docker.py","lineno":66}
{"timestamp":"2025-10-10T13:06:47.695411Z","level":"info","event":"INFO:root:Scrapper runner finished","logger":"airflow.task.operators.airflow.providers.docker.operators.docker.DockerOperator","filename":"docker.py","lineno":66}
{"timestamp":"2025-10-10T13:06:48.059663Z","level":"info","event":"Pushing xcom","ti":"RuntimeTaskInstance(id=UUID('0199ce3b-0523-7189-8156-3e04f1e6befb'), task_id='launch_scrapping_container', dag_id='main_dag', run_id='scheduled__2025-10-10T00:00:00+00:00', try_number=1, dag_version_id=UUID('0199ce3a-9c04-7c32-bce3-d9f32531d216'), map_index=-1, hostname='61ef8928a410', context_carrier={}, task=<Task(DockerOperator): launch_scrapping_container>, bundle_instance=LocalDagBundle(name=dags-folder), max_tries=1, start_date=datetime.datetime(2025, 10, 10, 13, 6, 44, 29870, tzinfo=datetime.timezone.utc), end_date=None, state=<TaskInstanceState.RUNNING: 'running'>, is_mapped=False, rendered_map_index=None)","logger":"task","filename":"task_runner.py","lineno":1352}
{"timestamp":"2025-10-10T13:28:31.818857Z","level":"info","event":"DAG bundles loaded: dags-folder","logger":"airflow.dag_processing.bundles.manager.DagBundlesManager","filename":"manager.py","lineno":179}
{"timestamp":"2025-10-10T13:28:31.820077Z","level":"info","event":"Filling up the DagBag from /opt/airflow/dags/main_dag.py","logger":"airflow.models.dagbag.DagBag","filename":"dagbag.py","lineno":593}
{"timestamp":"2025-10-10T13:28:32.105802Z","level":"info","event":"/opt/airflow","logger":"unusual_prefix_c197a0997a466423c26d6f7c8e75323f60b0198e_main_dag","filename":"main_dag.py","lineno":45}
{"timestamp":"2025-10-10T13:28:32.284646Z","level":"info","event":"Starting docker container from image m1_data_engineering-scrapper:latest","logger":"airflow.task.operators.airflow.providers.docker.operators.docker.DockerOperator","filename":"docker.py","lineno":355}
{"timestamp":"2025-10-10T13:28:32.880360Z","level":"info","event":"INFO:root:Scrapper runner started","logger":"airflow.task.operators.airflow.providers.docker.operators.docker.DockerOperator","filename":"docker.py","lineno":66}
{"timestamp":"2025-10-10T13:28:32.880517Z","level":"info","event":"INFO:root:Current working directory: /app/scrapping","logger":"airflow.task.operators.airflow.providers.docker.operators.docker.DockerOperator","filename":"docker.py","lineno":66}
{"timestamp":"2025-10-10T13:28:33.570636Z","level":"info","event":"INFO:root:Fetched example.com: status=200","logger":"airflow.task.operators.airflow.providers.docker.operators.docker.DockerOperator","filename":"docker.py","lineno":66}
{"timestamp":"2025-10-10T13:28:33.571088Z","level":"info","event":"INFO:root:Scrapper runner finished","logger":"airflow.task.operators.airflow.providers.docker.operators.docker.DockerOperator","filename":"docker.py","lineno":66}
{"timestamp":"2025-10-10T13:28:33.946923Z","level":"info","event":"Pushing xcom","ti":"RuntimeTaskInstance(id=UUID('0199ce4f-06f8-7a16-8749-9751900cfec7'), task_id='launch_scrapping_container', dag_id='main_dag', run_id='scheduled__2025-10-10T00:00:00+00:00', try_number=1, dag_version_id=UUID('0199ce4e-459f-7e0c-a744-9c59ea46a037'), map_index=-1, hostname='6e1145deef8d', context_carrier={}, task=<Task(DockerOperator): launch_scrapping_container>, bundle_instance=LocalDagBundle(name=dags-folder), max_tries=1, start_date=datetime.datetime(2025, 10, 10, 13, 28, 30, 252506, tzinfo=datetime.timezone.utc), end_date=None, state=<TaskInstanceState.RUNNING: 'running'>, is_mapped=False, rendered_map_index=None)","logger":"task","filename":"task_runner.py","lineno":1352}
