{"timestamp":"2025-11-07T08:37:55.099307Z","level":"info","event":"DAG bundles loaded: dags-folder","logger":"airflow.dag_processing.bundles.manager.DagBundlesManager","filename":"manager.py","lineno":179}
{"timestamp":"2025-11-07T08:37:55.100606Z","level":"info","event":"Filling up the DagBag from /opt/airflow/dags/main_dag.py","logger":"airflow.models.dagbag.DagBag","filename":"dagbag.py","lineno":593}
{"timestamp":"2025-11-07T08:37:55.405916Z","level":"info","event":"/opt/airflow","logger":"unusual_prefix_c197a0997a466423c26d6f7c8e75323f60b0198e_main_dag","filename":"main_dag.py","lineno":118}
{"timestamp":"2025-11-07T08:37:57.285694Z","level":"info","event":"Starting docker container from image m1_data_engineering-scrapper:latest","logger":"airflow.task.operators.airflow.providers.docker.operators.docker.DockerOperator","filename":"docker.py","lineno":355}
{"timestamp":"2025-11-07T08:39:37.628293Z","level":"error","event":"Server indicated the task shouldn't be running anymore. Terminating process","detail":{"detail":{"reason":"not_running","message":"TI is no longer in the running state and task should terminate","current_state":"failed"}},"logger":"task"}
{"timestamp":"2025-11-07T08:39:37.629937Z","level":"info","event":"Stopping docker container","logger":"airflow.task.operators.airflow.providers.docker.operators.docker.DockerOperator","filename":"docker.py","lineno":515}
{"timestamp":"2025-11-07T08:39:42.639416Z","level":"error","event":"Task killed!","logger":"task"}
{"timestamp":"2025-11-07T08:41:56.368867Z","level":"info","event":"DAG bundles loaded: dags-folder","logger":"airflow.dag_processing.bundles.manager.DagBundlesManager","filename":"manager.py","lineno":179}
{"timestamp":"2025-11-07T08:41:56.370784Z","level":"info","event":"Filling up the DagBag from /opt/airflow/dags/main_dag.py","logger":"airflow.models.dagbag.DagBag","filename":"dagbag.py","lineno":593}
{"timestamp":"2025-11-07T08:41:56.716488Z","level":"info","event":"/opt/airflow","logger":"unusual_prefix_c197a0997a466423c26d6f7c8e75323f60b0198e_main_dag","filename":"main_dag.py","lineno":118}
{"timestamp":"2025-11-07T08:41:56.905197Z","level":"info","event":"Starting docker container from image m1_data_engineering-scrapper:latest","logger":"airflow.task.operators.airflow.providers.docker.operators.docker.DockerOperator","filename":"docker.py","lineno":355}
{"timestamp":"2025-11-07T08:52:56.629862Z","level":"info","event":"Traceback (most recent call last):","logger":"airflow.task.operators.airflow.providers.docker.operators.docker.DockerOperator","filename":"docker.py","lineno":66}
{"timestamp":"2025-11-07T08:52:56.630156Z","level":"info","event":"  File \"/app/scrapping/main.py\", line 17, in <module>","logger":"airflow.task.operators.airflow.providers.docker.operators.docker.DockerOperator","filename":"docker.py","lineno":66}
{"timestamp":"2025-11-07T08:52:56.630213Z","level":"info","event":"    scrapping_simplyscripts.main_scrapping_simplyScripts()","logger":"airflow.task.operators.airflow.providers.docker.operators.docker.DockerOperator","filename":"docker.py","lineno":66}
{"timestamp":"2025-11-07T08:52:56.630241Z","level":"info","event":"  File \"/app/scrapping/scrapping_simplyscripts.py\", line 271, in main_scrapping_simplyScripts","logger":"airflow.task.operators.airflow.providers.docker.operators.docker.DockerOperator","filename":"docker.py","lineno":66}
{"timestamp":"2025-11-07T08:52:56.630262Z","level":"info","event":"    updated_info = download_script_content(script_info)","logger":"airflow.task.operators.airflow.providers.docker.operators.docker.DockerOperator","filename":"docker.py","lineno":66}
{"timestamp":"2025-11-07T08:52:56.630279Z","level":"info","event":"                   ^^^^^^^^^^^^^^^^^^^^^^^^^^^^^^^^^^^^","logger":"airflow.task.operators.airflow.providers.docker.operators.docker.DockerOperator","filename":"docker.py","lineno":66}
{"timestamp":"2025-11-07T08:52:56.630294Z","level":"info","event":"  File \"/app/scrapping/scrapping_simplyscripts.py\", line 210, in download_script_content","logger":"airflow.task.operators.airflow.providers.docker.operators.docker.DockerOperator","filename":"docker.py","lineno":66}
{"timestamp":"2025-11-07T08:52:56.630363Z","level":"info","event":"    for page in pdf_reader.pages:","logger":"airflow.task.operators.airflow.providers.docker.operators.docker.DockerOperator","filename":"docker.py","lineno":66}
{"timestamp":"2025-11-07T08:52:56.630391Z","level":"info","event":"  File \"/opt/venv_scrapping/lib/python3.11/site-packages/PyPDF2/_page.py\", line 2081, in __iter__","logger":"airflow.task.operators.airflow.providers.docker.operators.docker.DockerOperator","filename":"docker.py","lineno":66}
{"timestamp":"2025-11-07T08:52:56.630423Z","level":"info","event":"    for i in range(len(self)):","logger":"airflow.task.operators.airflow.providers.docker.operators.docker.DockerOperator","filename":"docker.py","lineno":66}
{"timestamp":"2025-11-07T08:52:56.630461Z","level":"info","event":"                   ^^^^^^^^^","logger":"airflow.task.operators.airflow.providers.docker.operators.docker.DockerOperator","filename":"docker.py","lineno":66}
{"timestamp":"2025-11-07T08:52:56.630482Z","level":"info","event":"  File \"/opt/venv_scrapping/lib/python3.11/site-packages/PyPDF2/_page.py\", line 2063, in __len__","logger":"airflow.task.operators.airflow.providers.docker.operators.docker.DockerOperator","filename":"docker.py","lineno":66}
{"timestamp":"2025-11-07T08:52:56.630511Z","level":"info","event":"    return self.length_function()","logger":"airflow.task.operators.airflow.providers.docker.operators.docker.DockerOperator","filename":"docker.py","lineno":66}
{"timestamp":"2025-11-07T08:52:56.630529Z","level":"info","event":"           ^^^^^^^^^^^^^^^^^^^^^^","logger":"airflow.task.operators.airflow.providers.docker.operators.docker.DockerOperator","filename":"docker.py","lineno":66}
{"timestamp":"2025-11-07T08:52:56.630565Z","level":"info","event":"  File \"/opt/venv_scrapping/lib/python3.11/site-packages/PyPDF2/_reader.py\", line 445, in _get_num_pages","logger":"airflow.task.operators.airflow.providers.docker.operators.docker.DockerOperator","filename":"docker.py","lineno":66}
{"timestamp":"2025-11-07T08:52:56.630937Z","level":"info","event":"    return self.trailer[TK.ROOT][\"/Pages\"][\"/Count\"]  # type: ignore","logger":"airflow.task.operators.airflow.providers.docker.operators.docker.DockerOperator","filename":"docker.py","lineno":66}
{"timestamp":"2025-11-07T08:52:56.631010Z","level":"info","event":"           ~~~~~~~~~~~~~~~~~~~~~^^^^^^^^^^","logger":"airflow.task.operators.airflow.providers.docker.operators.docker.DockerOperator","filename":"docker.py","lineno":66}
{"timestamp":"2025-11-07T08:52:56.631033Z","level":"info","event":"  File \"/opt/venv_scrapping/lib/python3.11/site-packages/PyPDF2/generic/_data_structures.py\", line 266, in __getitem__","logger":"airflow.task.operators.airflow.providers.docker.operators.docker.DockerOperator","filename":"docker.py","lineno":66}
{"timestamp":"2025-11-07T08:52:56.631102Z","level":"info","event":"    return dict.__getitem__(self, key).get_object()","logger":"airflow.task.operators.airflow.providers.docker.operators.docker.DockerOperator","filename":"docker.py","lineno":66}
{"timestamp":"2025-11-07T08:52:56.631124Z","level":"info","event":"           ^^^^^^^^^^^^^^^^^^^^^^^^^^^^^^^^^^^^^^^^","logger":"airflow.task.operators.airflow.providers.docker.operators.docker.DockerOperator","filename":"docker.py","lineno":66}
{"timestamp":"2025-11-07T08:52:56.631161Z","level":"info","event":"  File \"/opt/venv_scrapping/lib/python3.11/site-packages/PyPDF2/generic/_base.py\", line 259, in get_object","logger":"airflow.task.operators.airflow.providers.docker.operators.docker.DockerOperator","filename":"docker.py","lineno":66}
{"timestamp":"2025-11-07T08:52:56.631193Z","level":"info","event":"    obj = self.pdf.get_object(self)","logger":"airflow.task.operators.airflow.providers.docker.operators.docker.DockerOperator","filename":"docker.py","lineno":66}
{"timestamp":"2025-11-07T08:52:56.631211Z","level":"info","event":"          ^^^^^^^^^^^^^^^^^^^^^^^^^","logger":"airflow.task.operators.airflow.providers.docker.operators.docker.DockerOperator","filename":"docker.py","lineno":66}
{"timestamp":"2025-11-07T08:52:56.631232Z","level":"info","event":"  File \"/opt/venv_scrapping/lib/python3.11/site-packages/PyPDF2/_reader.py\", line 1205, in get_object","logger":"airflow.task.operators.airflow.providers.docker.operators.docker.DockerOperator","filename":"docker.py","lineno":66}
{"timestamp":"2025-11-07T08:52:56.631260Z","level":"info","event":"    retval = self._get_object_from_stream(indirect_reference)  # type: ignore","logger":"airflow.task.operators.airflow.providers.docker.operators.docker.DockerOperator","filename":"docker.py","lineno":66}
{"timestamp":"2025-11-07T08:52:56.631291Z","level":"info","event":"             ^^^^^^^^^^^^^^^^^^^^^^^^^^^^^^^^^^^^^^^^^^^^^^^^","logger":"airflow.task.operators.airflow.providers.docker.operators.docker.DockerOperator","filename":"docker.py","lineno":66}
{"timestamp":"2025-11-07T08:52:56.631328Z","level":"info","event":"  File \"/opt/venv_scrapping/lib/python3.11/site-packages/PyPDF2/_reader.py\", line 1136, in _get_object_from_stream","logger":"airflow.task.operators.airflow.providers.docker.operators.docker.DockerOperator","filename":"docker.py","lineno":66}
{"timestamp":"2025-11-07T08:52:56.631359Z","level":"info","event":"    obj_stm: EncodedStreamObject = IndirectObject(stmnum, 0, self).get_object()  # type: ignore","logger":"airflow.task.operators.airflow.providers.docker.operators.docker.DockerOperator","filename":"docker.py","lineno":66}
{"timestamp":"2025-11-07T08:52:56.631377Z","level":"info","event":"                                   ^^^^^^^^^^^^^^^^^^^^^^^^^^^^^^^^^^^^^^^^^^^^","logger":"airflow.task.operators.airflow.providers.docker.operators.docker.DockerOperator","filename":"docker.py","lineno":66}
{"timestamp":"2025-11-07T08:52:56.631392Z","level":"info","event":"  File \"/opt/venv_scrapping/lib/python3.11/site-packages/PyPDF2/generic/_base.py\", line 259, in get_object","logger":"airflow.task.operators.airflow.providers.docker.operators.docker.DockerOperator","filename":"docker.py","lineno":66}
{"timestamp":"2025-11-07T08:52:56.631415Z","level":"info","event":"    obj = self.pdf.get_object(self)","logger":"airflow.task.operators.airflow.providers.docker.operators.docker.DockerOperator","filename":"docker.py","lineno":66}
{"timestamp":"2025-11-07T08:52:56.631431Z","level":"info","event":"          ^^^^^^^^^^^^^^^^^^^^^^^^^","logger":"airflow.task.operators.airflow.providers.docker.operators.docker.DockerOperator","filename":"docker.py","lineno":66}
{"timestamp":"2025-11-07T08:52:56.631445Z","level":"info","event":"  File \"/opt/venv_scrapping/lib/python3.11/site-packages/PyPDF2/_reader.py\", line 1269, in get_object","logger":"airflow.task.operators.airflow.providers.docker.operators.docker.DockerOperator","filename":"docker.py","lineno":66}
{"timestamp":"2025-11-07T08:52:56.631467Z","level":"info","event":"    retval = self._encryption.decrypt_object(","logger":"airflow.task.operators.airflow.providers.docker.operators.docker.DockerOperator","filename":"docker.py","lineno":66}
{"timestamp":"2025-11-07T08:52:56.631483Z","level":"info","event":"             ^^^^^^^^^^^^^^^^^^^^^^^^^^^^^^^^","logger":"airflow.task.operators.airflow.providers.docker.operators.docker.DockerOperator","filename":"docker.py","lineno":66}
{"timestamp":"2025-11-07T08:52:56.631497Z","level":"info","event":"  File \"/opt/venv_scrapping/lib/python3.11/site-packages/PyPDF2/_encryption.py\", line 761, in decrypt_object","logger":"airflow.task.operators.airflow.providers.docker.operators.docker.DockerOperator","filename":"docker.py","lineno":66}
{"timestamp":"2025-11-07T08:52:56.631519Z","level":"info","event":"    return cf.decrypt_object(obj)","logger":"airflow.task.operators.airflow.providers.docker.operators.docker.DockerOperator","filename":"docker.py","lineno":66}
{"timestamp":"2025-11-07T08:52:56.631534Z","level":"info","event":"           ^^^^^^^^^^^^^^^^^^^^^^","logger":"airflow.task.operators.airflow.providers.docker.operators.docker.DockerOperator","filename":"docker.py","lineno":66}
{"timestamp":"2025-11-07T08:52:56.631548Z","level":"info","event":"  File \"/opt/venv_scrapping/lib/python3.11/site-packages/PyPDF2/_encryption.py\", line 185, in decrypt_object","logger":"airflow.task.operators.airflow.providers.docker.operators.docker.DockerOperator","filename":"docker.py","lineno":66}
{"timestamp":"2025-11-07T08:52:56.631562Z","level":"info","event":"    obj._data = self.stmCrypt.decrypt(obj._data)","logger":"airflow.task.operators.airflow.providers.docker.operators.docker.DockerOperator","filename":"docker.py","lineno":66}
{"timestamp":"2025-11-07T08:52:56.631583Z","level":"info","event":"                ^^^^^^^^^^^^^^^^^^^^^^^^^^^^^^^^","logger":"airflow.task.operators.airflow.providers.docker.operators.docker.DockerOperator","filename":"docker.py","lineno":66}
{"timestamp":"2025-11-07T08:52:56.631598Z","level":"info","event":"  File \"/opt/venv_scrapping/lib/python3.11/site-packages/PyPDF2/_encryption.py\", line 147, in decrypt","logger":"airflow.task.operators.airflow.providers.docker.operators.docker.DockerOperator","filename":"docker.py","lineno":66}
{"timestamp":"2025-11-07T08:52:56.631619Z","level":"info","event":"    raise DependencyError(\"PyCryptodome is required for AES algorithm\")","logger":"airflow.task.operators.airflow.providers.docker.operators.docker.DockerOperator","filename":"docker.py","lineno":66}
{"timestamp":"2025-11-07T08:52:56.631634Z","level":"info","event":"PyPDF2.errors.DependencyError: PyCryptodome is required for AES algorithm","logger":"airflow.task.operators.airflow.providers.docker.operators.docker.DockerOperator","filename":"docker.py","lineno":66}
{"timestamp":"2025-11-07T08:52:57.063260Z","level":"error","event":"Task failed with exception","logger":"task","filename":"task_runner.py","lineno":972,"error_detail":[{"exc_type":"DockerContainerFailedException","exc_value":"Docker container failed: {'StatusCode': 1}","exc_notes":[],"syntax_error":null,"is_cause":false,"frames":[{"filename":"/home/airflow/.local/lib/python3.12/site-packages/airflow/sdk/execution_time/task_runner.py","lineno":920,"name":"run"},{"filename":"/home/airflow/.local/lib/python3.12/site-packages/airflow/sdk/execution_time/task_runner.py","lineno":1307,"name":"_execute_task"},{"filename":"/home/airflow/.local/lib/python3.12/site-packages/airflow/sdk/bases/operator.py","lineno":416,"name":"wrapper"},{"filename":"/home/airflow/.local/lib/python3.12/site-packages/airflow/providers/docker/operators/docker.py","lineno":495,"name":"execute"},{"filename":"/home/airflow/.local/lib/python3.12/site-packages/airflow/providers/docker/operators/docker.py","lineno":372,"name":"_run_image"},{"filename":"/home/airflow/.local/lib/python3.12/site-packages/airflow/providers/docker/operators/docker.py","lineno":430,"name":"_run_image_with_mounts"}],"is_group":false,"exceptions":[]}]}
