{"timestamp":"2025-11-16T12:40:53.788080Z","level":"info","event":"DAG bundles loaded: dags-folder","logger":"airflow.dag_processing.bundles.manager.DagBundlesManager","filename":"manager.py","lineno":179}
{"timestamp":"2025-11-16T12:40:53.789760Z","level":"info","event":"Filling up the DagBag from /opt/airflow/dags/ingestion_dag.py","logger":"airflow.models.dagbag.DagBag","filename":"dagbag.py","lineno":593}
{"timestamp":"2025-11-16T12:40:54.099812Z","level":"info","event":"/opt/airflow","logger":"unusual_prefix_347b2425d77b6959f8a897cf21788f75ecda7325_ingestion_dag","filename":"ingestion_dag.py","lineno":52}
{"timestamp":"2025-11-16T12:40:54.316798Z","level":"info","event":"Starting docker container from image m1_data_engineering-scrapper:latest","logger":"airflow.task.operators.airflow.providers.docker.operators.docker.DockerOperator","filename":"docker.py","lineno":355}
{"timestamp":"2025-11-16T12:42:21.139890Z","level":"info","event":"--- Logging error ---","logger":"airflow.task.operators.airflow.providers.docker.operators.docker.DockerOperator","filename":"docker.py","lineno":66}
{"timestamp":"2025-11-16T12:42:21.140608Z","level":"info","event":"Traceback (most recent call last):","logger":"airflow.task.operators.airflow.providers.docker.operators.docker.DockerOperator","filename":"docker.py","lineno":66}
{"timestamp":"2025-11-16T12:42:21.140748Z","level":"info","event":"  File \"/app/scrapping/scrapping_scripts_slug.py\", line 61, in load_all_data","logger":"airflow.task.operators.airflow.providers.docker.operators.docker.DockerOperator","filename":"docker.py","lineno":66}
{"timestamp":"2025-11-16T12:42:21.140784Z","level":"info","event":"    load_more_script_button = DRIVER.find_element(By.XPATH, '//*[@id=\"scriptsList\"]/div[6]/button')","logger":"airflow.task.operators.airflow.providers.docker.operators.docker.DockerOperator","filename":"docker.py","lineno":66}
{"timestamp":"2025-11-16T12:42:21.140812Z","level":"info","event":"                            ^^^^^^^^^^^^^^^^^^^^^^^^^^^^^^^^^^^^^^^^^^^^^^^^^^^^^^^^^^^^^^^^^^^^^","logger":"airflow.task.operators.airflow.providers.docker.operators.docker.DockerOperator","filename":"docker.py","lineno":66}
{"timestamp":"2025-11-16T12:42:21.140834Z","level":"info","event":"  File \"/opt/venv_scrapping/lib/python3.11/site-packages/selenium/webdriver/remote/webdriver.py\", line 926, in find_element","logger":"airflow.task.operators.airflow.providers.docker.operators.docker.DockerOperator","filename":"docker.py","lineno":66}
{"timestamp":"2025-11-16T12:42:21.140856Z","level":"info","event":"    return self.execute(Command.FIND_ELEMENT, {\"using\": by, \"value\": value})[\"value\"]","logger":"airflow.task.operators.airflow.providers.docker.operators.docker.DockerOperator","filename":"docker.py","lineno":66}
{"timestamp":"2025-11-16T12:42:21.140877Z","level":"info","event":"           ^^^^^^^^^^^^^^^^^^^^^^^^^^^^^^^^^^^^^^^^^^^^^^^^^^^^^^^^^^^^^^^^^","logger":"airflow.task.operators.airflow.providers.docker.operators.docker.DockerOperator","filename":"docker.py","lineno":66}
{"timestamp":"2025-11-16T12:42:21.140901Z","level":"info","event":"  File \"/opt/venv_scrapping/lib/python3.11/site-packages/selenium/webdriver/remote/webdriver.py\", line 458, in execute","logger":"airflow.task.operators.airflow.providers.docker.operators.docker.DockerOperator","filename":"docker.py","lineno":66}
{"timestamp":"2025-11-16T12:42:21.140930Z","level":"info","event":"    self.error_handler.check_response(response)","logger":"airflow.task.operators.airflow.providers.docker.operators.docker.DockerOperator","filename":"docker.py","lineno":66}
{"timestamp":"2025-11-16T12:42:21.140951Z","level":"info","event":"  File \"/opt/venv_scrapping/lib/python3.11/site-packages/selenium/webdriver/remote/errorhandler.py\", line 232, in check_response","logger":"airflow.task.operators.airflow.providers.docker.operators.docker.DockerOperator","filename":"docker.py","lineno":66}
{"timestamp":"2025-11-16T12:42:21.140973Z","level":"info","event":"    raise exception_class(message, screen, stacktrace)","logger":"airflow.task.operators.airflow.providers.docker.operators.docker.DockerOperator","filename":"docker.py","lineno":66}
{"timestamp":"2025-11-16T12:42:21.141048Z","level":"info","event":"selenium.common.exceptions.NoSuchElementException: Message: no such element: Unable to locate element: {\"method\":\"xpath\",\"selector\":\"//*[@id=\"scriptsList\"]/div[6]/button\"}","logger":"airflow.task.operators.airflow.providers.docker.operators.docker.DockerOperator","filename":"docker.py","lineno":66}
{"timestamp":"2025-11-16T12:42:21.141077Z","level":"info","event":"  (Session info: chrome=142.0.7444.162); For documentation on this error, please visit: https://www.selenium.dev/documentation/webdriver/troubleshooting/errors#nosuchelementexception","logger":"airflow.task.operators.airflow.providers.docker.operators.docker.DockerOperator","filename":"docker.py","lineno":66}
{"timestamp":"2025-11-16T12:42:21.141101Z","level":"info","event":"Stacktrace:","logger":"airflow.task.operators.airflow.providers.docker.operators.docker.DockerOperator","filename":"docker.py","lineno":66}
{"timestamp":"2025-11-16T12:42:21.141121Z","level":"info","event":"#0 0x6204b76773d2 <unknown>","logger":"airflow.task.operators.airflow.providers.docker.operators.docker.DockerOperator","filename":"docker.py","lineno":66}
{"timestamp":"2025-11-16T12:42:21.141141Z","level":"info","event":"#1 0x6204b70dc22b <unknown>","logger":"airflow.task.operators.airflow.providers.docker.operators.docker.DockerOperator","filename":"docker.py","lineno":66}
{"timestamp":"2025-11-16T12:42:21.141160Z","level":"info","event":"#2 0x6204b712cf7b <unknown>","logger":"airflow.task.operators.airflow.providers.docker.operators.docker.DockerOperator","filename":"docker.py","lineno":66}
{"timestamp":"2025-11-16T12:42:21.141180Z","level":"info","event":"#3 0x6204b712d155 <unknown>","logger":"airflow.task.operators.airflow.providers.docker.operators.docker.DockerOperator","filename":"docker.py","lineno":66}
{"timestamp":"2025-11-16T12:42:21.141199Z","level":"info","event":"#4 0x6204b7176258 <unknown>","logger":"airflow.task.operators.airflow.providers.docker.operators.docker.DockerOperator","filename":"docker.py","lineno":66}
{"timestamp":"2025-11-16T12:42:21.141218Z","level":"info","event":"#5 0x6204b7151ce1 <unknown>","logger":"airflow.task.operators.airflow.providers.docker.operators.docker.DockerOperator","filename":"docker.py","lineno":66}
{"timestamp":"2025-11-16T12:42:21.141237Z","level":"info","event":"#6 0x6204b7173cc6 <unknown>","logger":"airflow.task.operators.airflow.providers.docker.operators.docker.DockerOperator","filename":"docker.py","lineno":66}
{"timestamp":"2025-11-16T12:42:21.141256Z","level":"info","event":"#7 0x6204b7151a67 <unknown>","logger":"airflow.task.operators.airflow.providers.docker.operators.docker.DockerOperator","filename":"docker.py","lineno":66}
{"timestamp":"2025-11-16T12:42:21.141276Z","level":"info","event":"#8 0x6204b711f6d1 <unknown>","logger":"airflow.task.operators.airflow.providers.docker.operators.docker.DockerOperator","filename":"docker.py","lineno":66}
{"timestamp":"2025-11-16T12:42:21.141304Z","level":"info","event":"#9 0x6204b71204b5 <unknown>","logger":"airflow.task.operators.airflow.providers.docker.operators.docker.DockerOperator","filename":"docker.py","lineno":66}
{"timestamp":"2025-11-16T12:42:21.141324Z","level":"info","event":"#10 0x6204b7640c84 <unknown>","logger":"airflow.task.operators.airflow.providers.docker.operators.docker.DockerOperator","filename":"docker.py","lineno":66}
{"timestamp":"2025-11-16T12:42:21.141344Z","level":"info","event":"#11 0x6204b764412f <unknown>","logger":"airflow.task.operators.airflow.providers.docker.operators.docker.DockerOperator","filename":"docker.py","lineno":66}
{"timestamp":"2025-11-16T12:42:21.141373Z","level":"info","event":"#12 0x6204b7643bcc <unknown>","logger":"airflow.task.operators.airflow.providers.docker.operators.docker.DockerOperator","filename":"docker.py","lineno":66}
{"timestamp":"2025-11-16T12:42:21.141397Z","level":"info","event":"#13 0x6204b76445d9 <unknown>","logger":"airflow.task.operators.airflow.providers.docker.operators.docker.DockerOperator","filename":"docker.py","lineno":66}
{"timestamp":"2025-11-16T12:42:21.141421Z","level":"info","event":"#14 0x6204b762a69b <unknown>","logger":"airflow.task.operators.airflow.providers.docker.operators.docker.DockerOperator","filename":"docker.py","lineno":66}
{"timestamp":"2025-11-16T12:42:21.141443Z","level":"info","event":"#15 0x6204b7644964 <unknown>","logger":"airflow.task.operators.airflow.providers.docker.operators.docker.DockerOperator","filename":"docker.py","lineno":66}
{"timestamp":"2025-11-16T12:42:21.141463Z","level":"info","event":"#16 0x6204b7613e8d <unknown>","logger":"airflow.task.operators.airflow.providers.docker.operators.docker.DockerOperator","filename":"docker.py","lineno":66}
{"timestamp":"2025-11-16T12:42:21.141482Z","level":"info","event":"#17 0x6204b7663d09 <unknown>","logger":"airflow.task.operators.airflow.providers.docker.operators.docker.DockerOperator","filename":"docker.py","lineno":66}
{"timestamp":"2025-11-16T12:42:21.141501Z","level":"info","event":"#18 0x6204b7663eff <unknown>","logger":"airflow.task.operators.airflow.providers.docker.operators.docker.DockerOperator","filename":"docker.py","lineno":66}
{"timestamp":"2025-11-16T12:42:21.141524Z","level":"info","event":"#19 0x6204b7675d89 <unknown>","logger":"airflow.task.operators.airflow.providers.docker.operators.docker.DockerOperator","filename":"docker.py","lineno":66}
{"timestamp":"2025-11-16T12:42:21.141544Z","level":"info","event":"#20 0x7899e8373b7b <unknown>","logger":"airflow.task.operators.airflow.providers.docker.operators.docker.DockerOperator","filename":"docker.py","lineno":66}
{"timestamp":"2025-11-16T12:42:21.141591Z","level":"info","event":"","logger":"airflow.task.operators.airflow.providers.docker.operators.docker.DockerOperator","filename":"docker.py","lineno":66}
{"timestamp":"2025-11-16T12:42:21.141616Z","level":"info","event":"During handling of the above exception, another exception occurred:","logger":"airflow.task.operators.airflow.providers.docker.operators.docker.DockerOperator","filename":"docker.py","lineno":66}
{"timestamp":"2025-11-16T12:42:21.141638Z","level":"info","event":"","logger":"airflow.task.operators.airflow.providers.docker.operators.docker.DockerOperator","filename":"docker.py","lineno":66}
{"timestamp":"2025-11-16T12:42:21.141661Z","level":"info","event":"Traceback (most recent call last):","logger":"airflow.task.operators.airflow.providers.docker.operators.docker.DockerOperator","filename":"docker.py","lineno":66}
{"timestamp":"2025-11-16T12:42:21.141702Z","level":"info","event":"  File \"/usr/local/lib/python3.11/logging/__init__.py\", line 1110, in emit","logger":"airflow.task.operators.airflow.providers.docker.operators.docker.DockerOperator","filename":"docker.py","lineno":66}
{"timestamp":"2025-11-16T12:42:21.141727Z","level":"info","event":"    msg = self.format(record)","logger":"airflow.task.operators.airflow.providers.docker.operators.docker.DockerOperator","filename":"docker.py","lineno":66}
{"timestamp":"2025-11-16T12:42:21.141747Z","level":"info","event":"          ^^^^^^^^^^^^^^^^^^^","logger":"airflow.task.operators.airflow.providers.docker.operators.docker.DockerOperator","filename":"docker.py","lineno":66}
{"timestamp":"2025-11-16T12:42:21.141766Z","level":"info","event":"  File \"/usr/local/lib/python3.11/logging/__init__.py\", line 953, in format","logger":"airflow.task.operators.airflow.providers.docker.operators.docker.DockerOperator","filename":"docker.py","lineno":66}
{"timestamp":"2025-11-16T12:42:21.141784Z","level":"info","event":"    return fmt.format(record)","logger":"airflow.task.operators.airflow.providers.docker.operators.docker.DockerOperator","filename":"docker.py","lineno":66}
{"timestamp":"2025-11-16T12:42:21.141808Z","level":"info","event":"           ^^^^^^^^^^^^^^^^^^","logger":"airflow.task.operators.airflow.providers.docker.operators.docker.DockerOperator","filename":"docker.py","lineno":66}
{"timestamp":"2025-11-16T12:42:21.141829Z","level":"info","event":"  File \"/usr/local/lib/python3.11/logging/__init__.py\", line 687, in format","logger":"airflow.task.operators.airflow.providers.docker.operators.docker.DockerOperator","filename":"docker.py","lineno":66}
{"timestamp":"2025-11-16T12:42:21.141851Z","level":"info","event":"    record.message = record.getMessage()","logger":"airflow.task.operators.airflow.providers.docker.operators.docker.DockerOperator","filename":"docker.py","lineno":66}
{"timestamp":"2025-11-16T12:42:21.141871Z","level":"info","event":"                     ^^^^^^^^^^^^^^^^^^^","logger":"airflow.task.operators.airflow.providers.docker.operators.docker.DockerOperator","filename":"docker.py","lineno":66}
{"timestamp":"2025-11-16T12:42:21.141891Z","level":"info","event":"  File \"/usr/local/lib/python3.11/logging/__init__.py\", line 377, in getMessage","logger":"airflow.task.operators.airflow.providers.docker.operators.docker.DockerOperator","filename":"docker.py","lineno":66}
{"timestamp":"2025-11-16T12:42:21.141912Z","level":"info","event":"    msg = msg % self.args","logger":"airflow.task.operators.airflow.providers.docker.operators.docker.DockerOperator","filename":"docker.py","lineno":66}
{"timestamp":"2025-11-16T12:42:21.141932Z","level":"info","event":"          ~~~~^~~~~~~~~~~","logger":"airflow.task.operators.airflow.providers.docker.operators.docker.DockerOperator","filename":"docker.py","lineno":66}
{"timestamp":"2025-11-16T12:42:21.141952Z","level":"info","event":"TypeError: not all arguments converted during string formatting","logger":"airflow.task.operators.airflow.providers.docker.operators.docker.DockerOperator","filename":"docker.py","lineno":66}
{"timestamp":"2025-11-16T12:42:21.141973Z","level":"info","event":"Call stack:","logger":"airflow.task.operators.airflow.providers.docker.operators.docker.DockerOperator","filename":"docker.py","lineno":66}
{"timestamp":"2025-11-16T12:42:21.141993Z","level":"info","event":"  File \"/app/scrapping/main.py\", line 60, in <module>","logger":"airflow.task.operators.airflow.providers.docker.operators.docker.DockerOperator","filename":"docker.py","lineno":66}
{"timestamp":"2025-11-16T12:42:21.142017Z","level":"info","event":"    main()","logger":"airflow.task.operators.airflow.providers.docker.operators.docker.DockerOperator","filename":"docker.py","lineno":66}
{"timestamp":"2025-11-16T12:42:21.142037Z","level":"info","event":"  File \"/app/scrapping/main.py\", line 57, in main","logger":"airflow.task.operators.airflow.providers.docker.operators.docker.DockerOperator","filename":"docker.py","lineno":66}
{"timestamp":"2025-11-16T12:42:21.142061Z","level":"info","event":"    scrapping_scripts_slug.main_scrapping_scripts_slug()","logger":"airflow.task.operators.airflow.providers.docker.operators.docker.DockerOperator","filename":"docker.py","lineno":66}
{"timestamp":"2025-11-16T12:42:21.142088Z","level":"info","event":"  File \"/app/scrapping/scrapping_scripts_slug.py\", line 130, in main_scrapping_scripts_slug","logger":"airflow.task.operators.airflow.providers.docker.operators.docker.DockerOperator","filename":"docker.py","lineno":66}
{"timestamp":"2025-11-16T12:42:21.142114Z","level":"info","event":"    load_all_data()      # + of 20 min. to load all the data","logger":"airflow.task.operators.airflow.providers.docker.operators.docker.DockerOperator","filename":"docker.py","lineno":66}
{"timestamp":"2025-11-16T12:42:21.142134Z","level":"info","event":"  File \"/app/scrapping/scrapping_scripts_slug.py\", line 79, in load_all_data","logger":"airflow.task.operators.airflow.providers.docker.operators.docker.DockerOperator","filename":"docker.py","lineno":66}
{"timestamp":"2025-11-16T12:42:21.142153Z","level":"info","event":"    logger.info(f\"[I] load_all_data - No more 'Load More' button to click :\", e)","logger":"airflow.task.operators.airflow.providers.docker.operators.docker.DockerOperator","filename":"docker.py","lineno":66}
{"timestamp":"2025-11-16T12:42:21.142173Z","level":"info","event":"Message: \"[I] load_all_data - No more 'Load More' button to click :\"","logger":"airflow.task.operators.airflow.providers.docker.operators.docker.DockerOperator","filename":"docker.py","lineno":66}
{"timestamp":"2025-11-16T12:42:21.142197Z","level":"info","event":"Arguments: (NoSuchElementException(),)","logger":"airflow.task.operators.airflow.providers.docker.operators.docker.DockerOperator","filename":"docker.py","lineno":66}
{"timestamp":"2025-11-16T12:43:00.919481Z","level":"info","event":"Traceback (most recent call last):","logger":"airflow.task.operators.airflow.providers.docker.operators.docker.DockerOperator","filename":"docker.py","lineno":66}
{"timestamp":"2025-11-16T12:43:00.919910Z","level":"info","event":"  File \"/opt/venv_scrapping/lib/python3.11/site-packages/pandas/core/indexes/base.py\", line 3812, in get_loc","logger":"airflow.task.operators.airflow.providers.docker.operators.docker.DockerOperator","filename":"docker.py","lineno":66}
{"timestamp":"2025-11-16T12:43:00.920083Z","level":"info","event":"    return self._engine.get_loc(casted_key)","logger":"airflow.task.operators.airflow.providers.docker.operators.docker.DockerOperator","filename":"docker.py","lineno":66}
{"timestamp":"2025-11-16T12:43:00.920150Z","level":"info","event":"           ^^^^^^^^^^^^^^^^^^^^^^^^^^^^^^^^","logger":"airflow.task.operators.airflow.providers.docker.operators.docker.DockerOperator","filename":"docker.py","lineno":66}
{"timestamp":"2025-11-16T12:43:00.920186Z","level":"info","event":"  File \"pandas/_libs/index.pyx\", line 167, in pandas._libs.index.IndexEngine.get_loc","logger":"airflow.task.operators.airflow.providers.docker.operators.docker.DockerOperator","filename":"docker.py","lineno":66}
{"timestamp":"2025-11-16T12:43:00.920489Z","level":"info","event":"  File \"pandas/_libs/index.pyx\", line 196, in pandas._libs.index.IndexEngine.get_loc","logger":"airflow.task.operators.airflow.providers.docker.operators.docker.DockerOperator","filename":"docker.py","lineno":66}
{"timestamp":"2025-11-16T12:43:00.920574Z","level":"info","event":"  File \"pandas/_libs/hashtable_class_helper.pxi\", line 7088, in pandas._libs.hashtable.PyObjectHashTable.get_item","logger":"airflow.task.operators.airflow.providers.docker.operators.docker.DockerOperator","filename":"docker.py","lineno":66}
{"timestamp":"2025-11-16T12:43:00.920608Z","level":"info","event":"  File \"pandas/_libs/hashtable_class_helper.pxi\", line 7096, in pandas._libs.hashtable.PyObjectHashTable.get_item","logger":"airflow.task.operators.airflow.providers.docker.operators.docker.DockerOperator","filename":"docker.py","lineno":66}
{"timestamp":"2025-11-16T12:43:00.920634Z","level":"info","event":"KeyError: 'script_page_url'","logger":"airflow.task.operators.airflow.providers.docker.operators.docker.DockerOperator","filename":"docker.py","lineno":66}
{"timestamp":"2025-11-16T12:43:00.920666Z","level":"info","event":"","logger":"airflow.task.operators.airflow.providers.docker.operators.docker.DockerOperator","filename":"docker.py","lineno":66}
{"timestamp":"2025-11-16T12:43:00.920697Z","level":"info","event":"The above exception was the direct cause of the following exception:","logger":"airflow.task.operators.airflow.providers.docker.operators.docker.DockerOperator","filename":"docker.py","lineno":66}
{"timestamp":"2025-11-16T12:43:00.920723Z","level":"info","event":"","logger":"airflow.task.operators.airflow.providers.docker.operators.docker.DockerOperator","filename":"docker.py","lineno":66}
{"timestamp":"2025-11-16T12:43:00.920754Z","level":"info","event":"Traceback (most recent call last):","logger":"airflow.task.operators.airflow.providers.docker.operators.docker.DockerOperator","filename":"docker.py","lineno":66}
{"timestamp":"2025-11-16T12:43:00.920782Z","level":"info","event":"  File \"/app/scrapping/main.py\", line 60, in <module>","logger":"airflow.task.operators.airflow.providers.docker.operators.docker.DockerOperator","filename":"docker.py","lineno":66}
{"timestamp":"2025-11-16T12:43:00.920836Z","level":"info","event":"    main()","logger":"airflow.task.operators.airflow.providers.docker.operators.docker.DockerOperator","filename":"docker.py","lineno":66}
{"timestamp":"2025-11-16T12:43:00.920867Z","level":"info","event":"  File \"/app/scrapping/main.py\", line 57, in main","logger":"airflow.task.operators.airflow.providers.docker.operators.docker.DockerOperator","filename":"docker.py","lineno":66}
{"timestamp":"2025-11-16T12:43:00.920898Z","level":"info","event":"    scrapping_scripts_slug.main_scrapping_scripts_slug()","logger":"airflow.task.operators.airflow.providers.docker.operators.docker.DockerOperator","filename":"docker.py","lineno":66}
{"timestamp":"2025-11-16T12:43:00.920923Z","level":"info","event":"  File \"/app/scrapping/scrapping_scripts_slug.py\", line 143, in main_scrapping_scripts_slug","logger":"airflow.task.operators.airflow.providers.docker.operators.docker.DockerOperator","filename":"docker.py","lineno":66}
{"timestamp":"2025-11-16T12:43:00.920970Z","level":"info","event":"    df_scripts_slug[\"pdf_url\"] = df_scripts_slug[\"script_page_url\"].apply(get_pdf_script_url)   # take also a long time to execute","logger":"airflow.task.operators.airflow.providers.docker.operators.docker.DockerOperator","filename":"docker.py","lineno":66}
{"timestamp":"2025-11-16T12:43:00.920998Z","level":"info","event":"                                 ~~~~~~~~~~~~~~~^^^^^^^^^^^^^^^^^^^","logger":"airflow.task.operators.airflow.providers.docker.operators.docker.DockerOperator","filename":"docker.py","lineno":66}
{"timestamp":"2025-11-16T12:43:00.921026Z","level":"info","event":"  File \"/opt/venv_scrapping/lib/python3.11/site-packages/pandas/core/frame.py\", line 4113, in __getitem__","logger":"airflow.task.operators.airflow.providers.docker.operators.docker.DockerOperator","filename":"docker.py","lineno":66}
{"timestamp":"2025-11-16T12:43:00.921497Z","level":"info","event":"    indexer = self.columns.get_loc(key)","logger":"airflow.task.operators.airflow.providers.docker.operators.docker.DockerOperator","filename":"docker.py","lineno":66}
{"timestamp":"2025-11-16T12:43:00.921612Z","level":"info","event":"              ^^^^^^^^^^^^^^^^^^^^^^^^^","logger":"airflow.task.operators.airflow.providers.docker.operators.docker.DockerOperator","filename":"docker.py","lineno":66}
{"timestamp":"2025-11-16T12:43:00.921666Z","level":"info","event":"  File \"/opt/venv_scrapping/lib/python3.11/site-packages/pandas/core/indexes/base.py\", line 3819, in get_loc","logger":"airflow.task.operators.airflow.providers.docker.operators.docker.DockerOperator","filename":"docker.py","lineno":66}
{"timestamp":"2025-11-16T12:43:00.922868Z","level":"info","event":"    raise KeyError(key) from err","logger":"airflow.task.operators.airflow.providers.docker.operators.docker.DockerOperator","filename":"docker.py","lineno":66}
{"timestamp":"2025-11-16T12:43:00.923009Z","level":"info","event":"KeyError: 'script_page_url'","logger":"airflow.task.operators.airflow.providers.docker.operators.docker.DockerOperator","filename":"docker.py","lineno":66}
{"timestamp":"2025-11-16T12:43:01.535893Z","level":"error","event":"Task failed with exception","logger":"task","filename":"task_runner.py","lineno":972,"error_detail":[{"exc_type":"DockerContainerFailedException","exc_value":"Docker container failed: {'StatusCode': 1}","exc_notes":[],"syntax_error":null,"is_cause":false,"frames":[{"filename":"/home/airflow/.local/lib/python3.12/site-packages/airflow/sdk/execution_time/task_runner.py","lineno":920,"name":"run"},{"filename":"/home/airflow/.local/lib/python3.12/site-packages/airflow/sdk/execution_time/task_runner.py","lineno":1307,"name":"_execute_task"},{"filename":"/home/airflow/.local/lib/python3.12/site-packages/airflow/sdk/bases/operator.py","lineno":416,"name":"wrapper"},{"filename":"/home/airflow/.local/lib/python3.12/site-packages/airflow/providers/docker/operators/docker.py","lineno":495,"name":"execute"},{"filename":"/home/airflow/.local/lib/python3.12/site-packages/airflow/providers/docker/operators/docker.py","lineno":372,"name":"_run_image"},{"filename":"/home/airflow/.local/lib/python3.12/site-packages/airflow/providers/docker/operators/docker.py","lineno":430,"name":"_run_image_with_mounts"}],"is_group":false,"exceptions":[]}]}
